# zusammenbau v0.1: zusammenbau.py rekonstruktion-von-funktionsgleichungen
VORLAGE mathblatt.sty: Version 2026-09-28a
EINHEITEN [1, 2, 3]
AUSWAHL rekonstruktion-von-funktionsgleichungen-zone-f1-v1 – Zone f1 „Lineare Gleichungssysteme lösen“, Sprosse 1: Variante 1; übergangen v2
AUSWAHL rekonstruktion-von-funktionsgleichungen-zone-f1-v3 – Zone f1 „Lineare Gleichungssysteme lösen“, Sprosse 2: kleinste Variante (v3; v1 fehlt)
WEG Zone f1 „Lineare Gleichungssysteme lösen“ – Sprossen [3, 4, 5] (Fallstricke) nicht bestellt (Zone ja: s1 und s2)
AUSWAHL rekonstruktion-von-funktionsgleichungen-zone-f2-v1 – Zone f2 „Lineare Funktionen“, Sprosse 1: Variante 1; übergangen v2
AUSWAHL rekonstruktion-von-funktionsgleichungen-zone-f2-v3 – Zone f2 „Lineare Funktionen“, Sprosse 2: kleinste Variante (v3; v1 fehlt)
WEG Zone f2 „Lineare Funktionen“ – Sprossen [3, 4] (Fallstricke) nicht bestellt (Zone ja: s1 und s2)
AUSWAHL rekonstruktion-von-funktionsgleichungen-zone-f3-v1 – Zone f3 „Parabelformen kennen“, Sprosse 1: Variante 1; übergangen v2
AUSWAHL rekonstruktion-von-funktionsgleichungen-zone-f3-v3 – Zone f3 „Parabelformen kennen“, Sprosse 2: kleinste Variante (v3; v1 fehlt)
WEG Zone f3 „Parabelformen kennen“ – Sprossen [3] (Fallstricke) nicht bestellt (Zone ja: s1 und s2)
AUSWAHL rekonstruktion-von-funktionsgleichungen-zone-f4-v1 – Zone f4 „Symmetrie am Term erkennen“, Sprosse 1: Variante 1; übergangen v2
AUSWAHL rekonstruktion-von-funktionsgleichungen-zone-f4-v3 – Zone f4 „Symmetrie am Term erkennen“, Sprosse 2: kleinste Variante (v3; v1 fehlt)
WEG Zone f4 „Symmetrie am Term erkennen“ – Sprossen [3] (Fallstricke) nicht bestellt (Zone ja: s1 und s2)
AUSWAHL rekonstruktion-von-funktionsgleichungen-zone-f5-v1 – Zone f5 „Ableitungsregeln anwenden“, Sprosse 1: Variante 1; übergangen v2
AUSWAHL rekonstruktion-von-funktionsgleichungen-zone-f5-v3 – Zone f5 „Ableitungsregeln anwenden“, Sprosse 2: kleinste Variante (v3; v1 fehlt)
WEG Zone f5 „Ableitungsregeln anwenden“ – Sprossen [3] (Fallstricke) nicht bestellt (Zone ja: s1 und s2)
AUSWAHL rekonstruktion-von-funktionsgleichungen-zone-f6-v1 – Zone f6 „Sinus- und Kosinusgraph mit Periode und “, Sprosse 1: Variante 1; übergangen v2
AUSWAHL rekonstruktion-von-funktionsgleichungen-zone-f6-v3 – Zone f6 „Sinus- und Kosinusgraph mit Periode und “, Sprosse 2: kleinste Variante (v3; v1 fehlt)
WEG Zone f6 „Sinus- und Kosinusgraph mit Periode und “ – Sprossen [3] (Fallstricke) nicht bestellt (Zone ja: s1 und s2)
AUSWAHL rekonstruktion-von-funktionsgleichungen-zone-f1-v5 – Zone-Paar, Fehler finden
AUSWAHL rekonstruktion-von-funktionsgleichungen-zone-f1-v6 – Zone-Paar, gleichartige Rechenaufgabe
AUSWAHL rekonstruktion-von-funktionsgleichungen-e1-k1-s0-v1 – e1 k1 „Ansatz und Punktbedingungen“ (verfahren), Sprosse 0: Variante 1; übergangen v2, v3, v4
AUSWAHL rekonstruktion-von-funktionsgleichungen-e1-k1-s1-v1 – e1 k1 „Ansatz und Punktbedingungen“ (verfahren), Sprosse 1: Variante 1; übergangen v2, v3, v4, v5
AUSWAHL rekonstruktion-von-funktionsgleichungen-e1-k1-s2-v1 – e1 k1 „Ansatz und Punktbedingungen“ (verfahren), Sprosse 2: Variante 1; übergangen v2, v3
AUSWAHL rekonstruktion-von-funktionsgleichungen-e1-k1-s3-v1 – e1 k1 „Ansatz und Punktbedingungen“ (verfahren), Sprosse 3: Variante 1; übergangen v2, v3
AUSWAHL rekonstruktion-von-funktionsgleichungen-e1-k1-s4-v1 – e1 k1 „Ansatz und Punktbedingungen“ (verfahren), Sprosse 4: Variante 1; übergangen v2, v3
AUSWAHL rekonstruktion-von-funktionsgleichungen-e1-k1-s5-v1 – e1 k1 „Ansatz und Punktbedingungen“ (verfahren), Sprosse 5: Variante 1; übergangen v2, v3
AUSWAHL rekonstruktion-von-funktionsgleichungen-e1-k1-s6-v1 – e1 k1 „Ansatz und Punktbedingungen“ (verfahren), Sprosse 6: Variante 1; übergangen v2, v3
AUSWAHL rekonstruktion-von-funktionsgleichungen-e1-k1-s7-v1 – e1 k1 „Ansatz und Punktbedingungen“ (verfahren), Sprosse 7: Variante 1; übergangen v2, v3
AUSWAHL rekonstruktion-von-funktionsgleichungen-e1-k1-s8-v1 – e1 k1 „Ansatz und Punktbedingungen“ (verfahren), Sprosse 8: Variante 1; übergangen v2, v3, v4
KETTE e1 k1 „Ansatz und Punktbedingungen“ (verfahren) → eine Hauptnummer
AUSWAHL rekonstruktion-von-funktionsgleichungen-e1-k2-s1-v1 – e1 k2 „Ansatz und Punktbedingungen“ (pflicht), Sprosse 1: Variante 1; übergangen v2, v3
AUSWAHL rekonstruktion-von-funktionsgleichungen-e1-k2-s2-v1 – e1 k2 „Ansatz und Punktbedingungen“ (pflicht), Sprosse 2: Variante 1; übergangen v2, v3
KETTE e1 k2 „Ansatz und Punktbedingungen“ (pflicht) → eine Hauptnummer
AUSWAHL rekonstruktion-von-funktionsgleichungen-e2-k1-s0-v1 – e2 k1 „Bedingungen mit Ableitung“ (verfahren), Sprosse 0: Variante 1; übergangen v2, v3, v4
AUSWAHL rekonstruktion-von-funktionsgleichungen-e2-k1-s1-v1 – e2 k1 „Bedingungen mit Ableitung“ (verfahren), Sprosse 1: Variante 1; übergangen v2, v3, v4, v5
AUSWAHL rekonstruktion-von-funktionsgleichungen-e2-k1-s2-v1 – e2 k1 „Bedingungen mit Ableitung“ (verfahren), Sprosse 2: Variante 1; übergangen v2, v3
AUSWAHL rekonstruktion-von-funktionsgleichungen-e2-k1-s3-v1 – e2 k1 „Bedingungen mit Ableitung“ (verfahren), Sprosse 3: Variante 1; übergangen v2, v3
AUSWAHL rekonstruktion-von-funktionsgleichungen-e2-k1-s4-v1 – e2 k1 „Bedingungen mit Ableitung“ (verfahren), Sprosse 4: Variante 1; übergangen v2, v3
AUSWAHL rekonstruktion-von-funktionsgleichungen-e2-k1-s5-v1 – e2 k1 „Bedingungen mit Ableitung“ (verfahren), Sprosse 5: Variante 1; übergangen v2, v3
AUSWAHL rekonstruktion-von-funktionsgleichungen-e2-k1-s6-v1 – e2 k1 „Bedingungen mit Ableitung“ (verfahren), Sprosse 6: Variante 1; übergangen v2, v3
AUSWAHL rekonstruktion-von-funktionsgleichungen-e2-k1-s7-v1 – e2 k1 „Bedingungen mit Ableitung“ (verfahren), Sprosse 7: Variante 1; übergangen v2, v3
AUSWAHL rekonstruktion-von-funktionsgleichungen-e2-k1-s8-v1 – e2 k1 „Bedingungen mit Ableitung“ (verfahren), Sprosse 8: Variante 1; übergangen v2, v3, v4, v5, v6
KETTE e2 k1 „Bedingungen mit Ableitung“ (verfahren) → eine Hauptnummer
AUSWAHL rekonstruktion-von-funktionsgleichungen-e2-k2-s1-v1 – e2 k2 „Zwei Parameter einer Exponentialfunktion aus Funktionswert und Änderungsrate an einer Stelle bestimmen“ (ohne), Sprosse 1: Variante 1; übergangen v2, v3
KETTE e2 k2 „Zwei Parameter einer Exponentialfunktion aus Funktionswert und Änderungsrate an einer Stelle bestimmen“ (ohne) → eine Hauptnummer
AUSWAHL rekonstruktion-von-funktionsgleichungen-e2-k3-s1-v1 – e2 k3 „Bedingungen mit Ableitung“ (pflicht), Sprosse 1: Variante 1; übergangen v2, v3
AUSWAHL rekonstruktion-von-funktionsgleichungen-e2-k3-s2-v1 – e2 k3 „Bedingungen mit Ableitung“ (pflicht), Sprosse 2: Variante 1; übergangen v2, v3
KETTE e2 k3 „Bedingungen mit Ableitung“ (pflicht) → eine Hauptnummer
AUSWAHL rekonstruktion-von-funktionsgleichungen-e3-k1-s0-v1 – e3 k1 „Sonderansätze und Modellkritik“ (verfahren), Sprosse 0: Variante 1; übergangen v2, v3, v4
AUSWAHL rekonstruktion-von-funktionsgleichungen-e3-k1-s1-v1 – e3 k1 „Sonderansätze und Modellkritik“ (verfahren), Sprosse 1: Variante 1; übergangen v2, v3, v4, v5
AUSWAHL rekonstruktion-von-funktionsgleichungen-e3-k1-s2-v1 – e3 k1 „Sonderansätze und Modellkritik“ (verfahren), Sprosse 2: Variante 1; übergangen v2, v3
AUSWAHL rekonstruktion-von-funktionsgleichungen-e3-k1-s3-v1 – e3 k1 „Sonderansätze und Modellkritik“ (verfahren), Sprosse 3: Variante 1; übergangen v2, v3
AUSWAHL rekonstruktion-von-funktionsgleichungen-e3-k1-s4-v1 – e3 k1 „Sonderansätze und Modellkritik“ (verfahren), Sprosse 4: Variante 1; übergangen v2, v3
AUSWAHL rekonstruktion-von-funktionsgleichungen-e3-k1-s5-v1 – e3 k1 „Sonderansätze und Modellkritik“ (verfahren), Sprosse 5: Variante 1; übergangen v2, v3
AUSWAHL rekonstruktion-von-funktionsgleichungen-e3-k1-s6-v1 – e3 k1 „Sonderansätze und Modellkritik“ (verfahren), Sprosse 6: Variante 1; übergangen v2, v3, v4
KETTE e3 k1 „Sonderansätze und Modellkritik“ (verfahren) → eine Hauptnummer
AUSWAHL rekonstruktion-von-funktionsgleichungen-e3-k2-s1-v1 – e3 k2 „Zwei Parameter einer Funktion aus einer vorgegebenen Bogenlängenformel und einem Punkt bestimmen“ (ohne), Sprosse 1: Variante 1; übergangen v2, v3
KETTE e3 k2 „Zwei Parameter einer Funktion aus einer vorgegebenen Bogenlängenformel und einem Punkt bestimmen“ (ohne) → eine Hauptnummer
AUSWAHL rekonstruktion-von-funktionsgleichungen-e3-k3-s1-v1 – e3 k3 „Existenz einer quadratischen Funktion zu vier Wert- und Steigungsbedingungen über das überbestimmte Gleichungssystem untersuchen“ (ohne), Sprosse 1: Variante 1; übergangen v2, v3
KETTE e3 k3 „Existenz einer quadratischen Funktion zu vier Wert- und Steigungsbedingungen über das überbestimmte Gleichungssystem untersuchen“ (ohne) → eine Hauptnummer
AUSWAHL rekonstruktion-von-funktionsgleichungen-e3-k4-s1-v1 – e3 k4 „Unmöglichkeit waagerechter Tangenten an den Rändern über die Ableitung mit Parametern begründen“ (ohne), Sprosse 1: Variante 1; übergangen v2, v3
KETTE e3 k4 „Unmöglichkeit waagerechter Tangenten an den Rändern über die Ableitung mit Parametern begründen“ (ohne) → eine Hauptnummer
AUSWAHL rekonstruktion-von-funktionsgleichungen-e3-k5-s1-v1 – e3 k5 „Sonderansätze und Modellkritik“ (pflicht), Sprosse 1: Variante 1; übergangen v2, v3
AUSWAHL rekonstruktion-von-funktionsgleichungen-e3-k5-s2-v1 – e3 k5 „Sonderansätze und Modellkritik“ (pflicht), Sprosse 2: Variante 1; übergangen v2, v3
KETTE e3 k5 „Sonderansätze und Modellkritik“ (pflicht) → eine Hauptnummer
KOPF Einheit 1: „Einheit 1 von 3 · Ansatz und Punktbedingungen“; Marken „BE Q1 · BB Q1 · GK · Abitur GK · Abitur LK · FHR“ → Zeitmarke „None“, Prüfungswort „Abitur GK“
WARNUNG Nr. 9: 9 Teilaufgaben, 3 mit Grafik – über dem Halbseitenmaß (2.3 g); v0.1 teilt nur im Fokus
KOPF Einheit 2: „Einheit 2 von 3 · Bedingungen mit Ableitung“; Marken „BE Q1 · BB Q1 · GK · Abitur GK · Abitur LK · FHR“ → Zeitmarke „None“, Prüfungswort „Abitur GK“
KOPF Einheit 3: „Einheit 3 von 3 · Sonderansätze und Modellkritik“; Marken „BE Q1 · BB Q1 · GK · Abitur GK · Abitur LK“ → Zeitmarke „None“, Prüfungswort „Abitur GK“
TODO 46 Stellen in den Quelltexten:
  abhaken.tex:2: TODO Ich-kann-Sätze: Platzhalter wie in den Aufgabendateien
  blatt0_a.tex:5: TODO Titel: Ich-kann-Satz fehlt in der Bank (Platzhalter: Kettenname) – Nr. 1
  blatt0_a.tex:6: TODO Anweisung: ein Satz über der ersten Teilaufgabe fehlt in der Bank – Nr. 1
  blatt0_a.tex:14: TODO Titel: Ich-kann-Satz fehlt in der Bank (Platzhalter: Kettenname) – Nr. 2
  blatt0_a.tex:15: TODO Anweisung: ein Satz über der ersten Teilaufgabe fehlt in der Bank – Nr. 2
  blatt0_a.tex:23: TODO Titel: Ich-kann-Satz fehlt in der Bank (Platzhalter: Kettenname) – Nr. 3
  blatt0_a.tex:24: TODO Anweisung: ein Satz über der ersten Teilaufgabe fehlt in der Bank – Nr. 3
  blatt0_a.tex:32: TODO Titel: Ich-kann-Satz fehlt in der Bank (Platzhalter: Kettenname) – Nr. 4
  blatt0_a.tex:33: TODO Anweisung: ein Satz über der ersten Teilaufgabe fehlt in der Bank – Nr. 4
  blatt0_a.tex:41: TODO Titel: Ich-kann-Satz fehlt in der Bank (Platzhalter: Kettenname) – Nr. 5
  blatt0_a.tex:42: TODO Anweisung: ein Satz über der ersten Teilaufgabe fehlt in der Bank – Nr. 5
  blatt0_a.tex:50: TODO Titel: Ich-kann-Satz fehlt in der Bank (Platzhalter: Kettenname) – Nr. 6
  blatt0_a.tex:51: TODO Anweisung: ein Satz über der ersten Teilaufgabe fehlt in der Bank – Nr. 6
  blatt0_a.tex:59: TODO Titel: Ich-kann-Satz fehlt in der Bank (Platzhalter: Kettenname) – Nr. 7
  blatt0_a.tex:60: TODO Anweisung: ein Satz über der ersten Teilaufgabe fehlt in der Bank – Nr. 7
  blatt0_a.tex:67: TODO Titel: Ich-kann-Satz fehlt in der Bank (Platzhalter: Kettenname) – Nr. 8
  blatt0_a.tex:68: TODO Anweisung: ein Satz über der ersten Teilaufgabe fehlt in der Bank – Nr. 8
  e1_a.tex:2: TODO Zeitmarke Einheit 1: Marken-Zeile nicht lesbar
  e1_a.tex:3: TODO Zweigzeile Teil 1: was hier gelernt wird (Satz in Schülersprache aus dem Einheitstitel) – Einheit 1
  e1_a.tex:8: TODO Titel: Ich-kann-Satz fehlt in der Bank (Platzhalter: Kettenname) – Nr. 9
  e1_a.tex:9: TODO Anweisung: ein Satz über der ersten Teilaufgabe fehlt in der Bank – Nr. 9
  e1_a.tex:11: TODO \rechenplatz{n}: Schrittzahl des Grundfalls fehlt in der Bank (nur bei fester Schreibform, 2.3 b)
  e1_a.tex:34: TODO Titel: Ich-kann-Satz fehlt in der Bank (Platzhalter: Kettenname) – Nr. 10
  e1_a.tex:35: TODO Anweisung: ein Satz über der ersten Teilaufgabe fehlt in der Bank – Nr. 10
  e2_a.tex:2: TODO Zeitmarke Einheit 2: Marken-Zeile nicht lesbar
  e2_a.tex:3: TODO Zweigzeile Teil 1: was hier gelernt wird (Satz in Schülersprache aus dem Einheitstitel) – Einheit 2
  e2_a.tex:8: TODO Titel: Ich-kann-Satz fehlt in der Bank (Platzhalter: Kettenname) – Nr. 11
  e2_a.tex:9: TODO Anweisung: ein Satz über der ersten Teilaufgabe fehlt in der Bank – Nr. 11
  e2_a.tex:11: TODO \rechenplatz{n}: Schrittzahl des Grundfalls fehlt in der Bank (nur bei fester Schreibform, 2.3 b)
  e2_a.tex:25: TODO Titel: Ich-kann-Satz fehlt in der Bank (Platzhalter: Kettenname) – Nr. 12
  e2_a.tex:26: TODO Anweisung: ein Satz über der ersten Teilaufgabe fehlt in der Bank – Nr. 12
  e2_a.tex:33: TODO Titel: Ich-kann-Satz fehlt in der Bank (Platzhalter: Kettenname) – Nr. 13
  e2_a.tex:34: TODO Anweisung: ein Satz über der ersten Teilaufgabe fehlt in der Bank – Nr. 13
  e3_a.tex:2: TODO Zeitmarke Einheit 3: Marken-Zeile nicht lesbar
  e3_a.tex:3: TODO Zweigzeile Teil 1: was hier gelernt wird (Satz in Schülersprache aus dem Einheitstitel) – Einheit 3
  e3_a.tex:8: TODO Titel: Ich-kann-Satz fehlt in der Bank (Platzhalter: Kettenname) – Nr. 14
  e3_a.tex:9: TODO Anweisung: ein Satz über der ersten Teilaufgabe fehlt in der Bank – Nr. 14
  e3_a.tex:11: TODO \rechenplatz{n}: Schrittzahl des Grundfalls fehlt in der Bank (nur bei fester Schreibform, 2.3 b)
  e3_a.tex:23: TODO Titel: Ich-kann-Satz fehlt in der Bank (Platzhalter: Kettenname) – Nr. 15
  e3_a.tex:24: TODO Anweisung: ein Satz über der ersten Teilaufgabe fehlt in der Bank – Nr. 15
  e3_a.tex:31: TODO Titel: Ich-kann-Satz fehlt in der Bank (Platzhalter: Kettenname) – Nr. 16
  e3_a.tex:32: TODO Anweisung: ein Satz über der ersten Teilaufgabe fehlt in der Bank – Nr. 16
  e3_a.tex:39: TODO Titel: Ich-kann-Satz fehlt in der Bank (Platzhalter: Kettenname) – Nr. 17
  e3_a.tex:40: TODO Anweisung: ein Satz über der ersten Teilaufgabe fehlt in der Bank – Nr. 17
  e3_a.tex:47: TODO Titel: Ich-kann-Satz fehlt in der Bank (Platzhalter: Kettenname) – Nr. 18
  e3_a.tex:48: TODO Anweisung: ein Satz über der ersten Teilaufgabe fehlt in der Bank – Nr. 18
STRUKTUR 0 Fehler
