# zusammenbau v0.1: zusammenbau.py orthogonalitaet
VORLAGE mathblatt.sty: Version 2026-09-28a
EINHEITEN [1, 2, 3, 4]
AUSWAHL orthogonalitaet-zone-f1-v1 – Zone f1 „Skalarprodukt berechnen und „null heißt “, Sprosse 1: Variante 1; übergangen v2
AUSWAHL orthogonalitaet-zone-f1-v3 – Zone f1 „Skalarprodukt berechnen und „null heißt “, Sprosse 2: kleinste Variante (v3; v1 fehlt)
WEG Zone f1 „Skalarprodukt berechnen und „null heißt “ – Sprossen [3] (Fallstricke) nicht bestellt (Zone ja: s1 und s2)
AUSWAHL orthogonalitaet-zone-f2-v1 – Zone f2 „Richtungsvektoren bilden und Beträge ber“, Sprosse 1: Variante 1; übergangen v2
AUSWAHL orthogonalitaet-zone-f2-v3 – Zone f2 „Richtungsvektoren bilden und Beträge ber“, Sprosse 2: kleinste Variante (v3; v1 fehlt)
WEG Zone f2 „Richtungsvektoren bilden und Beträge ber“ – Sprossen [3, 4, 5] (Fallstricke) nicht bestellt (Zone ja: s1 und s2)
AUSWAHL orthogonalitaet-zone-f3-v1 – Zone f3 „Lineare und quadratische Gleichungen sow“, Sprosse 1: Variante 1; übergangen v2
AUSWAHL orthogonalitaet-zone-f3-v3 – Zone f3 „Lineare und quadratische Gleichungen sow“, Sprosse 2: kleinste Variante (v3; v1 fehlt)
WEG Zone f3 „Lineare und quadratische Gleichungen sow“ – Sprossen [3] (Fallstricke) nicht bestellt (Zone ja: s1 und s2)
AUSWAHL orthogonalitaet-zone-f4-v1 – Zone f4 „Kollinearität prüfen (Vielfaches)“, Sprosse 1: Variante 1; übergangen v2
AUSWAHL orthogonalitaet-zone-f4-v3 – Zone f4 „Kollinearität prüfen (Vielfaches)“, Sprosse 2: kleinste Variante (v3; v1 fehlt)
WEG Zone f4 „Kollinearität prüfen (Vielfaches)“ – Sprossen [3] (Fallstricke) nicht bestellt (Zone ja: s1 und s2)
AUSWAHL orthogonalitaet-zone-f5-v1 – Zone f5 „Normalenvektor aus der Koordinatengleich“, Sprosse 1: Variante 1; übergangen v2
AUSWAHL orthogonalitaet-zone-f5-v3 – Zone f5 „Normalenvektor aus der Koordinatengleich“, Sprosse 2: kleinste Variante (v3; v1 fehlt)
WEG Zone f5 „Normalenvektor aus der Koordinatengleich“ – Sprossen [3] (Fallstricke) nicht bestellt (Zone ja: s1 und s2)
AUSWAHL orthogonalitaet-zone-f6-v1 – Zone f6 „Ähnlichkeit rechtwinkliger Dreiecke und “, Sprosse 1: Variante 1; übergangen v2
AUSWAHL orthogonalitaet-zone-f6-v3 – Zone f6 „Ähnlichkeit rechtwinkliger Dreiecke und “, Sprosse 2: kleinste Variante (v3; v1 fehlt)
WEG Zone f6 „Ähnlichkeit rechtwinkliger Dreiecke und “ – Sprossen [3] (Fallstricke) nicht bestellt (Zone ja: s1 und s2)
AUSWAHL orthogonalitaet-zone-f2-v5 – Zone-Paar, Fehler finden
AUSWAHL orthogonalitaet-zone-f2-v6 – Zone-Paar, gleichartige Rechenaufgabe
AUSWAHL orthogonalitaet-e1-k1-s0-v1 – e1 k1 „„Welches Paar ist senkrecht – und welche Prüfregel gilt?““ (erkennung), Sprosse 0: Variante 1; übergangen v2, v3, v4
KETTE e1 k1 „„Welches Paar ist senkrecht – und welche Prüfregel gilt?““ (erkennung) → eine Hauptnummer (Erkennungsschritt: eigene Kette nach bank.md, zählt als Hauptnummer)
AUSWAHL orthogonalitaet-e1-k2-s0-v1 – e1 k2 „„Null zeigen oder null setzen?““ (erkennung), Sprosse 0: Variante 1; übergangen v2, v3, v4
KETTE e1 k2 „„Null zeigen oder null setzen?““ (erkennung) → eine Hauptnummer (Erkennungsschritt: eigene Kette nach bank.md, zählt als Hauptnummer)
AUSWAHL orthogonalitaet-e1-k3-s0-v1 – e1 k3 „„Für alle oder für eins?““ (erkennung), Sprosse 0: Variante 1; übergangen v2, v3, v4
KETTE e1 k3 „„Für alle oder für eins?““ (erkennung) → eine Hauptnummer (Erkennungsschritt: eigene Kette nach bank.md, zählt als Hauptnummer)
AUSWAHL orthogonalitaet-e1-k4-s0-v1 – e1 k4 „Rechte Winkel nachweisen“ (verfahren), Sprosse 0: Variante 1; übergangen v2, v3, v4
AUSWAHL orthogonalitaet-e1-k4-s1-v1 – e1 k4 „Rechte Winkel nachweisen“ (verfahren), Sprosse 1: Variante 1; übergangen v2, v3, v4, v5
AUSWAHL orthogonalitaet-e1-k4-s2-v1 – e1 k4 „Rechte Winkel nachweisen“ (verfahren), Sprosse 2: Variante 1; übergangen v2, v3
AUSWAHL orthogonalitaet-e1-k4-s3-v1 – e1 k4 „Rechte Winkel nachweisen“ (verfahren), Sprosse 3: Variante 1; übergangen v2, v3
AUSWAHL orthogonalitaet-e1-k4-s4-v1 – e1 k4 „Rechte Winkel nachweisen“ (verfahren), Sprosse 4: Variante 1; übergangen v2, v3
AUSWAHL orthogonalitaet-e1-k4-s5-v1 – e1 k4 „Rechte Winkel nachweisen“ (verfahren), Sprosse 5: Variante 1; übergangen v2, v3, v4
KETTE e1 k4 „Rechte Winkel nachweisen“ (verfahren) → eine Hauptnummer
AUSWAHL orthogonalitaet-e1-k5-s1-v1 – e1 k5 „Rechte Winkel nachweisen“ (pflicht), Sprosse 1: Variante 1; übergangen v2, v3
AUSWAHL orthogonalitaet-e1-k5-s2-v1 – e1 k5 „Rechte Winkel nachweisen“ (pflicht), Sprosse 2: Variante 1; übergangen v2, v3
AUSWAHL orthogonalitaet-e1-k5-s3-v1 – e1 k5 „Rechte Winkel nachweisen“ (pflicht), Sprosse 3: Variante 1; übergangen v2, v3
KETTE e1 k5 „Rechte Winkel nachweisen“ (pflicht) → eine Hauptnummer
AUSWAHL orthogonalitaet-e2-k1-s0-v1 – e2 k1 „Rechte Winkel rückwärts“ (verfahren), Sprosse 0: Variante 1; übergangen v2, v3, v4
AUSWAHL orthogonalitaet-e2-k1-s1-v1 – e2 k1 „Rechte Winkel rückwärts“ (verfahren), Sprosse 1: Variante 1; übergangen v2, v3, v4, v5
AUSWAHL orthogonalitaet-e2-k1-s2-v1 – e2 k1 „Rechte Winkel rückwärts“ (verfahren), Sprosse 2: Variante 1; übergangen v2, v3
AUSWAHL orthogonalitaet-e2-k1-s3-v1 – e2 k1 „Rechte Winkel rückwärts“ (verfahren), Sprosse 3: Variante 1; übergangen v2, v3
AUSWAHL orthogonalitaet-e2-k1-s4-v1 – e2 k1 „Rechte Winkel rückwärts“ (verfahren), Sprosse 4: Variante 1; übergangen v2, v3
AUSWAHL orthogonalitaet-e2-k1-s5-v1 – e2 k1 „Rechte Winkel rückwärts“ (verfahren), Sprosse 5: Variante 1; übergangen v2, v3
AUSWAHL orthogonalitaet-e2-k1-s6-v1 – e2 k1 „Rechte Winkel rückwärts“ (verfahren), Sprosse 6: Variante 1; übergangen v2, v3
AUSWAHL orthogonalitaet-e2-k1-s7-v1 – e2 k1 „Rechte Winkel rückwärts“ (verfahren), Sprosse 7: Variante 1; übergangen v2
KETTE e2 k1 „Rechte Winkel rückwärts“ (verfahren) → eine Hauptnummer
AUSWAHL orthogonalitaet-e2-k2-s1-v1 – e2 k2 „Rechte Winkel rückwärts“ (pflicht), Sprosse 1: Variante 1; übergangen v2, v3
AUSWAHL orthogonalitaet-e2-k2-s2-v1 – e2 k2 „Rechte Winkel rückwärts“ (pflicht), Sprosse 2: Variante 1; übergangen v2, v3
AUSWAHL orthogonalitaet-e2-k2-s3-v1 – e2 k2 „Rechte Winkel rückwärts“ (pflicht), Sprosse 3: Variante 1; übergangen v2, v3
KETTE e2 k2 „Rechte Winkel rückwärts“ (pflicht) → eine Hauptnummer
AUSWAHL orthogonalitaet-e3-k1-s0-v1 – e3 k1 „Senkrecht zu Geraden und Ebenen“ (verfahren), Sprosse 0: Variante 1; übergangen v2, v3, v4
AUSWAHL orthogonalitaet-e3-k1-s1-v1 – e3 k1 „Senkrecht zu Geraden und Ebenen“ (verfahren), Sprosse 1: Variante 1; übergangen v2, v3, v4, v5
AUSWAHL orthogonalitaet-e3-k1-s2-v1 – e3 k1 „Senkrecht zu Geraden und Ebenen“ (verfahren), Sprosse 2: Variante 1; übergangen v2, v3
AUSWAHL orthogonalitaet-e3-k1-s3-v1 – e3 k1 „Senkrecht zu Geraden und Ebenen“ (verfahren), Sprosse 3: Variante 1; übergangen v2, v3
AUSWAHL orthogonalitaet-e3-k1-s4-v1 – e3 k1 „Senkrecht zu Geraden und Ebenen“ (verfahren), Sprosse 4: Variante 1; übergangen v2, v3
AUSWAHL orthogonalitaet-e3-k1-s5-v1 – e3 k1 „Senkrecht zu Geraden und Ebenen“ (verfahren), Sprosse 5: Variante 1; übergangen v2, v3
AUSWAHL orthogonalitaet-e3-k1-s6-v1 – e3 k1 „Senkrecht zu Geraden und Ebenen“ (verfahren), Sprosse 6: Variante 1; übergangen v2, v3, v4
KETTE e3 k1 „Senkrecht zu Geraden und Ebenen“ (verfahren) → eine Hauptnummer
AUSWAHL orthogonalitaet-e3-k2-s1-v1 – e3 k2 „Senkrecht zu Geraden und Ebenen“ (pflicht), Sprosse 1: Variante 1; übergangen v2, v3
AUSWAHL orthogonalitaet-e3-k2-s2-v1 – e3 k2 „Senkrecht zu Geraden und Ebenen“ (pflicht), Sprosse 2: Variante 1; übergangen v2, v3
AUSWAHL orthogonalitaet-e3-k2-s3-v1 – e3 k2 „Senkrecht zu Geraden und Ebenen“ (pflicht), Sprosse 3: Variante 1; übergangen v2, v3
KETTE e3 k2 „Senkrecht zu Geraden und Ebenen“ (pflicht) → eine Hauptnummer
AUSWAHL orthogonalitaet-e4-k1-s0-v1 – e4 k1 „Lot und Extremum“ (verfahren), Sprosse 0: Variante 1; übergangen v2, v3, v4
AUSWAHL orthogonalitaet-e4-k1-s1-v1 – e4 k1 „Lot und Extremum“ (verfahren), Sprosse 1: Variante 1; übergangen v2, v3, v4, v5
AUSWAHL orthogonalitaet-e4-k1-s2-v1 – e4 k1 „Lot und Extremum“ (verfahren), Sprosse 2: Variante 1; übergangen v2, v3
AUSWAHL orthogonalitaet-e4-k1-s3-v1 – e4 k1 „Lot und Extremum“ (verfahren), Sprosse 3: Variante 1; übergangen v2
KETTE e4 k1 „Lot und Extremum“ (verfahren) → eine Hauptnummer
AUSWAHL orthogonalitaet-e4-k2-s1-v1 – e4 k2 „Flächengleichung des flächenkleinsten Dreiecks begründen“ (ohne), Sprosse 1: Variante 1; übergangen v2, v3
KETTE e4 k2 „Flächengleichung des flächenkleinsten Dreiecks begründen“ (ohne) → eine Hauptnummer
AUSWAHL orthogonalitaet-e4-k3-s1-v1 – e4 k3 „Lot und Extremum“ (pflicht), Sprosse 1: Variante 1; übergangen v2, v3
AUSWAHL orthogonalitaet-e4-k3-s2-v1 – e4 k3 „Lot und Extremum“ (pflicht), Sprosse 2: Variante 1; übergangen v2, v3
AUSWAHL orthogonalitaet-e4-k3-s3-v1 – e4 k3 „Lot und Extremum“ (pflicht), Sprosse 3: Variante 1; übergangen v2, v3
KETTE e4 k3 „Lot und Extremum“ (pflicht) → eine Hauptnummer
KOPF Einheit 1: „Einheit 1 von 4 · Rechte Winkel an Dreiecken nachweisen“; Marken „BE Q3 · BB Q3 · GK · Abitur GK · Abitur LK“ → Zeitmarke „None“, Prüfungswort „Abitur GK“
KOPF Einheit 2: „Einheit 2 von 4 · Rechte Winkel rückwärts“; Marken „BE Q3 · BB Q3 · GK · Abitur GK · Abitur LK“ → Zeitmarke „None“, Prüfungswort „Abitur GK“
KOPF Einheit 3: „Einheit 3 von 4 · Senkrecht zu Geraden und Ebenen“; Marken „BE Q3 · BB Q3 · GK · Abitur GK · Abitur LK“ → Zeitmarke „None“, Prüfungswort „Abitur GK“
KOPF Einheit 4: „Einheit 4 von 4 · Lot und Extremum“; Marken „BE Q3 · BB Q3 · GK · keine Prüfungsaufgabe“ → Zeitmarke „None“, Prüfungswort „keine Prüfungsaufgabe“
TODO 53 Stellen in den Quelltexten:
  abhaken.tex:2: TODO Ich-kann-Sätze: Platzhalter wie in den Aufgabendateien
  blatt0_a.tex:5: TODO Titel: Ich-kann-Satz fehlt in der Bank (Platzhalter: Kettenname) – Nr. 1
  blatt0_a.tex:6: TODO Anweisung: ein Satz über der ersten Teilaufgabe fehlt in der Bank – Nr. 1
  blatt0_a.tex:14: TODO Titel: Ich-kann-Satz fehlt in der Bank (Platzhalter: Kettenname) – Nr. 2
  blatt0_a.tex:15: TODO Anweisung: ein Satz über der ersten Teilaufgabe fehlt in der Bank – Nr. 2
  blatt0_a.tex:23: TODO Titel: Ich-kann-Satz fehlt in der Bank (Platzhalter: Kettenname) – Nr. 3
  blatt0_a.tex:24: TODO Anweisung: ein Satz über der ersten Teilaufgabe fehlt in der Bank – Nr. 3
  blatt0_a.tex:32: TODO Titel: Ich-kann-Satz fehlt in der Bank (Platzhalter: Kettenname) – Nr. 4
  blatt0_a.tex:33: TODO Anweisung: ein Satz über der ersten Teilaufgabe fehlt in der Bank – Nr. 4
  blatt0_a.tex:41: TODO Titel: Ich-kann-Satz fehlt in der Bank (Platzhalter: Kettenname) – Nr. 5
  blatt0_a.tex:42: TODO Anweisung: ein Satz über der ersten Teilaufgabe fehlt in der Bank – Nr. 5
  blatt0_a.tex:50: TODO Titel: Ich-kann-Satz fehlt in der Bank (Platzhalter: Kettenname) – Nr. 6
  blatt0_a.tex:51: TODO Anweisung: ein Satz über der ersten Teilaufgabe fehlt in der Bank – Nr. 6
  blatt0_a.tex:59: TODO Titel: Ich-kann-Satz fehlt in der Bank (Platzhalter: Kettenname) – Nr. 7
  blatt0_a.tex:60: TODO Anweisung: ein Satz über der ersten Teilaufgabe fehlt in der Bank – Nr. 7
  blatt0_a.tex:67: TODO Titel: Ich-kann-Satz fehlt in der Bank (Platzhalter: Kettenname) – Nr. 8
  blatt0_a.tex:68: TODO Anweisung: ein Satz über der ersten Teilaufgabe fehlt in der Bank – Nr. 8
  e1_a.tex:2: TODO Zeitmarke Einheit 1: Marken-Zeile nicht lesbar
  e1_a.tex:3: TODO Zweigzeile Teil 1: was hier gelernt wird (Satz in Schülersprache aus dem Einheitstitel) – Einheit 1
  e1_a.tex:8: TODO Titel: Ich-kann-Satz fehlt in der Bank (Platzhalter: Kettenname) – Nr. 9
  e1_a.tex:9: TODO Anweisung: ein Satz über der ersten Teilaufgabe fehlt in der Bank – Nr. 9
  e1_a.tex:16: TODO Titel: Ich-kann-Satz fehlt in der Bank (Platzhalter: Kettenname) – Nr. 10
  e1_a.tex:17: TODO Anweisung: ein Satz über der ersten Teilaufgabe fehlt in der Bank – Nr. 10
  e1_a.tex:24: TODO Titel: Ich-kann-Satz fehlt in der Bank (Platzhalter: Kettenname) – Nr. 11
  e1_a.tex:25: TODO Anweisung: ein Satz über der ersten Teilaufgabe fehlt in der Bank – Nr. 11
  e1_a.tex:32: TODO Titel: Ich-kann-Satz fehlt in der Bank (Platzhalter: Kettenname) – Nr. 12
  e1_a.tex:33: TODO Anweisung: ein Satz über der ersten Teilaufgabe fehlt in der Bank – Nr. 12
  e1_a.tex:35: TODO \rechenplatz{n}: Schrittzahl des Grundfalls fehlt in der Bank (nur bei fester Schreibform, 2.3 b)
  e1_a.tex:46: TODO Titel: Ich-kann-Satz fehlt in der Bank (Platzhalter: Kettenname) – Nr. 13
  e1_a.tex:47: TODO Anweisung: ein Satz über der ersten Teilaufgabe fehlt in der Bank – Nr. 13
  e2_a.tex:2: TODO Zeitmarke Einheit 2: Marken-Zeile nicht lesbar
  e2_a.tex:3: TODO Zweigzeile Teil 1: was hier gelernt wird (Satz in Schülersprache aus dem Einheitstitel) – Einheit 2
  e2_a.tex:8: TODO Titel: Ich-kann-Satz fehlt in der Bank (Platzhalter: Kettenname) – Nr. 14
  e2_a.tex:9: TODO Anweisung: ein Satz über der ersten Teilaufgabe fehlt in der Bank – Nr. 14
  e2_a.tex:11: TODO \rechenplatz{n}: Schrittzahl des Grundfalls fehlt in der Bank (nur bei fester Schreibform, 2.3 b)
  e2_a.tex:24: TODO Titel: Ich-kann-Satz fehlt in der Bank (Platzhalter: Kettenname) – Nr. 15
  e2_a.tex:25: TODO Anweisung: ein Satz über der ersten Teilaufgabe fehlt in der Bank – Nr. 15
  e3_a.tex:2: TODO Zeitmarke Einheit 3: Marken-Zeile nicht lesbar
  e3_a.tex:3: TODO Zweigzeile Teil 1: was hier gelernt wird (Satz in Schülersprache aus dem Einheitstitel) – Einheit 3
  e3_a.tex:8: TODO Titel: Ich-kann-Satz fehlt in der Bank (Platzhalter: Kettenname) – Nr. 16
  e3_a.tex:9: TODO Anweisung: ein Satz über der ersten Teilaufgabe fehlt in der Bank – Nr. 16
  e3_a.tex:11: TODO \rechenplatz{n}: Schrittzahl des Grundfalls fehlt in der Bank (nur bei fester Schreibform, 2.3 b)
  e3_a.tex:23: TODO Titel: Ich-kann-Satz fehlt in der Bank (Platzhalter: Kettenname) – Nr. 17
  e3_a.tex:24: TODO Anweisung: ein Satz über der ersten Teilaufgabe fehlt in der Bank – Nr. 17
  e4_a.tex:2: TODO Zeitmarke Einheit 4: Marken-Zeile nicht lesbar
  e4_a.tex:3: TODO Zweigzeile Teil 1: was hier gelernt wird (Satz in Schülersprache aus dem Einheitstitel) – Einheit 4
  e4_a.tex:8: TODO Titel: Ich-kann-Satz fehlt in der Bank (Platzhalter: Kettenname) – Nr. 18
  e4_a.tex:9: TODO Anweisung: ein Satz über der ersten Teilaufgabe fehlt in der Bank – Nr. 18
  e4_a.tex:11: TODO \rechenplatz{n}: Schrittzahl des Grundfalls fehlt in der Bank (nur bei fester Schreibform, 2.3 b)
  e4_a.tex:20: TODO Titel: Ich-kann-Satz fehlt in der Bank (Platzhalter: Kettenname) – Nr. 19
  e4_a.tex:21: TODO Anweisung: ein Satz über der ersten Teilaufgabe fehlt in der Bank – Nr. 19
  e4_a.tex:28: TODO Titel: Ich-kann-Satz fehlt in der Bank (Platzhalter: Kettenname) – Nr. 20
  e4_a.tex:29: TODO Anweisung: ein Satz über der ersten Teilaufgabe fehlt in der Bank – Nr. 20
STRUKTUR 0 Fehler
