# zusammenbau v0.1: zusammenbau.py stammfunktion-und-hauptsatz
VORLAGE mathblatt.sty: Version 2026-09-28a
EINHEITEN [1, 2, 3, 4]
AUSWAHL stammfunktion-und-hauptsatz-zone-f1-v1 – Zone f1 „Potenzen und Brüche rechnen“, Sprosse 1: Variante 1; übergangen v2
AUSWAHL stammfunktion-und-hauptsatz-zone-f1-v3 – Zone f1 „Potenzen und Brüche rechnen“, Sprosse 2: kleinste Variante (v3; v1 fehlt)
WEG Zone f1 „Potenzen und Brüche rechnen“ – Sprossen [3, 4, 5] (Fallstricke) nicht bestellt (Zone ja: s1 und s2)
AUSWAHL stammfunktion-und-hauptsatz-zone-f2-v1 – Zone f2 „Ableitungsregeln sicher anwenden, auch P“, Sprosse 1: Variante 1; übergangen v2
AUSWAHL stammfunktion-und-hauptsatz-zone-f2-v3 – Zone f2 „Ableitungsregeln sicher anwenden, auch P“, Sprosse 2: kleinste Variante (v3; v1 fehlt)
WEG Zone f2 „Ableitungsregeln sicher anwenden, auch P“ – Sprossen [3, 4] (Fallstricke) nicht bestellt (Zone ja: s1 und s2)
AUSWAHL stammfunktion-und-hauptsatz-zone-f3-v1 – Zone f3 „Potenzregel rückwärts“, Sprosse 1: Variante 1; übergangen v2
AUSWAHL stammfunktion-und-hauptsatz-zone-f3-v3 – Zone f3 „Potenzregel rückwärts“, Sprosse 2: kleinste Variante (v3; v1 fehlt)
WEG Zone f3 „Potenzregel rückwärts“ – Sprossen [3, 4] (Fallstricke) nicht bestellt (Zone ja: s1 und s2)
AUSWAHL stammfunktion-und-hauptsatz-zone-f4-v1 – Zone f4 „Den Ableitungsgraphen lesen“, Sprosse 1: Variante 1; übergangen v2
AUSWAHL stammfunktion-und-hauptsatz-zone-f4-v3 – Zone f4 „Den Ableitungsgraphen lesen“, Sprosse 2: kleinste Variante (v3; v1 fehlt)
WEG Zone f4 „Den Ableitungsgraphen lesen“ – Sprossen [3, 4] (Fallstricke) nicht bestellt (Zone ja: s1 und s2)
AUSWAHL stammfunktion-und-hauptsatz-zone-f5-v1 – Zone f5 „Steigungsdreieck und Tangente am Graphen“, Sprosse 1: Variante 1; übergangen v2
AUSWAHL stammfunktion-und-hauptsatz-zone-f5-v3 – Zone f5 „Steigungsdreieck und Tangente am Graphen“, Sprosse 2: kleinste Variante (v3; v1 fehlt)
WEG Zone f5 „Steigungsdreieck und Tangente am Graphen“ – Sprossen [3] (Fallstricke) nicht bestellt (Zone ja: s1 und s2)
AUSWAHL stammfunktion-und-hauptsatz-zone-f1-v5 – Zone-Paar, Fehler finden
AUSWAHL stammfunktion-und-hauptsatz-zone-f1-v6 – Zone-Paar, gleichartige Rechenaufgabe
AUSWAHL stammfunktion-und-hauptsatz-e1-k1-s0-v1 – e1 k1 „Stammfunktion“ (verfahren), Sprosse 0: Variante 1; übergangen v2, v3, v4
AUSWAHL stammfunktion-und-hauptsatz-e1-k1-s1-v1 – e1 k1 „Stammfunktion“ (verfahren), Sprosse 1: Variante 1; übergangen v2, v3, v4, v5
AUSWAHL stammfunktion-und-hauptsatz-e1-k1-s2-v1 – e1 k1 „Stammfunktion“ (verfahren), Sprosse 2: Variante 1; übergangen v2, v3
AUSWAHL stammfunktion-und-hauptsatz-e1-k1-s3-v1 – e1 k1 „Stammfunktion“ (verfahren), Sprosse 3: Variante 1; übergangen v2, v3
AUSWAHL stammfunktion-und-hauptsatz-e1-k1-s4-v1 – e1 k1 „Stammfunktion“ (verfahren), Sprosse 4: Variante 1; übergangen v2, v3
AUSWAHL stammfunktion-und-hauptsatz-e1-k1-s5-v1 – e1 k1 „Stammfunktion“ (verfahren), Sprosse 5: Variante 1; übergangen v2, v3
AUSWAHL stammfunktion-und-hauptsatz-e1-k1-s6-v1 – e1 k1 „Stammfunktion“ (verfahren), Sprosse 6: Variante 1; übergangen v2, v3, v4, v5
KETTE e1 k1 „Stammfunktion“ (verfahren) → eine Hauptnummer
AUSWAHL stammfunktion-und-hauptsatz-e1-k2-s1-v1 – e1 k2 „Stammfunktion“ (pflicht), Sprosse 1: Variante 1; übergangen v2, v3
AUSWAHL stammfunktion-und-hauptsatz-e1-k2-s2-v1 – e1 k2 „Stammfunktion“ (pflicht), Sprosse 2: Variante 1; übergangen v2, v3
KETTE e1 k2 „Stammfunktion“ (pflicht) → eine Hauptnummer
AUSWAHL stammfunktion-und-hauptsatz-e2-k1-s1-v1 – e2 k1 „Hauptsatz“ (verfahren), Sprosse 1: Variante 1; übergangen v2, v3, v4, v5
AUSWAHL stammfunktion-und-hauptsatz-e2-k1-s2-v1 – e2 k1 „Hauptsatz“ (verfahren), Sprosse 2: Variante 1; übergangen v2, v3
AUSWAHL stammfunktion-und-hauptsatz-e2-k1-s3-v1 – e2 k1 „Hauptsatz“ (verfahren), Sprosse 3: Variante 1; übergangen v2, v3
AUSWAHL stammfunktion-und-hauptsatz-e2-k1-s4-v1 – e2 k1 „Hauptsatz“ (verfahren), Sprosse 4: Variante 1; übergangen v2, v3
AUSWAHL stammfunktion-und-hauptsatz-e2-k1-s5-v1 – e2 k1 „Hauptsatz“ (verfahren), Sprosse 5: Variante 1; übergangen v2, v3, v4
KETTE e2 k1 „Hauptsatz“ (verfahren) → eine Hauptnummer
AUSWAHL stammfunktion-und-hauptsatz-e2-k2-s1-v1 – e2 k2 „Kurvenlänge über eine vorgegebene Integralformel berechnen“ (ohne), Sprosse 1: Variante 1; übergangen v2, v3
KETTE e2 k2 „Kurvenlänge über eine vorgegebene Integralformel berechnen“ (ohne) → eine Hauptnummer
AUSWAHL stammfunktion-und-hauptsatz-e2-k3-s1-v1 – e2 k3 „Hauptsatz“ (pflicht), Sprosse 1: Variante 1; übergangen v2, v3
AUSWAHL stammfunktion-und-hauptsatz-e2-k3-s2-v1 – e2 k3 „Hauptsatz“ (pflicht), Sprosse 2: Variante 1; übergangen v2, v3
KETTE e2 k3 „Hauptsatz“ (pflicht) → eine Hauptnummer
AUSWAHL stammfunktion-und-hauptsatz-e3-k1-s0-v1 – e3 k1 „Der Graphenblick“ (verfahren), Sprosse 0: Variante 1; übergangen v2, v3, v4
AUSWAHL stammfunktion-und-hauptsatz-e3-k1-s1-v1 – e3 k1 „Der Graphenblick“ (verfahren), Sprosse 1: Variante 1; übergangen v2, v3, v4, v5
AUSWAHL stammfunktion-und-hauptsatz-e3-k1-s2-v1 – e3 k1 „Der Graphenblick“ (verfahren), Sprosse 2: Variante 1; übergangen v2, v3
AUSWAHL stammfunktion-und-hauptsatz-e3-k1-s3-v1 – e3 k1 „Der Graphenblick“ (verfahren), Sprosse 3: Variante 1; übergangen v2, v3
AUSWAHL stammfunktion-und-hauptsatz-e3-k1-s4-v1 – e3 k1 „Der Graphenblick“ (verfahren), Sprosse 4: Variante 1; übergangen v2, v3
AUSWAHL stammfunktion-und-hauptsatz-e3-k1-s5-v1 – e3 k1 „Der Graphenblick“ (verfahren), Sprosse 5: Variante 1; übergangen v2, v3
AUSWAHL stammfunktion-und-hauptsatz-e3-k1-s6-v1 – e3 k1 „Der Graphenblick“ (verfahren), Sprosse 6: Variante 1; übergangen v2, v3, v4, v5
KETTE e3 k1 „Der Graphenblick“ (verfahren) → eine Hauptnummer
AUSWAHL stammfunktion-und-hauptsatz-e3-k2-s1-v1 – e3 k2 „Der Graphenblick“ (pflicht), Sprosse 1: Variante 1; übergangen v2, v3
AUSWAHL stammfunktion-und-hauptsatz-e3-k2-s2-v1 – e3 k2 „Der Graphenblick“ (pflicht), Sprosse 2: Variante 1; übergangen v2, v3
KETTE e3 k2 „Der Graphenblick“ (pflicht) → eine Hauptnummer
AUSWAHL stammfunktion-und-hauptsatz-e4-k1-s0-v1 – e4 k1 „Integralfunktion“ (verfahren), Sprosse 0: Variante 1; übergangen v2, v3, v4
AUSWAHL stammfunktion-und-hauptsatz-e4-k1-s1-v1 – e4 k1 „Integralfunktion“ (verfahren), Sprosse 1: Variante 1; übergangen v2, v3, v4, v5
AUSWAHL stammfunktion-und-hauptsatz-e4-k1-s2-v1 – e4 k1 „Integralfunktion“ (verfahren), Sprosse 2: Variante 1; übergangen v2, v3
AUSWAHL stammfunktion-und-hauptsatz-e4-k1-s3-v1 – e4 k1 „Integralfunktion“ (verfahren), Sprosse 3: Variante 1; übergangen v2, v3
AUSWAHL stammfunktion-und-hauptsatz-e4-k1-s4-v1 – e4 k1 „Integralfunktion“ (verfahren), Sprosse 4: Variante 1; übergangen v2, v3
AUSWAHL stammfunktion-und-hauptsatz-e4-k1-s5-v1 – e4 k1 „Integralfunktion“ (verfahren), Sprosse 5: Variante 1; übergangen v2, v3, v4
KETTE e4 k1 „Integralfunktion“ (verfahren) → eine Hauptnummer
AUSWAHL stammfunktion-und-hauptsatz-e4-k2-s1-v1 – e4 k2 „Integralfunktionen mit verschiedenen unteren Grenzen als Verschiebung in y-Richtung begründen“ (ohne), Sprosse 1: Variante 1; übergangen v2, v3
KETTE e4 k2 „Integralfunktionen mit verschiedenen unteren Grenzen als Verschiebung in y-Richtung begründen“ (ohne) → eine Hauptnummer
AUSWAHL stammfunktion-und-hauptsatz-e4-k3-s1-v1 – e4 k3 „Waagerechte Tangente und Wendepunkt einer Integralfunktion an einer doppelten Nullstelle des Integranden begründen“ (ohne), Sprosse 1: Variante 1; übergangen v2, v3
KETTE e4 k3 „Waagerechte Tangente und Wendepunkt einer Integralfunktion an einer doppelten Nullstelle des Integranden begründen“ (ohne) → eine Hauptnummer
AUSWAHL stammfunktion-und-hauptsatz-e4-k4-s1-v1 – e4 k4 „Integralfunktion“ (pflicht), Sprosse 1: Variante 1; übergangen v2, v3
AUSWAHL stammfunktion-und-hauptsatz-e4-k4-s2-v1 – e4 k4 „Integralfunktion“ (pflicht), Sprosse 2: Variante 1; übergangen v2, v3
KETTE e4 k4 „Integralfunktion“ (pflicht) → eine Hauptnummer
KOPF Einheit 1: „Einheit 1 von 4 · Stammfunktion“; Marken „BE Q2 · BB Q2 · GK · Abitur GK · Abitur LK“ → Zeitmarke „None“, Prüfungswort „Abitur GK“
KOPF Einheit 2: „Einheit 2 von 4 · Hauptsatz“; Marken „BE Q2 · BB Q2 · GK · Abitur GK · Abitur LK“ → Zeitmarke „None“, Prüfungswort „Abitur GK“
KOPF Einheit 3: „Einheit 3 von 4 · Der Graphenblick“; Marken „BE Q2 · BB Q2 · GK · Abitur GK · Abitur LK“ → Zeitmarke „None“, Prüfungswort „Abitur GK“
WARNUNG Nr. 13: 7 Teilaufgaben, 5 mit Grafik – über dem Halbseitenmaß (2.3 g); v0.1 teilt nur im Fokus
KOPF Einheit 4: „Einheit 4 von 4 · Integralfunktion“; Marken „BE Q2 · BB Q2 · GK · keine Prüfungsaufgabe“ → Zeitmarke „None“, Prüfungswort „keine Prüfungsaufgabe“
TODO 49 Stellen in den Quelltexten:
  abhaken.tex:2: TODO Ich-kann-Sätze: Platzhalter wie in den Aufgabendateien
  blatt0_a.tex:5: TODO Titel: Ich-kann-Satz fehlt in der Bank (Platzhalter: Kettenname) – Nr. 1
  blatt0_a.tex:6: TODO Anweisung: ein Satz über der ersten Teilaufgabe fehlt in der Bank – Nr. 1
  blatt0_a.tex:14: TODO Titel: Ich-kann-Satz fehlt in der Bank (Platzhalter: Kettenname) – Nr. 2
  blatt0_a.tex:15: TODO Anweisung: ein Satz über der ersten Teilaufgabe fehlt in der Bank – Nr. 2
  blatt0_a.tex:23: TODO Titel: Ich-kann-Satz fehlt in der Bank (Platzhalter: Kettenname) – Nr. 3
  blatt0_a.tex:24: TODO Anweisung: ein Satz über der ersten Teilaufgabe fehlt in der Bank – Nr. 3
  blatt0_a.tex:32: TODO Titel: Ich-kann-Satz fehlt in der Bank (Platzhalter: Kettenname) – Nr. 4
  blatt0_a.tex:33: TODO Anweisung: ein Satz über der ersten Teilaufgabe fehlt in der Bank – Nr. 4
  blatt0_a.tex:47: TODO Titel: Ich-kann-Satz fehlt in der Bank (Platzhalter: Kettenname) – Nr. 5
  blatt0_a.tex:48: TODO Anweisung: ein Satz über der ersten Teilaufgabe fehlt in der Bank – Nr. 5
  blatt0_a.tex:62: TODO Titel: Ich-kann-Satz fehlt in der Bank (Platzhalter: Kettenname) – Nr. 6
  blatt0_a.tex:63: TODO Anweisung: ein Satz über der ersten Teilaufgabe fehlt in der Bank – Nr. 6
  blatt0_a.tex:70: TODO Titel: Ich-kann-Satz fehlt in der Bank (Platzhalter: Kettenname) – Nr. 7
  blatt0_a.tex:71: TODO Anweisung: ein Satz über der ersten Teilaufgabe fehlt in der Bank – Nr. 7
  e1_a.tex:2: TODO Zeitmarke Einheit 1: Marken-Zeile nicht lesbar
  e1_a.tex:3: TODO Zweigzeile Teil 1: was hier gelernt wird (Satz in Schülersprache aus dem Einheitstitel) – Einheit 1
  e1_a.tex:8: TODO Titel: Ich-kann-Satz fehlt in der Bank (Platzhalter: Kettenname) – Nr. 8
  e1_a.tex:9: TODO Anweisung: ein Satz über der ersten Teilaufgabe fehlt in der Bank – Nr. 8
  e1_a.tex:11: TODO \rechenplatz{n}: Schrittzahl des Grundfalls fehlt in der Bank (nur bei fester Schreibform, 2.3 b)
  e1_a.tex:23: TODO Titel: Ich-kann-Satz fehlt in der Bank (Platzhalter: Kettenname) – Nr. 9
  e1_a.tex:24: TODO Anweisung: ein Satz über der ersten Teilaufgabe fehlt in der Bank – Nr. 9
  e2_a.tex:2: TODO Zeitmarke Einheit 2: Marken-Zeile nicht lesbar
  e2_a.tex:3: TODO Zweigzeile Teil 1: was hier gelernt wird (Satz in Schülersprache aus dem Einheitstitel) – Einheit 2
  e2_a.tex:8: TODO Titel: Ich-kann-Satz fehlt in der Bank (Platzhalter: Kettenname) – Nr. 10
  e2_a.tex:9: TODO Anweisung: ein Satz über der ersten Teilaufgabe fehlt in der Bank – Nr. 10
  e2_a.tex:11: TODO \rechenplatz{n}: Schrittzahl des Grundfalls fehlt in der Bank (nur bei fester Schreibform, 2.3 b)
  e2_a.tex:21: TODO Titel: Ich-kann-Satz fehlt in der Bank (Platzhalter: Kettenname) – Nr. 11
  e2_a.tex:22: TODO Anweisung: ein Satz über der ersten Teilaufgabe fehlt in der Bank – Nr. 11
  e2_a.tex:29: TODO Titel: Ich-kann-Satz fehlt in der Bank (Platzhalter: Kettenname) – Nr. 12
  e2_a.tex:30: TODO Anweisung: ein Satz über der ersten Teilaufgabe fehlt in der Bank – Nr. 12
  e3_a.tex:2: TODO Zeitmarke Einheit 3: Marken-Zeile nicht lesbar
  e3_a.tex:3: TODO Zweigzeile Teil 1: was hier gelernt wird (Satz in Schülersprache aus dem Einheitstitel) – Einheit 3
  e3_a.tex:8: TODO Titel: Ich-kann-Satz fehlt in der Bank (Platzhalter: Kettenname) – Nr. 13
  e3_a.tex:9: TODO Anweisung: ein Satz über der ersten Teilaufgabe fehlt in der Bank – Nr. 13
  e3_a.tex:11: TODO \rechenplatz{n}: Schrittzahl des Grundfalls fehlt in der Bank (nur bei fester Schreibform, 2.3 b)
  e3_a.tex:36: TODO Titel: Ich-kann-Satz fehlt in der Bank (Platzhalter: Kettenname) – Nr. 14
  e3_a.tex:37: TODO Anweisung: ein Satz über der ersten Teilaufgabe fehlt in der Bank – Nr. 14
  e4_a.tex:2: TODO Zeitmarke Einheit 4: Marken-Zeile nicht lesbar
  e4_a.tex:3: TODO Zweigzeile Teil 1: was hier gelernt wird (Satz in Schülersprache aus dem Einheitstitel) – Einheit 4
  e4_a.tex:8: TODO Titel: Ich-kann-Satz fehlt in der Bank (Platzhalter: Kettenname) – Nr. 15
  e4_a.tex:9: TODO Anweisung: ein Satz über der ersten Teilaufgabe fehlt in der Bank – Nr. 15
  e4_a.tex:11: TODO \rechenplatz{n}: Schrittzahl des Grundfalls fehlt in der Bank (nur bei fester Schreibform, 2.3 b)
  e4_a.tex:28: TODO Titel: Ich-kann-Satz fehlt in der Bank (Platzhalter: Kettenname) – Nr. 16
  e4_a.tex:29: TODO Anweisung: ein Satz über der ersten Teilaufgabe fehlt in der Bank – Nr. 16
  e4_a.tex:36: TODO Titel: Ich-kann-Satz fehlt in der Bank (Platzhalter: Kettenname) – Nr. 17
  e4_a.tex:37: TODO Anweisung: ein Satz über der ersten Teilaufgabe fehlt in der Bank – Nr. 17
  e4_a.tex:44: TODO Titel: Ich-kann-Satz fehlt in der Bank (Platzhalter: Kettenname) – Nr. 18
  e4_a.tex:45: TODO Anweisung: ein Satz über der ersten Teilaufgabe fehlt in der Bank – Nr. 18
STRUKTUR 0 Fehler
