# zusammenbau v0.1: zusammenbau.py lineare-gleichungen
VORLAGE mathblatt.sty: Version 2026-09-28a
EINHEITEN [1, 2, 3, 4]
AUSWAHL lineare-gleichungen-zone-f1-v1 – Zone f1 „Punkt vor Strich (3 · 4 − 5)“, Sprosse 1: Variante 1; übergangen v2
AUSWAHL lineare-gleichungen-zone-f1-v3 – Zone f1 „Punkt vor Strich (3 · 4 − 5)“, Sprosse 2: kleinste Variante (v3; v1 fehlt)
WEG Zone f1 „Punkt vor Strich (3 · 4 − 5)“ – Sprossen [3, 4] (Fallstricke) nicht bestellt (Zone ja: s1 und s2)
AUSWAHL lineare-gleichungen-zone-f2-v1 – Zone f2 „Negative Zahlen addieren, subtrahieren, “, Sprosse 1: Variante 1; übergangen v2
AUSWAHL lineare-gleichungen-zone-f2-v3 – Zone f2 „Negative Zahlen addieren, subtrahieren, “, Sprosse 2: kleinste Variante (v3; v1 fehlt)
WEG Zone f2 „Negative Zahlen addieren, subtrahieren, “ – Sprossen [3, 4] (Fallstricke) nicht bestellt (Zone ja: s1 und s2)
AUSWAHL lineare-gleichungen-zone-f3-v1 – Zone f3 „Terme zusammenfassen (gleichartige Glied“, Sprosse 1: Variante 1; übergangen v2
AUSWAHL lineare-gleichungen-zone-f3-v3 – Zone f3 „Terme zusammenfassen (gleichartige Glied“, Sprosse 2: kleinste Variante (v3; v1 fehlt)
WEG Zone f3 „Terme zusammenfassen (gleichartige Glied“ – Sprossen [3, 4, 5, 6, 7] (Fallstricke) nicht bestellt (Zone ja: s1 und s2)
AUSWAHL lineare-gleichungen-zone-f4-v1 – Zone f4 „Brüche: Hauptnenner, Bruch mal Zahl“, Sprosse 1: Variante 1; übergangen v2
AUSWAHL lineare-gleichungen-zone-f4-v3 – Zone f4 „Brüche: Hauptnenner, Bruch mal Zahl“, Sprosse 2: kleinste Variante (v3; v1 fehlt)
WEG Zone f4 „Brüche: Hauptnenner, Bruch mal Zahl“ – Sprossen [3, 4] (Fallstricke) nicht bestellt (Zone ja: s1 und s2)
AUSWAHL lineare-gleichungen-zone-f5-v1 – Zone f5 „Klammern auflösen“, Sprosse 1: Variante 1; übergangen v2
AUSWAHL lineare-gleichungen-zone-f5-v3 – Zone f5 „Klammern auflösen“, Sprosse 2: kleinste Variante (v3; v1 fehlt)
WEG Zone f5 „Klammern auflösen“ – Sprossen [3, 4] (Fallstricke) nicht bestellt (Zone ja: s1 und s2)
AUSWAHL lineare-gleichungen-zone-f3-v7 – Zone-Paar, Fehler finden
AUSWAHL lineare-gleichungen-zone-f3-v8 – Zone-Paar, gleichartige Rechenaufgabe
AUSWAHL lineare-gleichungen-e1-k1-s0-v1 – e1 k1 „Umkehroperation benennen“ (erkennung), Sprosse 0: Variante 1; übergangen v2, v3, v4
KETTE e1 k1 „Umkehroperation benennen“ (erkennung) → eine Hauptnummer (Erkennungsschritt: eigene Kette nach bank.md, zählt als Hauptnummer)
AUSWAHL lineare-gleichungen-e1-k2-s1-v1 – e1 k2 „Lösung prüfen“ (verfahren), Sprosse 1: Variante 1; übergangen v2, v3, v4, v5
AUSWAHL lineare-gleichungen-e1-k2-s2-v1 – e1 k2 „Lösung prüfen“ (verfahren), Sprosse 2: Variante 1; übergangen v2, v3
AUSWAHL lineare-gleichungen-e1-k2-s3-v1 – e1 k2 „Lösung prüfen“ (verfahren), Sprosse 3: Variante 1; übergangen v2, v3
AUSWAHL lineare-gleichungen-e1-k2-s4-v1 – e1 k2 „Lösung prüfen“ (verfahren), Sprosse 4: Variante 1; übergangen v2, v3
AUSWAHL lineare-gleichungen-e1-k2-s5-v1 – e1 k2 „Lösung prüfen“ (verfahren), Sprosse 5: Variante 1; übergangen v2, v3, v4
KETTE e1 k2 „Lösung prüfen“ (verfahren) → eine Hauptnummer
AUSWAHL lineare-gleichungen-e1-k3-s1-v1 – e1 k3 „Durch Probieren lösen“ (verfahren), Sprosse 1: Variante 1; übergangen v2, v3, v4, v5
AUSWAHL lineare-gleichungen-e1-k3-s2-v1 – e1 k3 „Durch Probieren lösen“ (verfahren), Sprosse 2: Variante 1; übergangen v2, v3
AUSWAHL lineare-gleichungen-e1-k3-s3-v1 – e1 k3 „Durch Probieren lösen“ (verfahren), Sprosse 3: Variante 1; übergangen v2, v3
AUSWAHL lineare-gleichungen-e1-k3-s4-v1 – e1 k3 „Durch Probieren lösen“ (verfahren), Sprosse 4: Variante 1; übergangen v2, v3
AUSWAHL lineare-gleichungen-e1-k3-s5-v1 – e1 k3 „Durch Probieren lösen“ (verfahren), Sprosse 5: Variante 1; übergangen v2, v3
KETTE e1 k3 „Durch Probieren lösen“ (verfahren) → eine Hauptnummer
AUSWAHL lineare-gleichungen-e1-k4-s1-v1 – e1 k4 „Lösung prüfen“ (pflicht), Sprosse 1: Variante 1; übergangen v2
AUSWAHL lineare-gleichungen-e1-k4-s2-v1 – e1 k4 „Lösung prüfen“ (pflicht), Sprosse 2: Variante 1
AUSWAHL lineare-gleichungen-e1-k4-s3-v1 – e1 k4 „Lösung prüfen“ (pflicht), Sprosse 3: Variante 1; übergangen v2, v3
AUSWAHL lineare-gleichungen-e1-k4-s4-v1 – e1 k4 „Lösung prüfen“ (pflicht), Sprosse 4: Variante 1; übergangen v2
AUSWAHL lineare-gleichungen-e1-k4-s5-v1 – e1 k4 „Lösung prüfen“ (pflicht), Sprosse 5: Variante 1
KETTE e1 k4 „Lösung prüfen“ (pflicht) → eine Hauptnummer
AUSWAHL lineare-gleichungen-e2-k1-s0-v1 – e2 k1 „Vorzahl und Zeichen bei x lesen“ (erkennung), Sprosse 0: Variante 1; übergangen v2, v3, v4
KETTE e2 k1 „Vorzahl und Zeichen bei x lesen“ (erkennung) → eine Hauptnummer (Erkennungsschritt: eigene Kette nach bank.md, zählt als Hauptnummer)
AUSWAHL lineare-gleichungen-e2-k2-s0-v1 – e2 k2 „Reihenfolge bestimmen“ (erkennung), Sprosse 0: Variante 1; übergangen v2, v3, v4
KETTE e2 k2 „Reihenfolge bestimmen“ (erkennung) → eine Hauptnummer (Erkennungsschritt: eigene Kette nach bank.md, zählt als Hauptnummer)
AUSWAHL lineare-gleichungen-e2-k3-s0-v1 – e2 k3 „Umformen“ (verfahren), Sprosse 0: Variante 1; übergangen v2, v3, v4
AUSWAHL lineare-gleichungen-e2-k3-s1-v1 – e2 k3 „Umformen“ (verfahren), Sprosse 1: Variante 1; übergangen v2, v3, v4, v5
AUSWAHL lineare-gleichungen-e2-k3-s2-v1 – e2 k3 „Umformen“ (verfahren), Sprosse 2: Variante 1; übergangen v2, v3
AUSWAHL lineare-gleichungen-e2-k3-s3-v1 – e2 k3 „Umformen“ (verfahren), Sprosse 3: Variante 1; übergangen v2, v3
AUSWAHL lineare-gleichungen-e2-k3-s4-v1 – e2 k3 „Umformen“ (verfahren), Sprosse 4: Variante 1; übergangen v2, v3
AUSWAHL lineare-gleichungen-e2-k3-s5-v1 – e2 k3 „Umformen“ (verfahren), Sprosse 5: Variante 1; übergangen v2, v3
AUSWAHL lineare-gleichungen-e2-k3-s6-v1 – e2 k3 „Umformen“ (verfahren), Sprosse 6: Variante 1; übergangen v2, v3
AUSWAHL lineare-gleichungen-e2-k3-s7-v1 – e2 k3 „Umformen“ (verfahren), Sprosse 7: Variante 1; übergangen v2, v3
AUSWAHL lineare-gleichungen-e2-k3-s8-v1 – e2 k3 „Umformen“ (verfahren), Sprosse 8: Variante 1; übergangen v2, v3, v4, v5, v6
KETTE e2 k3 „Umformen“ (verfahren) → eine Hauptnummer
AUSWAHL lineare-gleichungen-e2-k4-s1-v1 – e2 k4 „Umformen“ (pflicht), Sprosse 1: Variante 1
AUSWAHL lineare-gleichungen-e2-k4-s2-v1 – e2 k4 „Umformen“ (pflicht), Sprosse 2: Variante 1
AUSWAHL lineare-gleichungen-e2-k4-s3-v1 – e2 k4 „Umformen“ (pflicht), Sprosse 3: Variante 1
AUSWAHL lineare-gleichungen-e2-k4-s4-v1 – e2 k4 „Umformen“ (pflicht), Sprosse 4: Variante 1; übergangen v2, v3
KETTE e2 k4 „Umformen“ (pflicht) → eine Hauptnummer
AUSWAHL lineare-gleichungen-e3-k1-s0-v1 – e3 k1 „x beidseitig“ (verfahren), Sprosse 0: Variante 1; übergangen v2, v3, v4
AUSWAHL lineare-gleichungen-e3-k1-s1-v1 – e3 k1 „x beidseitig“ (verfahren), Sprosse 1: Variante 1; übergangen v2, v3, v4, v5
AUSWAHL lineare-gleichungen-e3-k1-s2-v1 – e3 k1 „x beidseitig“ (verfahren), Sprosse 2: Variante 1; übergangen v2, v3
AUSWAHL lineare-gleichungen-e3-k1-s3-v1 – e3 k1 „x beidseitig“ (verfahren), Sprosse 3: Variante 1; übergangen v2, v3
AUSWAHL lineare-gleichungen-e3-k1-s4-v1 – e3 k1 „x beidseitig“ (verfahren), Sprosse 4: Variante 1; übergangen v2, v3
AUSWAHL lineare-gleichungen-e3-k1-s5-v1 – e3 k1 „x beidseitig“ (verfahren), Sprosse 5: Variante 1; übergangen v2, v3
AUSWAHL lineare-gleichungen-e3-k1-s6-v1 – e3 k1 „x beidseitig“ (verfahren), Sprosse 6: Variante 1; übergangen v2, v3
AUSWAHL lineare-gleichungen-e3-k1-s7-v1 – e3 k1 „x beidseitig“ (verfahren), Sprosse 7: Variante 1; übergangen v2, v3
KETTE e3 k1 „x beidseitig“ (verfahren) → eine Hauptnummer
AUSWAHL lineare-gleichungen-e3-k2-s1-v1 – e3 k2 „Dezimalzahlen“ (ohne), Sprosse 1: Variante 1; übergangen v2, v3
KETTE e3 k2 „Dezimalzahlen“ (ohne) → eine Hauptnummer
AUSWAHL lineare-gleichungen-e3-k3-s1-v1 – e3 k3 „x beidseitig“ (pflicht), Sprosse 1: Variante 1
AUSWAHL lineare-gleichungen-e3-k3-s2-v1 – e3 k3 „x beidseitig“ (pflicht), Sprosse 2: Variante 1
AUSWAHL lineare-gleichungen-e3-k3-s3-v1 – e3 k3 „x beidseitig“ (pflicht), Sprosse 3: Variante 1
AUSWAHL lineare-gleichungen-e3-k3-s4-v1 – e3 k3 „x beidseitig“ (pflicht), Sprosse 4: Variante 1; übergangen v2, v3
KETTE e3 k3 „x beidseitig“ (pflicht) → eine Hauptnummer
AUSWAHL lineare-gleichungen-e4-k1-s1-v1 – e4 k1 „Aufstellen“ (verfahren), Sprosse 1: Variante 1; übergangen v2, v3, v4, v5
AUSWAHL lineare-gleichungen-e4-k1-s2-v1 – e4 k1 „Aufstellen“ (verfahren), Sprosse 2: Variante 1; übergangen v2, v3
AUSWAHL lineare-gleichungen-e4-k1-s3-v1 – e4 k1 „Aufstellen“ (verfahren), Sprosse 3: Variante 1; übergangen v2, v3
AUSWAHL lineare-gleichungen-e4-k1-s4-v1 – e4 k1 „Aufstellen“ (verfahren), Sprosse 4: Variante 1; übergangen v2, v3
AUSWAHL lineare-gleichungen-e4-k1-s5-v1 – e4 k1 „Aufstellen“ (verfahren), Sprosse 5: Variante 1; übergangen v2, v3
AUSWAHL lineare-gleichungen-e4-k1-s6-v1 – e4 k1 „Aufstellen“ (verfahren), Sprosse 6: Variante 1; übergangen v2, v3, v4, v5, v6, v7, v8
KETTE e4 k1 „Aufstellen“ (verfahren) → eine Hauptnummer
AUSWAHL lineare-gleichungen-e4-k2-s1-v1 – e4 k2 „Formel umstellen“ (ohne), Sprosse 1: Variante 1; übergangen v2, v3
KETTE e4 k2 „Formel umstellen“ (ohne) → eine Hauptnummer
AUSWAHL lineare-gleichungen-e4-k3-s1-v1 – e4 k3 „Aufstellen“ (pflicht), Sprosse 1: Variante 1; übergangen v2
AUSWAHL lineare-gleichungen-e4-k3-s2-v1 – e4 k3 „Aufstellen“ (pflicht), Sprosse 2: Variante 1
AUSWAHL lineare-gleichungen-e4-k3-s3-v1 – e4 k3 „Aufstellen“ (pflicht), Sprosse 3: Variante 1; übergangen v2, v3
AUSWAHL lineare-gleichungen-e4-k3-s4-v1 – e4 k3 „Aufstellen“ (pflicht), Sprosse 4: Variante 1; übergangen v2, v3
AUSWAHL lineare-gleichungen-e4-k3-s5-v1 – e4 k3 „Aufstellen“ (pflicht), Sprosse 5: Variante 1; übergangen v2, v3
KETTE e4 k3 „Aufstellen“ (pflicht) → eine Hauptnummer
KOPF Einheit 1: „Einheit 1 von 4 · Gleichungen verstehen“; Marken „OS Kl. 5–6 (Mathematik 2023 6, Schnittpunkt 6, Mathematik heute 5) · GYM Kl. 6–7 (LS 7, Fundamente 7, Elemente 6) · P10“ → Zeitmarke „ab Kl. 5, je nach Buch bis Kl. 6 (am Gymnasium ab Kl. 6)“, Prüfungswort „P10“
KOPF Einheit 2: „Einheit 2 von 4 · Äquivalenzumformungen“; Marken „OS Kl. 7–8 (Sekundo 8, Mathematik 2023 8, Schnittpunkt 7, Mathematik heute 8) · GYM Kl. 7–8 (LS 7, Fundamente 7, Elemente 7, mathe.delta 8) · P10 · nicht für alle: Sekundo 7 LVL, Elemente 7 Zum Selbstlernen“ → Zeitmarke „ab Kl. 7, je nach Buch bis Kl. 8“, Prüfungswort „P10“
KOPF Einheit 3: „Einheit 3 von 4 · Einheit 3“; Marken „None“ → Zeitmarke „None“, Prüfungswort „None“
KOPF Einheit 4: „Einheit 4 von 4 · Gleichungen aufstellen“; Marken „OS Kl. 6–8 (Sekundo 8, Mathematik 2023 6, Schnittpunkt 7, Mathematik heute 7) · GYM Kl. 7 · P10 · nicht für alle: Sekundo 7 LVL, Sekundo 8 LVL, Mathematik 2023 8 Üben“ → Zeitmarke „ab Kl. 6, je nach Buch bis Kl. 8 (am Gymnasium ab Kl. 7)“, Prüfungswort „P10“
TODO 57 Stellen in den Quelltexten:
  abhaken.tex:2: TODO Ich-kann-Sätze: Platzhalter wie in den Aufgabendateien
  blatt0_a.tex:5: TODO Titel: Ich-kann-Satz fehlt in der Bank (Platzhalter: Kettenname) – Nr. 1
  blatt0_a.tex:6: TODO Anweisung: ein Satz über der ersten Teilaufgabe fehlt in der Bank – Nr. 1
  blatt0_a.tex:14: TODO Titel: Ich-kann-Satz fehlt in der Bank (Platzhalter: Kettenname) – Nr. 2
  blatt0_a.tex:15: TODO Anweisung: ein Satz über der ersten Teilaufgabe fehlt in der Bank – Nr. 2
  blatt0_a.tex:23: TODO Titel: Ich-kann-Satz fehlt in der Bank (Platzhalter: Kettenname) – Nr. 3
  blatt0_a.tex:24: TODO Anweisung: ein Satz über der ersten Teilaufgabe fehlt in der Bank – Nr. 3
  blatt0_a.tex:32: TODO Titel: Ich-kann-Satz fehlt in der Bank (Platzhalter: Kettenname) – Nr. 4
  blatt0_a.tex:33: TODO Anweisung: ein Satz über der ersten Teilaufgabe fehlt in der Bank – Nr. 4
  blatt0_a.tex:41: TODO Titel: Ich-kann-Satz fehlt in der Bank (Platzhalter: Kettenname) – Nr. 5
  blatt0_a.tex:42: TODO Anweisung: ein Satz über der ersten Teilaufgabe fehlt in der Bank – Nr. 5
  blatt0_a.tex:50: TODO Titel: Ich-kann-Satz fehlt in der Bank (Platzhalter: Kettenname) – Nr. 6
  blatt0_a.tex:51: TODO Anweisung: ein Satz über der ersten Teilaufgabe fehlt in der Bank – Nr. 6
  blatt0_a.tex:58: TODO Titel: Ich-kann-Satz fehlt in der Bank (Platzhalter: Kettenname) – Nr. 7
  blatt0_a.tex:59: TODO Anweisung: ein Satz über der ersten Teilaufgabe fehlt in der Bank – Nr. 7
  e1_a.tex:2: TODO Zweigzeile Teil 1: was hier gelernt wird (Satz in Schülersprache aus dem Einheitstitel) – Einheit 1
  e1_a.tex:7: TODO Titel: Ich-kann-Satz fehlt in der Bank (Platzhalter: Kettenname) – Nr. 8
  e1_a.tex:8: TODO Anweisung: ein Satz über der ersten Teilaufgabe fehlt in der Bank – Nr. 8
  e1_a.tex:15: TODO \verfahren{…}: Verfahrensüberschrift in Sachsprache fehlt in der Bank (2.3 b)
  e1_a.tex:16: TODO Titel: Ich-kann-Satz fehlt in der Bank (Platzhalter: Kettenname) – Nr. 9
  e1_a.tex:17: TODO Anweisung: ein Satz über der ersten Teilaufgabe fehlt in der Bank – Nr. 9
  e1_a.tex:19: TODO \rechenplatz{n}: Schrittzahl des Grundfalls fehlt in der Bank (nur bei fester Schreibform, 2.3 b)
  e1_a.tex:29: TODO \verfahren{…}: Verfahrensüberschrift in Sachsprache fehlt in der Bank (2.3 b)
  e1_a.tex:30: TODO Titel: Ich-kann-Satz fehlt in der Bank (Platzhalter: Kettenname) – Nr. 10
  e1_a.tex:31: TODO Anweisung: ein Satz über der ersten Teilaufgabe fehlt in der Bank – Nr. 10
  e1_a.tex:33: TODO \rechenplatz{n}: Schrittzahl des Grundfalls fehlt in der Bank (nur bei fester Schreibform, 2.3 b)
  e1_a.tex:52: TODO Titel: Ich-kann-Satz fehlt in der Bank (Platzhalter: Kettenname) – Nr. 11
  e1_a.tex:53: TODO Anweisung: ein Satz über der ersten Teilaufgabe fehlt in der Bank – Nr. 11
  e2_a.tex:2: TODO Zweigzeile Teil 1: was hier gelernt wird (Satz in Schülersprache aus dem Einheitstitel) – Einheit 2
  e2_a.tex:7: TODO Titel: Ich-kann-Satz fehlt in der Bank (Platzhalter: Kettenname) – Nr. 12
  e2_a.tex:8: TODO Anweisung: ein Satz über der ersten Teilaufgabe fehlt in der Bank – Nr. 12
  e2_a.tex:15: TODO Titel: Ich-kann-Satz fehlt in der Bank (Platzhalter: Kettenname) – Nr. 13
  e2_a.tex:16: TODO Anweisung: ein Satz über der ersten Teilaufgabe fehlt in der Bank – Nr. 13
  e2_a.tex:23: TODO Titel: Ich-kann-Satz fehlt in der Bank (Platzhalter: Kettenname) – Nr. 14
  e2_a.tex:24: TODO Anweisung: ein Satz über der ersten Teilaufgabe fehlt in der Bank – Nr. 14
  e2_a.tex:26: TODO \rechenplatz{n}: Schrittzahl des Grundfalls fehlt in der Bank (nur bei fester Schreibform, 2.3 b)
  e2_a.tex:46: TODO Titel: Ich-kann-Satz fehlt in der Bank (Platzhalter: Kettenname) – Nr. 15
  e2_a.tex:47: TODO Anweisung: ein Satz über der ersten Teilaufgabe fehlt in der Bank – Nr. 15
  e3_a.tex:2: TODO Prüfungswort Einheit 3: nicht in der Marken-Zeile
  e3_a.tex:3: TODO Zeitmarke Einheit 3: Marken-Zeile nicht lesbar
  e3_a.tex:4: TODO Zweigzeile Teil 1: was hier gelernt wird (Satz in Schülersprache aus dem Einheitstitel) – Einheit 3
  e3_a.tex:5: TODO Einheitentitel 3 nicht in der Mappe lesbar
  e3_a.tex:9: TODO Titel: Ich-kann-Satz fehlt in der Bank (Platzhalter: Kettenname) – Nr. 16
  e3_a.tex:10: TODO Anweisung: ein Satz über der ersten Teilaufgabe fehlt in der Bank – Nr. 16
  e3_a.tex:12: TODO \rechenplatz{n}: Schrittzahl des Grundfalls fehlt in der Bank (nur bei fester Schreibform, 2.3 b)
  e3_a.tex:27: TODO Titel: Ich-kann-Satz fehlt in der Bank (Platzhalter: Kettenname) – Nr. 17
  e3_a.tex:28: TODO Anweisung: ein Satz über der ersten Teilaufgabe fehlt in der Bank – Nr. 17
  e3_a.tex:35: TODO Titel: Ich-kann-Satz fehlt in der Bank (Platzhalter: Kettenname) – Nr. 18
  e3_a.tex:36: TODO Anweisung: ein Satz über der ersten Teilaufgabe fehlt in der Bank – Nr. 18
  e4_a.tex:2: TODO Zweigzeile Teil 1: was hier gelernt wird (Satz in Schülersprache aus dem Einheitstitel) – Einheit 4
  e4_a.tex:7: TODO Titel: Ich-kann-Satz fehlt in der Bank (Platzhalter: Kettenname) – Nr. 19
  e4_a.tex:8: TODO Anweisung: ein Satz über der ersten Teilaufgabe fehlt in der Bank – Nr. 19
  e4_a.tex:10: TODO \rechenplatz{n}: Schrittzahl des Grundfalls fehlt in der Bank (nur bei fester Schreibform, 2.3 b)
  e4_a.tex:21: TODO Titel: Ich-kann-Satz fehlt in der Bank (Platzhalter: Kettenname) – Nr. 20
  e4_a.tex:22: TODO Anweisung: ein Satz über der ersten Teilaufgabe fehlt in der Bank – Nr. 20
  e4_a.tex:29: TODO Titel: Ich-kann-Satz fehlt in der Bank (Platzhalter: Kettenname) – Nr. 21
  e4_a.tex:30: TODO Anweisung: ein Satz über der ersten Teilaufgabe fehlt in der Bank – Nr. 21
STRUKTUR 0 Fehler
