# zusammenbau v0.1: zusammenbau.py brueche-dezimalzahlen
VORLAGE mathblatt.sty: Version 2026-09-28a
EINHEITEN [1, 2, 3, 4, 5]
AUSWAHL brueche-dezimalzahlen-zone-f1-v1 – Zone f1 „Teilen und Vervielfachen im Kopf (vierun“, Sprosse 1: Variante 1; übergangen v2
AUSWAHL brueche-dezimalzahlen-zone-f1-v3 – Zone f1 „Teilen und Vervielfachen im Kopf (vierun“, Sprosse 2: kleinste Variante (v3; v1 fehlt)
WEG Zone f1 „Teilen und Vervielfachen im Kopf (vierun“ – Sprossen [3] (Fallstricke) nicht bestellt (Zone ja: s1 und s2)
AUSWAHL brueche-dezimalzahlen-zone-f2-v1 – Zone f2 „Größen mit Komma lesen und umrechnen (1,“, Sprosse 1: Variante 1; übergangen v2
AUSWAHL brueche-dezimalzahlen-zone-f2-v3 – Zone f2 „Größen mit Komma lesen und umrechnen (1,“, Sprosse 2: kleinste Variante (v3; v1 fehlt)
WEG Zone f2 „Größen mit Komma lesen und umrechnen (1,“ – Sprossen [3] (Fallstricke) nicht bestellt (Zone ja: s1 und s2)
AUSWAHL brueche-dezimalzahlen-zone-f3-v1 – Zone f3 „Kreissektor als Anteil vom Vollkreis (12“, Sprosse 1: Variante 1; übergangen v2
AUSWAHL brueche-dezimalzahlen-zone-f3-v3 – Zone f3 „Kreissektor als Anteil vom Vollkreis (12“, Sprosse 2: kleinste Variante (v3; v1 fehlt)
WEG Zone f3 „Kreissektor als Anteil vom Vollkreis (12“ – Sprossen [3] (Fallstricke) nicht bestellt (Zone ja: s1 und s2)
AUSWAHL brueche-dezimalzahlen-zone-f4-v1 – Zone f4 „Teiler und Vielfache einer Zahl angeben “, Sprosse 1: Variante 1; übergangen v2
AUSWAHL brueche-dezimalzahlen-zone-f4-v3 – Zone f4 „Teiler und Vielfache einer Zahl angeben “, Sprosse 2: kleinste Variante (v3; v1 fehlt)
WEG Zone f4 „Teiler und Vielfache einer Zahl angeben “ – Sprossen [3] (Fallstricke) nicht bestellt (Zone ja: s1 und s2)
AUSWAHL brueche-dezimalzahlen-zone-f5-v1 – Zone f5 „Stellenwerte natürlicher Zahlen und Zahl“, Sprosse 1: Variante 1; übergangen v2
AUSWAHL brueche-dezimalzahlen-zone-f5-v3 – Zone f5 „Stellenwerte natürlicher Zahlen und Zahl“, Sprosse 2: kleinste Variante (v3; v1 fehlt)
WEG Zone f5 „Stellenwerte natürlicher Zahlen und Zahl“ – Sprossen [3] (Fallstricke) nicht bestellt (Zone ja: s1 und s2)
AUSWAHL brueche-dezimalzahlen-zone-f6-v1 – Zone f6 „Schriftlich oder mit Taschenrechner divi“, Sprosse 1: Variante 1; übergangen v2
AUSWAHL brueche-dezimalzahlen-zone-f6-v3 – Zone f6 „Schriftlich oder mit Taschenrechner divi“, Sprosse 2: kleinste Variante (v3; v1 fehlt)
WEG Zone f6 „Schriftlich oder mit Taschenrechner divi“ – Sprossen [3] (Fallstricke) nicht bestellt (Zone ja: s1 und s2)
AUSWAHL brueche-dezimalzahlen-zone-f7-v1 – Zone f7 „Prozent als Hundertstel (45 % = 0,45)“, Sprosse 1: Variante 1; übergangen v2
AUSWAHL brueche-dezimalzahlen-zone-f7-v3 – Zone f7 „Prozent als Hundertstel (45 % = 0,45)“, Sprosse 2: kleinste Variante (v3; v1 fehlt)
WEG Zone f7 „Prozent als Hundertstel (45 % = 0,45)“ – Sprossen [3, 4, 5] (Fallstricke) nicht bestellt (Zone ja: s1 und s2)
AUSWAHL brueche-dezimalzahlen-zone-f7-v5 – Zone-Paar, Fehler finden
AUSWAHL brueche-dezimalzahlen-zone-f7-v6 – Zone-Paar, gleichartige Rechenaufgabe
AUSWAHL brueche-dezimalzahlen-e1-k1-s0-v1 – e1 k1 „Anteil bestimmen“ (verfahren), Sprosse 0: Variante 1; übergangen v2, v3, v4
AUSWAHL brueche-dezimalzahlen-e1-k1-s1-v1 – e1 k1 „Anteil bestimmen“ (verfahren), Sprosse 1: Variante 1; übergangen v2, v3, v4, v5
AUSWAHL brueche-dezimalzahlen-e1-k1-s2-v1 – e1 k1 „Anteil bestimmen“ (verfahren), Sprosse 2: Variante 1; übergangen v2, v3
AUSWAHL brueche-dezimalzahlen-e1-k1-s3-v1 – e1 k1 „Anteil bestimmen“ (verfahren), Sprosse 3: Variante 1; übergangen v2, v3
AUSWAHL brueche-dezimalzahlen-e1-k1-s4-v1 – e1 k1 „Anteil bestimmen“ (verfahren), Sprosse 4: Variante 1; übergangen v2, v3
AUSWAHL brueche-dezimalzahlen-e1-k1-s5-v1 – e1 k1 „Anteil bestimmen“ (verfahren), Sprosse 5: Variante 1; übergangen v2, v3
AUSWAHL brueche-dezimalzahlen-e1-k1-s6-v1 – e1 k1 „Anteil bestimmen“ (verfahren), Sprosse 6: Variante 1; übergangen v2, v3, v4, v5, v6, v7, v8, v9, v10, v11, v12, v13, v14, v15, v16, v17, v18
KETTE e1 k1 „Anteil bestimmen“ (verfahren) → eine Hauptnummer
AUSWAHL brueche-dezimalzahlen-e1-k2-s0-v1 – e1 k2 „Bruchteil einer Größe“ (verfahren), Sprosse 0: Variante 1; übergangen v2, v3, v4
AUSWAHL brueche-dezimalzahlen-e1-k2-s1-v1 – e1 k2 „Bruchteil einer Größe“ (verfahren), Sprosse 1: Variante 1; übergangen v2, v3, v4, v5
AUSWAHL brueche-dezimalzahlen-e1-k2-s2-v1 – e1 k2 „Bruchteil einer Größe“ (verfahren), Sprosse 2: Variante 1; übergangen v2, v3
AUSWAHL brueche-dezimalzahlen-e1-k2-s3-v1 – e1 k2 „Bruchteil einer Größe“ (verfahren), Sprosse 3: Variante 1; übergangen v2, v3
AUSWAHL brueche-dezimalzahlen-e1-k2-s4-v1 – e1 k2 „Bruchteil einer Größe“ (verfahren), Sprosse 4: Variante 1; übergangen v2, v3
AUSWAHL brueche-dezimalzahlen-e1-k2-s5-v1 – e1 k2 „Bruchteil einer Größe“ (verfahren), Sprosse 5: Variante 1; übergangen v2, v3
AUSWAHL brueche-dezimalzahlen-e1-k2-s6-v1 – e1 k2 „Bruchteil einer Größe“ (verfahren), Sprosse 6: Variante 1; übergangen v2, v3, v4
KETTE e1 k2 „Bruchteil einer Größe“ (verfahren) → eine Hauptnummer
AUSWAHL brueche-dezimalzahlen-e1-k3-s1-v1 – e1 k3 „Ganzes aus Bruchteil“ (ohne), Sprosse 1: Variante 1; übergangen v2, v3
KETTE e1 k3 „Ganzes aus Bruchteil“ (ohne) → eine Hauptnummer
AUSWAHL brueche-dezimalzahlen-e1-k4-s1-v1 – e1 k4 „Anteil bestimmen“ (pflicht), Sprosse 1: Variante 1; übergangen v2, v3
AUSWAHL brueche-dezimalzahlen-e1-k4-s2-v1 – e1 k4 „Anteil bestimmen“ (pflicht), Sprosse 2: Variante 1; übergangen v2, v3
AUSWAHL brueche-dezimalzahlen-e1-k4-s3-v1 – e1 k4 „Anteil bestimmen“ (pflicht), Sprosse 3: Variante 1; übergangen v2, v3
AUSWAHL brueche-dezimalzahlen-e1-k4-s4-v1 – e1 k4 „Anteil bestimmen“ (pflicht), Sprosse 4: Variante 1; übergangen v2, v3
KETTE e1 k4 „Anteil bestimmen“ (pflicht) → eine Hauptnummer
AUSWAHL brueche-dezimalzahlen-e2-k1-s0-v1 – e2 k1 „Kürzen und Erweitern“ (verfahren), Sprosse 0: Variante 1; übergangen v2, v3, v4
AUSWAHL brueche-dezimalzahlen-e2-k1-s1-v1 – e2 k1 „Kürzen und Erweitern“ (verfahren), Sprosse 1: Variante 1; übergangen v2, v3, v4, v5
AUSWAHL brueche-dezimalzahlen-e2-k1-s2-v1 – e2 k1 „Kürzen und Erweitern“ (verfahren), Sprosse 2: Variante 1; übergangen v2, v3
AUSWAHL brueche-dezimalzahlen-e2-k1-s3-v1 – e2 k1 „Kürzen und Erweitern“ (verfahren), Sprosse 3: Variante 1; übergangen v2, v3
AUSWAHL brueche-dezimalzahlen-e2-k1-s4-v1 – e2 k1 „Kürzen und Erweitern“ (verfahren), Sprosse 4: Variante 1; übergangen v2, v3
AUSWAHL brueche-dezimalzahlen-e2-k1-s5-v1 – e2 k1 „Kürzen und Erweitern“ (verfahren), Sprosse 5: Variante 1; übergangen v2, v3
AUSWAHL brueche-dezimalzahlen-e2-k1-s6-v1 – e2 k1 „Kürzen und Erweitern“ (verfahren), Sprosse 6: Variante 1; übergangen v2, v3
AUSWAHL brueche-dezimalzahlen-e2-k1-s7-v1 – e2 k1 „Kürzen und Erweitern“ (verfahren), Sprosse 7: Variante 1; übergangen v2, v3
AUSWAHL brueche-dezimalzahlen-e2-k1-s8-v1 – e2 k1 „Kürzen und Erweitern“ (verfahren), Sprosse 8: Variante 1; übergangen v2
KETTE e2 k1 „Kürzen und Erweitern“ (verfahren) → eine Hauptnummer
AUSWAHL brueche-dezimalzahlen-e2-k2-s1-v1 – e2 k2 „gleichwertige Brüche am Streifen finden“ (ohne), Sprosse 1: Variante 1; übergangen v2, v3
KETTE e2 k2 „gleichwertige Brüche am Streifen finden“ (ohne) → eine Hauptnummer
AUSWAHL brueche-dezimalzahlen-e2-k3-s1-v1 – e2 k3 „Bruch als Geteilt-Aufgabe“ (ohne), Sprosse 1: Variante 1; übergangen v2, v3
KETTE e2 k3 „Bruch als Geteilt-Aufgabe“ (ohne) → eine Hauptnummer
AUSWAHL brueche-dezimalzahlen-e2-k4-s1-v1 – e2 k4 „Kürzen und Erweitern“ (pflicht), Sprosse 1: Variante 1; übergangen v2, v3
AUSWAHL brueche-dezimalzahlen-e2-k4-s2-v1 – e2 k4 „Kürzen und Erweitern“ (pflicht), Sprosse 2: Variante 1; übergangen v2, v3
AUSWAHL brueche-dezimalzahlen-e2-k4-s3-v1 – e2 k4 „Kürzen und Erweitern“ (pflicht), Sprosse 3: Variante 1; übergangen v2, v3
AUSWAHL brueche-dezimalzahlen-e2-k4-s4-v1 – e2 k4 „Kürzen und Erweitern“ (pflicht), Sprosse 4: Variante 1; übergangen v2, v3
KETTE e2 k4 „Kürzen und Erweitern“ (pflicht) → eine Hauptnummer
AUSWAHL brueche-dezimalzahlen-e3-k1-s0-v1 – e3 k1 „Vergleichen“ (verfahren), Sprosse 0: Variante 1; übergangen v2, v3, v4
AUSWAHL brueche-dezimalzahlen-e3-k1-s1-v1 – e3 k1 „Vergleichen“ (verfahren), Sprosse 1: Variante 1; übergangen v2, v3, v4, v5
AUSWAHL brueche-dezimalzahlen-e3-k1-s2-v1 – e3 k1 „Vergleichen“ (verfahren), Sprosse 2: Variante 1; übergangen v2, v3
AUSWAHL brueche-dezimalzahlen-e3-k1-s3-v1 – e3 k1 „Vergleichen“ (verfahren), Sprosse 3: Variante 1; übergangen v2, v3
AUSWAHL brueche-dezimalzahlen-e3-k1-s4-v1 – e3 k1 „Vergleichen“ (verfahren), Sprosse 4: Variante 1; übergangen v2, v3
AUSWAHL brueche-dezimalzahlen-e3-k1-s5-v1 – e3 k1 „Vergleichen“ (verfahren), Sprosse 5: Variante 1; übergangen v2, v3
AUSWAHL brueche-dezimalzahlen-e3-k1-s6-v1 – e3 k1 „Vergleichen“ (verfahren), Sprosse 6: Variante 1; übergangen v2, v3
AUSWAHL brueche-dezimalzahlen-e3-k1-s7-v1 – e3 k1 „Vergleichen“ (verfahren), Sprosse 7: Variante 1; übergangen v2
KETTE e3 k1 „Vergleichen“ (verfahren) → eine Hauptnummer
AUSWAHL brueche-dezimalzahlen-e3-k2-s1-v1 – e3 k2 „Zahl zwischen zwei Brüchen angeben“ (ohne), Sprosse 1: Variante 1; übergangen v2, v3
KETTE e3 k2 „Zahl zwischen zwei Brüchen angeben“ (ohne) → eine Hauptnummer
AUSWAHL brueche-dezimalzahlen-e3-k3-s1-v1 – e3 k3 „Vergleichen“ (pflicht), Sprosse 1: Variante 1; übergangen v2, v3
AUSWAHL brueche-dezimalzahlen-e3-k3-s2-v1 – e3 k3 „Vergleichen“ (pflicht), Sprosse 2: Variante 1; übergangen v2, v3
AUSWAHL brueche-dezimalzahlen-e3-k3-s3-v1 – e3 k3 „Vergleichen“ (pflicht), Sprosse 3: Variante 1; übergangen v2, v3
AUSWAHL brueche-dezimalzahlen-e3-k3-s4-v1 – e3 k3 „Vergleichen“ (pflicht), Sprosse 4: Variante 1; übergangen v2, v3
KETTE e3 k3 „Vergleichen“ (pflicht) → eine Hauptnummer
AUSWAHL brueche-dezimalzahlen-e4-k1-s0-v1 – e4 k1 „Umwandeln“ (verfahren), Sprosse 0: Variante 1; übergangen v2, v3, v4
AUSWAHL brueche-dezimalzahlen-e4-k1-s1-v1 – e4 k1 „Umwandeln“ (verfahren), Sprosse 1: Variante 1; übergangen v2, v3, v4, v5
AUSWAHL brueche-dezimalzahlen-e4-k1-s2-v1 – e4 k1 „Umwandeln“ (verfahren), Sprosse 2: Variante 1; übergangen v2, v3
AUSWAHL brueche-dezimalzahlen-e4-k1-s3-v1 – e4 k1 „Umwandeln“ (verfahren), Sprosse 3: Variante 1; übergangen v2, v3
AUSWAHL brueche-dezimalzahlen-e4-k1-s4-v1 – e4 k1 „Umwandeln“ (verfahren), Sprosse 4: Variante 1; übergangen v2, v3
AUSWAHL brueche-dezimalzahlen-e4-k1-s5-v1 – e4 k1 „Umwandeln“ (verfahren), Sprosse 5: Variante 1; übergangen v2, v3
AUSWAHL brueche-dezimalzahlen-e4-k1-s6-v1 – e4 k1 „Umwandeln“ (verfahren), Sprosse 6: Variante 1; übergangen v2, v3
AUSWAHL brueche-dezimalzahlen-e4-k1-s7-v1 – e4 k1 „Umwandeln“ (verfahren), Sprosse 7: Variante 1; übergangen v2, v3
AUSWAHL brueche-dezimalzahlen-e4-k1-s8-v1 – e4 k1 „Umwandeln“ (verfahren), Sprosse 8: Variante 1; übergangen v2, v3, v4
KETTE e4 k1 „Umwandeln“ (verfahren) → eine Hauptnummer
AUSWAHL brueche-dezimalzahlen-e4-k2-s1-v1 – e4 k2 „Zahl in die Stellenwerttafel eintragen und ablesen (Zehntel, Hundertstel, Tausendstel)“ (ohne), Sprosse 1: Variante 1; übergangen v2, v3
KETTE e4 k2 „Zahl in die Stellenwerttafel eintragen und ablesen (Zehntel, Hundertstel, Tausendstel)“ (ohne) → eine Hauptnummer
AUSWAHL brueche-dezimalzahlen-e4-k3-s1-v1 – e4 k3 „Nachbarzahlen (Nachbar-Einer, -Zehntel, -Hundertstel) und Zählen in Schritten (0,2er-Schritte; über 2,9 hinaus)“ (ohne), Sprosse 1: Variante 1; übergangen v2, v3
KETTE e4 k3 „Nachbarzahlen (Nachbar-Einer, -Zehntel, -Hundertstel) und Zählen in Schritten (0,2er-Schritte; über 2,9 hinaus)“ (ohne) → eine Hauptnummer
AUSWAHL brueche-dezimalzahlen-e4-k4-s1-v1 – e4 k4 „Umwandeln“ (pflicht), Sprosse 1: Variante 1; übergangen v2, v3
AUSWAHL brueche-dezimalzahlen-e4-k4-s2-v1 – e4 k4 „Umwandeln“ (pflicht), Sprosse 2: Variante 1; übergangen v2, v3
AUSWAHL brueche-dezimalzahlen-e4-k4-s3-v1 – e4 k4 „Umwandeln“ (pflicht), Sprosse 3: Variante 1; übergangen v2, v3
AUSWAHL brueche-dezimalzahlen-e4-k4-s4-v1 – e4 k4 „Umwandeln“ (pflicht), Sprosse 4: Variante 1; übergangen v2, v3
KETTE e4 k4 „Umwandeln“ (pflicht) → eine Hauptnummer
AUSWAHL brueche-dezimalzahlen-e5-k1-s0-v1 – e5 k1 „Welche Form?“ (erkennung), Sprosse 0: Variante 1; übergangen v2, v3, v4
KETTE e5 k1 „Welche Form?“ (erkennung) → eine Hauptnummer (Erkennungsschritt: eigene Kette nach bank.md, zählt als Hauptnummer)
AUSWAHL brueche-dezimalzahlen-e5-k2-s0-v1 – e5 k2 „Vergleichen und Ordnen“ (verfahren), Sprosse 0: Variante 1; übergangen v2, v3, v4
AUSWAHL brueche-dezimalzahlen-e5-k2-s1-v1 – e5 k2 „Vergleichen und Ordnen“ (verfahren), Sprosse 1: Variante 1; übergangen v2, v3, v4, v5
AUSWAHL brueche-dezimalzahlen-e5-k2-s2-v1 – e5 k2 „Vergleichen und Ordnen“ (verfahren), Sprosse 2: Variante 1; übergangen v2, v3
AUSWAHL brueche-dezimalzahlen-e5-k2-s3-v1 – e5 k2 „Vergleichen und Ordnen“ (verfahren), Sprosse 3: Variante 1; übergangen v2, v3
AUSWAHL brueche-dezimalzahlen-e5-k2-s4-v1 – e5 k2 „Vergleichen und Ordnen“ (verfahren), Sprosse 4: Variante 1; übergangen v2, v3
AUSWAHL brueche-dezimalzahlen-e5-k2-s5-v1 – e5 k2 „Vergleichen und Ordnen“ (verfahren), Sprosse 5: Variante 1; übergangen v2, v3
AUSWAHL brueche-dezimalzahlen-e5-k2-s6-v1 – e5 k2 „Vergleichen und Ordnen“ (verfahren), Sprosse 6: Variante 1; übergangen v2, v3
AUSWAHL brueche-dezimalzahlen-e5-k2-s7-v1 – e5 k2 „Vergleichen und Ordnen“ (verfahren), Sprosse 7: Variante 1; übergangen v2, v3
AUSWAHL brueche-dezimalzahlen-e5-k2-s8-v1 – e5 k2 „Vergleichen und Ordnen“ (verfahren), Sprosse 8: Variante 1; übergangen v2, v3
AUSWAHL brueche-dezimalzahlen-e5-k2-s9-v1 – e5 k2 „Vergleichen und Ordnen“ (verfahren), Sprosse 9: Variante 1; übergangen v2, v3, v4, v5, v6, v7, v8, v9, v10
KETTE e5 k2 „Vergleichen und Ordnen“ (verfahren) → eine Hauptnummer
AUSWAHL brueche-dezimalzahlen-e5-k3-s1-v1 – e5 k3 „Zahl zwischen zwei Zahlen angeben (auch zwischen zwei Brüchen über Dezimalzahlen)“ (ohne), Sprosse 1: Variante 1; übergangen v2, v3
KETTE e5 k3 „Zahl zwischen zwei Zahlen angeben (auch zwischen zwei Brüchen über Dezimalzahlen)“ (ohne) → eine Hauptnummer
AUSWAHL brueche-dezimalzahlen-e5-k4-s1-v1 – e5 k4 „gemischte Liste ordnen (Bruch, Dezimalzahl, Prozent, Potenz einer Dezimalzahl)“ (ohne), Sprosse 1: Variante 1; übergangen v2, v3
KETTE e5 k4 „gemischte Liste ordnen (Bruch, Dezimalzahl, Prozent, Potenz einer Dezimalzahl)“ (ohne) → eine Hauptnummer
AUSWAHL brueche-dezimalzahlen-e5-k5-s1-v1 – e5 k5 „Aussagen prüfen und die wahre ankreuzen“ (ohne), Sprosse 1: Variante 1; übergangen v2, v3
KETTE e5 k5 „Aussagen prüfen und die wahre ankreuzen“ (ohne) → eine Hauptnummer
AUSWAHL brueche-dezimalzahlen-e5-k6-s1-v1 – e5 k6 „Vergleichen und Ordnen“ (pflicht), Sprosse 1: Variante 1; übergangen v2, v3
AUSWAHL brueche-dezimalzahlen-e5-k6-s2-v1 – e5 k6 „Vergleichen und Ordnen“ (pflicht), Sprosse 2: Variante 1; übergangen v2, v3
AUSWAHL brueche-dezimalzahlen-e5-k6-s3-v1 – e5 k6 „Vergleichen und Ordnen“ (pflicht), Sprosse 3: Variante 1; übergangen v2, v3
AUSWAHL brueche-dezimalzahlen-e5-k6-s4-v1 – e5 k6 „Vergleichen und Ordnen“ (pflicht), Sprosse 4: Variante 1; übergangen v2, v3
KETTE e5 k6 „Vergleichen und Ordnen“ (pflicht) → eine Hauptnummer
KOPF Einheit 1: „Einheit 1 von 5 · Bruch als Anteil“; Marken „OS Kl. 5 · GYM Kl. 5 · P10 oft“ → Zeitmarke „ab Kl. 5“, Prüfungswort „P10 oft“
WARNUNG Nr. 10: 7 Teilaufgaben, 6 mit Grafik – über dem Halbseitenmaß (2.3 g); v0.1 teilt nur im Fokus
KOPF Einheit 2: „Einheit 2 von 5 · Kürzen und Erweitern“; Marken „OS Kl. 5–6 (Mathematik 2023 5, Schnittpunkt 6, Mathematik heute 5) · GYM Kl. 5 · P10 oft“ → Zeitmarke „ab Kl. 5, je nach Buch bis Kl. 6“, Prüfungswort „P10 oft“
WARNUNG Nr. 14: 9 Teilaufgaben, 1 mit Grafik – über dem Halbseitenmaß (2.3 g); v0.1 teilt nur im Fokus
KOPF Einheit 3: „Einheit 3 von 5 · Brüche vergleichen“; Marken „OS Kl. 5–6 (Mathematik 2023 5, Schnittpunkt 6, Mathematik heute 5) · GYM Kl. 5 · P10 oft · nicht für alle: Mathematik 2023 5 Vertiefen“ → Zeitmarke „ab Kl. 5, je nach Buch bis Kl. 6“, Prüfungswort „P10 oft“
WARNUNG Nr. 18: 8 Teilaufgaben, 1 mit Grafik – über dem Halbseitenmaß (2.3 g); v0.1 teilt nur im Fokus
KOPF Einheit 4: „Einheit 4 von 5 · Dezimalzahlen“; Marken „OS Kl. 5 · GYM Kl. 5–6 (LS 6, Fundamente 5, Elemente 6) · P10 oft · nicht für alle: Schnittpunkt 6 EXTRA“ → Zeitmarke „ab Kl. 5“, Prüfungswort „P10 oft“
WARNUNG Nr. 21: 9 Teilaufgaben, 1 mit Grafik – über dem Halbseitenmaß (2.3 g); v0.1 teilt nur im Fokus
KOPF Einheit 5: „Einheit 5 von 5 · Vergleichen, Ordnen, Runden“; Marken „OS Kl. 5–6 (Mathematik 2023 5, Schnittpunkt 6, Mathematik heute 5) · GYM Kl. 5–6 (LS 6, Fundamente 5) · P10 oft“ → Zeitmarke „ab Kl. 5, je nach Buch bis Kl. 6“, Prüfungswort „P10 oft“
TODO 74 Stellen in den Quelltexten:
  abhaken.tex:2: TODO Ich-kann-Sätze: Platzhalter wie in den Aufgabendateien
  blatt0_a.tex:5: TODO Titel: Ich-kann-Satz fehlt in der Bank (Platzhalter: Kettenname) – Nr. 1
  blatt0_a.tex:6: TODO Anweisung: ein Satz über der ersten Teilaufgabe fehlt in der Bank – Nr. 1
  blatt0_a.tex:14: TODO Titel: Ich-kann-Satz fehlt in der Bank (Platzhalter: Kettenname) – Nr. 2
  blatt0_a.tex:15: TODO Anweisung: ein Satz über der ersten Teilaufgabe fehlt in der Bank – Nr. 2
  blatt0_a.tex:23: TODO Titel: Ich-kann-Satz fehlt in der Bank (Platzhalter: Kettenname) – Nr. 3
  blatt0_a.tex:24: TODO Anweisung: ein Satz über der ersten Teilaufgabe fehlt in der Bank – Nr. 3
  blatt0_a.tex:32: TODO Titel: Ich-kann-Satz fehlt in der Bank (Platzhalter: Kettenname) – Nr. 4
  blatt0_a.tex:33: TODO Anweisung: ein Satz über der ersten Teilaufgabe fehlt in der Bank – Nr. 4
  blatt0_a.tex:41: TODO Titel: Ich-kann-Satz fehlt in der Bank (Platzhalter: Kettenname) – Nr. 5
  blatt0_a.tex:42: TODO Anweisung: ein Satz über der ersten Teilaufgabe fehlt in der Bank – Nr. 5
  blatt0_a.tex:50: TODO Titel: Ich-kann-Satz fehlt in der Bank (Platzhalter: Kettenname) – Nr. 6
  blatt0_a.tex:51: TODO Anweisung: ein Satz über der ersten Teilaufgabe fehlt in der Bank – Nr. 6
  blatt0_a.tex:59: TODO Titel: Ich-kann-Satz fehlt in der Bank (Platzhalter: Kettenname) – Nr. 7
  blatt0_a.tex:60: TODO Anweisung: ein Satz über der ersten Teilaufgabe fehlt in der Bank – Nr. 7
  blatt0_a.tex:68: TODO Titel: Ich-kann-Satz fehlt in der Bank (Platzhalter: Kettenname) – Nr. 8
  blatt0_a.tex:69: TODO Anweisung: ein Satz über der ersten Teilaufgabe fehlt in der Bank – Nr. 8
  blatt0_a.tex:76: TODO Titel: Ich-kann-Satz fehlt in der Bank (Platzhalter: Kettenname) – Nr. 9
  blatt0_a.tex:77: TODO Anweisung: ein Satz über der ersten Teilaufgabe fehlt in der Bank – Nr. 9
  e1_a.tex:2: TODO Zweigzeile Teil 1: was hier gelernt wird (Satz in Schülersprache aus dem Einheitstitel) – Einheit 1
  e1_a.tex:7: TODO \verfahren{…}: Verfahrensüberschrift in Sachsprache fehlt in der Bank (2.3 b)
  e1_a.tex:8: TODO Titel: Ich-kann-Satz fehlt in der Bank (Platzhalter: Kettenname) – Nr. 10
  e1_a.tex:9: TODO Anweisung: ein Satz über der ersten Teilaufgabe fehlt in der Bank – Nr. 10
  e1_a.tex:11: TODO \rechenplatz{n}: Schrittzahl des Grundfalls fehlt in der Bank (nur bei fester Schreibform, 2.3 b)
  e1_a.tex:37: TODO \verfahren{…}: Verfahrensüberschrift in Sachsprache fehlt in der Bank (2.3 b)
  e1_a.tex:38: TODO Titel: Ich-kann-Satz fehlt in der Bank (Platzhalter: Kettenname) – Nr. 11
  e1_a.tex:39: TODO Anweisung: ein Satz über der ersten Teilaufgabe fehlt in der Bank – Nr. 11
  e1_a.tex:41: TODO \rechenplatz{n}: Schrittzahl des Grundfalls fehlt in der Bank (nur bei fester Schreibform, 2.3 b)
  e1_a.tex:53: TODO Titel: Ich-kann-Satz fehlt in der Bank (Platzhalter: Kettenname) – Nr. 12
  e1_a.tex:54: TODO Anweisung: ein Satz über der ersten Teilaufgabe fehlt in der Bank – Nr. 12
  e1_a.tex:61: TODO Titel: Ich-kann-Satz fehlt in der Bank (Platzhalter: Kettenname) – Nr. 13
  e1_a.tex:62: TODO Anweisung: ein Satz über der ersten Teilaufgabe fehlt in der Bank – Nr. 13
  e2_a.tex:2: TODO Zweigzeile Teil 1: was hier gelernt wird (Satz in Schülersprache aus dem Einheitstitel) – Einheit 2
  e2_a.tex:7: TODO Titel: Ich-kann-Satz fehlt in der Bank (Platzhalter: Kettenname) – Nr. 14
  e2_a.tex:8: TODO Anweisung: ein Satz über der ersten Teilaufgabe fehlt in der Bank – Nr. 14
  e2_a.tex:10: TODO \rechenplatz{n}: Schrittzahl des Grundfalls fehlt in der Bank (nur bei fester Schreibform, 2.3 b)
  e2_a.tex:27: TODO Titel: Ich-kann-Satz fehlt in der Bank (Platzhalter: Kettenname) – Nr. 15
  e2_a.tex:28: TODO Anweisung: ein Satz über der ersten Teilaufgabe fehlt in der Bank – Nr. 15
  e2_a.tex:37: TODO Titel: Ich-kann-Satz fehlt in der Bank (Platzhalter: Kettenname) – Nr. 16
  e2_a.tex:38: TODO Anweisung: ein Satz über der ersten Teilaufgabe fehlt in der Bank – Nr. 16
  e2_a.tex:45: TODO Titel: Ich-kann-Satz fehlt in der Bank (Platzhalter: Kettenname) – Nr. 17
  e2_a.tex:46: TODO Anweisung: ein Satz über der ersten Teilaufgabe fehlt in der Bank – Nr. 17
  e3_a.tex:2: TODO Zweigzeile Teil 1: was hier gelernt wird (Satz in Schülersprache aus dem Einheitstitel) – Einheit 3
  e3_a.tex:7: TODO Titel: Ich-kann-Satz fehlt in der Bank (Platzhalter: Kettenname) – Nr. 18
  e3_a.tex:8: TODO Anweisung: ein Satz über der ersten Teilaufgabe fehlt in der Bank – Nr. 18
  e3_a.tex:10: TODO \rechenplatz{n}: Schrittzahl des Grundfalls fehlt in der Bank (nur bei fester Schreibform, 2.3 b)
  e3_a.tex:25: TODO Titel: Ich-kann-Satz fehlt in der Bank (Platzhalter: Kettenname) – Nr. 19
  e3_a.tex:26: TODO Anweisung: ein Satz über der ersten Teilaufgabe fehlt in der Bank – Nr. 19
  e3_a.tex:33: TODO Titel: Ich-kann-Satz fehlt in der Bank (Platzhalter: Kettenname) – Nr. 20
  e3_a.tex:34: TODO Anweisung: ein Satz über der ersten Teilaufgabe fehlt in der Bank – Nr. 20
  e4_a.tex:2: TODO Zweigzeile Teil 1: was hier gelernt wird (Satz in Schülersprache aus dem Einheitstitel) – Einheit 4
  e4_a.tex:7: TODO Titel: Ich-kann-Satz fehlt in der Bank (Platzhalter: Kettenname) – Nr. 21
  e4_a.tex:8: TODO Anweisung: ein Satz über der ersten Teilaufgabe fehlt in der Bank – Nr. 21
  e4_a.tex:10: TODO \rechenplatz{n}: Schrittzahl des Grundfalls fehlt in der Bank (nur bei fester Schreibform, 2.3 b)
  e4_a.tex:26: TODO Titel: Ich-kann-Satz fehlt in der Bank (Platzhalter: Kettenname) – Nr. 22
  e4_a.tex:27: TODO Anweisung: ein Satz über der ersten Teilaufgabe fehlt in der Bank – Nr. 22
  e4_a.tex:37: TODO Titel: Ich-kann-Satz fehlt in der Bank (Platzhalter: Kettenname) – Nr. 23
  e4_a.tex:38: TODO Anweisung: ein Satz über der ersten Teilaufgabe fehlt in der Bank – Nr. 23
  e4_a.tex:45: TODO Titel: Ich-kann-Satz fehlt in der Bank (Platzhalter: Kettenname) – Nr. 24
  e4_a.tex:46: TODO Anweisung: ein Satz über der ersten Teilaufgabe fehlt in der Bank – Nr. 24
  e5_a.tex:2: TODO Zweigzeile Teil 1: was hier gelernt wird (Satz in Schülersprache aus dem Einheitstitel) – Einheit 5
  e5_a.tex:7: TODO Titel: Ich-kann-Satz fehlt in der Bank (Platzhalter: Kettenname) – Nr. 25
  e5_a.tex:8: TODO Anweisung: ein Satz über der ersten Teilaufgabe fehlt in der Bank – Nr. 25
  e5_a.tex:15: TODO Titel: Ich-kann-Satz fehlt in der Bank (Platzhalter: Kettenname) – Nr. 26
  e5_a.tex:16: TODO Anweisung: ein Satz über der ersten Teilaufgabe fehlt in der Bank – Nr. 26
  e5_a.tex:18: TODO \rechenplatz{n}: Schrittzahl des Grundfalls fehlt in der Bank (nur bei fester Schreibform, 2.3 b)
  e5_a.tex:33: TODO Titel: Ich-kann-Satz fehlt in der Bank (Platzhalter: Kettenname) – Nr. 27
  e5_a.tex:34: TODO Anweisung: ein Satz über der ersten Teilaufgabe fehlt in der Bank – Nr. 27
  e5_a.tex:41: TODO Titel: Ich-kann-Satz fehlt in der Bank (Platzhalter: Kettenname) – Nr. 28
  e5_a.tex:42: TODO Anweisung: ein Satz über der ersten Teilaufgabe fehlt in der Bank – Nr. 28
  e5_a.tex:49: TODO Titel: Ich-kann-Satz fehlt in der Bank (Platzhalter: Kettenname) – Nr. 29
  e5_a.tex:50: TODO Anweisung: ein Satz über der ersten Teilaufgabe fehlt in der Bank – Nr. 29
  e5_a.tex:57: TODO Titel: Ich-kann-Satz fehlt in der Bank (Platzhalter: Kettenname) – Nr. 30
  e5_a.tex:58: TODO Anweisung: ein Satz über der ersten Teilaufgabe fehlt in der Bank – Nr. 30
STRUKTUR 3 Fehler
  FEHLER e5_a.tex:26: _ außerhalb Mathe
  FEHLER e5_a.tex:27: _ außerhalb Mathe
  FEHLER e5_a.tex:28: _ außerhalb Mathe
