# zusammenbau v0.1: zusammenbau.py geraden
VORLAGE mathblatt.sty: Version 2026-09-28a
EINHEITEN [1, 2, 3, 4]
AUSWAHL geraden-zone-f1-v1 – Zone f1 „Punkte im räumlichen Koordinatensystem l“, Sprosse 1: Variante 1; übergangen v2
AUSWAHL geraden-zone-f1-v3 – Zone f1 „Punkte im räumlichen Koordinatensystem l“, Sprosse 2: kleinste Variante (v3; v1 fehlt)
WEG Zone f1 „Punkte im räumlichen Koordinatensystem l“ – Sprossen [3] (Fallstricke) nicht bestellt (Zone ja: s1 und s2)
AUSWAHL geraden-zone-f2-v1 – Zone f2 „Verbindungsvektor bilden, Vielfache erke“, Sprosse 1: Variante 1; übergangen v2
AUSWAHL geraden-zone-f2-v3 – Zone f2 „Verbindungsvektor bilden, Vielfache erke“, Sprosse 2: kleinste Variante (v3; v1 fehlt)
WEG Zone f2 „Verbindungsvektor bilden, Vielfache erke“ – Sprossen [3] (Fallstricke) nicht bestellt (Zone ja: s1 und s2)
AUSWAHL geraden-zone-f3-v1 – Zone f3 „Skalarprodukt berechnen und Orthogonalit“, Sprosse 1: Variante 1; übergangen v2
AUSWAHL geraden-zone-f3-v3 – Zone f3 „Skalarprodukt berechnen und Orthogonalit“, Sprosse 2: kleinste Variante (v3; v1 fehlt)
WEG Zone f3 „Skalarprodukt berechnen und Orthogonalit“ – Sprossen [3] (Fallstricke) nicht bestellt (Zone ja: s1 und s2)
AUSWAHL geraden-zone-f4-v1 – Zone f4 „Lineare Gleichungen lösen und Widersprüc“, Sprosse 1: Variante 1; übergangen v2
AUSWAHL geraden-zone-f4-v3 – Zone f4 „Lineare Gleichungen lösen und Widersprüc“, Sprosse 2: kleinste Variante (v3; v1 fehlt)
WEG Zone f4 „Lineare Gleichungen lösen und Widersprüc“ – Sprossen [3, 4, 5] (Fallstricke) nicht bestellt (Zone ja: s1 und s2)
AUSWAHL geraden-zone-f5-v1 – Zone f5 „Kollinearität prüfen“, Sprosse 1: Variante 1; übergangen v2
AUSWAHL geraden-zone-f5-v3 – Zone f5 „Kollinearität prüfen“, Sprosse 2: kleinste Variante (v3; v1 fehlt)
WEG Zone f5 „Kollinearität prüfen“ – Sprossen [3] (Fallstricke) nicht bestellt (Zone ja: s1 und s2)
AUSWAHL geraden-zone-f6-v1 – Zone f6 „Die Gerade als Gleichung in der Ebene le“, Sprosse 1: Variante 1; übergangen v2
AUSWAHL geraden-zone-f6-v3 – Zone f6 „Die Gerade als Gleichung in der Ebene le“, Sprosse 2: kleinste Variante (v3; v1 fehlt)
WEG Zone f6 „Die Gerade als Gleichung in der Ebene le“ – Sprossen [3] (Fallstricke) nicht bestellt (Zone ja: s1 und s2)
AUSWAHL geraden-zone-f7-v1 – Zone f7 „Prozentrechnung und Maßstab“, Sprosse 1: Variante 1; übergangen v2
AUSWAHL geraden-zone-f7-v3 – Zone f7 „Prozentrechnung und Maßstab“, Sprosse 2: kleinste Variante (v3; v1 fehlt)
WEG Zone f7 „Prozentrechnung und Maßstab“ – Sprossen [3] (Fallstricke) nicht bestellt (Zone ja: s1 und s2)
AUSWAHL geraden-zone-f4-v5 – Zone-Paar, Fehler finden
AUSWAHL geraden-zone-f4-v6 – Zone-Paar, gleichartige Rechenaufgabe
AUSWAHL geraden-e1-k1-s0-v1 – e1 k1 „„Gerade oder Strecke?““ (erkennung), Sprosse 0: Variante 1; übergangen v2, v3, v4
KETTE e1 k1 „„Gerade oder Strecke?““ (erkennung) → eine Hauptnummer (Erkennungsschritt: eigene Kette nach bank.md, zählt als Hauptnummer)
AUSWAHL geraden-e1-k2-s0-v1 – e1 k2 „Geradengleichung aufstellen und lesen“ (verfahren), Sprosse 0: Variante 1; übergangen v2, v3, v4
AUSWAHL geraden-e1-k2-s1-v1 – e1 k2 „Geradengleichung aufstellen und lesen“ (verfahren), Sprosse 1: Variante 1; übergangen v2, v3, v4, v5
AUSWAHL geraden-e1-k2-s2-v1 – e1 k2 „Geradengleichung aufstellen und lesen“ (verfahren), Sprosse 2: Variante 1; übergangen v2, v3
AUSWAHL geraden-e1-k2-s3-v1 – e1 k2 „Geradengleichung aufstellen und lesen“ (verfahren), Sprosse 3: Variante 1; übergangen v2, v3
AUSWAHL geraden-e1-k2-s4-v1 – e1 k2 „Geradengleichung aufstellen und lesen“ (verfahren), Sprosse 4: Variante 1; übergangen v2, v3
AUSWAHL geraden-e1-k2-s5-v1 – e1 k2 „Geradengleichung aufstellen und lesen“ (verfahren), Sprosse 5: Variante 1; übergangen v2, v3
AUSWAHL geraden-e1-k2-s6-v1 – e1 k2 „Geradengleichung aufstellen und lesen“ (verfahren), Sprosse 6: Variante 1; übergangen v2
KETTE e1 k2 „Geradengleichung aufstellen und lesen“ (verfahren) → eine Hauptnummer
AUSWAHL geraden-e1-k3-s1-v1 – e1 k3 „Geradengleichung aufstellen und lesen“ (pflicht), Sprosse 1: Variante 1; übergangen v2, v3
AUSWAHL geraden-e1-k3-s2-v1 – e1 k3 „Geradengleichung aufstellen und lesen“ (pflicht), Sprosse 2: Variante 1; übergangen v2, v3
AUSWAHL geraden-e1-k3-s3-v1 – e1 k3 „Geradengleichung aufstellen und lesen“ (pflicht), Sprosse 3: Variante 1; übergangen v2, v3
AUSWAHL geraden-e1-k3-s4-v1 – e1 k3 „Geradengleichung aufstellen und lesen“ (pflicht), Sprosse 4: Variante 1; übergangen v2, v3
KETTE e1 k3 „Geradengleichung aufstellen und lesen“ (pflicht) → eine Hauptnummer
AUSWAHL geraden-e2-k1-s0-v1 – e2 k1 „Punktprobe und Punkte auf der Geraden“ (verfahren), Sprosse 0: Variante 1; übergangen v2, v3, v4
AUSWAHL geraden-e2-k1-s1-v1 – e2 k1 „Punktprobe und Punkte auf der Geraden“ (verfahren), Sprosse 1: Variante 1; übergangen v2, v3, v4, v5
AUSWAHL geraden-e2-k1-s2-v1 – e2 k1 „Punktprobe und Punkte auf der Geraden“ (verfahren), Sprosse 2: Variante 1; übergangen v2, v3
AUSWAHL geraden-e2-k1-s3-v1 – e2 k1 „Punktprobe und Punkte auf der Geraden“ (verfahren), Sprosse 3: Variante 1; übergangen v2, v3
AUSWAHL geraden-e2-k1-s4-v1 – e2 k1 „Punktprobe und Punkte auf der Geraden“ (verfahren), Sprosse 4: Variante 1; übergangen v2, v3
AUSWAHL geraden-e2-k1-s5-v1 – e2 k1 „Punktprobe und Punkte auf der Geraden“ (verfahren), Sprosse 5: Variante 1; übergangen v2, v3
AUSWAHL geraden-e2-k1-s6-v1 – e2 k1 „Punktprobe und Punkte auf der Geraden“ (verfahren), Sprosse 6: Variante 1; übergangen v2, v3
AUSWAHL geraden-e2-k1-s7-v1 – e2 k1 „Punktprobe und Punkte auf der Geraden“ (verfahren), Sprosse 7: Variante 1; übergangen v2, v3
AUSWAHL geraden-e2-k1-s8-v1 – e2 k1 „Punktprobe und Punkte auf der Geraden“ (verfahren), Sprosse 8: Variante 1; übergangen v2, v3
AUSWAHL geraden-e2-k1-s9-v1 – e2 k1 „Punktprobe und Punkte auf der Geraden“ (verfahren), Sprosse 9: Variante 1; übergangen v2
KETTE e2 k1 „Punktprobe und Punkte auf der Geraden“ (verfahren) → eine Hauptnummer
AUSWAHL geraden-e2-k2-s1-v1 – e2 k2 „Punkt auf einer Geraden mit vorgegebenem Abstand zu einem festen Punkt über eine quadratische Gleichung bestimmen“ (ohne), Sprosse 1: Variante 1; übergangen v2, v3
KETTE e2 k2 „Punkt auf einer Geraden mit vorgegebenem Abstand zu einem festen Punkt über eine quadratische Gleichung bestimmen“ (ohne) → eine Hauptnummer
AUSWAHL geraden-e2-k3-s1-v1 – e2 k3 „Punktprobe und Punkte auf der Geraden“ (pflicht), Sprosse 1: Variante 1; übergangen v2, v3
AUSWAHL geraden-e2-k3-s2-v1 – e2 k3 „Punktprobe und Punkte auf der Geraden“ (pflicht), Sprosse 2: Variante 1; übergangen v2, v3
AUSWAHL geraden-e2-k3-s3-v1 – e2 k3 „Punktprobe und Punkte auf der Geraden“ (pflicht), Sprosse 3: Variante 1; übergangen v2, v3
KETTE e2 k3 „Punktprobe und Punkte auf der Geraden“ (pflicht) → eine Hauptnummer
AUSWAHL geraden-e3-k1-s0-v1 – e3 k1 „Lage als Anhang“ (verfahren), Sprosse 0: Variante 1; übergangen v2, v3, v4
AUSWAHL geraden-e3-k1-s1-v1 – e3 k1 „Lage als Anhang“ (verfahren), Sprosse 1: Variante 1; übergangen v2, v3, v4, v5
AUSWAHL geraden-e3-k1-s2-v1 – e3 k1 „Lage als Anhang“ (verfahren), Sprosse 2: Variante 1; übergangen v2, v3
AUSWAHL geraden-e3-k1-s3-v1 – e3 k1 „Lage als Anhang“ (verfahren), Sprosse 3: Variante 1; übergangen v2, v3
AUSWAHL geraden-e3-k1-s4-v1 – e3 k1 „Lage als Anhang“ (verfahren), Sprosse 4: Variante 1; übergangen v2, v3
AUSWAHL geraden-e3-k1-s5-v1 – e3 k1 „Lage als Anhang“ (verfahren), Sprosse 5: Variante 1; übergangen v2, v3
AUSWAHL geraden-e3-k1-s6-v1 – e3 k1 „Lage als Anhang“ (verfahren), Sprosse 6: Variante 1; übergangen v2
KETTE e3 k1 „Lage als Anhang“ (verfahren) → eine Hauptnummer
AUSWAHL geraden-e3-k2-s1-v1 – e3 k2 „Lage als Anhang“ (pflicht), Sprosse 1: Variante 1; übergangen v2, v3
AUSWAHL geraden-e3-k2-s2-v1 – e3 k2 „Lage als Anhang“ (pflicht), Sprosse 2: Variante 1; übergangen v2, v3
KETTE e3 k2 „Lage als Anhang“ (pflicht) → eine Hauptnummer
AUSWAHL geraden-e4-k1-s0-v1 – e4 k1 „Sachgeraden“ (verfahren), Sprosse 0: Variante 1; übergangen v2, v3, v4
AUSWAHL geraden-e4-k1-s1-v1 – e4 k1 „Sachgeraden“ (verfahren), Sprosse 1: Variante 1; übergangen v2, v3, v4, v5
AUSWAHL geraden-e4-k1-s2-v1 – e4 k1 „Sachgeraden“ (verfahren), Sprosse 2: Variante 1; übergangen v2, v3
AUSWAHL geraden-e4-k1-s3-v1 – e4 k1 „Sachgeraden“ (verfahren), Sprosse 3: Variante 1; übergangen v2, v3
AUSWAHL geraden-e4-k1-s4-v1 – e4 k1 „Sachgeraden“ (verfahren), Sprosse 4: Variante 1; übergangen v2, v3, v4
KETTE e4 k1 „Sachgeraden“ (verfahren) → eine Hauptnummer
AUSWAHL geraden-e4-k2-s1-v1 – e4 k2 „Horizontalabstand aus vorgegebener Neigung in Prozent und Höhendifferenz berechnen“ (ohne), Sprosse 1: Variante 1; übergangen v2, v3
KETTE e4 k2 „Horizontalabstand aus vorgegebener Neigung in Prozent und Höhendifferenz berechnen“ (ohne) → eine Hauptnummer
AUSWAHL geraden-e4-k3-s1-v1 – e4 k3 „Sachgeraden“ (pflicht), Sprosse 1: Variante 1; übergangen v2, v3
AUSWAHL geraden-e4-k3-s2-v1 – e4 k3 „Sachgeraden“ (pflicht), Sprosse 2: Variante 1; übergangen v2, v3
AUSWAHL geraden-e4-k3-s3-v1 – e4 k3 „Sachgeraden“ (pflicht), Sprosse 3: Variante 1; übergangen v2, v3
KETTE e4 k3 „Sachgeraden“ (pflicht) → eine Hauptnummer
KOPF Einheit 1: „Einheit 1 von 4 · Geradengleichung aufstellen und lesen“; Marken „BE Q3 · BB Q3 · GK · Abitur GK“ → Zeitmarke „None“, Prüfungswort „Abitur GK“
KOPF Einheit 2: „Einheit 2 von 4 · Punktprobe und Punkte auf der Geraden“; Marken „BE Q3 · BB Q3 · GK · Abitur GK · Abitur LK“ → Zeitmarke „None“, Prüfungswort „Abitur GK“
KOPF Einheit 3: „Einheit 3 von 4 · Lage als Anhang“; Marken „BE Q3 · BB Q3 · GK · Abitur GK · Abitur LK“ → Zeitmarke „None“, Prüfungswort „Abitur GK“
KOPF Einheit 4: „Einheit 4 von 4 · Sachgeraden“; Marken „BE Q3 · BB Q3 · GK · Abitur GK“ → Zeitmarke „None“, Prüfungswort „Abitur GK“
TODO 53 Stellen in den Quelltexten:
  abhaken.tex:2: TODO Ich-kann-Sätze: Platzhalter wie in den Aufgabendateien
  blatt0_a.tex:5: TODO Titel: Ich-kann-Satz fehlt in der Bank (Platzhalter: Kettenname) – Nr. 1
  blatt0_a.tex:6: TODO Anweisung: ein Satz über der ersten Teilaufgabe fehlt in der Bank – Nr. 1
  blatt0_a.tex:14: TODO Titel: Ich-kann-Satz fehlt in der Bank (Platzhalter: Kettenname) – Nr. 2
  blatt0_a.tex:15: TODO Anweisung: ein Satz über der ersten Teilaufgabe fehlt in der Bank – Nr. 2
  blatt0_a.tex:23: TODO Titel: Ich-kann-Satz fehlt in der Bank (Platzhalter: Kettenname) – Nr. 3
  blatt0_a.tex:24: TODO Anweisung: ein Satz über der ersten Teilaufgabe fehlt in der Bank – Nr. 3
  blatt0_a.tex:34: TODO Titel: Ich-kann-Satz fehlt in der Bank (Platzhalter: Kettenname) – Nr. 4
  blatt0_a.tex:35: TODO Anweisung: ein Satz über der ersten Teilaufgabe fehlt in der Bank – Nr. 4
  blatt0_a.tex:43: TODO Titel: Ich-kann-Satz fehlt in der Bank (Platzhalter: Kettenname) – Nr. 5
  blatt0_a.tex:44: TODO Anweisung: ein Satz über der ersten Teilaufgabe fehlt in der Bank – Nr. 5
  blatt0_a.tex:52: TODO Titel: Ich-kann-Satz fehlt in der Bank (Platzhalter: Kettenname) – Nr. 6
  blatt0_a.tex:53: TODO Anweisung: ein Satz über der ersten Teilaufgabe fehlt in der Bank – Nr. 6
  blatt0_a.tex:61: TODO Titel: Ich-kann-Satz fehlt in der Bank (Platzhalter: Kettenname) – Nr. 7
  blatt0_a.tex:62: TODO Anweisung: ein Satz über der ersten Teilaufgabe fehlt in der Bank – Nr. 7
  blatt0_a.tex:70: TODO Titel: Ich-kann-Satz fehlt in der Bank (Platzhalter: Kettenname) – Nr. 8
  blatt0_a.tex:71: TODO Anweisung: ein Satz über der ersten Teilaufgabe fehlt in der Bank – Nr. 8
  blatt0_a.tex:78: TODO Titel: Ich-kann-Satz fehlt in der Bank (Platzhalter: Kettenname) – Nr. 9
  blatt0_a.tex:79: TODO Anweisung: ein Satz über der ersten Teilaufgabe fehlt in der Bank – Nr. 9
  e1_a.tex:2: TODO Zeitmarke Einheit 1: Marken-Zeile nicht lesbar
  e1_a.tex:3: TODO Zweigzeile Teil 1: was hier gelernt wird (Satz in Schülersprache aus dem Einheitstitel) – Einheit 1
  e1_a.tex:8: TODO Titel: Ich-kann-Satz fehlt in der Bank (Platzhalter: Kettenname) – Nr. 10
  e1_a.tex:9: TODO Anweisung: ein Satz über der ersten Teilaufgabe fehlt in der Bank – Nr. 10
  e1_a.tex:16: TODO Titel: Ich-kann-Satz fehlt in der Bank (Platzhalter: Kettenname) – Nr. 11
  e1_a.tex:17: TODO Anweisung: ein Satz über der ersten Teilaufgabe fehlt in der Bank – Nr. 11
  e1_a.tex:19: TODO \rechenplatz{n}: Schrittzahl des Grundfalls fehlt in der Bank (nur bei fester Schreibform, 2.3 b)
  e1_a.tex:31: TODO Titel: Ich-kann-Satz fehlt in der Bank (Platzhalter: Kettenname) – Nr. 12
  e1_a.tex:32: TODO Anweisung: ein Satz über der ersten Teilaufgabe fehlt in der Bank – Nr. 12
  e2_a.tex:2: TODO Zeitmarke Einheit 2: Marken-Zeile nicht lesbar
  e2_a.tex:3: TODO Zweigzeile Teil 1: was hier gelernt wird (Satz in Schülersprache aus dem Einheitstitel) – Einheit 2
  e2_a.tex:8: TODO Titel: Ich-kann-Satz fehlt in der Bank (Platzhalter: Kettenname) – Nr. 13
  e2_a.tex:9: TODO Anweisung: ein Satz über der ersten Teilaufgabe fehlt in der Bank – Nr. 13
  e2_a.tex:11: TODO \rechenplatz{n}: Schrittzahl des Grundfalls fehlt in der Bank (nur bei fester Schreibform, 2.3 b)
  e2_a.tex:26: TODO Titel: Ich-kann-Satz fehlt in der Bank (Platzhalter: Kettenname) – Nr. 14
  e2_a.tex:27: TODO Anweisung: ein Satz über der ersten Teilaufgabe fehlt in der Bank – Nr. 14
  e2_a.tex:34: TODO Titel: Ich-kann-Satz fehlt in der Bank (Platzhalter: Kettenname) – Nr. 15
  e2_a.tex:35: TODO Anweisung: ein Satz über der ersten Teilaufgabe fehlt in der Bank – Nr. 15
  e3_a.tex:2: TODO Zeitmarke Einheit 3: Marken-Zeile nicht lesbar
  e3_a.tex:3: TODO Zweigzeile Teil 1: was hier gelernt wird (Satz in Schülersprache aus dem Einheitstitel) – Einheit 3
  e3_a.tex:8: TODO Titel: Ich-kann-Satz fehlt in der Bank (Platzhalter: Kettenname) – Nr. 16
  e3_a.tex:9: TODO Anweisung: ein Satz über der ersten Teilaufgabe fehlt in der Bank – Nr. 16
  e3_a.tex:11: TODO \rechenplatz{n}: Schrittzahl des Grundfalls fehlt in der Bank (nur bei fester Schreibform, 2.3 b)
  e3_a.tex:23: TODO Titel: Ich-kann-Satz fehlt in der Bank (Platzhalter: Kettenname) – Nr. 17
  e3_a.tex:24: TODO Anweisung: ein Satz über der ersten Teilaufgabe fehlt in der Bank – Nr. 17
  e4_a.tex:2: TODO Zeitmarke Einheit 4: Marken-Zeile nicht lesbar
  e4_a.tex:3: TODO Zweigzeile Teil 1: was hier gelernt wird (Satz in Schülersprache aus dem Einheitstitel) – Einheit 4
  e4_a.tex:8: TODO Titel: Ich-kann-Satz fehlt in der Bank (Platzhalter: Kettenname) – Nr. 18
  e4_a.tex:9: TODO Anweisung: ein Satz über der ersten Teilaufgabe fehlt in der Bank – Nr. 18
  e4_a.tex:11: TODO \rechenplatz{n}: Schrittzahl des Grundfalls fehlt in der Bank (nur bei fester Schreibform, 2.3 b)
  e4_a.tex:21: TODO Titel: Ich-kann-Satz fehlt in der Bank (Platzhalter: Kettenname) – Nr. 19
  e4_a.tex:22: TODO Anweisung: ein Satz über der ersten Teilaufgabe fehlt in der Bank – Nr. 19
  e4_a.tex:29: TODO Titel: Ich-kann-Satz fehlt in der Bank (Platzhalter: Kettenname) – Nr. 20
  e4_a.tex:30: TODO Anweisung: ein Satz über der ersten Teilaufgabe fehlt in der Bank – Nr. 20
STRUKTUR 0 Fehler
