# zusammenbau v0.1: zusammenbau.py konfidenzintervalle
VORLAGE mathblatt.sty: Version 2026-09-28a
EINHEITEN [1, 2, 3]
AUSWAHL konfidenzintervalle-zone-f1-v1 – Zone f1 „Relative Häufigkeit und Anteil aus einer“, Sprosse 1: Variante 1; übergangen v2
AUSWAHL konfidenzintervalle-zone-f1-v3 – Zone f1 „Relative Häufigkeit und Anteil aus einer“, Sprosse 2: kleinste Variante (v3; v1 fehlt)
WEG Zone f1 „Relative Häufigkeit und Anteil aus einer“ – Sprossen [3] (Fallstricke) nicht bestellt (Zone ja: s1 und s2)
AUSWAHL konfidenzintervalle-zone-f2-v1 – Zone f2 „Binomialverteilung ansetzen und Punktwah“, Sprosse 1: Variante 1; übergangen v2
AUSWAHL konfidenzintervalle-zone-f2-v3 – Zone f2 „Binomialverteilung ansetzen und Punktwah“, Sprosse 2: kleinste Variante (v3; v1 fehlt)
WEG Zone f2 „Binomialverteilung ansetzen und Punktwah“ – Sprossen [3, 4, 5] (Fallstricke) nicht bestellt (Zone ja: s1 und s2)
AUSWAHL konfidenzintervalle-zone-f3-v1 – Zone f3 „Graphen zweier Funktionen ablesen (Schni“, Sprosse 1: Variante 1; übergangen v2
AUSWAHL konfidenzintervalle-zone-f3-v3 – Zone f3 „Graphen zweier Funktionen ablesen (Schni“, Sprosse 2: kleinste Variante (v3; v1 fehlt)
WEG Zone f3 „Graphen zweier Funktionen ablesen (Schni“ – Sprossen [3] (Fallstricke) nicht bestellt (Zone ja: s1 und s2)
AUSWAHL konfidenzintervalle-zone-f4-v1 – Zone f4 „Die Sigma-Regeln und ihre c-Werte“, Sprosse 1: Variante 1; übergangen v2
AUSWAHL konfidenzintervalle-zone-f4-v3 – Zone f4 „Die Sigma-Regeln und ihre c-Werte“, Sprosse 2: kleinste Variante (v3; v1 fehlt)
WEG Zone f4 „Die Sigma-Regeln und ihre c-Werte“ – Sprossen [3] (Fallstricke) nicht bestellt (Zone ja: s1 und s2)
AUSWAHL konfidenzintervalle-zone-f5-v1 – Zone f5 „Quadratische Gleichungen und Wurzelgleic“, Sprosse 1: Variante 1; übergangen v2
AUSWAHL konfidenzintervalle-zone-f5-v3 – Zone f5 „Quadratische Gleichungen und Wurzelgleic“, Sprosse 2: kleinste Variante (v3; v1 fehlt)
WEG Zone f5 „Quadratische Gleichungen und Wurzelgleic“ – Sprossen [3] (Fallstricke) nicht bestellt (Zone ja: s1 und s2)
AUSWAHL konfidenzintervalle-zone-f6-v1 – Zone f6 „Ungleichungen in n lösen und runden“, Sprosse 1: Variante 1; übergangen v2
AUSWAHL konfidenzintervalle-zone-f6-v3 – Zone f6 „Ungleichungen in n lösen und runden“, Sprosse 2: kleinste Variante (v3; v1 fehlt)
WEG Zone f6 „Ungleichungen in n lösen und runden“ – Sprossen [3] (Fallstricke) nicht bestellt (Zone ja: s1 und s2)
AUSWAHL konfidenzintervalle-zone-f2-v5 – Zone-Paar, Fehler finden
AUSWAHL konfidenzintervalle-zone-f2-v6 – Zone-Paar, gleichartige Rechenaufgabe
AUSWAHL konfidenzintervalle-e1-k1-s0-v1 – e1 k1 „Lesen und Überdeckung“ (verfahren), Sprosse 0: Variante 1; übergangen v2, v3, v4
AUSWAHL konfidenzintervalle-e1-k1-s1-v1 – e1 k1 „Lesen und Überdeckung“ (verfahren), Sprosse 1: Variante 1; übergangen v2, v3, v4, v5
AUSWAHL konfidenzintervalle-e1-k1-s2-v1 – e1 k1 „Lesen und Überdeckung“ (verfahren), Sprosse 2: Variante 1; übergangen v2, v3
AUSWAHL konfidenzintervalle-e1-k1-s3-v1 – e1 k1 „Lesen und Überdeckung“ (verfahren), Sprosse 3: Variante 1; übergangen v2, v3
AUSWAHL konfidenzintervalle-e1-k1-s4-v1 – e1 k1 „Lesen und Überdeckung“ (verfahren), Sprosse 4: Variante 1; übergangen v2, v3, v4
KETTE e1 k1 „Lesen und Überdeckung“ (verfahren) → eine Hauptnummer
AUSWAHL konfidenzintervalle-e1-k2-s1-v1 – e1 k2 „Lesen und Überdeckung“ (pflicht), Sprosse 1: Variante 1; übergangen v2, v3
AUSWAHL konfidenzintervalle-e1-k2-s2-v1 – e1 k2 „Lesen und Überdeckung“ (pflicht), Sprosse 2: Variante 1; übergangen v2, v3
KETTE e1 k2 „Lesen und Überdeckung“ (pflicht) → eine Hauptnummer
AUSWAHL konfidenzintervalle-e2-k1-s0-v1 – e2 k1 „Näherungsformel“ (verfahren), Sprosse 0: Variante 1; übergangen v2, v3, v4
AUSWAHL konfidenzintervalle-e2-k1-s1-v1 – e2 k1 „Näherungsformel“ (verfahren), Sprosse 1: Variante 1; übergangen v2, v3, v4, v5
AUSWAHL konfidenzintervalle-e2-k1-s2-v1 – e2 k1 „Näherungsformel“ (verfahren), Sprosse 2: Variante 1; übergangen v2, v3
AUSWAHL konfidenzintervalle-e2-k1-s3-v1 – e2 k1 „Näherungsformel“ (verfahren), Sprosse 3: Variante 1; übergangen v2, v3, v4
KETTE e2 k1 „Näherungsformel“ (verfahren) → eine Hauptnummer
AUSWAHL konfidenzintervalle-e2-k2-s1-v1 – e2 k2 „Verträglichkeit einer vermuteten Trefferwahrscheinlichkeit über das 1,96σ-Intervall um den Erwartungswert prüfen“ (ohne), Sprosse 1: Variante 1; übergangen v2, v3
KETTE e2 k2 „Verträglichkeit einer vermuteten Trefferwahrscheinlichkeit über das 1,96σ-Intervall um den Erwartungswert prüfen“ (ohne) → eine Hauptnummer
AUSWAHL konfidenzintervalle-e2-k3-s1-v1 – e2 k3 „Näherungsformel“ (pflicht), Sprosse 1: Variante 1; übergangen v2, v3
AUSWAHL konfidenzintervalle-e2-k3-s2-v1 – e2 k3 „Näherungsformel“ (pflicht), Sprosse 2: Variante 1; übergangen v2, v3
KETTE e2 k3 „Näherungsformel“ (pflicht) → eine Hauptnummer
AUSWAHL konfidenzintervalle-e3-k1-s0-v1 – e3 k1 „Argumente“ (verfahren), Sprosse 0: Variante 1; übergangen v2, v3, v4
AUSWAHL konfidenzintervalle-e3-k1-s1-v1 – e3 k1 „Argumente“ (verfahren), Sprosse 1: Variante 1; übergangen v2, v3, v4, v5
AUSWAHL konfidenzintervalle-e3-k1-s2-v1 – e3 k1 „Argumente“ (verfahren), Sprosse 2: Variante 1; übergangen v2, v3
AUSWAHL konfidenzintervalle-e3-k1-s3-v1 – e3 k1 „Argumente“ (verfahren), Sprosse 3: Variante 1; übergangen v2, v3, v4
KETTE e3 k1 „Argumente“ (verfahren) → eine Hauptnummer
AUSWAHL konfidenzintervalle-e3-k2-s1-v1 – e3 k2 „Argumente“ (pflicht), Sprosse 1: Variante 1; übergangen v2, v3
AUSWAHL konfidenzintervalle-e3-k2-s2-v1 – e3 k2 „Argumente“ (pflicht), Sprosse 2: Variante 1; übergangen v2, v3
KETTE e3 k2 „Argumente“ (pflicht) → eine Hauptnummer
KOPF Einheit 1: „Einheit 1 von 3 · Das Intervall lesen und deuten: die Überdeckungsdeutung (verträglich heißt: der angenommene Anteil wird vom Intervall überdeckt“; Marken „BE Q4 · BB Q4 · GK · keine Prüfungsaufgabe“ → Zeitmarke „None“, Prüfungswort „keine Prüfungsaufgabe“
KOPF Einheit 2: „Einheit 2 von 3 · Mit der Näherungsformel rechnen: die Grenzgleichung nach p lösen (quadratisch“; Marken „BE Q4 · BB Q4 · GK · keine Prüfungsaufgabe“ → Zeitmarke „None“, Prüfungswort „keine Prüfungsaufgabe“
KOPF Einheit 3: „Einheit 3 von 3 · Argumente über Formel und Verträglichkeit: die Länge des Intervalls bei doppeltem Umfang (Faktor eins durch Wurzel zwei“; Marken „BE Q4 · BB Q4 · GK · keine Prüfungsaufgabe“ → Zeitmarke „None“, Prüfungswort „keine Prüfungsaufgabe“
TODO 40 Stellen in den Quelltexten:
  abhaken.tex:2: TODO Ich-kann-Sätze: Platzhalter wie in den Aufgabendateien
  blatt0_a.tex:5: TODO Titel: Ich-kann-Satz fehlt in der Bank (Platzhalter: Kettenname) – Nr. 1
  blatt0_a.tex:6: TODO Anweisung: ein Satz über der ersten Teilaufgabe fehlt in der Bank – Nr. 1
  blatt0_a.tex:14: TODO Titel: Ich-kann-Satz fehlt in der Bank (Platzhalter: Kettenname) – Nr. 2
  blatt0_a.tex:15: TODO Anweisung: ein Satz über der ersten Teilaufgabe fehlt in der Bank – Nr. 2
  blatt0_a.tex:23: TODO Titel: Ich-kann-Satz fehlt in der Bank (Platzhalter: Kettenname) – Nr. 3
  blatt0_a.tex:24: TODO Anweisung: ein Satz über der ersten Teilaufgabe fehlt in der Bank – Nr. 3
  blatt0_a.tex:38: TODO Titel: Ich-kann-Satz fehlt in der Bank (Platzhalter: Kettenname) – Nr. 4
  blatt0_a.tex:39: TODO Anweisung: ein Satz über der ersten Teilaufgabe fehlt in der Bank – Nr. 4
  blatt0_a.tex:47: TODO Titel: Ich-kann-Satz fehlt in der Bank (Platzhalter: Kettenname) – Nr. 5
  blatt0_a.tex:48: TODO Anweisung: ein Satz über der ersten Teilaufgabe fehlt in der Bank – Nr. 5
  blatt0_a.tex:56: TODO Titel: Ich-kann-Satz fehlt in der Bank (Platzhalter: Kettenname) – Nr. 6
  blatt0_a.tex:57: TODO Anweisung: ein Satz über der ersten Teilaufgabe fehlt in der Bank – Nr. 6
  blatt0_a.tex:65: TODO Titel: Ich-kann-Satz fehlt in der Bank (Platzhalter: Kettenname) – Nr. 7
  blatt0_a.tex:66: TODO Anweisung: ein Satz über der ersten Teilaufgabe fehlt in der Bank – Nr. 7
  blatt0_a.tex:73: TODO Titel: Ich-kann-Satz fehlt in der Bank (Platzhalter: Kettenname) – Nr. 8
  blatt0_a.tex:74: TODO Anweisung: ein Satz über der ersten Teilaufgabe fehlt in der Bank – Nr. 8
  e1_a.tex:2: TODO Zeitmarke Einheit 1: Marken-Zeile nicht lesbar
  e1_a.tex:3: TODO Zweigzeile Teil 1: was hier gelernt wird (Satz in Schülersprache aus dem Einheitstitel) – Einheit 1
  e1_a.tex:8: TODO Titel: Ich-kann-Satz fehlt in der Bank (Platzhalter: Kettenname) – Nr. 9
  e1_a.tex:9: TODO Anweisung: ein Satz über der ersten Teilaufgabe fehlt in der Bank – Nr. 9
  e1_a.tex:11: TODO \rechenplatz{n}: Schrittzahl des Grundfalls fehlt in der Bank (nur bei fester Schreibform, 2.3 b)
  e1_a.tex:29: TODO Titel: Ich-kann-Satz fehlt in der Bank (Platzhalter: Kettenname) – Nr. 10
  e1_a.tex:30: TODO Anweisung: ein Satz über der ersten Teilaufgabe fehlt in der Bank – Nr. 10
  e2_a.tex:2: TODO Zeitmarke Einheit 2: Marken-Zeile nicht lesbar
  e2_a.tex:3: TODO Zweigzeile Teil 1: was hier gelernt wird (Satz in Schülersprache aus dem Einheitstitel) – Einheit 2
  e2_a.tex:8: TODO Titel: Ich-kann-Satz fehlt in der Bank (Platzhalter: Kettenname) – Nr. 11
  e2_a.tex:9: TODO Anweisung: ein Satz über der ersten Teilaufgabe fehlt in der Bank – Nr. 11
  e2_a.tex:11: TODO \rechenplatz{n}: Schrittzahl des Grundfalls fehlt in der Bank (nur bei fester Schreibform, 2.3 b)
  e2_a.tex:22: TODO Titel: Ich-kann-Satz fehlt in der Bank (Platzhalter: Kettenname) – Nr. 12
  e2_a.tex:23: TODO Anweisung: ein Satz über der ersten Teilaufgabe fehlt in der Bank – Nr. 12
  e2_a.tex:30: TODO Titel: Ich-kann-Satz fehlt in der Bank (Platzhalter: Kettenname) – Nr. 13
  e2_a.tex:31: TODO Anweisung: ein Satz über der ersten Teilaufgabe fehlt in der Bank – Nr. 13
  e3_a.tex:2: TODO Zeitmarke Einheit 3: Marken-Zeile nicht lesbar
  e3_a.tex:3: TODO Zweigzeile Teil 1: was hier gelernt wird (Satz in Schülersprache aus dem Einheitstitel) – Einheit 3
  e3_a.tex:8: TODO Titel: Ich-kann-Satz fehlt in der Bank (Platzhalter: Kettenname) – Nr. 14
  e3_a.tex:9: TODO Anweisung: ein Satz über der ersten Teilaufgabe fehlt in der Bank – Nr. 14
  e3_a.tex:11: TODO \rechenplatz{n}: Schrittzahl des Grundfalls fehlt in der Bank (nur bei fester Schreibform, 2.3 b)
  e3_a.tex:20: TODO Titel: Ich-kann-Satz fehlt in der Bank (Platzhalter: Kettenname) – Nr. 15
  e3_a.tex:21: TODO Anweisung: ein Satz über der ersten Teilaufgabe fehlt in der Bank – Nr. 15
STRUKTUR 0 Fehler
