# zusammenbau v0.1: zusammenbau.py bedingte-wahrscheinlichkeit-und-bayes
VORLAGE mathblatt.sty: Version 2026-09-28a
EINHEITEN [1, 2, 3]
AUSWAHL bedingte-wahrscheinlichkeit-und-bayes-zone-f1-v1 – Zone f1 „Vierfeldertafel füllen und lesen (Rand, “, Sprosse 1: Variante 1; übergangen v2
AUSWAHL bedingte-wahrscheinlichkeit-und-bayes-zone-f1-v3 – Zone f1 „Vierfeldertafel füllen und lesen (Rand, “, Sprosse 2: kleinste Variante (v3; v1 fehlt)
WEG Zone f1 „Vierfeldertafel füllen und lesen (Rand, “ – Sprossen [3, 4, 5, 6] (Fallstricke) nicht bestellt (Zone ja: s1 und s2)
AUSWAHL bedingte-wahrscheinlichkeit-und-bayes-zone-f2-v1 – Zone f2 „Baumdiagramm und Pfadregeln (Produkt ent“, Sprosse 1: Variante 1; übergangen v2
AUSWAHL bedingte-wahrscheinlichkeit-und-bayes-zone-f2-v3 – Zone f2 „Baumdiagramm und Pfadregeln (Produkt ent“, Sprosse 2: kleinste Variante (v3; v1 fehlt)
WEG Zone f2 „Baumdiagramm und Pfadregeln (Produkt ent“ – Sprossen [3, 4] (Fallstricke) nicht bestellt (Zone ja: s1 und s2)
AUSWAHL bedingte-wahrscheinlichkeit-und-bayes-zone-f3-v1 – Zone f3 „Anteile und Prozentsätze umrechnen, Quot“, Sprosse 1: Variante 1; übergangen v2
AUSWAHL bedingte-wahrscheinlichkeit-und-bayes-zone-f3-v3 – Zone f3 „Anteile und Prozentsätze umrechnen, Quot“, Sprosse 2: kleinste Variante (v3; v1 fehlt)
WEG Zone f3 „Anteile und Prozentsätze umrechnen, Quot“ – Sprossen [3, 4] (Fallstricke) nicht bestellt (Zone ja: s1 und s2)
AUSWAHL bedingte-wahrscheinlichkeit-und-bayes-zone-f4-v1 – Zone f4 „Brüche mit Termen vergleichen (Zähler ko“, Sprosse 1: Variante 1; übergangen v2
AUSWAHL bedingte-wahrscheinlichkeit-und-bayes-zone-f4-v3 – Zone f4 „Brüche mit Termen vergleichen (Zähler ko“, Sprosse 2: kleinste Variante (v3; v1 fehlt)
WEG Zone f4 „Brüche mit Termen vergleichen (Zähler ko“ – Sprossen [3, 4] (Fallstricke) nicht bestellt (Zone ja: s1 und s2)
AUSWAHL bedingte-wahrscheinlichkeit-und-bayes-zone-f5-v1 – Zone f5 „Graphen lesen (Funktionswert zu Stelle, “, Sprosse 1: Variante 1; übergangen v2
AUSWAHL bedingte-wahrscheinlichkeit-und-bayes-zone-f5-v3 – Zone f5 „Graphen lesen (Funktionswert zu Stelle, “, Sprosse 2: kleinste Variante (v3; v1 fehlt)
WEG Zone f5 „Graphen lesen (Funktionswert zu Stelle, “ – Sprossen [3, 4] (Fallstricke) nicht bestellt (Zone ja: s1 und s2)
AUSWAHL bedingte-wahrscheinlichkeit-und-bayes-zone-f1-v6 – Zone-Paar, Fehler finden
AUSWAHL bedingte-wahrscheinlichkeit-und-bayes-zone-f1-v7 – Zone-Paar, gleichartige Rechenaufgabe
AUSWAHL bedingte-wahrscheinlichkeit-und-bayes-e1-k1-s0-v1 – e1 k1 „Der Quotient“ (verfahren), Sprosse 0: Variante 1; übergangen v2, v3, v4
AUSWAHL bedingte-wahrscheinlichkeit-und-bayes-e1-k1-s1-v1 – e1 k1 „Der Quotient“ (verfahren), Sprosse 1: Variante 1; übergangen v2, v3, v4, v5
AUSWAHL bedingte-wahrscheinlichkeit-und-bayes-e1-k1-s2-v1 – e1 k1 „Der Quotient“ (verfahren), Sprosse 2: Variante 1; übergangen v2, v3
AUSWAHL bedingte-wahrscheinlichkeit-und-bayes-e1-k1-s3-v1 – e1 k1 „Der Quotient“ (verfahren), Sprosse 3: Variante 1; übergangen v2, v3
AUSWAHL bedingte-wahrscheinlichkeit-und-bayes-e1-k1-s4-v1 – e1 k1 „Der Quotient“ (verfahren), Sprosse 4: Variante 1; übergangen v2, v3
KETTE e1 k1 „Der Quotient“ (verfahren) → eine Hauptnummer
AUSWAHL bedingte-wahrscheinlichkeit-und-bayes-e1-k2-s1-v1 – e1 k2 „Der Quotient“ (pflicht), Sprosse 1: Variante 1; übergangen v2, v3
AUSWAHL bedingte-wahrscheinlichkeit-und-bayes-e1-k2-s2-v1 – e1 k2 „Der Quotient“ (pflicht), Sprosse 2: Variante 1; übergangen v2, v3
AUSWAHL bedingte-wahrscheinlichkeit-und-bayes-e1-k2-s3-v1 – e1 k2 „Der Quotient“ (pflicht), Sprosse 3: Variante 1; übergangen v2, v3
KETTE e1 k2 „Der Quotient“ (pflicht) → eine Hauptnummer
AUSWAHL bedingte-wahrscheinlichkeit-und-bayes-e2-k1-s0-v1 – e2 k1 „Bayes“ (verfahren), Sprosse 0: Variante 1; übergangen v2, v3, v4
AUSWAHL bedingte-wahrscheinlichkeit-und-bayes-e2-k1-s1-v1 – e2 k1 „Bayes“ (verfahren), Sprosse 1: Variante 1; übergangen v2, v3, v4, v5
AUSWAHL bedingte-wahrscheinlichkeit-und-bayes-e2-k1-s2-v1 – e2 k1 „Bayes“ (verfahren), Sprosse 2: Variante 1; übergangen v2, v3
AUSWAHL bedingte-wahrscheinlichkeit-und-bayes-e2-k1-s3-v1 – e2 k1 „Bayes“ (verfahren), Sprosse 3: Variante 1; übergangen v2, v3
AUSWAHL bedingte-wahrscheinlichkeit-und-bayes-e2-k1-s4-v1 – e2 k1 „Bayes“ (verfahren), Sprosse 4: Variante 1; übergangen v2, v3
AUSWAHL bedingte-wahrscheinlichkeit-und-bayes-e2-k1-s5-v1 – e2 k1 „Bayes“ (verfahren), Sprosse 5: Variante 1; übergangen v2
KETTE e2 k1 „Bayes“ (verfahren) → eine Hauptnummer
AUSWAHL bedingte-wahrscheinlichkeit-und-bayes-e2-k2-s1-v1 – e2 k2 „Bayes“ (pflicht), Sprosse 1: Variante 1; übergangen v2, v3
AUSWAHL bedingte-wahrscheinlichkeit-und-bayes-e2-k2-s2-v1 – e2 k2 „Bayes“ (pflicht), Sprosse 2: Variante 1; übergangen v2, v3
AUSWAHL bedingte-wahrscheinlichkeit-und-bayes-e2-k2-s3-v1 – e2 k2 „Bayes“ (pflicht), Sprosse 3: Variante 1; übergangen v2, v3
AUSWAHL bedingte-wahrscheinlichkeit-und-bayes-e2-k2-s4-v1 – e2 k2 „Bayes“ (pflicht), Sprosse 4: Variante 1; übergangen v2, v3
KETTE e2 k2 „Bayes“ (pflicht) → eine Hauptnummer
AUSWAHL bedingte-wahrscheinlichkeit-und-bayes-e3-k1-s0-v1 – e3 k1 „Mit Parameter“ (verfahren), Sprosse 0: Variante 1; übergangen v2, v3, v4
AUSWAHL bedingte-wahrscheinlichkeit-und-bayes-e3-k1-s1-v1 – e3 k1 „Mit Parameter“ (verfahren), Sprosse 1: Variante 1; übergangen v2, v3, v4, v5
AUSWAHL bedingte-wahrscheinlichkeit-und-bayes-e3-k1-s2-v1 – e3 k1 „Mit Parameter“ (verfahren), Sprosse 2: Variante 1; übergangen v2, v3
AUSWAHL bedingte-wahrscheinlichkeit-und-bayes-e3-k1-s3-v1 – e3 k1 „Mit Parameter“ (verfahren), Sprosse 3: Variante 1; übergangen v2, v3
AUSWAHL bedingte-wahrscheinlichkeit-und-bayes-e3-k1-s4-v1 – e3 k1 „Mit Parameter“ (verfahren), Sprosse 4: Variante 1; übergangen v2, v3
AUSWAHL bedingte-wahrscheinlichkeit-und-bayes-e3-k1-s5-v1 – e3 k1 „Mit Parameter“ (verfahren), Sprosse 5: Variante 1; übergangen v2
KETTE e3 k1 „Mit Parameter“ (verfahren) → eine Hauptnummer
AUSWAHL bedingte-wahrscheinlichkeit-und-bayes-e3-k2-s1-v1 – e3 k2 „Mit Parameter“ (pflicht), Sprosse 1: Variante 1; übergangen v2, v3
AUSWAHL bedingte-wahrscheinlichkeit-und-bayes-e3-k2-s2-v1 – e3 k2 „Mit Parameter“ (pflicht), Sprosse 2: Variante 1; übergangen v2, v3
AUSWAHL bedingte-wahrscheinlichkeit-und-bayes-e3-k2-s3-v1 – e3 k2 „Mit Parameter“ (pflicht), Sprosse 3: Variante 1; übergangen v2, v3
KETTE e3 k2 „Mit Parameter“ (pflicht) → eine Hauptnummer
KOPF Einheit 1: „Einheit 1 von 3 · Der Quotient“; Marken „BE Q2 · BB Q2 · GK · Abitur GK · Abitur LK“ → Zeitmarke „None“, Prüfungswort „Abitur GK“
KOPF Einheit 2: „Einheit 2 von 3 · Bayes“; Marken „BE Q2 · BB Q2 · GK · Abitur GK · Abitur LK“ → Zeitmarke „None“, Prüfungswort „Abitur GK“
KOPF Einheit 3: „Einheit 3 von 3 · Mit Parameter“; Marken „BE Q2 · BB Q2 · GK · Abitur GK · Abitur LK“ → Zeitmarke „None“, Prüfungswort „Abitur GK“
TODO 36 Stellen in den Quelltexten:
  abhaken.tex:2: TODO Ich-kann-Sätze: Platzhalter wie in den Aufgabendateien
  blatt0_a.tex:5: TODO Titel: Ich-kann-Satz fehlt in der Bank (Platzhalter: Kettenname) – Nr. 1
  blatt0_a.tex:6: TODO Anweisung: ein Satz über der ersten Teilaufgabe fehlt in der Bank – Nr. 1
  blatt0_a.tex:17: TODO Titel: Ich-kann-Satz fehlt in der Bank (Platzhalter: Kettenname) – Nr. 2
  blatt0_a.tex:18: TODO Anweisung: ein Satz über der ersten Teilaufgabe fehlt in der Bank – Nr. 2
  blatt0_a.tex:29: TODO Titel: Ich-kann-Satz fehlt in der Bank (Platzhalter: Kettenname) – Nr. 3
  blatt0_a.tex:30: TODO Anweisung: ein Satz über der ersten Teilaufgabe fehlt in der Bank – Nr. 3
  blatt0_a.tex:38: TODO Titel: Ich-kann-Satz fehlt in der Bank (Platzhalter: Kettenname) – Nr. 4
  blatt0_a.tex:39: TODO Anweisung: ein Satz über der ersten Teilaufgabe fehlt in der Bank – Nr. 4
  blatt0_a.tex:47: TODO Titel: Ich-kann-Satz fehlt in der Bank (Platzhalter: Kettenname) – Nr. 5
  blatt0_a.tex:48: TODO Anweisung: ein Satz über der ersten Teilaufgabe fehlt in der Bank – Nr. 5
  blatt0_a.tex:62: TODO Titel: Ich-kann-Satz fehlt in der Bank (Platzhalter: Kettenname) – Nr. 6
  blatt0_a.tex:63: TODO Anweisung: ein Satz über der ersten Teilaufgabe fehlt in der Bank – Nr. 6
  blatt0_a.tex:72: TODO Titel: Ich-kann-Satz fehlt in der Bank (Platzhalter: Kettenname) – Nr. 7
  blatt0_a.tex:73: TODO Anweisung: ein Satz über der ersten Teilaufgabe fehlt in der Bank – Nr. 7
  e1_a.tex:2: TODO Zeitmarke Einheit 1: Marken-Zeile nicht lesbar
  e1_a.tex:3: TODO Zweigzeile Teil 1: was hier gelernt wird (Satz in Schülersprache aus dem Einheitstitel) – Einheit 1
  e1_a.tex:8: TODO Titel: Ich-kann-Satz fehlt in der Bank (Platzhalter: Kettenname) – Nr. 8
  e1_a.tex:9: TODO Anweisung: ein Satz über der ersten Teilaufgabe fehlt in der Bank – Nr. 8
  e1_a.tex:11: TODO \rechenplatz{n}: Schrittzahl des Grundfalls fehlt in der Bank (nur bei fester Schreibform, 2.3 b)
  e1_a.tex:28: TODO Titel: Ich-kann-Satz fehlt in der Bank (Platzhalter: Kettenname) – Nr. 9
  e1_a.tex:29: TODO Anweisung: ein Satz über der ersten Teilaufgabe fehlt in der Bank – Nr. 9
  e2_a.tex:2: TODO Zeitmarke Einheit 2: Marken-Zeile nicht lesbar
  e2_a.tex:3: TODO Zweigzeile Teil 1: was hier gelernt wird (Satz in Schülersprache aus dem Einheitstitel) – Einheit 2
  e2_a.tex:8: TODO Titel: Ich-kann-Satz fehlt in der Bank (Platzhalter: Kettenname) – Nr. 10
  e2_a.tex:9: TODO Anweisung: ein Satz über der ersten Teilaufgabe fehlt in der Bank – Nr. 10
  e2_a.tex:11: TODO \rechenplatz{n}: Schrittzahl des Grundfalls fehlt in der Bank (nur bei fester Schreibform, 2.3 b)
  e2_a.tex:25: TODO Titel: Ich-kann-Satz fehlt in der Bank (Platzhalter: Kettenname) – Nr. 11
  e2_a.tex:26: TODO Anweisung: ein Satz über der ersten Teilaufgabe fehlt in der Bank – Nr. 11
  e3_a.tex:2: TODO Zeitmarke Einheit 3: Marken-Zeile nicht lesbar
  e3_a.tex:3: TODO Zweigzeile Teil 1: was hier gelernt wird (Satz in Schülersprache aus dem Einheitstitel) – Einheit 3
  e3_a.tex:8: TODO Titel: Ich-kann-Satz fehlt in der Bank (Platzhalter: Kettenname) – Nr. 12
  e3_a.tex:9: TODO Anweisung: ein Satz über der ersten Teilaufgabe fehlt in der Bank – Nr. 12
  e3_a.tex:11: TODO \rechenplatz{n}: Schrittzahl des Grundfalls fehlt in der Bank (nur bei fester Schreibform, 2.3 b)
  e3_a.tex:26: TODO Titel: Ich-kann-Satz fehlt in der Bank (Platzhalter: Kettenname) – Nr. 13
  e3_a.tex:27: TODO Anweisung: ein Satz über der ersten Teilaufgabe fehlt in der Bank – Nr. 13
STRUKTUR 0 Fehler
