# zusammenbau v1.3: zusammenbau.py --zettel basis --nummer 19
VORRAT 64 Typen, 640 Aufgaben, davon 100 auf Zettel 1–10 (v0.5) verbraucht; Vorrat erschöpft ab Zettel 36
VORLAGE mathblatt.sty: Version 2026-09-28a
KENNUNG BAS-Z19 – Kürzel BAS (Basisvorrat, fest), Rezept Z (Zettel, v0.6); Inhalt von Zettel 19
HÖHE geschätzt 24.5 cm (Maß 24.5 cm), 18 Aufgaben (Ziel 16–18)
AUSWAHL Nr. 1: brueche-dezimalzahlen-basis-k2-v8 – Bruchteil einer Größe berechnen (Jahrgänge 2, Variante 8, Stufe 0, halbe Spalte)
AUSWAHL Nr. 2: potenzen-wurzeln-basis-k1-v7 – Exponent einer Potenz bestimmen (Jahrgänge 2, Variante 7, Stufe 0, halbe Spalte)
AUSWAHL Nr. 3: prozentrechnung-basis-k1-v6 – Grundwert berechnen (Jahrgänge 2, Variante 6, Stufe 0, halbe Spalte)
AUSWAHL Nr. 4: einheiten-basis-k5-v5 – Zeiteinheiten umrechnen (Jahrgänge 3, Variante 5, Stufe 0, halbe Spalte)
AUSWAHL Nr. 5: terme-basis-k1-v3 – Term durch Zusammenfassen gleichartiger Glieder vereinfachen (Jahrgänge 1, Variante 3, Stufe 0, halbe Spalte)
AUSWAHL Nr. 6: lineare-gleichungen-basis-k1-v12 – Lineare Gleichung lösen (Jahrgänge 4, Variante 12, Stufe 0, halbe Spalte)
AUSWAHL Nr. 7: flaechen-basis-k1-v3 – Rechteckseite aus Umfang berechnen (Jahrgänge 1, Variante 3, Stufe 0, halbe Spalte)
AUSWAHL Nr. 8: trigonometrie-basis-k1-v3 – Trigonometrische Gleichung nach Seite umstellen (Jahrgänge 1, Variante 3, Stufe 0, halbe Spalte)
AUSWAHL Nr. 9: daten-basis-k1-v6 – Arithmetisches Mittel berechnen (Jahrgänge 3, Variante 6, Stufe 0, halbe Spalte)
AUSWAHL Nr. 10: daten-basis-k3-v4 – Median bestimmen (Jahrgänge 2, Variante 4, Stufe 0, halbe Spalte)
AUSWAHL Nr. 11: daten-basis-k4-v2 – Spannweite berechnen (Jahrgänge 1, Variante 2, Stufe 0, volle Breite)
AUSWAHL Nr. 12: einheiten-basis-k4-v2 – Strecke aus Teilstrecken berechnen (Jahrgänge 1, Variante 2, Stufe 2, volle Breite)
AUSWAHL Nr. 13: quadratische-funktionen-basis-k4-v2 – Scheitelpunktform aufstellen (Jahrgänge 1, Variante 2, Stufe 2, volle Breite)
AUSWAHL Nr. 14: bruchrechnung-basis-k1-v8 – Wahrscheinlichkeit einstufig (Jahrgänge 3, Variante 8, Stufe 2, volle Breite)
AUSWAHL Nr. 15: wahrscheinlichkeit-basis-k2-v5 – Zufallsgerät zu Wahrscheinlichkeit entwerfen (Jahrgänge 3, Variante 5, Stufe 2, volle Breite)
SATZ Nr. 16: 3 kurze Ankreuzoptionen in einer Zeile
AUSWAHL Nr. 16: pythagoras-basis-k2-v2 – Satz des Pythagoras formulieren (Jahrgänge 1, Variante 2, Stufe 2, volle Breite)
SATZ Nr. 17: ksys ablesen → klein (Karo 3,5 mm)
AUSWAHL Nr. 17: quadratische-funktionen-basis-k2-v1 – Parabel verschieben (Jahrgänge 1, Variante 1, Stufe 3, volle Breite)
AUSWAHL Nr. 18: winkel-dreiecke-basis-k4-v3 – Winkel im Viereck berechnen (Jahrgänge 2, Variante 3, Stufe 3, volle Breite)
STRUKTUR 0 Fehler
