# zusammenbau v0.1: zusammenbau.py hypergeometrische-verteilung
VORLAGE mathblatt.sty: Version 2026-09-28a
EINHEITEN [1, 2]
AUSWAHL hypergeometrische-verteilung-zone-f1-v1 – Zone f1 „Binomialkoeffizient (n über k) als Anzah“, Sprosse 1: Variante 1; übergangen v2
AUSWAHL hypergeometrische-verteilung-zone-f1-v3 – Zone f1 „Binomialkoeffizient (n über k) als Anzah“, Sprosse 2: kleinste Variante (v3; v1 fehlt)
WEG Zone f1 „Binomialkoeffizient (n über k) als Anzah“ – Sprossen [3] (Fallstricke) nicht bestellt (Zone ja: s1 und s2)
AUSWAHL hypergeometrische-verteilung-zone-f2-v1 – Zone f2 „Pfadregeln ohne Zurücklegen (Bruchkette “, Sprosse 1: Variante 1; übergangen v2
AUSWAHL hypergeometrische-verteilung-zone-f2-v3 – Zone f2 „Pfadregeln ohne Zurücklegen (Bruchkette “, Sprosse 2: kleinste Variante (v3; v1 fehlt)
WEG Zone f2 „Pfadregeln ohne Zurücklegen (Bruchkette “ – Sprossen [3, 4, 5, 6] (Fallstricke) nicht bestellt (Zone ja: s1 und s2)
AUSWAHL hypergeometrische-verteilung-zone-f3-v1 – Zone f3 „Das Binomialmodell und seine Bedingungen“, Sprosse 1: Variante 1; übergangen v2
AUSWAHL hypergeometrische-verteilung-zone-f3-v3 – Zone f3 „Das Binomialmodell und seine Bedingungen“, Sprosse 2: kleinste Variante (v3; v1 fehlt)
WEG Zone f3 „Das Binomialmodell und seine Bedingungen“ – Sprossen [3] (Fallstricke) nicht bestellt (Zone ja: s1 und s2)
AUSWAHL hypergeometrische-verteilung-zone-f4-v1 – Zone f4 „Brüche multiplizieren und kürzen“, Sprosse 1: Variante 1; übergangen v2
AUSWAHL hypergeometrische-verteilung-zone-f4-v3 – Zone f4 „Brüche multiplizieren und kürzen“, Sprosse 2: kleinste Variante (v3; v1 fehlt)
WEG Zone f4 „Brüche multiplizieren und kürzen“ – Sprossen [3] (Fallstricke) nicht bestellt (Zone ja: s1 und s2)
AUSWAHL hypergeometrische-verteilung-zone-f2-v6 – Zone-Paar, Fehler finden
AUSWAHL hypergeometrische-verteilung-zone-f2-v7 – Zone-Paar, gleichartige Rechenaufgabe
AUSWAHL hypergeometrische-verteilung-e1-k1-s0-v1 – e1 k1 „Genau k ohne Zurücklegen“ (verfahren), Sprosse 0: Variante 1; übergangen v2, v3, v4
AUSWAHL hypergeometrische-verteilung-e1-k1-s1-v1 – e1 k1 „Genau k ohne Zurücklegen“ (verfahren), Sprosse 1: Variante 1; übergangen v2, v3, v4, v5
AUSWAHL hypergeometrische-verteilung-e1-k1-s2-v1 – e1 k1 „Genau k ohne Zurücklegen“ (verfahren), Sprosse 2: Variante 1; übergangen v2, v3
AUSWAHL hypergeometrische-verteilung-e1-k1-s3-v1 – e1 k1 „Genau k ohne Zurücklegen“ (verfahren), Sprosse 3: Variante 1; übergangen v2, v3
AUSWAHL hypergeometrische-verteilung-e1-k1-s4-v1 – e1 k1 „Genau k ohne Zurücklegen“ (verfahren), Sprosse 4: Variante 1; übergangen v2
KETTE e1 k1 „Genau k ohne Zurücklegen“ (verfahren) → eine Hauptnummer
AUSWAHL hypergeometrische-verteilung-e1-k2-s1-v1 – e1 k2 „Genau k ohne Zurücklegen“ (pflicht), Sprosse 1: Variante 1; übergangen v2, v3
AUSWAHL hypergeometrische-verteilung-e1-k2-s2-v1 – e1 k2 „Genau k ohne Zurücklegen“ (pflicht), Sprosse 2: Variante 1; übergangen v2, v3
AUSWAHL hypergeometrische-verteilung-e1-k2-s3-v1 – e1 k2 „Genau k ohne Zurücklegen“ (pflicht), Sprosse 3: Variante 1; übergangen v2, v3
KETTE e1 k2 „Genau k ohne Zurücklegen“ (pflicht) → eine Hauptnummer
AUSWAHL hypergeometrische-verteilung-e2-k1-s0-v1 – e2 k1 „Kumulieren“ (verfahren), Sprosse 0: Variante 1; übergangen v2, v3, v4
AUSWAHL hypergeometrische-verteilung-e2-k1-s1-v1 – e2 k1 „Kumulieren“ (verfahren), Sprosse 1: Variante 1; übergangen v2, v3, v4, v5
AUSWAHL hypergeometrische-verteilung-e2-k1-s2-v1 – e2 k1 „Kumulieren“ (verfahren), Sprosse 2: Variante 1; übergangen v2
KETTE e2 k1 „Kumulieren“ (verfahren) → eine Hauptnummer
AUSWAHL hypergeometrische-verteilung-e2-k2-s1-v1 – e2 k2 „Kumulieren“ (pflicht), Sprosse 1: Variante 1; übergangen v2, v3
AUSWAHL hypergeometrische-verteilung-e2-k2-s2-v1 – e2 k2 „Kumulieren“ (pflicht), Sprosse 2: Variante 1; übergangen v2, v3
KETTE e2 k2 „Kumulieren“ (pflicht) → eine Hauptnummer
KOPF Einheit 1: „Einheit 1 von 2 · Genau k Treffer ohne Zurücklegen: die Situation erkennen (feste kleine Gesamtheit, Ziehen ohne Zurücklegen“; Marken „BE Q2 · BB Q2 · GK · Abitur GK · Abitur LK“ → Zeitmarke „None“, Prüfungswort „Abitur GK“
KOPF Einheit 2: „Einheit 2 von 2 · Kumulieren gegen eine Schranke: hypergeometrische Einzelwahrscheinlichkeiten aufsummieren und die größte (oder kleinste) Trefferzahl gegen eine Schranke bestimmen“; Marken „BE Q2 · BB Q2 · GK · Abitur LK“ → Zeitmarke „None“, Prüfungswort „Abitur LK“
TODO 27 Stellen in den Quelltexten:
  abhaken.tex:2: TODO Ich-kann-Sätze: Platzhalter wie in den Aufgabendateien
  blatt0_a.tex:5: TODO Titel: Ich-kann-Satz fehlt in der Bank (Platzhalter: Kettenname) – Nr. 1
  blatt0_a.tex:6: TODO Anweisung: ein Satz über der ersten Teilaufgabe fehlt in der Bank – Nr. 1
  blatt0_a.tex:14: TODO Titel: Ich-kann-Satz fehlt in der Bank (Platzhalter: Kettenname) – Nr. 2
  blatt0_a.tex:15: TODO Anweisung: ein Satz über der ersten Teilaufgabe fehlt in der Bank – Nr. 2
  blatt0_a.tex:23: TODO Titel: Ich-kann-Satz fehlt in der Bank (Platzhalter: Kettenname) – Nr. 3
  blatt0_a.tex:24: TODO Anweisung: ein Satz über der ersten Teilaufgabe fehlt in der Bank – Nr. 3
  blatt0_a.tex:32: TODO Titel: Ich-kann-Satz fehlt in der Bank (Platzhalter: Kettenname) – Nr. 4
  blatt0_a.tex:33: TODO Anweisung: ein Satz über der ersten Teilaufgabe fehlt in der Bank – Nr. 4
  blatt0_a.tex:41: TODO Titel: Ich-kann-Satz fehlt in der Bank (Platzhalter: Kettenname) – Nr. 5
  blatt0_a.tex:42: TODO Anweisung: ein Satz über der ersten Teilaufgabe fehlt in der Bank – Nr. 5
  blatt0_a.tex:49: TODO Titel: Ich-kann-Satz fehlt in der Bank (Platzhalter: Kettenname) – Nr. 6
  blatt0_a.tex:50: TODO Anweisung: ein Satz über der ersten Teilaufgabe fehlt in der Bank – Nr. 6
  e1_a.tex:2: TODO Zeitmarke Einheit 1: Marken-Zeile nicht lesbar
  e1_a.tex:3: TODO Zweigzeile Teil 1: was hier gelernt wird (Satz in Schülersprache aus dem Einheitstitel) – Einheit 1
  e1_a.tex:8: TODO Titel: Ich-kann-Satz fehlt in der Bank (Platzhalter: Kettenname) – Nr. 7
  e1_a.tex:9: TODO Anweisung: ein Satz über der ersten Teilaufgabe fehlt in der Bank – Nr. 7
  e1_a.tex:11: TODO \rechenplatz{n}: Schrittzahl des Grundfalls fehlt in der Bank (nur bei fester Schreibform, 2.3 b)
  e1_a.tex:21: TODO Titel: Ich-kann-Satz fehlt in der Bank (Platzhalter: Kettenname) – Nr. 8
  e1_a.tex:22: TODO Anweisung: ein Satz über der ersten Teilaufgabe fehlt in der Bank – Nr. 8
  e2_a.tex:2: TODO Zeitmarke Einheit 2: Marken-Zeile nicht lesbar
  e2_a.tex:3: TODO Zweigzeile Teil 1: was hier gelernt wird (Satz in Schülersprache aus dem Einheitstitel) – Einheit 2
  e2_a.tex:8: TODO Titel: Ich-kann-Satz fehlt in der Bank (Platzhalter: Kettenname) – Nr. 9
  e2_a.tex:9: TODO Anweisung: ein Satz über der ersten Teilaufgabe fehlt in der Bank – Nr. 9
  e2_a.tex:11: TODO \rechenplatz{n}: Schrittzahl des Grundfalls fehlt in der Bank (nur bei fester Schreibform, 2.3 b)
  e2_a.tex:19: TODO Titel: Ich-kann-Satz fehlt in der Bank (Platzhalter: Kettenname) – Nr. 10
  e2_a.tex:20: TODO Anweisung: ein Satz über der ersten Teilaufgabe fehlt in der Bank – Nr. 10
STRUKTUR 0 Fehler
