# zusammenbau v0.1: zusammenbau.py tangente-normale-schnittwinkel
VORLAGE mathblatt.sty: Version 2026-09-28a
EINHEITEN [1, 2, 3, 4, 5]
AUSWAHL tangente-normale-schnittwinkel-zone-f1-v1 – Zone f1 „Ableitungen bilden“, Sprosse 1: Variante 1; übergangen v2
AUSWAHL tangente-normale-schnittwinkel-zone-f1-v3 – Zone f1 „Ableitungen bilden“, Sprosse 2: kleinste Variante (v3; v1 fehlt)
WEG Zone f1 „Ableitungen bilden“ – Sprossen [3] (Fallstricke) nicht bestellt (Zone ja: s1 und s2)
AUSWAHL tangente-normale-schnittwinkel-zone-f2-v1 – Zone f2 „Ableitungswert als Tangentensteigung deu“, Sprosse 1: Variante 1; übergangen v2
AUSWAHL tangente-normale-schnittwinkel-zone-f2-v3 – Zone f2 „Ableitungswert als Tangentensteigung deu“, Sprosse 2: kleinste Variante (v3; v1 fehlt)
WEG Zone f2 „Ableitungswert als Tangentensteigung deu“ – Sprossen [3, 4, 5] (Fallstricke) nicht bestellt (Zone ja: s1 und s2)
AUSWAHL tangente-normale-schnittwinkel-zone-f3-v1 – Zone f3 „Geradengleichung y = mx + n aus Steigung“, Sprosse 1: Variante 1; übergangen v2
AUSWAHL tangente-normale-schnittwinkel-zone-f3-v3 – Zone f3 „Geradengleichung y = mx + n aus Steigung“, Sprosse 2: kleinste Variante (v3; v1 fehlt)
WEG Zone f3 „Geradengleichung y = mx + n aus Steigung“ – Sprossen [3] (Fallstricke) nicht bestellt (Zone ja: s1 und s2)
AUSWAHL tangente-normale-schnittwinkel-zone-f4-v1 – Zone f4 „Gleichungen lösen“, Sprosse 1: Variante 1; übergangen v2
AUSWAHL tangente-normale-schnittwinkel-zone-f4-v3 – Zone f4 „Gleichungen lösen“, Sprosse 2: kleinste Variante (v3; v1 fehlt)
WEG Zone f4 „Gleichungen lösen“ – Sprossen [3] (Fallstricke) nicht bestellt (Zone ja: s1 und s2)
AUSWAHL tangente-normale-schnittwinkel-zone-f5-v1 – Zone f5 „Tangens im rechtwinkligen Dreieck und Um“, Sprosse 1: Variante 1; übergangen v2
AUSWAHL tangente-normale-schnittwinkel-zone-f5-v3 – Zone f5 „Tangens im rechtwinkligen Dreieck und Um“, Sprosse 2: kleinste Variante (v3; v1 fehlt)
WEG Zone f5 „Tangens im rechtwinkligen Dreieck und Um“ – Sprossen [3] (Fallstricke) nicht bestellt (Zone ja: s1 und s2)
AUSWAHL tangente-normale-schnittwinkel-zone-f6-v1 – Zone f6 „Satz des Pythagoras und Flächenformel de“, Sprosse 1: Variante 1; übergangen v2
AUSWAHL tangente-normale-schnittwinkel-zone-f6-v3 – Zone f6 „Satz des Pythagoras und Flächenformel de“, Sprosse 2: kleinste Variante (v3; v1 fehlt)
WEG Zone f6 „Satz des Pythagoras und Flächenformel de“ – Sprossen [3] (Fallstricke) nicht bestellt (Zone ja: s1 und s2)
AUSWAHL tangente-normale-schnittwinkel-zone-f2-v5 – Zone-Paar, Fehler finden
AUSWAHL tangente-normale-schnittwinkel-zone-f2-v6 – Zone-Paar, gleichartige Rechenaufgabe
AUSWAHL tangente-normale-schnittwinkel-e1-k1-s0-v1 – e1 k1 „Tangentengleichung“ (verfahren), Sprosse 0: Variante 1; übergangen v2, v3, v4
AUSWAHL tangente-normale-schnittwinkel-e1-k1-s1-v1 – e1 k1 „Tangentengleichung“ (verfahren), Sprosse 1: Variante 1; übergangen v2, v3, v4, v5
AUSWAHL tangente-normale-schnittwinkel-e1-k1-s2-v1 – e1 k1 „Tangentengleichung“ (verfahren), Sprosse 2: Variante 1; übergangen v2, v3
AUSWAHL tangente-normale-schnittwinkel-e1-k1-s3-v1 – e1 k1 „Tangentengleichung“ (verfahren), Sprosse 3: Variante 1; übergangen v2, v3
AUSWAHL tangente-normale-schnittwinkel-e1-k1-s4-v1 – e1 k1 „Tangentengleichung“ (verfahren), Sprosse 4: Variante 1; übergangen v2, v3
AUSWAHL tangente-normale-schnittwinkel-e1-k1-s5-v1 – e1 k1 „Tangentengleichung“ (verfahren), Sprosse 5: Variante 1; übergangen v2, v3
AUSWAHL tangente-normale-schnittwinkel-e1-k1-s6-v1 – e1 k1 „Tangentengleichung“ (verfahren), Sprosse 6: Variante 1; übergangen v2, v3
AUSWAHL tangente-normale-schnittwinkel-e1-k1-s7-v1 – e1 k1 „Tangentengleichung“ (verfahren), Sprosse 7: Variante 1; übergangen v2, v3
AUSWAHL tangente-normale-schnittwinkel-e1-k1-s8-v1 – e1 k1 „Tangentengleichung“ (verfahren), Sprosse 8: Variante 1; übergangen v2, v3
AUSWAHL tangente-normale-schnittwinkel-e1-k1-s9-v1 – e1 k1 „Tangentengleichung“ (verfahren), Sprosse 9: Variante 1; übergangen v2, v3
AUSWAHL tangente-normale-schnittwinkel-e1-k1-s10-v1 – e1 k1 „Tangentengleichung“ (verfahren), Sprosse 10: Variante 1; übergangen v2, v3, v4, v5, v6
KETTE e1 k1 „Tangentengleichung“ (verfahren) → eine Hauptnummer
AUSWAHL tangente-normale-schnittwinkel-e1-k2-s1-v1 – e1 k2 „Stellen, deren Tangente die y-Achse oberhalb einer Schranke schneidet, über eine Ungleichung bestimmen“ (ohne), Sprosse 1: Variante 1; übergangen v2, v3
KETTE e1 k2 „Stellen, deren Tangente die y-Achse oberhalb einer Schranke schneidet, über eine Ungleichung bestimmen“ (ohne) → eine Hauptnummer
AUSWAHL tangente-normale-schnittwinkel-e1-k3-s1-v1 – e1 k3 „Parallelität der Wendetangenten einer Schar über eine parameterunabhängige Steigung nachweisen“ (ohne), Sprosse 1: Variante 1; übergangen v2, v3
KETTE e1 k3 „Parallelität der Wendetangenten einer Schar über eine parameterunabhängige Steigung nachweisen“ (ohne) → eine Hauptnummer
AUSWAHL tangente-normale-schnittwinkel-e1-k4-s1-v1 – e1 k4 „Tangentengleichung“ (pflicht), Sprosse 1: Variante 1; übergangen v2, v3
AUSWAHL tangente-normale-schnittwinkel-e1-k4-s2-v1 – e1 k4 „Tangentengleichung“ (pflicht), Sprosse 2: Variante 1; übergangen v2, v3
KETTE e1 k4 „Tangentengleichung“ (pflicht) → eine Hauptnummer
AUSWAHL tangente-normale-schnittwinkel-e2-k1-s0-v1 – e2 k1 „Berührung nachweisen“ (verfahren), Sprosse 0: Variante 1; übergangen v2, v3, v4
AUSWAHL tangente-normale-schnittwinkel-e2-k1-s1-v1 – e2 k1 „Berührung nachweisen“ (verfahren), Sprosse 1: Variante 1; übergangen v2, v3, v4, v5
AUSWAHL tangente-normale-schnittwinkel-e2-k1-s2-v1 – e2 k1 „Berührung nachweisen“ (verfahren), Sprosse 2: Variante 1; übergangen v2, v3
AUSWAHL tangente-normale-schnittwinkel-e2-k1-s3-v1 – e2 k1 „Berührung nachweisen“ (verfahren), Sprosse 3: Variante 1; übergangen v2, v3
AUSWAHL tangente-normale-schnittwinkel-e2-k1-s4-v1 – e2 k1 „Berührung nachweisen“ (verfahren), Sprosse 4: Variante 1; übergangen v2, v3
AUSWAHL tangente-normale-schnittwinkel-e2-k1-s5-v1 – e2 k1 „Berührung nachweisen“ (verfahren), Sprosse 5: Variante 1; übergangen v2, v3
AUSWAHL tangente-normale-schnittwinkel-e2-k1-s6-v1 – e2 k1 „Berührung nachweisen“ (verfahren), Sprosse 6: Variante 1; übergangen v2, v3
AUSWAHL tangente-normale-schnittwinkel-e2-k1-s7-v1 – e2 k1 „Berührung nachweisen“ (verfahren), Sprosse 7: Variante 1; übergangen v2, v3
AUSWAHL tangente-normale-schnittwinkel-e2-k1-s8-v1 – e2 k1 „Berührung nachweisen“ (verfahren), Sprosse 8: Variante 1; übergangen v2, v3
AUSWAHL tangente-normale-schnittwinkel-e2-k1-s9-v1 – e2 k1 „Berührung nachweisen“ (verfahren), Sprosse 9: Variante 1; übergangen v2, v3, v4, v5, v6
KETTE e2 k1 „Berührung nachweisen“ (verfahren) → eine Hauptnummer
AUSWAHL tangente-normale-schnittwinkel-e2-k2-s1-v1 – e2 k2 „Berührpunkt einer Tangente durch einen vorgegebenen Punkt berechnen“ (ohne), Sprosse 1: Variante 1; übergangen v2, v3
KETTE e2 k2 „Berührpunkt einer Tangente durch einen vorgegebenen Punkt berechnen“ (ohne) → eine Hauptnummer
AUSWAHL tangente-normale-schnittwinkel-e2-k3-s1-v1 – e2 k3 „Zeitpunkt bei gleichbleibender Änderungsrate über den Schnitt der Tangente mit der Zeitachse grafisch bestimmen“ (ohne), Sprosse 1: Variante 1; übergangen v2, v3
KETTE e2 k3 „Zeitpunkt bei gleichbleibender Änderungsrate über den Schnitt der Tangente mit der Zeitachse grafisch bestimmen“ (ohne) → eine Hauptnummer
AUSWAHL tangente-normale-schnittwinkel-e2-k4-s1-v1 – e2 k4 „Lage zweier Graphen mit gemeinsamen Endpunkten über die Steigungen in den Endpunkten begründen“ (ohne), Sprosse 1: Variante 1; übergangen v2, v3
KETTE e2 k4 „Lage zweier Graphen mit gemeinsamen Endpunkten über die Steigungen in den Endpunkten begründen“ (ohne) → eine Hauptnummer
AUSWAHL tangente-normale-schnittwinkel-e2-k5-s1-v1 – e2 k5 „Berührung nachweisen“ (pflicht), Sprosse 1: Variante 1; übergangen v2, v3
AUSWAHL tangente-normale-schnittwinkel-e2-k5-s2-v1 – e2 k5 „Berührung nachweisen“ (pflicht), Sprosse 2: Variante 1; übergangen v2, v3
KETTE e2 k5 „Berührung nachweisen“ (pflicht) → eine Hauptnummer
AUSWAHL tangente-normale-schnittwinkel-e3-k1-s0-v1 – e3 k1 „Normale“ (verfahren), Sprosse 0: Variante 1; übergangen v2, v3, v4
AUSWAHL tangente-normale-schnittwinkel-e3-k1-s1-v1 – e3 k1 „Normale“ (verfahren), Sprosse 1: Variante 1; übergangen v2, v3, v4, v5
AUSWAHL tangente-normale-schnittwinkel-e3-k1-s2-v1 – e3 k1 „Normale“ (verfahren), Sprosse 2: Variante 1; übergangen v2, v3
AUSWAHL tangente-normale-schnittwinkel-e3-k1-s3-v1 – e3 k1 „Normale“ (verfahren), Sprosse 3: Variante 1; übergangen v2, v3
AUSWAHL tangente-normale-schnittwinkel-e3-k1-s4-v1 – e3 k1 „Normale“ (verfahren), Sprosse 4: Variante 1; übergangen v2, v3
AUSWAHL tangente-normale-schnittwinkel-e3-k1-s5-v1 – e3 k1 „Normale“ (verfahren), Sprosse 5: Variante 1; übergangen v2, v3
AUSWAHL tangente-normale-schnittwinkel-e3-k1-s6-v1 – e3 k1 „Normale“ (verfahren), Sprosse 6: Variante 1; übergangen v2, v3
AUSWAHL tangente-normale-schnittwinkel-e3-k1-s7-v1 – e3 k1 „Normale“ (verfahren), Sprosse 7: Variante 1; übergangen v2
KETTE e3 k1 „Normale“ (verfahren) → eine Hauptnummer
AUSWAHL tangente-normale-schnittwinkel-e3-k2-s1-v1 – e3 k2 „Normale“ (pflicht), Sprosse 1: Variante 1; übergangen v2, v3
AUSWAHL tangente-normale-schnittwinkel-e3-k2-s2-v1 – e3 k2 „Normale“ (pflicht), Sprosse 2: Variante 1; übergangen v2, v3
KETTE e3 k2 „Normale“ (pflicht) → eine Hauptnummer
AUSWAHL tangente-normale-schnittwinkel-e4-k1-s0-v1 – e4 k1 „Winkel“ (verfahren), Sprosse 0: Variante 1; übergangen v2, v3, v4
AUSWAHL tangente-normale-schnittwinkel-e4-k1-s1-v1 – e4 k1 „Winkel“ (verfahren), Sprosse 1: Variante 1; übergangen v2, v3, v4, v5
AUSWAHL tangente-normale-schnittwinkel-e4-k1-s2-v1 – e4 k1 „Winkel“ (verfahren), Sprosse 2: Variante 1; übergangen v2, v3
AUSWAHL tangente-normale-schnittwinkel-e4-k1-s3-v1 – e4 k1 „Winkel“ (verfahren), Sprosse 3: Variante 1; übergangen v2, v3
AUSWAHL tangente-normale-schnittwinkel-e4-k1-s4-v1 – e4 k1 „Winkel“ (verfahren), Sprosse 4: Variante 1; übergangen v2, v3
AUSWAHL tangente-normale-schnittwinkel-e4-k1-s5-v1 – e4 k1 „Winkel“ (verfahren), Sprosse 5: Variante 1; übergangen v2, v3
AUSWAHL tangente-normale-schnittwinkel-e4-k1-s6-v1 – e4 k1 „Winkel“ (verfahren), Sprosse 6: Variante 1; übergangen v2, v3
AUSWAHL tangente-normale-schnittwinkel-e4-k1-s7-v1 – e4 k1 „Winkel“ (verfahren), Sprosse 7: Variante 1; übergangen v2, v3
AUSWAHL tangente-normale-schnittwinkel-e4-k1-s8-v1 – e4 k1 „Winkel“ (verfahren), Sprosse 8: Variante 1; übergangen v2, v3
AUSWAHL tangente-normale-schnittwinkel-e4-k1-s9-v1 – e4 k1 „Winkel“ (verfahren), Sprosse 9: Variante 1; übergangen v2, v3
AUSWAHL tangente-normale-schnittwinkel-e4-k1-s10-v1 – e4 k1 „Winkel“ (verfahren), Sprosse 10: Variante 1; übergangen v2, v3, v4, v5, v6
KETTE e4 k1 „Winkel“ (verfahren) → eine Hauptnummer
AUSWAHL tangente-normale-schnittwinkel-e4-k2-s1-v1 – e4 k2 „Steigungswinkel einer Tangente als größten Kippwinkel im Sachzusammenhang deuten“ (ohne), Sprosse 1: Variante 1; übergangen v2, v3
KETTE e4 k2 „Steigungswinkel einer Tangente als größten Kippwinkel im Sachzusammenhang deuten“ (ohne) → eine Hauptnummer
AUSWAHL tangente-normale-schnittwinkel-e4-k3-s1-v1 – e4 k3 „Winkel“ (pflicht), Sprosse 1: Variante 1; übergangen v2, v3
AUSWAHL tangente-normale-schnittwinkel-e4-k3-s2-v1 – e4 k3 „Winkel“ (pflicht), Sprosse 2: Variante 1; übergangen v2, v3
KETTE e4 k3 „Winkel“ (pflicht) → eine Hauptnummer
AUSWAHL tangente-normale-schnittwinkel-e5-k1-s0-v1 – e5 k1 „Dreiecke und Figuren“ (verfahren), Sprosse 0: Variante 1; übergangen v2, v3, v4
AUSWAHL tangente-normale-schnittwinkel-e5-k1-s1-v1 – e5 k1 „Dreiecke und Figuren“ (verfahren), Sprosse 1: Variante 1; übergangen v2, v3, v4, v5
AUSWAHL tangente-normale-schnittwinkel-e5-k1-s2-v1 – e5 k1 „Dreiecke und Figuren“ (verfahren), Sprosse 2: Variante 1; übergangen v2, v3
AUSWAHL tangente-normale-schnittwinkel-e5-k1-s3-v1 – e5 k1 „Dreiecke und Figuren“ (verfahren), Sprosse 3: Variante 1; übergangen v2, v3
AUSWAHL tangente-normale-schnittwinkel-e5-k1-s4-v1 – e5 k1 „Dreiecke und Figuren“ (verfahren), Sprosse 4: Variante 1; übergangen v2, v3
AUSWAHL tangente-normale-schnittwinkel-e5-k1-s5-v1 – e5 k1 „Dreiecke und Figuren“ (verfahren), Sprosse 5: Variante 1; übergangen v2, v3
AUSWAHL tangente-normale-schnittwinkel-e5-k1-s6-v1 – e5 k1 „Dreiecke und Figuren“ (verfahren), Sprosse 6: Variante 1; übergangen v2, v3
AUSWAHL tangente-normale-schnittwinkel-e5-k1-s7-v1 – e5 k1 „Dreiecke und Figuren“ (verfahren), Sprosse 7: Variante 1; übergangen v2, v3
AUSWAHL tangente-normale-schnittwinkel-e5-k1-s8-v1 – e5 k1 „Dreiecke und Figuren“ (verfahren), Sprosse 8: Variante 1; übergangen v2, v3, v4, v5, v6
KETTE e5 k1 „Dreiecke und Figuren“ (verfahren) → eine Hauptnummer
AUSWAHL tangente-normale-schnittwinkel-e5-k2-s1-v1 – e5 k2 „Dreiecke und Figuren“ (pflicht), Sprosse 1: Variante 1; übergangen v2, v3
AUSWAHL tangente-normale-schnittwinkel-e5-k2-s2-v1 – e5 k2 „Dreiecke und Figuren“ (pflicht), Sprosse 2: Variante 1; übergangen v2, v3
KETTE e5 k2 „Dreiecke und Figuren“ (pflicht) → eine Hauptnummer
KOPF Einheit 1: „Einheit 1 von 5 · Tangentengleichung im Punkt“; Marken „BE Q1 · BB Q1 · GK · Abitur GK · Abitur LK · FHR“ → Zeitmarke „None“, Prüfungswort „Abitur GK“
WARNUNG Nr. 9: 11 Teilaufgaben, 2 mit Grafik – über dem Halbseitenmaß (2.3 g); v0.1 teilt nur im Fokus
KOPF Einheit 2: „Einheit 2 von 5 · Tangente als Berührung“; Marken „BE Q1 · BB Q1 · GK · Abitur GK · Abitur LK · FHR“ → Zeitmarke „None“, Prüfungswort „Abitur GK“
WARNUNG Nr. 13: 10 Teilaufgaben, 1 mit Grafik – über dem Halbseitenmaß (2.3 g); v0.1 teilt nur im Fokus
KOPF Einheit 3: „Einheit 3 von 5 · Normale“; Marken „BE Q1 · BB Q1 · GK · Abitur GK · Abitur LK · FHR“ → Zeitmarke „None“, Prüfungswort „Abitur GK“
KOPF Einheit 4: „Einheit 4 von 5 · Steigungswinkel und Schnittwinkel“; Marken „BE Q1 · BB Q1 · GK · Abitur GK · Abitur LK“ → Zeitmarke „None“, Prüfungswort „Abitur GK“
WARNUNG Nr. 20: 11 Teilaufgaben, 1 mit Grafik – über dem Halbseitenmaß (2.3 g); v0.1 teilt nur im Fokus
KOPF Einheit 5: „Einheit 5 von 5 · Dreiecke und Figuren aus Tangente, Normale und Achsen“; Marken „BE Q1 · BB Q1 · GK · Abitur GK · Abitur LK · FHR“ → Zeitmarke „None“, Prüfungswort „Abitur GK“
TODO 64 Stellen in den Quelltexten:
  abhaken.tex:2: TODO Ich-kann-Sätze: Platzhalter wie in den Aufgabendateien
  blatt0_a.tex:5: TODO Titel: Ich-kann-Satz fehlt in der Bank (Platzhalter: Kettenname) – Nr. 1
  blatt0_a.tex:6: TODO Anweisung: ein Satz über der ersten Teilaufgabe fehlt in der Bank – Nr. 1
  blatt0_a.tex:14: TODO Titel: Ich-kann-Satz fehlt in der Bank (Platzhalter: Kettenname) – Nr. 2
  blatt0_a.tex:15: TODO Anweisung: ein Satz über der ersten Teilaufgabe fehlt in der Bank – Nr. 2
  blatt0_a.tex:23: TODO Titel: Ich-kann-Satz fehlt in der Bank (Platzhalter: Kettenname) – Nr. 3
  blatt0_a.tex:24: TODO Anweisung: ein Satz über der ersten Teilaufgabe fehlt in der Bank – Nr. 3
  blatt0_a.tex:32: TODO Titel: Ich-kann-Satz fehlt in der Bank (Platzhalter: Kettenname) – Nr. 4
  blatt0_a.tex:33: TODO Anweisung: ein Satz über der ersten Teilaufgabe fehlt in der Bank – Nr. 4
  blatt0_a.tex:43: TODO Titel: Ich-kann-Satz fehlt in der Bank (Platzhalter: Kettenname) – Nr. 5
  blatt0_a.tex:44: TODO Anweisung: ein Satz über der ersten Teilaufgabe fehlt in der Bank – Nr. 5
  blatt0_a.tex:52: TODO Titel: Ich-kann-Satz fehlt in der Bank (Platzhalter: Kettenname) – Nr. 6
  blatt0_a.tex:53: TODO Anweisung: ein Satz über der ersten Teilaufgabe fehlt in der Bank – Nr. 6
  blatt0_a.tex:61: TODO Titel: Ich-kann-Satz fehlt in der Bank (Platzhalter: Kettenname) – Nr. 7
  blatt0_a.tex:62: TODO Anweisung: ein Satz über der ersten Teilaufgabe fehlt in der Bank – Nr. 7
  blatt0_a.tex:69: TODO Titel: Ich-kann-Satz fehlt in der Bank (Platzhalter: Kettenname) – Nr. 8
  blatt0_a.tex:70: TODO Anweisung: ein Satz über der ersten Teilaufgabe fehlt in der Bank – Nr. 8
  e1_a.tex:2: TODO Zeitmarke Einheit 1: Marken-Zeile nicht lesbar
  e1_a.tex:3: TODO Zweigzeile Teil 1: was hier gelernt wird (Satz in Schülersprache aus dem Einheitstitel) – Einheit 1
  e1_a.tex:8: TODO Titel: Ich-kann-Satz fehlt in der Bank (Platzhalter: Kettenname) – Nr. 9
  e1_a.tex:9: TODO Anweisung: ein Satz über der ersten Teilaufgabe fehlt in der Bank – Nr. 9
  e1_a.tex:11: TODO \rechenplatz{n}: Schrittzahl des Grundfalls fehlt in der Bank (nur bei fester Schreibform, 2.3 b)
  e1_a.tex:33: TODO Titel: Ich-kann-Satz fehlt in der Bank (Platzhalter: Kettenname) – Nr. 10
  e1_a.tex:34: TODO Anweisung: ein Satz über der ersten Teilaufgabe fehlt in der Bank – Nr. 10
  e1_a.tex:41: TODO Titel: Ich-kann-Satz fehlt in der Bank (Platzhalter: Kettenname) – Nr. 11
  e1_a.tex:42: TODO Anweisung: ein Satz über der ersten Teilaufgabe fehlt in der Bank – Nr. 11
  e1_a.tex:49: TODO Titel: Ich-kann-Satz fehlt in der Bank (Platzhalter: Kettenname) – Nr. 12
  e1_a.tex:50: TODO Anweisung: ein Satz über der ersten Teilaufgabe fehlt in der Bank – Nr. 12
  e2_a.tex:2: TODO Zeitmarke Einheit 2: Marken-Zeile nicht lesbar
  e2_a.tex:3: TODO Zweigzeile Teil 1: was hier gelernt wird (Satz in Schülersprache aus dem Einheitstitel) – Einheit 2
  e2_a.tex:8: TODO Titel: Ich-kann-Satz fehlt in der Bank (Platzhalter: Kettenname) – Nr. 13
  e2_a.tex:9: TODO Anweisung: ein Satz über der ersten Teilaufgabe fehlt in der Bank – Nr. 13
  e2_a.tex:11: TODO \rechenplatz{n}: Schrittzahl des Grundfalls fehlt in der Bank (nur bei fester Schreibform, 2.3 b)
  e2_a.tex:29: TODO Titel: Ich-kann-Satz fehlt in der Bank (Platzhalter: Kettenname) – Nr. 14
  e2_a.tex:30: TODO Anweisung: ein Satz über der ersten Teilaufgabe fehlt in der Bank – Nr. 14
  e2_a.tex:37: TODO Titel: Ich-kann-Satz fehlt in der Bank (Platzhalter: Kettenname) – Nr. 15
  e2_a.tex:38: TODO Anweisung: ein Satz über der ersten Teilaufgabe fehlt in der Bank – Nr. 15
  e2_a.tex:48: TODO Titel: Ich-kann-Satz fehlt in der Bank (Platzhalter: Kettenname) – Nr. 16
  e2_a.tex:49: TODO Anweisung: ein Satz über der ersten Teilaufgabe fehlt in der Bank – Nr. 16
  e2_a.tex:56: TODO Titel: Ich-kann-Satz fehlt in der Bank (Platzhalter: Kettenname) – Nr. 17
  e2_a.tex:57: TODO Anweisung: ein Satz über der ersten Teilaufgabe fehlt in der Bank – Nr. 17
  e3_a.tex:2: TODO Zeitmarke Einheit 3: Marken-Zeile nicht lesbar
  e3_a.tex:3: TODO Zweigzeile Teil 1: was hier gelernt wird (Satz in Schülersprache aus dem Einheitstitel) – Einheit 3
  e3_a.tex:8: TODO Titel: Ich-kann-Satz fehlt in der Bank (Platzhalter: Kettenname) – Nr. 18
  e3_a.tex:9: TODO Anweisung: ein Satz über der ersten Teilaufgabe fehlt in der Bank – Nr. 18
  e3_a.tex:11: TODO \rechenplatz{n}: Schrittzahl des Grundfalls fehlt in der Bank (nur bei fester Schreibform, 2.3 b)
  e3_a.tex:24: TODO Titel: Ich-kann-Satz fehlt in der Bank (Platzhalter: Kettenname) – Nr. 19
  e3_a.tex:25: TODO Anweisung: ein Satz über der ersten Teilaufgabe fehlt in der Bank – Nr. 19
  e4_a.tex:2: TODO Zeitmarke Einheit 4: Marken-Zeile nicht lesbar
  e4_a.tex:3: TODO Zweigzeile Teil 1: was hier gelernt wird (Satz in Schülersprache aus dem Einheitstitel) – Einheit 4
  e4_a.tex:8: TODO Titel: Ich-kann-Satz fehlt in der Bank (Platzhalter: Kettenname) – Nr. 20
  e4_a.tex:9: TODO Anweisung: ein Satz über der ersten Teilaufgabe fehlt in der Bank – Nr. 20
  e4_a.tex:11: TODO \rechenplatz{n}: Schrittzahl des Grundfalls fehlt in der Bank (nur bei fester Schreibform, 2.3 b)
  e4_a.tex:29: TODO Titel: Ich-kann-Satz fehlt in der Bank (Platzhalter: Kettenname) – Nr. 21
  e4_a.tex:30: TODO Anweisung: ein Satz über der ersten Teilaufgabe fehlt in der Bank – Nr. 21
  e4_a.tex:37: TODO Titel: Ich-kann-Satz fehlt in der Bank (Platzhalter: Kettenname) – Nr. 22
  e4_a.tex:38: TODO Anweisung: ein Satz über der ersten Teilaufgabe fehlt in der Bank – Nr. 22
  e5_a.tex:2: TODO Zeitmarke Einheit 5: Marken-Zeile nicht lesbar
  e5_a.tex:3: TODO Zweigzeile Teil 1: was hier gelernt wird (Satz in Schülersprache aus dem Einheitstitel) – Einheit 5
  e5_a.tex:8: TODO Titel: Ich-kann-Satz fehlt in der Bank (Platzhalter: Kettenname) – Nr. 23
  e5_a.tex:9: TODO Anweisung: ein Satz über der ersten Teilaufgabe fehlt in der Bank – Nr. 23
  e5_a.tex:11: TODO \rechenplatz{n}: Schrittzahl des Grundfalls fehlt in der Bank (nur bei fester Schreibform, 2.3 b)
  e5_a.tex:25: TODO Titel: Ich-kann-Satz fehlt in der Bank (Platzhalter: Kettenname) – Nr. 24
  e5_a.tex:26: TODO Anweisung: ein Satz über der ersten Teilaufgabe fehlt in der Bank – Nr. 24
STRUKTUR 0 Fehler
