# zusammenbau v0.1: zusammenbau.py skalarprodukt-und-winkel
VORLAGE mathblatt.sty: Version 2026-09-28a
EINHEITEN [1, 2, 3, 4]
AUSWAHL skalarprodukt-und-winkel-zone-f1-v1 – Zone f1 „Skalarprodukt in Koordinaten berechnen, “, Sprosse 1: Variante 1; übergangen v2
AUSWAHL skalarprodukt-und-winkel-zone-f1-v3 – Zone f1 „Skalarprodukt in Koordinaten berechnen, “, Sprosse 2: kleinste Variante (v3; v1 fehlt)
WEG Zone f1 „Skalarprodukt in Koordinaten berechnen, “ – Sprossen [3, 4] (Fallstricke) nicht bestellt (Zone ja: s1 und s2)
AUSWAHL skalarprodukt-und-winkel-zone-f2-v1 – Zone f2 „Normalenvektoren aus Koordinatengleichun“, Sprosse 1: Variante 1; übergangen v2
AUSWAHL skalarprodukt-und-winkel-zone-f2-v3 – Zone f2 „Normalenvektoren aus Koordinatengleichun“, Sprosse 2: kleinste Variante (v3; v1 fehlt)
WEG Zone f2 „Normalenvektoren aus Koordinatengleichun“ – Sprossen [3, 4] (Fallstricke) nicht bestellt (Zone ja: s1 und s2)
AUSWAHL skalarprodukt-und-winkel-zone-f3-v1 – Zone f3 „Richtungsvektoren aus Geraden und Kanten“, Sprosse 1: Variante 1; übergangen v2
AUSWAHL skalarprodukt-und-winkel-zone-f3-v3 – Zone f3 „Richtungsvektoren aus Geraden und Kanten“, Sprosse 2: kleinste Variante (v3; v1 fehlt)
WEG Zone f3 „Richtungsvektoren aus Geraden und Kanten“ – Sprossen [3] (Fallstricke) nicht bestellt (Zone ja: s1 und s2)
AUSWAHL skalarprodukt-und-winkel-zone-f4-v1 – Zone f4 „Kosinus und Tangens am Taschenrechner au“, Sprosse 1: Variante 1; übergangen v2
AUSWAHL skalarprodukt-und-winkel-zone-f4-v3 – Zone f4 „Kosinus und Tangens am Taschenrechner au“, Sprosse 2: kleinste Variante (v3; v1 fehlt)
WEG Zone f4 „Kosinus und Tangens am Taschenrechner au“ – Sprossen [3, 4] (Fallstricke) nicht bestellt (Zone ja: s1 und s2)
AUSWAHL skalarprodukt-und-winkel-zone-f5-v1 – Zone f5 „Neben-, Komplement- und Innenwinkel unte“, Sprosse 1: Variante 1; übergangen v2
AUSWAHL skalarprodukt-und-winkel-zone-f5-v3 – Zone f5 „Neben-, Komplement- und Innenwinkel unte“, Sprosse 2: kleinste Variante (v3; v1 fehlt)
WEG Zone f5 „Neben-, Komplement- und Innenwinkel unte“ – Sprossen [3, 4, 5, 6] (Fallstricke) nicht bestellt (Zone ja: s1 und s2)
AUSWAHL skalarprodukt-und-winkel-zone-f6-v1 – Zone f6 „Kreisumfang und Anteile, Prozentrechnung“, Sprosse 1: Variante 1; übergangen v2
AUSWAHL skalarprodukt-und-winkel-zone-f6-v3 – Zone f6 „Kreisumfang und Anteile, Prozentrechnung“, Sprosse 2: kleinste Variante (v3; v1 fehlt)
WEG Zone f6 „Kreisumfang und Anteile, Prozentrechnung“ – Sprossen [3, 4] (Fallstricke) nicht bestellt (Zone ja: s1 und s2)
AUSWAHL skalarprodukt-und-winkel-zone-f5-v6 – Zone-Paar, Fehler finden
AUSWAHL skalarprodukt-und-winkel-zone-f5-v7 – Zone-Paar, gleichartige Rechenaufgabe
AUSWAHL skalarprodukt-und-winkel-e1-k1-s0-v1 – e1 k1 „Das Skalarprodukt als Objekt“ (verfahren), Sprosse 0: Variante 1; übergangen v2, v3, v4
AUSWAHL skalarprodukt-und-winkel-e1-k1-s1-v1 – e1 k1 „Das Skalarprodukt als Objekt“ (verfahren), Sprosse 1: Variante 1; übergangen v2, v3, v4, v5
AUSWAHL skalarprodukt-und-winkel-e1-k1-s2-v1 – e1 k1 „Das Skalarprodukt als Objekt“ (verfahren), Sprosse 2: Variante 1; übergangen v2, v3
AUSWAHL skalarprodukt-und-winkel-e1-k1-s3-v1 – e1 k1 „Das Skalarprodukt als Objekt“ (verfahren), Sprosse 3: Variante 1; übergangen v2, v3
AUSWAHL skalarprodukt-und-winkel-e1-k1-s4-v1 – e1 k1 „Das Skalarprodukt als Objekt“ (verfahren), Sprosse 4: Variante 1; übergangen v2, v3
AUSWAHL skalarprodukt-und-winkel-e1-k1-s5-v1 – e1 k1 „Das Skalarprodukt als Objekt“ (verfahren), Sprosse 5: Variante 1; übergangen v2
KETTE e1 k1 „Das Skalarprodukt als Objekt“ (verfahren) → eine Hauptnummer
AUSWAHL skalarprodukt-und-winkel-e1-k2-s1-v1 – e1 k2 „Das Skalarprodukt als Objekt“ (pflicht), Sprosse 1: Variante 1; übergangen v2, v3
AUSWAHL skalarprodukt-und-winkel-e1-k2-s2-v1 – e1 k2 „Das Skalarprodukt als Objekt“ (pflicht), Sprosse 2: Variante 1; übergangen v2, v3
KETTE e1 k2 „Das Skalarprodukt als Objekt“ (pflicht) → eine Hauptnummer
AUSWAHL skalarprodukt-und-winkel-e2-k1-s0-v1 – e2 k1 „Der Formelwinkel oder sein Nachbar?“ (erkennung), Sprosse 0: Variante 1; übergangen v2, v3, v4
KETTE e2 k1 „Der Formelwinkel oder sein Nachbar?“ (erkennung) → eine Hauptnummer (Erkennungsschritt: eigene Kette nach bank.md, zählt als Hauptnummer)
AUSWAHL skalarprodukt-und-winkel-e2-k2-s0-v1 – e2 k2 „Winkel zwischen Vektoren, Kanten und Geraden“ (verfahren), Sprosse 0: Variante 1; übergangen v2, v3, v4
AUSWAHL skalarprodukt-und-winkel-e2-k2-s1-v1 – e2 k2 „Winkel zwischen Vektoren, Kanten und Geraden“ (verfahren), Sprosse 1: Variante 1; übergangen v2, v3, v4, v5
AUSWAHL skalarprodukt-und-winkel-e2-k2-s2-v1 – e2 k2 „Winkel zwischen Vektoren, Kanten und Geraden“ (verfahren), Sprosse 2: Variante 1; übergangen v2, v3
AUSWAHL skalarprodukt-und-winkel-e2-k2-s3-v1 – e2 k2 „Winkel zwischen Vektoren, Kanten und Geraden“ (verfahren), Sprosse 3: Variante 1; übergangen v2, v3
AUSWAHL skalarprodukt-und-winkel-e2-k2-s4-v1 – e2 k2 „Winkel zwischen Vektoren, Kanten und Geraden“ (verfahren), Sprosse 4: Variante 1; übergangen v2, v3
AUSWAHL skalarprodukt-und-winkel-e2-k2-s5-v1 – e2 k2 „Winkel zwischen Vektoren, Kanten und Geraden“ (verfahren), Sprosse 5: Variante 1; übergangen v2, v3
AUSWAHL skalarprodukt-und-winkel-e2-k2-s6-v1 – e2 k2 „Winkel zwischen Vektoren, Kanten und Geraden“ (verfahren), Sprosse 6: Variante 1; übergangen v2, v3, v4
KETTE e2 k2 „Winkel zwischen Vektoren, Kanten und Geraden“ (verfahren) → eine Hauptnummer
AUSWAHL skalarprodukt-und-winkel-e2-k3-s1-v1 – e2 k3 „Winkel zwischen Vektoren, Kanten und Geraden“ (pflicht), Sprosse 1: Variante 1; übergangen v2, v3
AUSWAHL skalarprodukt-und-winkel-e2-k3-s2-v1 – e2 k3 „Winkel zwischen Vektoren, Kanten und Geraden“ (pflicht), Sprosse 2: Variante 1; übergangen v2, v3
AUSWAHL skalarprodukt-und-winkel-e2-k3-s3-v1 – e2 k3 „Winkel zwischen Vektoren, Kanten und Geraden“ (pflicht), Sprosse 3: Variante 1; übergangen v2, v3
KETTE e2 k3 „Winkel zwischen Vektoren, Kanten und Geraden“ (pflicht) → eine Hauptnummer
AUSWAHL skalarprodukt-und-winkel-e3-k1-s0-v1 – e3 k1 „Neigungswinkel von Ebenen“ (verfahren), Sprosse 0: Variante 1; übergangen v2, v3, v4
AUSWAHL skalarprodukt-und-winkel-e3-k1-s1-v1 – e3 k1 „Neigungswinkel von Ebenen“ (verfahren), Sprosse 1: Variante 1; übergangen v2, v3, v4, v5
AUSWAHL skalarprodukt-und-winkel-e3-k1-s2-v1 – e3 k1 „Neigungswinkel von Ebenen“ (verfahren), Sprosse 2: Variante 1; übergangen v2, v3
AUSWAHL skalarprodukt-und-winkel-e3-k1-s3-v1 – e3 k1 „Neigungswinkel von Ebenen“ (verfahren), Sprosse 3: Variante 1; übergangen v2, v3
AUSWAHL skalarprodukt-und-winkel-e3-k1-s4-v1 – e3 k1 „Neigungswinkel von Ebenen“ (verfahren), Sprosse 4: Variante 1; übergangen v2, v3
AUSWAHL skalarprodukt-und-winkel-e3-k1-s5-v1 – e3 k1 „Neigungswinkel von Ebenen“ (verfahren), Sprosse 5: Variante 1; übergangen v2, v3, v4
KETTE e3 k1 „Neigungswinkel von Ebenen“ (verfahren) → eine Hauptnummer
AUSWAHL skalarprodukt-und-winkel-e3-k2-s1-v1 – e3 k2 „Neigungswinkel von Ebenen“ (pflicht), Sprosse 1: Variante 1; übergangen v2, v3
AUSWAHL skalarprodukt-und-winkel-e3-k2-s2-v1 – e3 k2 „Neigungswinkel von Ebenen“ (pflicht), Sprosse 2: Variante 1; übergangen v2, v3
AUSWAHL skalarprodukt-und-winkel-e3-k2-s3-v1 – e3 k2 „Neigungswinkel von Ebenen“ (pflicht), Sprosse 3: Variante 1; übergangen v2, v3
KETTE e3 k2 „Neigungswinkel von Ebenen“ (pflicht) → eine Hauptnummer
AUSWAHL skalarprodukt-und-winkel-e4-k1-s0-v1 – e4 k1 „Winkel gegen Ebenen und Bogenmaße“ (verfahren), Sprosse 0: Variante 1; übergangen v2, v3, v4
AUSWAHL skalarprodukt-und-winkel-e4-k1-s1-v1 – e4 k1 „Winkel gegen Ebenen und Bogenmaße“ (verfahren), Sprosse 1: Variante 1; übergangen v2, v3, v4, v5
AUSWAHL skalarprodukt-und-winkel-e4-k1-s2-v1 – e4 k1 „Winkel gegen Ebenen und Bogenmaße“ (verfahren), Sprosse 2: Variante 1; übergangen v2, v3
AUSWAHL skalarprodukt-und-winkel-e4-k1-s3-v1 – e4 k1 „Winkel gegen Ebenen und Bogenmaße“ (verfahren), Sprosse 3: Variante 1; übergangen v2, v3
AUSWAHL skalarprodukt-und-winkel-e4-k1-s4-v1 – e4 k1 „Winkel gegen Ebenen und Bogenmaße“ (verfahren), Sprosse 4: Variante 1; übergangen v2
KETTE e4 k1 „Winkel gegen Ebenen und Bogenmaße“ (verfahren) → eine Hauptnummer
AUSWAHL skalarprodukt-und-winkel-e4-k2-s1-v1 – e4 k2 „Winkel gegen Ebenen und Bogenmaße“ (ohne), Sprosse 1: Variante 1; übergangen v2, v3
KETTE e4 k2 „Winkel gegen Ebenen und Bogenmaße“ (ohne) → eine Hauptnummer
AUSWAHL skalarprodukt-und-winkel-e4-k3-s1-v1 – e4 k3 „Winkel gegen Ebenen und Bogenmaße“ (pflicht), Sprosse 1: Variante 1; übergangen v2, v3
AUSWAHL skalarprodukt-und-winkel-e4-k3-s2-v1 – e4 k3 „Winkel gegen Ebenen und Bogenmaße“ (pflicht), Sprosse 2: Variante 1; übergangen v2, v3
AUSWAHL skalarprodukt-und-winkel-e4-k3-s3-v1 – e4 k3 „Winkel gegen Ebenen und Bogenmaße“ (pflicht), Sprosse 3: Variante 1; übergangen v2, v3
KETTE e4 k3 „Winkel gegen Ebenen und Bogenmaße“ (pflicht) → eine Hauptnummer
KOPF Einheit 1: „Einheit 1 von 4 · Das Skalarprodukt als Objekt“; Marken „BE Q3 · BB Q3 · GK · keine Prüfungsaufgabe“ → Zeitmarke „None“, Prüfungswort „keine Prüfungsaufgabe“
KOPF Einheit 2: „Einheit 2 von 4 · Winkel zwischen Vektoren, Kanten und Geraden“; Marken „BE Q3 · BB Q3 · GK · Abitur GK · Abitur LK“ → Zeitmarke „None“, Prüfungswort „Abitur GK“
KOPF Einheit 3: „Einheit 3 von 4 · Neigungswinkel von Ebenen“; Marken „BE Q3 · BB Q3 · GK · Abitur GK · Abitur LK“ → Zeitmarke „None“, Prüfungswort „Abitur GK“
KOPF Einheit 4: „Einheit 4 von 4 · Winkel von Geraden gegen Ebenen und Bogenmaße“; Marken „BE Q3 · BB Q3 · GK · Abitur GK · Abitur LK“ → Zeitmarke „None“, Prüfungswort „Abitur GK“
TODO 49 Stellen in den Quelltexten:
  abhaken.tex:2: TODO Ich-kann-Sätze: Platzhalter wie in den Aufgabendateien
  blatt0_a.tex:5: TODO Titel: Ich-kann-Satz fehlt in der Bank (Platzhalter: Kettenname) – Nr. 1
  blatt0_a.tex:6: TODO Anweisung: ein Satz über der ersten Teilaufgabe fehlt in der Bank – Nr. 1
  blatt0_a.tex:14: TODO Titel: Ich-kann-Satz fehlt in der Bank (Platzhalter: Kettenname) – Nr. 2
  blatt0_a.tex:15: TODO Anweisung: ein Satz über der ersten Teilaufgabe fehlt in der Bank – Nr. 2
  blatt0_a.tex:23: TODO Titel: Ich-kann-Satz fehlt in der Bank (Platzhalter: Kettenname) – Nr. 3
  blatt0_a.tex:24: TODO Anweisung: ein Satz über der ersten Teilaufgabe fehlt in der Bank – Nr. 3
  blatt0_a.tex:32: TODO Titel: Ich-kann-Satz fehlt in der Bank (Platzhalter: Kettenname) – Nr. 4
  blatt0_a.tex:33: TODO Anweisung: ein Satz über der ersten Teilaufgabe fehlt in der Bank – Nr. 4
  blatt0_a.tex:41: TODO Titel: Ich-kann-Satz fehlt in der Bank (Platzhalter: Kettenname) – Nr. 5
  blatt0_a.tex:42: TODO Anweisung: ein Satz über der ersten Teilaufgabe fehlt in der Bank – Nr. 5
  blatt0_a.tex:50: TODO Titel: Ich-kann-Satz fehlt in der Bank (Platzhalter: Kettenname) – Nr. 6
  blatt0_a.tex:51: TODO Anweisung: ein Satz über der ersten Teilaufgabe fehlt in der Bank – Nr. 6
  blatt0_a.tex:59: TODO Titel: Ich-kann-Satz fehlt in der Bank (Platzhalter: Kettenname) – Nr. 7
  blatt0_a.tex:60: TODO Anweisung: ein Satz über der ersten Teilaufgabe fehlt in der Bank – Nr. 7
  blatt0_a.tex:67: TODO Titel: Ich-kann-Satz fehlt in der Bank (Platzhalter: Kettenname) – Nr. 8
  blatt0_a.tex:68: TODO Anweisung: ein Satz über der ersten Teilaufgabe fehlt in der Bank – Nr. 8
  e1_a.tex:2: TODO Zeitmarke Einheit 1: Marken-Zeile nicht lesbar
  e1_a.tex:3: TODO Zweigzeile Teil 1: was hier gelernt wird (Satz in Schülersprache aus dem Einheitstitel) – Einheit 1
  e1_a.tex:8: TODO Titel: Ich-kann-Satz fehlt in der Bank (Platzhalter: Kettenname) – Nr. 9
  e1_a.tex:9: TODO Anweisung: ein Satz über der ersten Teilaufgabe fehlt in der Bank – Nr. 9
  e1_a.tex:11: TODO \rechenplatz{n}: Schrittzahl des Grundfalls fehlt in der Bank (nur bei fester Schreibform, 2.3 b)
  e1_a.tex:22: TODO Titel: Ich-kann-Satz fehlt in der Bank (Platzhalter: Kettenname) – Nr. 10
  e1_a.tex:23: TODO Anweisung: ein Satz über der ersten Teilaufgabe fehlt in der Bank – Nr. 10
  e2_a.tex:2: TODO Zeitmarke Einheit 2: Marken-Zeile nicht lesbar
  e2_a.tex:3: TODO Zweigzeile Teil 1: was hier gelernt wird (Satz in Schülersprache aus dem Einheitstitel) – Einheit 2
  e2_a.tex:8: TODO Titel: Ich-kann-Satz fehlt in der Bank (Platzhalter: Kettenname) – Nr. 11
  e2_a.tex:9: TODO Anweisung: ein Satz über der ersten Teilaufgabe fehlt in der Bank – Nr. 11
  e2_a.tex:16: TODO Titel: Ich-kann-Satz fehlt in der Bank (Platzhalter: Kettenname) – Nr. 12
  e2_a.tex:17: TODO Anweisung: ein Satz über der ersten Teilaufgabe fehlt in der Bank – Nr. 12
  e2_a.tex:19: TODO \rechenplatz{n}: Schrittzahl des Grundfalls fehlt in der Bank (nur bei fester Schreibform, 2.3 b)
  e2_a.tex:31: TODO Titel: Ich-kann-Satz fehlt in der Bank (Platzhalter: Kettenname) – Nr. 13
  e2_a.tex:32: TODO Anweisung: ein Satz über der ersten Teilaufgabe fehlt in der Bank – Nr. 13
  e3_a.tex:2: TODO Zeitmarke Einheit 3: Marken-Zeile nicht lesbar
  e3_a.tex:3: TODO Zweigzeile Teil 1: was hier gelernt wird (Satz in Schülersprache aus dem Einheitstitel) – Einheit 3
  e3_a.tex:8: TODO Titel: Ich-kann-Satz fehlt in der Bank (Platzhalter: Kettenname) – Nr. 14
  e3_a.tex:9: TODO Anweisung: ein Satz über der ersten Teilaufgabe fehlt in der Bank – Nr. 14
  e3_a.tex:11: TODO \rechenplatz{n}: Schrittzahl des Grundfalls fehlt in der Bank (nur bei fester Schreibform, 2.3 b)
  e3_a.tex:22: TODO Titel: Ich-kann-Satz fehlt in der Bank (Platzhalter: Kettenname) – Nr. 15
  e3_a.tex:23: TODO Anweisung: ein Satz über der ersten Teilaufgabe fehlt in der Bank – Nr. 15
  e4_a.tex:2: TODO Zeitmarke Einheit 4: Marken-Zeile nicht lesbar
  e4_a.tex:3: TODO Zweigzeile Teil 1: was hier gelernt wird (Satz in Schülersprache aus dem Einheitstitel) – Einheit 4
  e4_a.tex:8: TODO Titel: Ich-kann-Satz fehlt in der Bank (Platzhalter: Kettenname) – Nr. 16
  e4_a.tex:9: TODO Anweisung: ein Satz über der ersten Teilaufgabe fehlt in der Bank – Nr. 16
  e4_a.tex:11: TODO \rechenplatz{n}: Schrittzahl des Grundfalls fehlt in der Bank (nur bei fester Schreibform, 2.3 b)
  e4_a.tex:21: TODO Titel: Ich-kann-Satz fehlt in der Bank (Platzhalter: Kettenname) – Nr. 17
  e4_a.tex:22: TODO Anweisung: ein Satz über der ersten Teilaufgabe fehlt in der Bank – Nr. 17
  e4_a.tex:29: TODO Titel: Ich-kann-Satz fehlt in der Bank (Platzhalter: Kettenname) – Nr. 18
  e4_a.tex:30: TODO Anweisung: ein Satz über der ersten Teilaufgabe fehlt in der Bank – Nr. 18
STRUKTUR 0 Fehler
