# zusammenbau v0.1: zusammenbau.py extremalprobleme
VORLAGE mathblatt.sty: Version 2026-09-28a
EINHEITEN [1, 2, 3]
AUSWAHL extremalprobleme-zone-f1-v1 – Zone f1 „Flächen- und Umfangsformeln von Rechteck“, Sprosse 1: Variante 1; übergangen v2
AUSWAHL extremalprobleme-zone-f1-v3 – Zone f1 „Flächen- und Umfangsformeln von Rechteck“, Sprosse 2: kleinste Variante (v3; v1 fehlt)
WEG Zone f1 „Flächen- und Umfangsformeln von Rechteck“ – Sprossen [3, 4, 5] (Fallstricke) nicht bestellt (Zone ja: s1 und s2)
AUSWAHL extremalprobleme-zone-f2-v1 – Zone f2 „Punkte (x | f(x)) im Koordinatensystem l“, Sprosse 1: Variante 1; übergangen v2
AUSWAHL extremalprobleme-zone-f2-v3 – Zone f2 „Punkte (x | f(x)) im Koordinatensystem l“, Sprosse 2: kleinste Variante (v3; v1 fehlt)
WEG Zone f2 „Punkte (x | f(x)) im Koordinatensystem l“ – Sprossen [3] (Fallstricke) nicht bestellt (Zone ja: s1 und s2)
AUSWAHL extremalprobleme-zone-f3-v1 – Zone f3 „Terme ausmultiplizieren und zusammenfass“, Sprosse 1: Variante 1; übergangen v2
AUSWAHL extremalprobleme-zone-f3-v3 – Zone f3 „Terme ausmultiplizieren und zusammenfass“, Sprosse 2: kleinste Variante (v3; v1 fehlt)
WEG Zone f3 „Terme ausmultiplizieren und zusammenfass“ – Sprossen [3] (Fallstricke) nicht bestellt (Zone ja: s1 und s2)
AUSWAHL extremalprobleme-zone-f4-v1 – Zone f4 „Ableitungen bilden: Potenz-, Faktor- und“, Sprosse 1: Variante 1; übergangen v2
AUSWAHL extremalprobleme-zone-f4-v3 – Zone f4 „Ableitungen bilden: Potenz-, Faktor- und“, Sprosse 2: kleinste Variante (v3; v1 fehlt)
WEG Zone f4 „Ableitungen bilden: Potenz-, Faktor- und“ – Sprossen [3] (Fallstricke) nicht bestellt (Zone ja: s1 und s2)
AUSWAHL extremalprobleme-zone-f5-v1 – Zone f5 „Gleichungen lösen: linear, quadratisch m“, Sprosse 1: Variante 1; übergangen v2
AUSWAHL extremalprobleme-zone-f5-v3 – Zone f5 „Gleichungen lösen: linear, quadratisch m“, Sprosse 2: kleinste Variante (v3; v1 fehlt)
WEG Zone f5 „Gleichungen lösen: linear, quadratisch m“ – Sprossen [3] (Fallstricke) nicht bestellt (Zone ja: s1 und s2)
AUSWAHL extremalprobleme-zone-f6-v1 – Zone f6 „Extrempunkte über notwendige und hinreic“, Sprosse 1: Variante 1; übergangen v2
AUSWAHL extremalprobleme-zone-f6-v3 – Zone f6 „Extrempunkte über notwendige und hinreic“, Sprosse 2: kleinste Variante (v3; v1 fehlt)
WEG Zone f6 „Extrempunkte über notwendige und hinreic“ – Sprossen [3] (Fallstricke) nicht bestellt (Zone ja: s1 und s2)
AUSWAHL extremalprobleme-zone-f1-v5 – Zone-Paar, Fehler finden
AUSWAHL extremalprobleme-zone-f1-v6 – Zone-Paar, gleichartige Rechenaufgabe
AUSWAHL extremalprobleme-e1-k1-s0-v1 – e1 k1 „Figur und Term“ (verfahren), Sprosse 0: Variante 1; übergangen v2, v3, v4
AUSWAHL extremalprobleme-e1-k1-s1-v1 – e1 k1 „Figur und Term“ (verfahren), Sprosse 1: Variante 1; übergangen v2, v3, v4, v5
AUSWAHL extremalprobleme-e1-k1-s2-v1 – e1 k1 „Figur und Term“ (verfahren), Sprosse 2: Variante 1; übergangen v2, v3
AUSWAHL extremalprobleme-e1-k1-s3-v1 – e1 k1 „Figur und Term“ (verfahren), Sprosse 3: Variante 1; übergangen v2, v3
AUSWAHL extremalprobleme-e1-k1-s4-v1 – e1 k1 „Figur und Term“ (verfahren), Sprosse 4: Variante 1; übergangen v2, v3
AUSWAHL extremalprobleme-e1-k1-s5-v1 – e1 k1 „Figur und Term“ (verfahren), Sprosse 5: Variante 1; übergangen v2, v3, v4
KETTE e1 k1 „Figur und Term“ (verfahren) → eine Hauptnummer
AUSWAHL extremalprobleme-e1-k2-s1-v1 – e1 k2 „Figur und Term“ (pflicht), Sprosse 1: Variante 1; übergangen v2, v3
AUSWAHL extremalprobleme-e1-k2-s2-v1 – e1 k2 „Figur und Term“ (pflicht), Sprosse 2: Variante 1; übergangen v2, v3
AUSWAHL extremalprobleme-e1-k2-s3-v1 – e1 k2 „Figur und Term“ (pflicht), Sprosse 3: Variante 1; übergangen v2, v3
KETTE e1 k2 „Figur und Term“ (pflicht) → eine Hauptnummer
AUSWAHL extremalprobleme-e2-k1-s0-v1 – e2 k1 „Zielfunktion aufstellen“ (verfahren), Sprosse 0: Variante 1; übergangen v2, v3, v4
AUSWAHL extremalprobleme-e2-k1-s1-v1 – e2 k1 „Zielfunktion aufstellen“ (verfahren), Sprosse 1: Variante 1; übergangen v2, v3, v4, v5
AUSWAHL extremalprobleme-e2-k1-s2-v1 – e2 k1 „Zielfunktion aufstellen“ (verfahren), Sprosse 2: Variante 1; übergangen v2, v3
AUSWAHL extremalprobleme-e2-k1-s3-v1 – e2 k1 „Zielfunktion aufstellen“ (verfahren), Sprosse 3: Variante 1; übergangen v2, v3
AUSWAHL extremalprobleme-e2-k1-s4-v1 – e2 k1 „Zielfunktion aufstellen“ (verfahren), Sprosse 4: Variante 1; übergangen v2, v3
AUSWAHL extremalprobleme-e2-k1-s5-v1 – e2 k1 „Zielfunktion aufstellen“ (verfahren), Sprosse 5: Variante 1; übergangen v2, v3
AUSWAHL extremalprobleme-e2-k1-s6-v1 – e2 k1 „Zielfunktion aufstellen“ (verfahren), Sprosse 6: Variante 1; übergangen v2, v3, v4
KETTE e2 k1 „Zielfunktion aufstellen“ (verfahren) → eine Hauptnummer
AUSWAHL extremalprobleme-e2-k2-s1-v1 – e2 k2 „Zielfunktion aufstellen“ (pflicht), Sprosse 1: Variante 1; übergangen v2, v3
AUSWAHL extremalprobleme-e2-k2-s2-v1 – e2 k2 „Zielfunktion aufstellen“ (pflicht), Sprosse 2: Variante 1; übergangen v2, v3
AUSWAHL extremalprobleme-e2-k2-s3-v1 – e2 k2 „Zielfunktion aufstellen“ (pflicht), Sprosse 3: Variante 1; übergangen v2, v3
KETTE e2 k2 „Zielfunktion aufstellen“ (pflicht) → eine Hauptnummer
AUSWAHL extremalprobleme-e3-k1-s0-v1 – e3 k1 „Maximum bestimmen“ (verfahren), Sprosse 0: Variante 1; übergangen v2, v3, v4
AUSWAHL extremalprobleme-e3-k1-s1-v1 – e3 k1 „Maximum bestimmen“ (verfahren), Sprosse 1: Variante 1; übergangen v2, v3, v4, v5
AUSWAHL extremalprobleme-e3-k1-s2-v1 – e3 k1 „Maximum bestimmen“ (verfahren), Sprosse 2: Variante 1; übergangen v2, v3
AUSWAHL extremalprobleme-e3-k1-s3-v1 – e3 k1 „Maximum bestimmen“ (verfahren), Sprosse 3: Variante 1; übergangen v2, v3
AUSWAHL extremalprobleme-e3-k1-s4-v1 – e3 k1 „Maximum bestimmen“ (verfahren), Sprosse 4: Variante 1; übergangen v2, v3
AUSWAHL extremalprobleme-e3-k1-s5-v1 – e3 k1 „Maximum bestimmen“ (verfahren), Sprosse 5: Variante 1; übergangen v2, v3
AUSWAHL extremalprobleme-e3-k1-s6-v1 – e3 k1 „Maximum bestimmen“ (verfahren), Sprosse 6: Variante 1; übergangen v2, v3
AUSWAHL extremalprobleme-e3-k1-s7-v1 – e3 k1 „Maximum bestimmen“ (verfahren), Sprosse 7: Variante 1; übergangen v2, v3
AUSWAHL extremalprobleme-e3-k1-s8-v1 – e3 k1 „Maximum bestimmen“ (verfahren), Sprosse 8: Variante 1; übergangen v2, v3, v4
KETTE e3 k1 „Maximum bestimmen“ (verfahren) → eine Hauptnummer
AUSWAHL extremalprobleme-e3-k2-s1-v1 – e3 k2 „Kleinsten Abstand eines Punktes zu einem Graphen über die Abstandsfunktion bestimmen“ (ohne), Sprosse 1: Variante 1; übergangen v2, v3
KETTE e3 k2 „Kleinsten Abstand eines Punktes zu einem Graphen über die Abstandsfunktion bestimmen“ (ohne) → eine Hauptnummer
AUSWAHL extremalprobleme-e3-k3-s1-v1 – e3 k3 „Maximum bestimmen“ (pflicht), Sprosse 1: Variante 1; übergangen v2, v3
AUSWAHL extremalprobleme-e3-k3-s2-v1 – e3 k3 „Maximum bestimmen“ (pflicht), Sprosse 2: Variante 1; übergangen v2, v3
AUSWAHL extremalprobleme-e3-k3-s3-v1 – e3 k3 „Maximum bestimmen“ (pflicht), Sprosse 3: Variante 1; übergangen v2, v3
KETTE e3 k3 „Maximum bestimmen“ (pflicht) → eine Hauptnummer
KOPF Einheit 1: „Einheit 1 von 3 · Figur und Term“; Marken „BE Q1 · BB Q1 · GK · Abitur LK · FHR“ → Zeitmarke „None“, Prüfungswort „Abitur LK“
KOPF Einheit 2: „Einheit 2 von 3 · Zielfunktion aus Haupt- und Nebenbedingung“; Marken „BE Q1 · BB Q1 · GK · FHR“ → Zeitmarke „None“, Prüfungswort „FHR“
KOPF Einheit 3: „Einheit 3 von 3 · Maximum bestimmen und deuten“; Marken „BE Q1 · BB Q1 · GK · Abitur GK · Abitur LK · FHR“ → Zeitmarke „None“, Prüfungswort „Abitur GK“
TODO 40 Stellen in den Quelltexten:
  abhaken.tex:2: TODO Ich-kann-Sätze: Platzhalter wie in den Aufgabendateien
  blatt0_a.tex:5: TODO Titel: Ich-kann-Satz fehlt in der Bank (Platzhalter: Kettenname) – Nr. 1
  blatt0_a.tex:6: TODO Anweisung: ein Satz über der ersten Teilaufgabe fehlt in der Bank – Nr. 1
  blatt0_a.tex:14: TODO Titel: Ich-kann-Satz fehlt in der Bank (Platzhalter: Kettenname) – Nr. 2
  blatt0_a.tex:15: TODO Anweisung: ein Satz über der ersten Teilaufgabe fehlt in der Bank – Nr. 2
  blatt0_a.tex:23: TODO Titel: Ich-kann-Satz fehlt in der Bank (Platzhalter: Kettenname) – Nr. 3
  blatt0_a.tex:24: TODO Anweisung: ein Satz über der ersten Teilaufgabe fehlt in der Bank – Nr. 3
  blatt0_a.tex:32: TODO Titel: Ich-kann-Satz fehlt in der Bank (Platzhalter: Kettenname) – Nr. 4
  blatt0_a.tex:33: TODO Anweisung: ein Satz über der ersten Teilaufgabe fehlt in der Bank – Nr. 4
  blatt0_a.tex:41: TODO Titel: Ich-kann-Satz fehlt in der Bank (Platzhalter: Kettenname) – Nr. 5
  blatt0_a.tex:42: TODO Anweisung: ein Satz über der ersten Teilaufgabe fehlt in der Bank – Nr. 5
  blatt0_a.tex:50: TODO Titel: Ich-kann-Satz fehlt in der Bank (Platzhalter: Kettenname) – Nr. 6
  blatt0_a.tex:51: TODO Anweisung: ein Satz über der ersten Teilaufgabe fehlt in der Bank – Nr. 6
  blatt0_a.tex:59: TODO Titel: Ich-kann-Satz fehlt in der Bank (Platzhalter: Kettenname) – Nr. 7
  blatt0_a.tex:60: TODO Anweisung: ein Satz über der ersten Teilaufgabe fehlt in der Bank – Nr. 7
  blatt0_a.tex:67: TODO Titel: Ich-kann-Satz fehlt in der Bank (Platzhalter: Kettenname) – Nr. 8
  blatt0_a.tex:68: TODO Anweisung: ein Satz über der ersten Teilaufgabe fehlt in der Bank – Nr. 8
  e1_a.tex:2: TODO Zeitmarke Einheit 1: Marken-Zeile nicht lesbar
  e1_a.tex:3: TODO Zweigzeile Teil 1: was hier gelernt wird (Satz in Schülersprache aus dem Einheitstitel) – Einheit 1
  e1_a.tex:8: TODO Titel: Ich-kann-Satz fehlt in der Bank (Platzhalter: Kettenname) – Nr. 9
  e1_a.tex:9: TODO Anweisung: ein Satz über der ersten Teilaufgabe fehlt in der Bank – Nr. 9
  e1_a.tex:11: TODO \rechenplatz{n}: Schrittzahl des Grundfalls fehlt in der Bank (nur bei fester Schreibform, 2.3 b)
  e1_a.tex:26: TODO Titel: Ich-kann-Satz fehlt in der Bank (Platzhalter: Kettenname) – Nr. 10
  e1_a.tex:27: TODO Anweisung: ein Satz über der ersten Teilaufgabe fehlt in der Bank – Nr. 10
  e2_a.tex:2: TODO Zeitmarke Einheit 2: Marken-Zeile nicht lesbar
  e2_a.tex:3: TODO Zweigzeile Teil 1: was hier gelernt wird (Satz in Schülersprache aus dem Einheitstitel) – Einheit 2
  e2_a.tex:8: TODO Titel: Ich-kann-Satz fehlt in der Bank (Platzhalter: Kettenname) – Nr. 11
  e2_a.tex:9: TODO Anweisung: ein Satz über der ersten Teilaufgabe fehlt in der Bank – Nr. 11
  e2_a.tex:11: TODO \rechenplatz{n}: Schrittzahl des Grundfalls fehlt in der Bank (nur bei fester Schreibform, 2.3 b)
  e2_a.tex:23: TODO Titel: Ich-kann-Satz fehlt in der Bank (Platzhalter: Kettenname) – Nr. 12
  e2_a.tex:24: TODO Anweisung: ein Satz über der ersten Teilaufgabe fehlt in der Bank – Nr. 12
  e3_a.tex:2: TODO Zeitmarke Einheit 3: Marken-Zeile nicht lesbar
  e3_a.tex:3: TODO Zweigzeile Teil 1: was hier gelernt wird (Satz in Schülersprache aus dem Einheitstitel) – Einheit 3
  e3_a.tex:8: TODO Titel: Ich-kann-Satz fehlt in der Bank (Platzhalter: Kettenname) – Nr. 13
  e3_a.tex:9: TODO Anweisung: ein Satz über der ersten Teilaufgabe fehlt in der Bank – Nr. 13
  e3_a.tex:11: TODO \rechenplatz{n}: Schrittzahl des Grundfalls fehlt in der Bank (nur bei fester Schreibform, 2.3 b)
  e3_a.tex:29: TODO Titel: Ich-kann-Satz fehlt in der Bank (Platzhalter: Kettenname) – Nr. 14
  e3_a.tex:30: TODO Anweisung: ein Satz über der ersten Teilaufgabe fehlt in der Bank – Nr. 14
  e3_a.tex:37: TODO Titel: Ich-kann-Satz fehlt in der Bank (Platzhalter: Kettenname) – Nr. 15
  e3_a.tex:38: TODO Anweisung: ein Satz über der ersten Teilaufgabe fehlt in der Bank – Nr. 15
STRUKTUR 0 Fehler
