# zusammenbau v0.1: zusammenbau.py ableitung-und-aenderungsrate
VORLAGE mathblatt.sty: Version 2026-09-28a
EINHEITEN [1, 2, 3, 4]
AUSWAHL ableitung-und-aenderungsrate-zone-f1-v1 – Zone f1 „Steigung einer Geraden als Quotient aus “, Sprosse 1: Variante 1; übergangen v2
AUSWAHL ableitung-und-aenderungsrate-zone-f1-v3 – Zone f1 „Steigung einer Geraden als Quotient aus “, Sprosse 2: kleinste Variante (v3; v1 fehlt)
WEG Zone f1 „Steigung einer Geraden als Quotient aus “ – Sprossen [3, 4, 5] (Fallstricke) nicht bestellt (Zone ja: s1 und s2)
AUSWAHL ableitung-und-aenderungsrate-zone-f2-v1 – Zone f2 „Funktionswerte berechnen, auch mit e-Ter“, Sprosse 1: Variante 1; übergangen v2
AUSWAHL ableitung-und-aenderungsrate-zone-f2-v3 – Zone f2 „Funktionswerte berechnen, auch mit e-Ter“, Sprosse 2: kleinste Variante (v3; v1 fehlt)
WEG Zone f2 „Funktionswerte berechnen, auch mit e-Ter“ – Sprossen [3] (Fallstricke) nicht bestellt (Zone ja: s1 und s2)
AUSWAHL ableitung-und-aenderungsrate-zone-f3-v1 – Zone f3 „Einheiten und Zeiten: Uhrzeiten in Stund“, Sprosse 1: Variante 1; übergangen v2
AUSWAHL ableitung-und-aenderungsrate-zone-f3-v3 – Zone f3 „Einheiten und Zeiten: Uhrzeiten in Stund“, Sprosse 2: kleinste Variante (v3; v1 fehlt)
WEG Zone f3 „Einheiten und Zeiten: Uhrzeiten in Stund“ – Sprossen [3] (Fallstricke) nicht bestellt (Zone ja: s1 und s2)
AUSWAHL ableitung-und-aenderungsrate-zone-f4-v1 – Zone f4 „Ableitungsfunktion bilden: Potenz-, Fakt“, Sprosse 1: Variante 1; übergangen v2
AUSWAHL ableitung-und-aenderungsrate-zone-f4-v3 – Zone f4 „Ableitungsfunktion bilden: Potenz-, Fakt“, Sprosse 2: kleinste Variante (v3; v1 fehlt)
WEG Zone f4 „Ableitungsfunktion bilden: Potenz-, Fakt“ – Sprossen [3] (Fallstricke) nicht bestellt (Zone ja: s1 und s2)
AUSWAHL ableitung-und-aenderungsrate-zone-f5-v1 – Zone f5 „Gleichungen lösen: linear, quadratisch m“, Sprosse 1: Variante 1; übergangen v2
AUSWAHL ableitung-und-aenderungsrate-zone-f5-v3 – Zone f5 „Gleichungen lösen: linear, quadratisch m“, Sprosse 2: kleinste Variante (v3; v1 fehlt)
WEG Zone f5 „Gleichungen lösen: linear, quadratisch m“ – Sprossen [3] (Fallstricke) nicht bestellt (Zone ja: s1 und s2)
AUSWAHL ableitung-und-aenderungsrate-zone-f6-v1 – Zone f6 „Verlauf eines Graphen qualitativ lesen: “, Sprosse 1: Variante 1; übergangen v2
AUSWAHL ableitung-und-aenderungsrate-zone-f6-v3 – Zone f6 „Verlauf eines Graphen qualitativ lesen: “, Sprosse 2: kleinste Variante (v3; v1 fehlt)
WEG Zone f6 „Verlauf eines Graphen qualitativ lesen: “ – Sprossen [3] (Fallstricke) nicht bestellt (Zone ja: s1 und s2)
AUSWAHL ableitung-und-aenderungsrate-zone-f7-v1 – Zone f7 „Extrempunkte über notwendige und hinreic“, Sprosse 1: Variante 1; übergangen v2
AUSWAHL ableitung-und-aenderungsrate-zone-f7-v3 – Zone f7 „Extrempunkte über notwendige und hinreic“, Sprosse 2: kleinste Variante (v3; v1 fehlt)
WEG Zone f7 „Extrempunkte über notwendige und hinreic“ – Sprossen [3] (Fallstricke) nicht bestellt (Zone ja: s1 und s2)
AUSWAHL ableitung-und-aenderungsrate-zone-f1-v5 – Zone-Paar, Fehler finden
AUSWAHL ableitung-und-aenderungsrate-zone-f1-v6 – Zone-Paar, gleichartige Rechenaufgabe
AUSWAHL ableitung-und-aenderungsrate-e1-k1-s0-v1 – e1 k1 „Mittlere Änderungsrate“ (verfahren), Sprosse 0: Variante 1; übergangen v2, v3, v4
AUSWAHL ableitung-und-aenderungsrate-e1-k1-s1-v1 – e1 k1 „Mittlere Änderungsrate“ (verfahren), Sprosse 1: Variante 1; übergangen v2, v3, v4, v5
AUSWAHL ableitung-und-aenderungsrate-e1-k1-s2-v1 – e1 k1 „Mittlere Änderungsrate“ (verfahren), Sprosse 2: Variante 1; übergangen v2, v3
AUSWAHL ableitung-und-aenderungsrate-e1-k1-s3-v1 – e1 k1 „Mittlere Änderungsrate“ (verfahren), Sprosse 3: Variante 1; übergangen v2, v3
AUSWAHL ableitung-und-aenderungsrate-e1-k1-s4-v1 – e1 k1 „Mittlere Änderungsrate“ (verfahren), Sprosse 4: Variante 1; übergangen v2, v3
AUSWAHL ableitung-und-aenderungsrate-e1-k1-s5-v1 – e1 k1 „Mittlere Änderungsrate“ (verfahren), Sprosse 5: Variante 1; übergangen v2, v3
AUSWAHL ableitung-und-aenderungsrate-e1-k1-s6-v1 – e1 k1 „Mittlere Änderungsrate“ (verfahren), Sprosse 6: Variante 1; übergangen v2, v3
AUSWAHL ableitung-und-aenderungsrate-e1-k1-s7-v1 – e1 k1 „Mittlere Änderungsrate“ (verfahren), Sprosse 7: Variante 1; übergangen v2, v3
AUSWAHL ableitung-und-aenderungsrate-e1-k1-s8-v1 – e1 k1 „Mittlere Änderungsrate“ (verfahren), Sprosse 8: Variante 1; übergangen v2, v3
AUSWAHL ableitung-und-aenderungsrate-e1-k1-s9-v1 – e1 k1 „Mittlere Änderungsrate“ (verfahren), Sprosse 9: Variante 1; übergangen v2, v3
AUSWAHL ableitung-und-aenderungsrate-e1-k1-s10-v1 – e1 k1 „Mittlere Änderungsrate“ (verfahren), Sprosse 10: Variante 1; übergangen v2, v3, v4
KETTE e1 k1 „Mittlere Änderungsrate“ (verfahren) → eine Hauptnummer
AUSWAHL ableitung-und-aenderungsrate-e1-k2-s1-v1 – e1 k2 „Mittlere Änderungsrate“ (pflicht), Sprosse 1: Variante 1; übergangen v2, v3
AUSWAHL ableitung-und-aenderungsrate-e1-k2-s2-v1 – e1 k2 „Mittlere Änderungsrate“ (pflicht), Sprosse 2: Variante 1; übergangen v2, v3
AUSWAHL ableitung-und-aenderungsrate-e1-k2-s3-v1 – e1 k2 „Mittlere Änderungsrate“ (pflicht), Sprosse 3: Variante 1; übergangen v2, v3
AUSWAHL ableitung-und-aenderungsrate-e1-k2-s4-v1 – e1 k2 „Mittlere Änderungsrate“ (pflicht), Sprosse 4: Variante 1; übergangen v2, v3
KETTE e1 k2 „Mittlere Änderungsrate“ (pflicht) → eine Hauptnummer
AUSWAHL ableitung-und-aenderungsrate-e2-k1-s0-v1 – e2 k1 „Ableitung an einer Stelle“ (verfahren), Sprosse 0: Variante 1; übergangen v2, v3, v4
AUSWAHL ableitung-und-aenderungsrate-e2-k1-s1-v1 – e2 k1 „Ableitung an einer Stelle“ (verfahren), Sprosse 1: Variante 1; übergangen v2, v3, v4, v5
AUSWAHL ableitung-und-aenderungsrate-e2-k1-s2-v1 – e2 k1 „Ableitung an einer Stelle“ (verfahren), Sprosse 2: Variante 1; übergangen v2, v3
AUSWAHL ableitung-und-aenderungsrate-e2-k1-s3-v1 – e2 k1 „Ableitung an einer Stelle“ (verfahren), Sprosse 3: Variante 1; übergangen v2, v3
AUSWAHL ableitung-und-aenderungsrate-e2-k1-s4-v1 – e2 k1 „Ableitung an einer Stelle“ (verfahren), Sprosse 4: Variante 1; übergangen v2, v3
AUSWAHL ableitung-und-aenderungsrate-e2-k1-s5-v1 – e2 k1 „Ableitung an einer Stelle“ (verfahren), Sprosse 5: Variante 1; übergangen v2, v3
AUSWAHL ableitung-und-aenderungsrate-e2-k1-s6-v1 – e2 k1 „Ableitung an einer Stelle“ (verfahren), Sprosse 6: Variante 1; übergangen v2, v3
AUSWAHL ableitung-und-aenderungsrate-e2-k1-s7-v1 – e2 k1 „Ableitung an einer Stelle“ (verfahren), Sprosse 7: Variante 1; übergangen v2, v3
AUSWAHL ableitung-und-aenderungsrate-e2-k1-s8-v1 – e2 k1 „Ableitung an einer Stelle“ (verfahren), Sprosse 8: Variante 1; übergangen v2, v3, v4
KETTE e2 k1 „Ableitung an einer Stelle“ (verfahren) → eine Hauptnummer
AUSWAHL ableitung-und-aenderungsrate-e2-k2-s1-v1 – e2 k2 „Momentane Änderungsrate am Graphen über eine eingezeichnete Tangente bestimmen“ (ohne), Sprosse 1: Variante 1; übergangen v2, v3
KETTE e2 k2 „Momentane Änderungsrate am Graphen über eine eingezeichnete Tangente bestimmen“ (ohne) → eine Hauptnummer
AUSWAHL ableitung-und-aenderungsrate-e2-k3-s1-v1 – e2 k3 „Graph der Füllhöhe in Abhängigkeit von der Zeit über die Gefäßform auswählen und begründen“ (ohne), Sprosse 1: Variante 1; übergangen v2, v3
KETTE e2 k3 „Graph der Füllhöhe in Abhängigkeit von der Zeit über die Gefäßform auswählen und begründen“ (ohne) → eine Hauptnummer
AUSWAHL ableitung-und-aenderungsrate-e2-k4-s1-v1 – e2 k4 „Ableitung an einer Stelle“ (pflicht), Sprosse 1: Variante 1; übergangen v2, v3
AUSWAHL ableitung-und-aenderungsrate-e2-k4-s2-v1 – e2 k4 „Ableitung an einer Stelle“ (pflicht), Sprosse 2: Variante 1; übergangen v2, v3
AUSWAHL ableitung-und-aenderungsrate-e2-k4-s3-v1 – e2 k4 „Ableitung an einer Stelle“ (pflicht), Sprosse 3: Variante 1; übergangen v2, v3
AUSWAHL ableitung-und-aenderungsrate-e2-k4-s4-v1 – e2 k4 „Ableitung an einer Stelle“ (pflicht), Sprosse 4: Variante 1; übergangen v2, v3
KETTE e2 k4 „Ableitung an einer Stelle“ (pflicht) → eine Hauptnummer
AUSWAHL ableitung-und-aenderungsrate-e3-k1-s0-v1 – e3 k1 „Von der Sekante zur Tangente“ (verfahren), Sprosse 0: Variante 1; übergangen v2, v3, v4
AUSWAHL ableitung-und-aenderungsrate-e3-k1-s1-v1 – e3 k1 „Von der Sekante zur Tangente“ (verfahren), Sprosse 1: Variante 1; übergangen v2, v3, v4, v5
AUSWAHL ableitung-und-aenderungsrate-e3-k1-s2-v1 – e3 k1 „Von der Sekante zur Tangente“ (verfahren), Sprosse 2: Variante 1; übergangen v2, v3
AUSWAHL ableitung-und-aenderungsrate-e3-k1-s3-v1 – e3 k1 „Von der Sekante zur Tangente“ (verfahren), Sprosse 3: Variante 1; übergangen v2, v3
AUSWAHL ableitung-und-aenderungsrate-e3-k1-s4-v1 – e3 k1 „Von der Sekante zur Tangente“ (verfahren), Sprosse 4: Variante 1; übergangen v2, v3
AUSWAHL ableitung-und-aenderungsrate-e3-k1-s5-v1 – e3 k1 „Von der Sekante zur Tangente“ (verfahren), Sprosse 5: Variante 1; übergangen v2, v3
AUSWAHL ableitung-und-aenderungsrate-e3-k1-s6-v1 – e3 k1 „Von der Sekante zur Tangente“ (verfahren), Sprosse 6: Variante 1; übergangen v2, v3
AUSWAHL ableitung-und-aenderungsrate-e3-k1-s7-v1 – e3 k1 „Von der Sekante zur Tangente“ (verfahren), Sprosse 7: Variante 1; übergangen v2, v3, v4
KETTE e3 k1 „Von der Sekante zur Tangente“ (verfahren) → eine Hauptnummer
AUSWAHL ableitung-und-aenderungsrate-e3-k2-s1-v1 – e3 k2 „Differenzen- und Differentialquotient durch Sekante und Tangente veranschaulichen und im Sachzusammenhang deuten“ (ohne), Sprosse 1: Variante 1; übergangen v2, v3
KETTE e3 k2 „Differenzen- und Differentialquotient durch Sekante und Tangente veranschaulichen und im Sachzusammenhang deuten“ (ohne) → eine Hauptnummer
AUSWAHL ableitung-und-aenderungsrate-e3-k3-s1-v1 – e3 k3 „Von der Sekante zur Tangente“ (pflicht), Sprosse 1: Variante 1; übergangen v2, v3
AUSWAHL ableitung-und-aenderungsrate-e3-k3-s2-v1 – e3 k3 „Von der Sekante zur Tangente“ (pflicht), Sprosse 2: Variante 1; übergangen v2, v3
AUSWAHL ableitung-und-aenderungsrate-e3-k3-s3-v1 – e3 k3 „Von der Sekante zur Tangente“ (pflicht), Sprosse 3: Variante 1; übergangen v2, v3
AUSWAHL ableitung-und-aenderungsrate-e3-k3-s4-v1 – e3 k3 „Von der Sekante zur Tangente“ (pflicht), Sprosse 4: Variante 1; übergangen v2, v3
KETTE e3 k3 „Von der Sekante zur Tangente“ (pflicht) → eine Hauptnummer
AUSWAHL ableitung-und-aenderungsrate-e4-k1-s0-v1 – e4 k1 „Die Rate als Funktion“ (verfahren), Sprosse 0: Variante 1; übergangen v2, v3, v4
AUSWAHL ableitung-und-aenderungsrate-e4-k1-s1-v1 – e4 k1 „Die Rate als Funktion“ (verfahren), Sprosse 1: Variante 1; übergangen v2, v3, v4, v5
AUSWAHL ableitung-und-aenderungsrate-e4-k1-s2-v1 – e4 k1 „Die Rate als Funktion“ (verfahren), Sprosse 2: Variante 1; übergangen v2, v3
AUSWAHL ableitung-und-aenderungsrate-e4-k1-s3-v1 – e4 k1 „Die Rate als Funktion“ (verfahren), Sprosse 3: Variante 1; übergangen v2, v3
AUSWAHL ableitung-und-aenderungsrate-e4-k1-s4-v1 – e4 k1 „Die Rate als Funktion“ (verfahren), Sprosse 4: Variante 1; übergangen v2, v3
AUSWAHL ableitung-und-aenderungsrate-e4-k1-s5-v1 – e4 k1 „Die Rate als Funktion“ (verfahren), Sprosse 5: Variante 1; übergangen v2, v3
AUSWAHL ableitung-und-aenderungsrate-e4-k1-s6-v1 – e4 k1 „Die Rate als Funktion“ (verfahren), Sprosse 6: Variante 1; übergangen v2, v3
AUSWAHL ableitung-und-aenderungsrate-e4-k1-s7-v1 – e4 k1 „Die Rate als Funktion“ (verfahren), Sprosse 7: Variante 1; übergangen v2, v3
AUSWAHL ableitung-und-aenderungsrate-e4-k1-s8-v1 – e4 k1 „Die Rate als Funktion“ (verfahren), Sprosse 8: Variante 1; übergangen v2, v3
AUSWAHL ableitung-und-aenderungsrate-e4-k1-s9-v1 – e4 k1 „Die Rate als Funktion“ (verfahren), Sprosse 9: Variante 1; übergangen v2, v3, v4, v5, v6, v7
KETTE e4 k1 „Die Rate als Funktion“ (verfahren) → eine Hauptnummer
AUSWAHL ableitung-und-aenderungsrate-e4-k2-s1-v1 – e4 k2 „Die Rate als Funktion“ (pflicht), Sprosse 1: Variante 1; übergangen v2, v3
AUSWAHL ableitung-und-aenderungsrate-e4-k2-s2-v1 – e4 k2 „Die Rate als Funktion“ (pflicht), Sprosse 2: Variante 1; übergangen v2, v3
AUSWAHL ableitung-und-aenderungsrate-e4-k2-s3-v1 – e4 k2 „Die Rate als Funktion“ (pflicht), Sprosse 3: Variante 1; übergangen v2, v3
AUSWAHL ableitung-und-aenderungsrate-e4-k2-s4-v1 – e4 k2 „Die Rate als Funktion“ (pflicht), Sprosse 4: Variante 1; übergangen v2, v3
KETTE e4 k2 „Die Rate als Funktion“ (pflicht) → eine Hauptnummer
KOPF Einheit 1: „Einheit 1 von 4 · Mittlere Änderungsrate und Sekante“; Marken „BE Q1 · BB Q1 · GK · Abitur GK · Abitur LK“ → Zeitmarke „None“, Prüfungswort „Abitur GK“
WARNUNG Nr. 10: 11 Teilaufgaben, 2 mit Grafik – über dem Halbseitenmaß (2.3 g); v0.1 teilt nur im Fokus
KOPF Einheit 2: „Einheit 2 von 4 · Ableitung an einer Stelle“; Marken „BE Q1 · BB Q1 · GK · Abitur GK · Abitur LK“ → Zeitmarke „None“, Prüfungswort „Abitur GK“
WARNUNG Nr. 12: 9 Teilaufgaben, 3 mit Grafik – über dem Halbseitenmaß (2.3 g); v0.1 teilt nur im Fokus
KOPF Einheit 3: „Einheit 3 von 4 · Von der Sekante zur Tangente“; Marken „BE Q1/2 · BB Q1 · GK · Abitur GK · Abitur LK“ → Zeitmarke „None“, Prüfungswort „Abitur GK“
WARNUNG Nr. 16: 8 Teilaufgaben, 3 mit Grafik – über dem Halbseitenmaß (2.3 g); v0.1 teilt nur im Fokus
KOPF Einheit 4: „Einheit 4 von 4 · Die Rate als Funktion“; Marken „BE Q1 · BB Q1 · GK · Abitur GK · Abitur LK“ → Zeitmarke „None“, Prüfungswort „Abitur GK“
TODO 53 Stellen in den Quelltexten:
  abhaken.tex:2: TODO Ich-kann-Sätze: Platzhalter wie in den Aufgabendateien
  blatt0_a.tex:5: TODO Titel: Ich-kann-Satz fehlt in der Bank (Platzhalter: Kettenname) – Nr. 1
  blatt0_a.tex:6: TODO Anweisung: ein Satz über der ersten Teilaufgabe fehlt in der Bank – Nr. 1
  blatt0_a.tex:17: TODO Titel: Ich-kann-Satz fehlt in der Bank (Platzhalter: Kettenname) – Nr. 2
  blatt0_a.tex:18: TODO Anweisung: ein Satz über der ersten Teilaufgabe fehlt in der Bank – Nr. 2
  blatt0_a.tex:26: TODO Titel: Ich-kann-Satz fehlt in der Bank (Platzhalter: Kettenname) – Nr. 3
  blatt0_a.tex:27: TODO Anweisung: ein Satz über der ersten Teilaufgabe fehlt in der Bank – Nr. 3
  blatt0_a.tex:35: TODO Titel: Ich-kann-Satz fehlt in der Bank (Platzhalter: Kettenname) – Nr. 4
  blatt0_a.tex:36: TODO Anweisung: ein Satz über der ersten Teilaufgabe fehlt in der Bank – Nr. 4
  blatt0_a.tex:44: TODO Titel: Ich-kann-Satz fehlt in der Bank (Platzhalter: Kettenname) – Nr. 5
  blatt0_a.tex:45: TODO Anweisung: ein Satz über der ersten Teilaufgabe fehlt in der Bank – Nr. 5
  blatt0_a.tex:53: TODO Titel: Ich-kann-Satz fehlt in der Bank (Platzhalter: Kettenname) – Nr. 6
  blatt0_a.tex:54: TODO Anweisung: ein Satz über der ersten Teilaufgabe fehlt in der Bank – Nr. 6
  blatt0_a.tex:66: TODO Titel: Ich-kann-Satz fehlt in der Bank (Platzhalter: Kettenname) – Nr. 7
  blatt0_a.tex:67: TODO Anweisung: ein Satz über der ersten Teilaufgabe fehlt in der Bank – Nr. 7
  blatt0_a.tex:75: TODO Titel: Ich-kann-Satz fehlt in der Bank (Platzhalter: Kettenname) – Nr. 8
  blatt0_a.tex:76: TODO Anweisung: ein Satz über der ersten Teilaufgabe fehlt in der Bank – Nr. 8
  blatt0_a.tex:83: TODO Titel: Ich-kann-Satz fehlt in der Bank (Platzhalter: Kettenname) – Nr. 9
  blatt0_a.tex:84: TODO Anweisung: ein Satz über der ersten Teilaufgabe fehlt in der Bank – Nr. 9
  e1_a.tex:2: TODO Zeitmarke Einheit 1: Marken-Zeile nicht lesbar
  e1_a.tex:3: TODO Zweigzeile Teil 1: was hier gelernt wird (Satz in Schülersprache aus dem Einheitstitel) – Einheit 1
  e1_a.tex:8: TODO Titel: Ich-kann-Satz fehlt in der Bank (Platzhalter: Kettenname) – Nr. 10
  e1_a.tex:9: TODO Anweisung: ein Satz über der ersten Teilaufgabe fehlt in der Bank – Nr. 10
  e1_a.tex:11: TODO \rechenplatz{n}: Schrittzahl des Grundfalls fehlt in der Bank (nur bei fester Schreibform, 2.3 b)
  e1_a.tex:32: TODO Titel: Ich-kann-Satz fehlt in der Bank (Platzhalter: Kettenname) – Nr. 11
  e1_a.tex:33: TODO Anweisung: ein Satz über der ersten Teilaufgabe fehlt in der Bank – Nr. 11
  e2_a.tex:2: TODO Zeitmarke Einheit 2: Marken-Zeile nicht lesbar
  e2_a.tex:3: TODO Zweigzeile Teil 1: was hier gelernt wird (Satz in Schülersprache aus dem Einheitstitel) – Einheit 2
  e2_a.tex:8: TODO Titel: Ich-kann-Satz fehlt in der Bank (Platzhalter: Kettenname) – Nr. 12
  e2_a.tex:9: TODO Anweisung: ein Satz über der ersten Teilaufgabe fehlt in der Bank – Nr. 12
  e2_a.tex:11: TODO \rechenplatz{n}: Schrittzahl des Grundfalls fehlt in der Bank (nur bei fester Schreibform, 2.3 b)
  e2_a.tex:31: TODO Titel: Ich-kann-Satz fehlt in der Bank (Platzhalter: Kettenname) – Nr. 13
  e2_a.tex:32: TODO Anweisung: ein Satz über der ersten Teilaufgabe fehlt in der Bank – Nr. 13
  e2_a.tex:41: TODO Titel: Ich-kann-Satz fehlt in der Bank (Platzhalter: Kettenname) – Nr. 14
  e2_a.tex:42: TODO Anweisung: ein Satz über der ersten Teilaufgabe fehlt in der Bank – Nr. 14
  e2_a.tex:49: TODO Titel: Ich-kann-Satz fehlt in der Bank (Platzhalter: Kettenname) – Nr. 15
  e2_a.tex:50: TODO Anweisung: ein Satz über der ersten Teilaufgabe fehlt in der Bank – Nr. 15
  e3_a.tex:2: TODO Zeitmarke Einheit 3: Marken-Zeile nicht lesbar
  e3_a.tex:3: TODO Zweigzeile Teil 1: was hier gelernt wird (Satz in Schülersprache aus dem Einheitstitel) – Einheit 3
  e3_a.tex:8: TODO Titel: Ich-kann-Satz fehlt in der Bank (Platzhalter: Kettenname) – Nr. 16
  e3_a.tex:9: TODO Anweisung: ein Satz über der ersten Teilaufgabe fehlt in der Bank – Nr. 16
  e3_a.tex:11: TODO \rechenplatz{n}: Schrittzahl des Grundfalls fehlt in der Bank (nur bei fester Schreibform, 2.3 b)
  e3_a.tex:31: TODO Titel: Ich-kann-Satz fehlt in der Bank (Platzhalter: Kettenname) – Nr. 17
  e3_a.tex:32: TODO Anweisung: ein Satz über der ersten Teilaufgabe fehlt in der Bank – Nr. 17
  e3_a.tex:41: TODO Titel: Ich-kann-Satz fehlt in der Bank (Platzhalter: Kettenname) – Nr. 18
  e3_a.tex:42: TODO Anweisung: ein Satz über der ersten Teilaufgabe fehlt in der Bank – Nr. 18
  e4_a.tex:2: TODO Zeitmarke Einheit 4: Marken-Zeile nicht lesbar
  e4_a.tex:3: TODO Zweigzeile Teil 1: was hier gelernt wird (Satz in Schülersprache aus dem Einheitstitel) – Einheit 4
  e4_a.tex:8: TODO Titel: Ich-kann-Satz fehlt in der Bank (Platzhalter: Kettenname) – Nr. 19
  e4_a.tex:9: TODO Anweisung: ein Satz über der ersten Teilaufgabe fehlt in der Bank – Nr. 19
  e4_a.tex:11: TODO \rechenplatz{n}: Schrittzahl des Grundfalls fehlt in der Bank (nur bei fester Schreibform, 2.3 b)
  e4_a.tex:26: TODO Titel: Ich-kann-Satz fehlt in der Bank (Platzhalter: Kettenname) – Nr. 20
  e4_a.tex:27: TODO Anweisung: ein Satz über der ersten Teilaufgabe fehlt in der Bank – Nr. 20
STRUKTUR 0 Fehler
