# zusammenbau v0.1: zusammenbau.py zufallsgroessen-und-verteilungen
VORLAGE mathblatt.sty: Version 2026-09-28a
EINHEITEN [1, 2]
AUSWAHL zufallsgroessen-und-verteilungen-zone-f1-v1 – Zone f1 „Ergebnismengen zweistufiger Experimente “, Sprosse 1: Variante 1; übergangen v2
AUSWAHL zufallsgroessen-und-verteilungen-zone-f1-v3 – Zone f1 „Ergebnismengen zweistufiger Experimente “, Sprosse 2: kleinste Variante (v3; v1 fehlt)
WEG Zone f1 „Ergebnismengen zweistufiger Experimente “ – Sprossen [3, 4, 5] (Fallstricke) nicht bestellt (Zone ja: s1 und s2)
AUSWAHL zufallsgroessen-und-verteilungen-zone-f2-v1 – Zone f2 „Brüche addieren und zur Summe eins ergän“, Sprosse 1: Variante 1; übergangen v2
AUSWAHL zufallsgroessen-und-verteilungen-zone-f2-v3 – Zone f2 „Brüche addieren und zur Summe eins ergän“, Sprosse 2: kleinste Variante (v3; v1 fehlt)
WEG Zone f2 „Brüche addieren und zur Summe eins ergän“ – Sprossen [3] (Fallstricke) nicht bestellt (Zone ja: s1 und s2)
AUSWAHL zufallsgroessen-und-verteilungen-zone-f3-v1 – Zone f3 „Säulendiagramme lesen (Höhen, Symmetrie,“, Sprosse 1: Variante 1; übergangen v2
AUSWAHL zufallsgroessen-und-verteilungen-zone-f3-v3 – Zone f3 „Säulendiagramme lesen (Höhen, Symmetrie,“, Sprosse 2: kleinste Variante (v3; v1 fehlt)
WEG Zone f3 „Säulendiagramme lesen (Höhen, Symmetrie,“ – Sprossen [3] (Fallstricke) nicht bestellt (Zone ja: s1 und s2)
AUSWAHL zufallsgroessen-und-verteilungen-zone-f1-v5 – Zone-Paar, Fehler finden
AUSWAHL zufallsgroessen-und-verteilungen-zone-f1-v6 – Zone-Paar, gleichartige Rechenaufgabe
AUSWAHL zufallsgroessen-und-verteilungen-e1-k1-s0-v1 – e1 k1 „„Was muss eins ergeben?““ (erkennung), Sprosse 0: Variante 1; übergangen v2, v3, v4
KETTE e1 k1 „„Was muss eins ergeben?““ (erkennung) → eine Hauptnummer (Erkennungsschritt: eigene Kette nach bank.md, zählt als Hauptnummer)
AUSWAHL zufallsgroessen-und-verteilungen-e1-k2-s0-v1 – e1 k2 „Verteilung aufstellen“ (verfahren), Sprosse 0: Variante 1; übergangen v2, v3, v4
AUSWAHL zufallsgroessen-und-verteilungen-e1-k2-s1-v1 – e1 k2 „Verteilung aufstellen“ (verfahren), Sprosse 1: Variante 1; übergangen v2, v3, v4, v5
AUSWAHL zufallsgroessen-und-verteilungen-e1-k2-s2-v1 – e1 k2 „Verteilung aufstellen“ (verfahren), Sprosse 2: Variante 1; übergangen v2, v3
AUSWAHL zufallsgroessen-und-verteilungen-e1-k2-s3-v1 – e1 k2 „Verteilung aufstellen“ (verfahren), Sprosse 3: Variante 1; übergangen v2, v3
AUSWAHL zufallsgroessen-und-verteilungen-e1-k2-s4-v1 – e1 k2 „Verteilung aufstellen“ (verfahren), Sprosse 4: Variante 1; übergangen v2
KETTE e1 k2 „Verteilung aufstellen“ (verfahren) → eine Hauptnummer
AUSWAHL zufallsgroessen-und-verteilungen-e1-k3-s1-v1 – e1 k3 „Verteilung aufstellen“ (pflicht), Sprosse 1: Variante 1; übergangen v2, v3
AUSWAHL zufallsgroessen-und-verteilungen-e1-k3-s2-v1 – e1 k3 „Verteilung aufstellen“ (pflicht), Sprosse 2: Variante 1; übergangen v2, v3
AUSWAHL zufallsgroessen-und-verteilungen-e1-k3-s3-v1 – e1 k3 „Verteilung aufstellen“ (pflicht), Sprosse 3: Variante 1; übergangen v2, v3
AUSWAHL zufallsgroessen-und-verteilungen-e1-k3-s4-v1 – e1 k3 „Verteilung aufstellen“ (pflicht), Sprosse 4: Variante 1; übergangen v2, v3
KETTE e1 k3 „Verteilung aufstellen“ (pflicht) → eine Hauptnummer
AUSWAHL zufallsgroessen-und-verteilungen-e2-k1-s0-v1 – e2 k1 „Verteilung lesen“ (verfahren), Sprosse 0: Variante 1; übergangen v2, v3, v4
AUSWAHL zufallsgroessen-und-verteilungen-e2-k1-s1-v1 – e2 k1 „Verteilung lesen“ (verfahren), Sprosse 1: Variante 1; übergangen v2, v3, v4, v5
AUSWAHL zufallsgroessen-und-verteilungen-e2-k1-s2-v1 – e2 k1 „Verteilung lesen“ (verfahren), Sprosse 2: Variante 1; übergangen v2
KETTE e2 k1 „Verteilung lesen“ (verfahren) → eine Hauptnummer
AUSWAHL zufallsgroessen-und-verteilungen-e2-k2-s1-v1 – e2 k2 „Verteilung lesen“ (pflicht), Sprosse 1: Variante 1; übergangen v2, v3
AUSWAHL zufallsgroessen-und-verteilungen-e2-k2-s2-v1 – e2 k2 „Verteilung lesen“ (pflicht), Sprosse 2: Variante 1; übergangen v2, v3
AUSWAHL zufallsgroessen-und-verteilungen-e2-k2-s3-v1 – e2 k2 „Verteilung lesen“ (pflicht), Sprosse 3: Variante 1; übergangen v2, v3
AUSWAHL zufallsgroessen-und-verteilungen-e2-k2-s4-v1 – e2 k2 „Verteilung lesen“ (pflicht), Sprosse 4: Variante 1; übergangen v2, v3
KETTE e2 k2 „Verteilung lesen“ (pflicht) → eine Hauptnummer
KOPF Einheit 1: „Einheit 1 von 2 · Verteilung aufstellen: die Werte der Zufallsgröße aus den Regeln gewinnen (alle Ergebnisfolgen durchrechnen), die Tabelle durch Abzählen füllen (günstige Paare je Wert), fehlende Wahrscheinlichkeiten über die Summe eins“; Marken „BE Q2/4 · BB Q2 · GK (BE nur LK) · Abitur LK“ → Zeitmarke „None“, Prüfungswort „Abitur LK“
KOPF Einheit 2: „Einheit 2 von 2 · Einheit 2“; Marken „None“ → Zeitmarke „None“, Prüfungswort „None“
TODO 29 Stellen in den Quelltexten:
  abhaken.tex:2: TODO Ich-kann-Sätze: Platzhalter wie in den Aufgabendateien
  blatt0_a.tex:5: TODO Titel: Ich-kann-Satz fehlt in der Bank (Platzhalter: Kettenname) – Nr. 1
  blatt0_a.tex:6: TODO Anweisung: ein Satz über der ersten Teilaufgabe fehlt in der Bank – Nr. 1
  blatt0_a.tex:14: TODO Titel: Ich-kann-Satz fehlt in der Bank (Platzhalter: Kettenname) – Nr. 2
  blatt0_a.tex:15: TODO Anweisung: ein Satz über der ersten Teilaufgabe fehlt in der Bank – Nr. 2
  blatt0_a.tex:23: TODO Titel: Ich-kann-Satz fehlt in der Bank (Platzhalter: Kettenname) – Nr. 3
  blatt0_a.tex:24: TODO Anweisung: ein Satz über der ersten Teilaufgabe fehlt in der Bank – Nr. 3
  blatt0_a.tex:36: TODO Titel: Ich-kann-Satz fehlt in der Bank (Platzhalter: Kettenname) – Nr. 4
  blatt0_a.tex:37: TODO Anweisung: ein Satz über der ersten Teilaufgabe fehlt in der Bank – Nr. 4
  blatt0_a.tex:44: TODO Titel: Ich-kann-Satz fehlt in der Bank (Platzhalter: Kettenname) – Nr. 5
  blatt0_a.tex:45: TODO Anweisung: ein Satz über der ersten Teilaufgabe fehlt in der Bank – Nr. 5
  e1_a.tex:2: TODO Zeitmarke Einheit 1: Marken-Zeile nicht lesbar
  e1_a.tex:3: TODO Zweigzeile Teil 1: was hier gelernt wird (Satz in Schülersprache aus dem Einheitstitel) – Einheit 1
  e1_a.tex:8: TODO Titel: Ich-kann-Satz fehlt in der Bank (Platzhalter: Kettenname) – Nr. 6
  e1_a.tex:9: TODO Anweisung: ein Satz über der ersten Teilaufgabe fehlt in der Bank – Nr. 6
  e1_a.tex:16: TODO Titel: Ich-kann-Satz fehlt in der Bank (Platzhalter: Kettenname) – Nr. 7
  e1_a.tex:17: TODO Anweisung: ein Satz über der ersten Teilaufgabe fehlt in der Bank – Nr. 7
  e1_a.tex:19: TODO \rechenplatz{n}: Schrittzahl des Grundfalls fehlt in der Bank (nur bei fester Schreibform, 2.3 b)
  e1_a.tex:29: TODO Titel: Ich-kann-Satz fehlt in der Bank (Platzhalter: Kettenname) – Nr. 8
  e1_a.tex:30: TODO Anweisung: ein Satz über der ersten Teilaufgabe fehlt in der Bank – Nr. 8
  e2_a.tex:2: TODO Prüfungswort Einheit 2: nicht in der Marken-Zeile
  e2_a.tex:3: TODO Zeitmarke Einheit 2: Marken-Zeile nicht lesbar
  e2_a.tex:4: TODO Zweigzeile Teil 1: was hier gelernt wird (Satz in Schülersprache aus dem Einheitstitel) – Einheit 2
  e2_a.tex:5: TODO Einheitentitel 2 nicht in der Mappe lesbar
  e2_a.tex:9: TODO Titel: Ich-kann-Satz fehlt in der Bank (Platzhalter: Kettenname) – Nr. 9
  e2_a.tex:10: TODO Anweisung: ein Satz über der ersten Teilaufgabe fehlt in der Bank – Nr. 9
  e2_a.tex:12: TODO \rechenplatz{n}: Schrittzahl des Grundfalls fehlt in der Bank (nur bei fester Schreibform, 2.3 b)
  e2_a.tex:24: TODO Titel: Ich-kann-Satz fehlt in der Bank (Platzhalter: Kettenname) – Nr. 10
  e2_a.tex:25: TODO Anweisung: ein Satz über der ersten Teilaufgabe fehlt in der Bank – Nr. 10
STRUKTUR 0 Fehler
