# zusammenbau v0.1: zusammenbau.py gleichungen-loesen
VORLAGE mathblatt.sty: Version 2026-09-28a
EINHEITEN [1, 2, 3, 4]
AUSWAHL gleichungen-loesen-zone-f1-v1 – Zone f1 „Quadratische Gleichungen“, Sprosse 1: Variante 1; übergangen v2
AUSWAHL gleichungen-loesen-zone-f1-v3 – Zone f1 „Quadratische Gleichungen“, Sprosse 2: kleinste Variante (v3; v1 fehlt)
WEG Zone f1 „Quadratische Gleichungen“ – Sprossen [3, 4] (Fallstricke) nicht bestellt (Zone ja: s1 und s2)
AUSWAHL gleichungen-loesen-zone-f2-v1 – Zone f2 „Äquivalenzumformungen und Probe“, Sprosse 1: Variante 1; übergangen v2
AUSWAHL gleichungen-loesen-zone-f2-v3 – Zone f2 „Äquivalenzumformungen und Probe“, Sprosse 2: kleinste Variante (v3; v1 fehlt)
WEG Zone f2 „Äquivalenzumformungen und Probe“ – Sprossen [3, 4, 5, 6] (Fallstricke) nicht bestellt (Zone ja: s1 und s2)
AUSWAHL gleichungen-loesen-zone-f3-v1 – Zone f3 „Terme ausmultiplizieren, zusammenfassen,“, Sprosse 1: Variante 1; übergangen v2
AUSWAHL gleichungen-loesen-zone-f3-v3 – Zone f3 „Terme ausmultiplizieren, zusammenfassen,“, Sprosse 2: kleinste Variante (v3; v1 fehlt)
WEG Zone f3 „Terme ausmultiplizieren, zusammenfassen,“ – Sprossen [3, 4] (Fallstricke) nicht bestellt (Zone ja: s1 und s2)
AUSWAHL gleichungen-loesen-zone-f4-v1 – Zone f4 „Potenzen, n-te Wurzeln und Logarithmus“, Sprosse 1: Variante 1; übergangen v2
AUSWAHL gleichungen-loesen-zone-f4-v3 – Zone f4 „Potenzen, n-te Wurzeln und Logarithmus“, Sprosse 2: kleinste Variante (v3; v1 fehlt)
WEG Zone f4 „Potenzen, n-te Wurzeln und Logarithmus“ – Sprossen [3, 4] (Fallstricke) nicht bestellt (Zone ja: s1 und s2)
AUSWAHL gleichungen-loesen-zone-f5-v1 – Zone f5 „Die e-Funktion ist immer positiv und nie“, Sprosse 1: Variante 1; übergangen v2
AUSWAHL gleichungen-loesen-zone-f5-v3 – Zone f5 „Die e-Funktion ist immer positiv und nie“, Sprosse 2: kleinste Variante (v3; v1 fehlt)
WEG Zone f5 „Die e-Funktion ist immer positiv und nie“ – Sprossen [3] (Fallstricke) nicht bestellt (Zone ja: s1 und s2)
AUSWAHL gleichungen-loesen-zone-f6-v1 – Zone f6 „Ableitung einer ganzrationalen Funktion “, Sprosse 1: Variante 1; übergangen v2
AUSWAHL gleichungen-loesen-zone-f6-v3 – Zone f6 „Ableitung einer ganzrationalen Funktion “, Sprosse 2: kleinste Variante (v3; v1 fehlt)
WEG Zone f6 „Ableitung einer ganzrationalen Funktion “ – Sprossen [3] (Fallstricke) nicht bestellt (Zone ja: s1 und s2)
AUSWAHL gleichungen-loesen-zone-f7-v1 – Zone f7 „Sinus am Einheitskreis“, Sprosse 1: Variante 1; übergangen v2
AUSWAHL gleichungen-loesen-zone-f7-v3 – Zone f7 „Sinus am Einheitskreis“, Sprosse 2: kleinste Variante (v3; v1 fehlt)
WEG Zone f7 „Sinus am Einheitskreis“ – Sprossen [3] (Fallstricke) nicht bestellt (Zone ja: s1 und s2)
AUSWAHL gleichungen-loesen-zone-f8-v1 – Zone f8 „Punkte am Graphen ablesen und zwei Graph“, Sprosse 1: Variante 1; übergangen v2
AUSWAHL gleichungen-loesen-zone-f8-v3 – Zone f8 „Punkte am Graphen ablesen und zwei Graph“, Sprosse 2: kleinste Variante (v3; v1 fehlt)
WEG Zone f8 „Punkte am Graphen ablesen und zwei Graph“ – Sprossen [3] (Fallstricke) nicht bestellt (Zone ja: s1 und s2)
AUSWAHL gleichungen-loesen-zone-f2-v6 – Zone-Paar, Fehler finden
AUSWAHL gleichungen-loesen-zone-f2-v7 – Zone-Paar, gleichartige Rechenaufgabe
AUSWAHL gleichungen-loesen-e1-k1-s0-v1 – e1 k1 „Schnittpunkte und Stellen“ (verfahren), Sprosse 0: Variante 1; übergangen v2, v3, v4
AUSWAHL gleichungen-loesen-e1-k1-s1-v1 – e1 k1 „Schnittpunkte und Stellen“ (verfahren), Sprosse 1: Variante 1; übergangen v2, v3, v4, v5
AUSWAHL gleichungen-loesen-e1-k1-s2-v1 – e1 k1 „Schnittpunkte und Stellen“ (verfahren), Sprosse 2: Variante 1; übergangen v2, v3
AUSWAHL gleichungen-loesen-e1-k1-s3-v1 – e1 k1 „Schnittpunkte und Stellen“ (verfahren), Sprosse 3: Variante 1; übergangen v2, v3
AUSWAHL gleichungen-loesen-e1-k1-s4-v1 – e1 k1 „Schnittpunkte und Stellen“ (verfahren), Sprosse 4: Variante 1; übergangen v2, v3
AUSWAHL gleichungen-loesen-e1-k1-s5-v1 – e1 k1 „Schnittpunkte und Stellen“ (verfahren), Sprosse 5: Variante 1; übergangen v2, v3
AUSWAHL gleichungen-loesen-e1-k1-s6-v1 – e1 k1 „Schnittpunkte und Stellen“ (verfahren), Sprosse 6: Variante 1; übergangen v2, v3
AUSWAHL gleichungen-loesen-e1-k1-s7-v1 – e1 k1 „Schnittpunkte und Stellen“ (verfahren), Sprosse 7: Variante 1; übergangen v2, v3
AUSWAHL gleichungen-loesen-e1-k1-s8-v1 – e1 k1 „Schnittpunkte und Stellen“ (verfahren), Sprosse 8: Variante 1; übergangen v2, v3
AUSWAHL gleichungen-loesen-e1-k1-s9-v1 – e1 k1 „Schnittpunkte und Stellen“ (verfahren), Sprosse 9: Variante 1; übergangen v2, v3
AUSWAHL gleichungen-loesen-e1-k1-s10-v1 – e1 k1 „Schnittpunkte und Stellen“ (verfahren), Sprosse 10: Variante 1; übergangen v2, v3
AUSWAHL gleichungen-loesen-e1-k1-s11-v1 – e1 k1 „Schnittpunkte und Stellen“ (verfahren), Sprosse 11: Variante 1; übergangen v2, v3
AUSWAHL gleichungen-loesen-e1-k1-s12-v1 – e1 k1 „Schnittpunkte und Stellen“ (verfahren), Sprosse 12: Variante 1; übergangen v2
KETTE e1 k1 „Schnittpunkte und Stellen“ (verfahren) → eine Hauptnummer
AUSWAHL gleichungen-loesen-e1-k2-s1-v1 – e1 k2 „Waagerechte Ausdehnung eines Profils in vorgegebener Höhe über die Stellen mit vorgegebenem Funktionswert berechnen“ (ohne), Sprosse 1: Variante 1; übergangen v2, v3
KETTE e1 k2 „Waagerechte Ausdehnung eines Profils in vorgegebener Höhe über die Stellen mit vorgegebenem Funktionswert berechnen“ (ohne) → eine Hauptnummer
AUSWAHL gleichungen-loesen-e1-k3-s1-v1 – e1 k3 „Schnittpunkte und Stellen“ (pflicht), Sprosse 1: Variante 1; übergangen v2, v3
AUSWAHL gleichungen-loesen-e1-k3-s2-v1 – e1 k3 „Schnittpunkte und Stellen“ (pflicht), Sprosse 2: Variante 1; übergangen v2, v3
AUSWAHL gleichungen-loesen-e1-k3-s3-v1 – e1 k3 „Schnittpunkte und Stellen“ (pflicht), Sprosse 3: Variante 1; übergangen v2, v3
AUSWAHL gleichungen-loesen-e1-k3-s4-v1 – e1 k3 „Schnittpunkte und Stellen“ (pflicht), Sprosse 4: Variante 1; übergangen v2, v3
KETTE e1 k3 „Schnittpunkte und Stellen“ (pflicht) → eine Hauptnummer
AUSWAHL gleichungen-loesen-e2-k1-s0-v1 – e2 k1 „Gleichungen mit e-Funktion und Logarithmus“ (verfahren), Sprosse 0: Variante 1; übergangen v2, v3, v4
AUSWAHL gleichungen-loesen-e2-k1-s1-v1 – e2 k1 „Gleichungen mit e-Funktion und Logarithmus“ (verfahren), Sprosse 1: Variante 1; übergangen v2, v3, v4, v5
AUSWAHL gleichungen-loesen-e2-k1-s2-v1 – e2 k1 „Gleichungen mit e-Funktion und Logarithmus“ (verfahren), Sprosse 2: Variante 1; übergangen v2, v3
AUSWAHL gleichungen-loesen-e2-k1-s3-v1 – e2 k1 „Gleichungen mit e-Funktion und Logarithmus“ (verfahren), Sprosse 3: Variante 1; übergangen v2, v3
AUSWAHL gleichungen-loesen-e2-k1-s4-v1 – e2 k1 „Gleichungen mit e-Funktion und Logarithmus“ (verfahren), Sprosse 4: Variante 1; übergangen v2, v3
AUSWAHL gleichungen-loesen-e2-k1-s5-v1 – e2 k1 „Gleichungen mit e-Funktion und Logarithmus“ (verfahren), Sprosse 5: Variante 1; übergangen v2, v3
AUSWAHL gleichungen-loesen-e2-k1-s6-v1 – e2 k1 „Gleichungen mit e-Funktion und Logarithmus“ (verfahren), Sprosse 6: Variante 1; übergangen v2, v3
AUSWAHL gleichungen-loesen-e2-k1-s7-v1 – e2 k1 „Gleichungen mit e-Funktion und Logarithmus“ (verfahren), Sprosse 7: Variante 1; übergangen v2, v3
AUSWAHL gleichungen-loesen-e2-k1-s8-v1 – e2 k1 „Gleichungen mit e-Funktion und Logarithmus“ (verfahren), Sprosse 8: Variante 1; übergangen v2, v3
AUSWAHL gleichungen-loesen-e2-k1-s9-v1 – e2 k1 „Gleichungen mit e-Funktion und Logarithmus“ (verfahren), Sprosse 9: Variante 1; übergangen v2, v3
AUSWAHL gleichungen-loesen-e2-k1-s10-v1 – e2 k1 „Gleichungen mit e-Funktion und Logarithmus“ (verfahren), Sprosse 10: Variante 1; übergangen v2, v3
AUSWAHL gleichungen-loesen-e2-k1-s11-v1 – e2 k1 „Gleichungen mit e-Funktion und Logarithmus“ (verfahren), Sprosse 11: Variante 1; übergangen v2
KETTE e2 k1 „Gleichungen mit e-Funktion und Logarithmus“ (verfahren) → eine Hauptnummer
AUSWAHL gleichungen-loesen-e2-k2-s1-v1 – e2 k2 „Schnittpunkte zweier Graphen durch Ausklammern eines gemeinsamen Faktors berechnen“ (ohne), Sprosse 1: Variante 1; übergangen v2, v3
KETTE e2 k2 „Schnittpunkte zweier Graphen durch Ausklammern eines gemeinsamen Faktors berechnen“ (ohne) → eine Hauptnummer
AUSWAHL gleichungen-loesen-e2-k3-s1-v1 – e2 k3 „Gleichungen mit e-Funktion und Logarithmus“ (pflicht), Sprosse 1: Variante 1; übergangen v2, v3
AUSWAHL gleichungen-loesen-e2-k3-s2-v1 – e2 k3 „Gleichungen mit e-Funktion und Logarithmus“ (pflicht), Sprosse 2: Variante 1; übergangen v2, v3
AUSWAHL gleichungen-loesen-e2-k3-s3-v1 – e2 k3 „Gleichungen mit e-Funktion und Logarithmus“ (pflicht), Sprosse 3: Variante 1; übergangen v2, v3
KETTE e2 k3 „Gleichungen mit e-Funktion und Logarithmus“ (pflicht) → eine Hauptnummer
AUSWAHL gleichungen-loesen-e3-k1-s0-v1 – e3 k1 „Gleichungen aufstellen und grafisch oder numerisch lösen“ (verfahren), Sprosse 0: Variante 1; übergangen v2, v3, v4
AUSWAHL gleichungen-loesen-e3-k1-s1-v1 – e3 k1 „Gleichungen aufstellen und grafisch oder numerisch lösen“ (verfahren), Sprosse 1: Variante 1; übergangen v2, v3, v4, v5
AUSWAHL gleichungen-loesen-e3-k1-s2-v1 – e3 k1 „Gleichungen aufstellen und grafisch oder numerisch lösen“ (verfahren), Sprosse 2: Variante 1; übergangen v2, v3
AUSWAHL gleichungen-loesen-e3-k1-s3-v1 – e3 k1 „Gleichungen aufstellen und grafisch oder numerisch lösen“ (verfahren), Sprosse 3: Variante 1; übergangen v2, v3
AUSWAHL gleichungen-loesen-e3-k1-s4-v1 – e3 k1 „Gleichungen aufstellen und grafisch oder numerisch lösen“ (verfahren), Sprosse 4: Variante 1; übergangen v2, v3
AUSWAHL gleichungen-loesen-e3-k1-s5-v1 – e3 k1 „Gleichungen aufstellen und grafisch oder numerisch lösen“ (verfahren), Sprosse 5: Variante 1; übergangen v2, v3
AUSWAHL gleichungen-loesen-e3-k1-s6-v1 – e3 k1 „Gleichungen aufstellen und grafisch oder numerisch lösen“ (verfahren), Sprosse 6: Variante 1; übergangen v2, v3
AUSWAHL gleichungen-loesen-e3-k1-s7-v1 – e3 k1 „Gleichungen aufstellen und grafisch oder numerisch lösen“ (verfahren), Sprosse 7: Variante 1; übergangen v2, v3
AUSWAHL gleichungen-loesen-e3-k1-s8-v1 – e3 k1 „Gleichungen aufstellen und grafisch oder numerisch lösen“ (verfahren), Sprosse 8: Variante 1; übergangen v2, v3
AUSWAHL gleichungen-loesen-e3-k1-s9-v1 – e3 k1 „Gleichungen aufstellen und grafisch oder numerisch lösen“ (verfahren), Sprosse 9: Variante 1; übergangen v2
KETTE e3 k1 „Gleichungen aufstellen und grafisch oder numerisch lösen“ (verfahren) → eine Hauptnummer
AUSWAHL gleichungen-loesen-e3-k2-s1-v1 – e3 k2 „Schnittpunkte zweier Graphen mit dem Rechner ermitteln“ (ohne), Sprosse 1: Variante 1; übergangen v2, v3
KETTE e3 k2 „Schnittpunkte zweier Graphen mit dem Rechner ermitteln“ (ohne) → eine Hauptnummer
AUSWAHL gleichungen-loesen-e3-k3-s1-v1 – e3 k3 „Gleichungen aufstellen und grafisch oder numerisch lösen“ (pflicht), Sprosse 1: Variante 1; übergangen v2, v3
AUSWAHL gleichungen-loesen-e3-k3-s2-v1 – e3 k3 „Gleichungen aufstellen und grafisch oder numerisch lösen“ (pflicht), Sprosse 2: Variante 1; übergangen v2, v3
AUSWAHL gleichungen-loesen-e3-k3-s3-v1 – e3 k3 „Gleichungen aufstellen und grafisch oder numerisch lösen“ (pflicht), Sprosse 3: Variante 1; übergangen v2, v3
AUSWAHL gleichungen-loesen-e3-k3-s4-v1 – e3 k3 „Gleichungen aufstellen und grafisch oder numerisch lösen“ (pflicht), Sprosse 4: Variante 1; übergangen v2, v3
KETTE e3 k3 „Gleichungen aufstellen und grafisch oder numerisch lösen“ (pflicht) → eine Hauptnummer
AUSWAHL gleichungen-loesen-e4-k1-s0-v1 – e4 k1 „Ungleichungen“ (verfahren), Sprosse 0: Variante 1; übergangen v2, v3, v4
AUSWAHL gleichungen-loesen-e4-k1-s1-v1 – e4 k1 „Ungleichungen“ (verfahren), Sprosse 1: Variante 1; übergangen v2, v3, v4, v5
AUSWAHL gleichungen-loesen-e4-k1-s2-v1 – e4 k1 „Ungleichungen“ (verfahren), Sprosse 2: Variante 1; übergangen v2, v3
AUSWAHL gleichungen-loesen-e4-k1-s3-v1 – e4 k1 „Ungleichungen“ (verfahren), Sprosse 3: Variante 1; übergangen v2, v3
AUSWAHL gleichungen-loesen-e4-k1-s4-v1 – e4 k1 „Ungleichungen“ (verfahren), Sprosse 4: Variante 1; übergangen v2
KETTE e4 k1 „Ungleichungen“ (verfahren) → eine Hauptnummer
AUSWAHL gleichungen-loesen-e4-k2-s1-v1 – e4 k2 „Intervall, in dem eine Modellfunktion mindestens einen vorgegebenen Wert annimmt, über eine Ungleichung bestimmen“ (ohne), Sprosse 1: Variante 1; übergangen v2, v3
KETTE e4 k2 „Intervall, in dem eine Modellfunktion mindestens einen vorgegebenen Wert annimmt, über eine Ungleichung bestimmen“ (ohne) → eine Hauptnummer
AUSWAHL gleichungen-loesen-e4-k3-s1-v1 – e4 k3 „Ungleichungen“ (pflicht), Sprosse 1: Variante 1; übergangen v2, v3
AUSWAHL gleichungen-loesen-e4-k3-s2-v1 – e4 k3 „Ungleichungen“ (pflicht), Sprosse 2: Variante 1; übergangen v2, v3
AUSWAHL gleichungen-loesen-e4-k3-s3-v1 – e4 k3 „Ungleichungen“ (pflicht), Sprosse 3: Variante 1; übergangen v2, v3
AUSWAHL gleichungen-loesen-e4-k3-s4-v1 – e4 k3 „Ungleichungen“ (pflicht), Sprosse 4: Variante 1; übergangen v2, v3
KETTE e4 k3 „Ungleichungen“ (pflicht) → eine Hauptnummer
KOPF Einheit 1: „Einheit 1 von 4 · Ganzrationale Gleichungen“; Marken „BE Q1/3 · BB Q1 · GK · Abitur GK · Abitur LK · FHR“ → Zeitmarke „None“, Prüfungswort „Abitur GK“
WARNUNG Nr. 11: 13 Teilaufgaben, 0 mit Grafik – über dem Halbseitenmaß (2.3 g); v0.1 teilt nur im Fokus
KOPF Einheit 2: „Einheit 2 von 4 · Gleichungen mit e-Funktion und Logarithmus“; Marken „BE Q1/3 · BB Q1 · GK · Abitur GK · Abitur LK“ → Zeitmarke „None“, Prüfungswort „Abitur GK“
KOPF Einheit 3: „Einheit 3 von 4 · Gleichungen aufstellen und grafisch oder numerisch lösen“; Marken „BE Q1/3 · BB Q1 · GK · Abitur GK · Abitur LK“ → Zeitmarke „None“, Prüfungswort „Abitur GK“
WARNUNG Nr. 17: 10 Teilaufgaben, 5 mit Grafik – über dem Halbseitenmaß (2.3 g); v0.1 teilt nur im Fokus
KOPF Einheit 4: „Einheit 4 von 4 · Ungleichungen“; Marken „BE – · BB – · Kursart – · Abitur GK · Abitur LK“ → Zeitmarke „None“, Prüfungswort „Abitur GK“
TODO 57 Stellen in den Quelltexten:
  abhaken.tex:2: TODO Ich-kann-Sätze: Platzhalter wie in den Aufgabendateien
  blatt0_a.tex:5: TODO Titel: Ich-kann-Satz fehlt in der Bank (Platzhalter: Kettenname) – Nr. 1
  blatt0_a.tex:6: TODO Anweisung: ein Satz über der ersten Teilaufgabe fehlt in der Bank – Nr. 1
  blatt0_a.tex:14: TODO Titel: Ich-kann-Satz fehlt in der Bank (Platzhalter: Kettenname) – Nr. 2
  blatt0_a.tex:15: TODO Anweisung: ein Satz über der ersten Teilaufgabe fehlt in der Bank – Nr. 2
  blatt0_a.tex:23: TODO Titel: Ich-kann-Satz fehlt in der Bank (Platzhalter: Kettenname) – Nr. 3
  blatt0_a.tex:24: TODO Anweisung: ein Satz über der ersten Teilaufgabe fehlt in der Bank – Nr. 3
  blatt0_a.tex:32: TODO Titel: Ich-kann-Satz fehlt in der Bank (Platzhalter: Kettenname) – Nr. 4
  blatt0_a.tex:33: TODO Anweisung: ein Satz über der ersten Teilaufgabe fehlt in der Bank – Nr. 4
  blatt0_a.tex:41: TODO Titel: Ich-kann-Satz fehlt in der Bank (Platzhalter: Kettenname) – Nr. 5
  blatt0_a.tex:42: TODO Anweisung: ein Satz über der ersten Teilaufgabe fehlt in der Bank – Nr. 5
  blatt0_a.tex:50: TODO Titel: Ich-kann-Satz fehlt in der Bank (Platzhalter: Kettenname) – Nr. 6
  blatt0_a.tex:51: TODO Anweisung: ein Satz über der ersten Teilaufgabe fehlt in der Bank – Nr. 6
  blatt0_a.tex:59: TODO Titel: Ich-kann-Satz fehlt in der Bank (Platzhalter: Kettenname) – Nr. 7
  blatt0_a.tex:60: TODO Anweisung: ein Satz über der ersten Teilaufgabe fehlt in der Bank – Nr. 7
  blatt0_a.tex:68: TODO Titel: Ich-kann-Satz fehlt in der Bank (Platzhalter: Kettenname) – Nr. 8
  blatt0_a.tex:69: TODO Anweisung: ein Satz über der ersten Teilaufgabe fehlt in der Bank – Nr. 8
  blatt0_a.tex:82: TODO Titel: Ich-kann-Satz fehlt in der Bank (Platzhalter: Kettenname) – Nr. 9
  blatt0_a.tex:83: TODO Anweisung: ein Satz über der ersten Teilaufgabe fehlt in der Bank – Nr. 9
  blatt0_a.tex:90: TODO Titel: Ich-kann-Satz fehlt in der Bank (Platzhalter: Kettenname) – Nr. 10
  blatt0_a.tex:91: TODO Anweisung: ein Satz über der ersten Teilaufgabe fehlt in der Bank – Nr. 10
  e1_a.tex:2: TODO Zeitmarke Einheit 1: Marken-Zeile nicht lesbar
  e1_a.tex:3: TODO Zweigzeile Teil 1: was hier gelernt wird (Satz in Schülersprache aus dem Einheitstitel) – Einheit 1
  e1_a.tex:8: TODO Titel: Ich-kann-Satz fehlt in der Bank (Platzhalter: Kettenname) – Nr. 11
  e1_a.tex:9: TODO Anweisung: ein Satz über der ersten Teilaufgabe fehlt in der Bank – Nr. 11
  e1_a.tex:11: TODO \rechenplatz{n}: Schrittzahl des Grundfalls fehlt in der Bank (nur bei fester Schreibform, 2.3 b)
  e1_a.tex:39: TODO Titel: Ich-kann-Satz fehlt in der Bank (Platzhalter: Kettenname) – Nr. 12
  e1_a.tex:40: TODO Anweisung: ein Satz über der ersten Teilaufgabe fehlt in der Bank – Nr. 12
  e1_a.tex:47: TODO Titel: Ich-kann-Satz fehlt in der Bank (Platzhalter: Kettenname) – Nr. 13
  e1_a.tex:48: TODO Anweisung: ein Satz über der ersten Teilaufgabe fehlt in der Bank – Nr. 13
  e2_a.tex:2: TODO Zeitmarke Einheit 2: Marken-Zeile nicht lesbar
  e2_a.tex:3: TODO Zweigzeile Teil 1: was hier gelernt wird (Satz in Schülersprache aus dem Einheitstitel) – Einheit 2
  e2_a.tex:8: TODO Titel: Ich-kann-Satz fehlt in der Bank (Platzhalter: Kettenname) – Nr. 14
  e2_a.tex:9: TODO Anweisung: ein Satz über der ersten Teilaufgabe fehlt in der Bank – Nr. 14
  e2_a.tex:11: TODO \rechenplatz{n}: Schrittzahl des Grundfalls fehlt in der Bank (nur bei fester Schreibform, 2.3 b)
  e2_a.tex:34: TODO Titel: Ich-kann-Satz fehlt in der Bank (Platzhalter: Kettenname) – Nr. 15
  e2_a.tex:35: TODO Anweisung: ein Satz über der ersten Teilaufgabe fehlt in der Bank – Nr. 15
  e2_a.tex:42: TODO Titel: Ich-kann-Satz fehlt in der Bank (Platzhalter: Kettenname) – Nr. 16
  e2_a.tex:43: TODO Anweisung: ein Satz über der ersten Teilaufgabe fehlt in der Bank – Nr. 16
  e3_a.tex:2: TODO Zeitmarke Einheit 3: Marken-Zeile nicht lesbar
  e3_a.tex:3: TODO Zweigzeile Teil 1: was hier gelernt wird (Satz in Schülersprache aus dem Einheitstitel) – Einheit 3
  e3_a.tex:8: TODO Titel: Ich-kann-Satz fehlt in der Bank (Platzhalter: Kettenname) – Nr. 17
  e3_a.tex:9: TODO Anweisung: ein Satz über der ersten Teilaufgabe fehlt in der Bank – Nr. 17
  e3_a.tex:11: TODO \rechenplatz{n}: Schrittzahl des Grundfalls fehlt in der Bank (nur bei fester Schreibform, 2.3 b)
  e3_a.tex:44: TODO Titel: Ich-kann-Satz fehlt in der Bank (Platzhalter: Kettenname) – Nr. 18
  e3_a.tex:45: TODO Anweisung: ein Satz über der ersten Teilaufgabe fehlt in der Bank – Nr. 18
  e3_a.tex:52: TODO Titel: Ich-kann-Satz fehlt in der Bank (Platzhalter: Kettenname) – Nr. 19
  e3_a.tex:53: TODO Anweisung: ein Satz über der ersten Teilaufgabe fehlt in der Bank – Nr. 19
  e4_a.tex:2: TODO Zeitmarke Einheit 4: Marken-Zeile nicht lesbar
  e4_a.tex:3: TODO Zweigzeile Teil 1: was hier gelernt wird (Satz in Schülersprache aus dem Einheitstitel) – Einheit 4
  e4_a.tex:8: TODO Titel: Ich-kann-Satz fehlt in der Bank (Platzhalter: Kettenname) – Nr. 20
  e4_a.tex:9: TODO Anweisung: ein Satz über der ersten Teilaufgabe fehlt in der Bank – Nr. 20
  e4_a.tex:11: TODO \rechenplatz{n}: Schrittzahl des Grundfalls fehlt in der Bank (nur bei fester Schreibform, 2.3 b)
  e4_a.tex:25: TODO Titel: Ich-kann-Satz fehlt in der Bank (Platzhalter: Kettenname) – Nr. 21
  e4_a.tex:26: TODO Anweisung: ein Satz über der ersten Teilaufgabe fehlt in der Bank – Nr. 21
  e4_a.tex:33: TODO Titel: Ich-kann-Satz fehlt in der Bank (Platzhalter: Kettenname) – Nr. 22
  e4_a.tex:34: TODO Anweisung: ein Satz über der ersten Teilaufgabe fehlt in der Bank – Nr. 22
STRUKTUR 0 Fehler
