# zusammenbau v0.1: zusammenbau.py rekonstruktion-von-bestaenden
VORLAGE mathblatt.sty: Version 2026-09-28a
EINHEITEN [1, 2, 3]
AUSWAHL rekonstruktion-von-bestaenden-zone-f1-v1 – Zone f1 „Bestimmte Integrale berechnen (Stammfunk“, Sprosse 1: Variante 1; übergangen v2
AUSWAHL rekonstruktion-von-bestaenden-zone-f1-v3 – Zone f1 „Bestimmte Integrale berechnen (Stammfunk“, Sprosse 2: kleinste Variante (v3; v1 fehlt)
WEG Zone f1 „Bestimmte Integrale berechnen (Stammfunk“ – Sprossen [3] (Fallstricke) nicht bestellt (Zone ja: s1 und s2)
AUSWAHL rekonstruktion-von-bestaenden-zone-f2-v1 – Zone f2 „Die Rate als Ableitung lesen“, Sprosse 1: Variante 1; übergangen v2
AUSWAHL rekonstruktion-von-bestaenden-zone-f2-v3 – Zone f2 „Die Rate als Ableitung lesen“, Sprosse 2: kleinste Variante (v3; v1 fehlt)
WEG Zone f2 „Die Rate als Ableitung lesen“ – Sprossen [3] (Fallstricke) nicht bestellt (Zone ja: s1 und s2)
AUSWAHL rekonstruktion-von-bestaenden-zone-f3-v1 – Zone f3 „Vorzeichen einer Funktion über Nullstell“, Sprosse 1: Variante 1; übergangen v2
AUSWAHL rekonstruktion-von-bestaenden-zone-f3-v3 – Zone f3 „Vorzeichen einer Funktion über Nullstell“, Sprosse 2: kleinste Variante (v3; v1 fehlt)
WEG Zone f3 „Vorzeichen einer Funktion über Nullstell“ – Sprossen [3] (Fallstricke) nicht bestellt (Zone ja: s1 und s2)
AUSWAHL rekonstruktion-von-bestaenden-zone-f4-v1 – Zone f4 „Einheiten umrechnen“, Sprosse 1: Variante 1; übergangen v2
AUSWAHL rekonstruktion-von-bestaenden-zone-f4-v3 – Zone f4 „Einheiten umrechnen“, Sprosse 2: kleinste Variante (v3; v1 fehlt)
WEG Zone f4 „Einheiten umrechnen“ – Sprossen [3, 4, 5] (Fallstricke) nicht bestellt (Zone ja: s1 und s2)
AUSWAHL rekonstruktion-von-bestaenden-zone-f5-v1 – Zone f5 „Rate mal Zeit als Menge deuten (je-desto“, Sprosse 1: Variante 1; übergangen v2
AUSWAHL rekonstruktion-von-bestaenden-zone-f5-v3 – Zone f5 „Rate mal Zeit als Menge deuten (je-desto“, Sprosse 2: kleinste Variante (v3; v1 fehlt)
WEG Zone f5 „Rate mal Zeit als Menge deuten (je-desto“ – Sprossen [3] (Fallstricke) nicht bestellt (Zone ja: s1 und s2)
AUSWAHL rekonstruktion-von-bestaenden-zone-f4-v5 – Zone-Paar, Fehler finden
AUSWAHL rekonstruktion-von-bestaenden-zone-f4-v6 – Zone-Paar, gleichartige Rechenaufgabe
AUSWAHL rekonstruktion-von-bestaenden-e1-k1-s0-v1 – e1 k1 „Bestand aus Rate“ (verfahren), Sprosse 0: Variante 1; übergangen v2, v3, v4
AUSWAHL rekonstruktion-von-bestaenden-e1-k1-s1-v1 – e1 k1 „Bestand aus Rate“ (verfahren), Sprosse 1: Variante 1; übergangen v2, v3, v4, v5
AUSWAHL rekonstruktion-von-bestaenden-e1-k1-s2-v1 – e1 k1 „Bestand aus Rate“ (verfahren), Sprosse 2: Variante 1; übergangen v2, v3
AUSWAHL rekonstruktion-von-bestaenden-e1-k1-s3-v1 – e1 k1 „Bestand aus Rate“ (verfahren), Sprosse 3: Variante 1; übergangen v2, v3
AUSWAHL rekonstruktion-von-bestaenden-e1-k1-s4-v1 – e1 k1 „Bestand aus Rate“ (verfahren), Sprosse 4: Variante 1; übergangen v2, v3
AUSWAHL rekonstruktion-von-bestaenden-e1-k1-s5-v1 – e1 k1 „Bestand aus Rate“ (verfahren), Sprosse 5: Variante 1; übergangen v2, v3
AUSWAHL rekonstruktion-von-bestaenden-e1-k1-s6-v1 – e1 k1 „Bestand aus Rate“ (verfahren), Sprosse 6: Variante 1; übergangen v2, v3, v4, v5
KETTE e1 k1 „Bestand aus Rate“ (verfahren) → eine Hauptnummer
AUSWAHL rekonstruktion-von-bestaenden-e1-k2-s1-v1 – e1 k2 „Zeitpunkt mit gleichem Bestand wie zu Beginn über das Integral der Änderungsrate gleich null untersuchen“ (ohne), Sprosse 1: Variante 1; übergangen v2, v3
KETTE e1 k2 „Zeitpunkt mit gleichem Bestand wie zu Beginn über das Integral der Änderungsrate gleich null untersuchen“ (ohne) → eine Hauptnummer
AUSWAHL rekonstruktion-von-bestaenden-e1-k3-s1-v1 – e1 k3 „Bestand aus Rate“ (pflicht), Sprosse 1: Variante 1; übergangen v2, v3
AUSWAHL rekonstruktion-von-bestaenden-e1-k3-s2-v1 – e1 k3 „Bestand aus Rate“ (pflicht), Sprosse 2: Variante 1; übergangen v2, v3
AUSWAHL rekonstruktion-von-bestaenden-e1-k3-s3-v1 – e1 k3 „Bestand aus Rate“ (pflicht), Sprosse 3: Variante 1; übergangen v2, v3
AUSWAHL rekonstruktion-von-bestaenden-e1-k3-s4-v1 – e1 k3 „Bestand aus Rate“ (pflicht), Sprosse 4: Variante 1; übergangen v2, v3
KETTE e1 k3 „Bestand aus Rate“ (pflicht) → eine Hauptnummer
AUSWAHL rekonstruktion-von-bestaenden-e2-k1-s0-v1 – e2 k1 „Rate und Bestand als Paar“ (verfahren), Sprosse 0: Variante 1; übergangen v2, v3, v4
AUSWAHL rekonstruktion-von-bestaenden-e2-k1-s1-v1 – e2 k1 „Rate und Bestand als Paar“ (verfahren), Sprosse 1: Variante 1; übergangen v2, v3, v4, v5
AUSWAHL rekonstruktion-von-bestaenden-e2-k1-s2-v1 – e2 k1 „Rate und Bestand als Paar“ (verfahren), Sprosse 2: Variante 1; übergangen v2, v3
AUSWAHL rekonstruktion-von-bestaenden-e2-k1-s3-v1 – e2 k1 „Rate und Bestand als Paar“ (verfahren), Sprosse 3: Variante 1; übergangen v2, v3
AUSWAHL rekonstruktion-von-bestaenden-e2-k1-s4-v1 – e2 k1 „Rate und Bestand als Paar“ (verfahren), Sprosse 4: Variante 1; übergangen v2
KETTE e2 k1 „Rate und Bestand als Paar“ (verfahren) → eine Hauptnummer
AUSWAHL rekonstruktion-von-bestaenden-e2-k2-s1-v1 – e2 k2 „Zeitraum der Abnahme eines Bestands über Nullstellen und Vorzeichen der Änderungsrate berechnen“ (ohne), Sprosse 1: Variante 1; übergangen v2, v3
KETTE e2 k2 „Zeitraum der Abnahme eines Bestands über Nullstellen und Vorzeichen der Änderungsrate berechnen“ (ohne) → eine Hauptnummer
AUSWAHL rekonstruktion-von-bestaenden-e2-k3-s1-v1 – e2 k3 „Rate und Bestand als Paar“ (pflicht), Sprosse 1: Variante 1; übergangen v2, v3
AUSWAHL rekonstruktion-von-bestaenden-e2-k3-s2-v1 – e2 k3 „Rate und Bestand als Paar“ (pflicht), Sprosse 2: Variante 1; übergangen v2, v3
AUSWAHL rekonstruktion-von-bestaenden-e2-k3-s3-v1 – e2 k3 „Rate und Bestand als Paar“ (pflicht), Sprosse 3: Variante 1; übergangen v2, v3
AUSWAHL rekonstruktion-von-bestaenden-e2-k3-s4-v1 – e2 k3 „Rate und Bestand als Paar“ (pflicht), Sprosse 4: Variante 1; übergangen v2, v3
KETTE e2 k3 „Rate und Bestand als Paar“ (pflicht) → eine Hauptnummer
AUSWAHL rekonstruktion-von-bestaenden-e3-k1-s1-v1 – e3 k1 „Am Ratengraphen“ (verfahren), Sprosse 1: Variante 1; übergangen v2, v3, v4, v5
AUSWAHL rekonstruktion-von-bestaenden-e3-k1-s2-v1 – e3 k1 „Am Ratengraphen“ (verfahren), Sprosse 2: Variante 1; übergangen v2, v3
AUSWAHL rekonstruktion-von-bestaenden-e3-k1-s3-v1 – e3 k1 „Am Ratengraphen“ (verfahren), Sprosse 3: Variante 1; übergangen v2, v3
AUSWAHL rekonstruktion-von-bestaenden-e3-k1-s4-v1 – e3 k1 „Am Ratengraphen“ (verfahren), Sprosse 4: Variante 1; übergangen v2, v3, v4
KETTE e3 k1 „Am Ratengraphen“ (verfahren) → eine Hauptnummer
AUSWAHL rekonstruktion-von-bestaenden-e3-k2-s1-v1 – e3 k2 „Am Ratengraphen“ (pflicht), Sprosse 1: Variante 1; übergangen v2, v3
AUSWAHL rekonstruktion-von-bestaenden-e3-k2-s2-v1 – e3 k2 „Am Ratengraphen“ (pflicht), Sprosse 2: Variante 1; übergangen v2, v3
AUSWAHL rekonstruktion-von-bestaenden-e3-k2-s3-v1 – e3 k2 „Am Ratengraphen“ (pflicht), Sprosse 3: Variante 1; übergangen v2, v3
AUSWAHL rekonstruktion-von-bestaenden-e3-k2-s4-v1 – e3 k2 „Am Ratengraphen“ (pflicht), Sprosse 4: Variante 1; übergangen v2, v3
KETTE e3 k2 „Am Ratengraphen“ (pflicht) → eine Hauptnummer
KOPF Einheit 1: „Einheit 1 von 3 · Bestand aus Rate“; Marken „BE Q2 · BB Q2 · GK · Abitur LK“ → Zeitmarke „None“, Prüfungswort „Abitur LK“
WARNUNG Nr. 8: 7 Teilaufgaben, 1 mit Grafik – über dem Halbseitenmaß (2.3 g); v0.1 teilt nur im Fokus
KOPF Einheit 2: „Einheit 2 von 3 · Rate und Bestand als Paar“; Marken „BE Q2 · BB Q2 · GK · Abitur LK“ → Zeitmarke „None“, Prüfungswort „Abitur LK“
KOPF Einheit 3: „Einheit 3 von 3 · Am Ratengraphen“; Marken „BE Q2 · BB Q2 · GK · Abitur GK · Abitur LK“ → Zeitmarke „None“, Prüfungswort „Abitur GK“
TODO 40 Stellen in den Quelltexten:
  abhaken.tex:2: TODO Ich-kann-Sätze: Platzhalter wie in den Aufgabendateien
  blatt0_a.tex:5: TODO Titel: Ich-kann-Satz fehlt in der Bank (Platzhalter: Kettenname) – Nr. 1
  blatt0_a.tex:6: TODO Anweisung: ein Satz über der ersten Teilaufgabe fehlt in der Bank – Nr. 1
  blatt0_a.tex:14: TODO Titel: Ich-kann-Satz fehlt in der Bank (Platzhalter: Kettenname) – Nr. 2
  blatt0_a.tex:15: TODO Anweisung: ein Satz über der ersten Teilaufgabe fehlt in der Bank – Nr. 2
  blatt0_a.tex:23: TODO Titel: Ich-kann-Satz fehlt in der Bank (Platzhalter: Kettenname) – Nr. 3
  blatt0_a.tex:24: TODO Anweisung: ein Satz über der ersten Teilaufgabe fehlt in der Bank – Nr. 3
  blatt0_a.tex:32: TODO Titel: Ich-kann-Satz fehlt in der Bank (Platzhalter: Kettenname) – Nr. 4
  blatt0_a.tex:33: TODO Anweisung: ein Satz über der ersten Teilaufgabe fehlt in der Bank – Nr. 4
  blatt0_a.tex:41: TODO Titel: Ich-kann-Satz fehlt in der Bank (Platzhalter: Kettenname) – Nr. 5
  blatt0_a.tex:42: TODO Anweisung: ein Satz über der ersten Teilaufgabe fehlt in der Bank – Nr. 5
  blatt0_a.tex:50: TODO Titel: Ich-kann-Satz fehlt in der Bank (Platzhalter: Kettenname) – Nr. 6
  blatt0_a.tex:51: TODO Anweisung: ein Satz über der ersten Teilaufgabe fehlt in der Bank – Nr. 6
  blatt0_a.tex:58: TODO Titel: Ich-kann-Satz fehlt in der Bank (Platzhalter: Kettenname) – Nr. 7
  blatt0_a.tex:59: TODO Anweisung: ein Satz über der ersten Teilaufgabe fehlt in der Bank – Nr. 7
  e1_a.tex:2: TODO Zeitmarke Einheit 1: Marken-Zeile nicht lesbar
  e1_a.tex:3: TODO Zweigzeile Teil 1: was hier gelernt wird (Satz in Schülersprache aus dem Einheitstitel) – Einheit 1
  e1_a.tex:8: TODO Titel: Ich-kann-Satz fehlt in der Bank (Platzhalter: Kettenname) – Nr. 8
  e1_a.tex:9: TODO Anweisung: ein Satz über der ersten Teilaufgabe fehlt in der Bank – Nr. 8
  e1_a.tex:11: TODO \rechenplatz{n}: Schrittzahl des Grundfalls fehlt in der Bank (nur bei fester Schreibform, 2.3 b)
  e1_a.tex:26: TODO Titel: Ich-kann-Satz fehlt in der Bank (Platzhalter: Kettenname) – Nr. 9
  e1_a.tex:27: TODO Anweisung: ein Satz über der ersten Teilaufgabe fehlt in der Bank – Nr. 9
  e1_a.tex:34: TODO Titel: Ich-kann-Satz fehlt in der Bank (Platzhalter: Kettenname) – Nr. 10
  e1_a.tex:35: TODO Anweisung: ein Satz über der ersten Teilaufgabe fehlt in der Bank – Nr. 10
  e2_a.tex:2: TODO Zeitmarke Einheit 2: Marken-Zeile nicht lesbar
  e2_a.tex:3: TODO Zweigzeile Teil 1: was hier gelernt wird (Satz in Schülersprache aus dem Einheitstitel) – Einheit 2
  e2_a.tex:8: TODO Titel: Ich-kann-Satz fehlt in der Bank (Platzhalter: Kettenname) – Nr. 11
  e2_a.tex:9: TODO Anweisung: ein Satz über der ersten Teilaufgabe fehlt in der Bank – Nr. 11
  e2_a.tex:11: TODO \rechenplatz{n}: Schrittzahl des Grundfalls fehlt in der Bank (nur bei fester Schreibform, 2.3 b)
  e2_a.tex:23: TODO Titel: Ich-kann-Satz fehlt in der Bank (Platzhalter: Kettenname) – Nr. 12
  e2_a.tex:24: TODO Anweisung: ein Satz über der ersten Teilaufgabe fehlt in der Bank – Nr. 12
  e2_a.tex:31: TODO Titel: Ich-kann-Satz fehlt in der Bank (Platzhalter: Kettenname) – Nr. 13
  e2_a.tex:32: TODO Anweisung: ein Satz über der ersten Teilaufgabe fehlt in der Bank – Nr. 13
  e3_a.tex:2: TODO Zeitmarke Einheit 3: Marken-Zeile nicht lesbar
  e3_a.tex:3: TODO Zweigzeile Teil 1: was hier gelernt wird (Satz in Schülersprache aus dem Einheitstitel) – Einheit 3
  e3_a.tex:8: TODO Titel: Ich-kann-Satz fehlt in der Bank (Platzhalter: Kettenname) – Nr. 14
  e3_a.tex:9: TODO Anweisung: ein Satz über der ersten Teilaufgabe fehlt in der Bank – Nr. 14
  e3_a.tex:11: TODO \rechenplatz{n}: Schrittzahl des Grundfalls fehlt in der Bank (nur bei fester Schreibform, 2.3 b)
  e3_a.tex:24: TODO Titel: Ich-kann-Satz fehlt in der Bank (Platzhalter: Kettenname) – Nr. 15
  e3_a.tex:25: TODO Anweisung: ein Satz über der ersten Teilaufgabe fehlt in der Bank – Nr. 15
STRUKTUR 0 Fehler
