# zusammenbau v0.1: zusammenbau.py funktionsscharen-und-ortskurven
VORLAGE mathblatt.sty: Version 2026-09-28a
EINHEITEN [1, 2, 3, 4, 5]
AUSWAHL funktionsscharen-und-ortskurven-zone-f1-v1 – Zone f1 „Terme mit einem Buchstaben mehr umformen“, Sprosse 1: Variante 1; übergangen v2
AUSWAHL funktionsscharen-und-ortskurven-zone-f1-v3 – Zone f1 „Terme mit einem Buchstaben mehr umformen“, Sprosse 2: kleinste Variante (v3; v1 fehlt)
WEG Zone f1 „Terme mit einem Buchstaben mehr umformen“ – Sprossen [3, 4, 5] (Fallstricke) nicht bestellt (Zone ja: s1 und s2)
AUSWAHL funktionsscharen-und-ortskurven-zone-f2-v1 – Zone f2 „Lineare Gleichungen nach einem beliebige“, Sprosse 1: Variante 1; übergangen v2
AUSWAHL funktionsscharen-und-ortskurven-zone-f2-v3 – Zone f2 „Lineare Gleichungen nach einem beliebige“, Sprosse 2: kleinste Variante (v3; v1 fehlt)
WEG Zone f2 „Lineare Gleichungen nach einem beliebige“ – Sprossen [3] (Fallstricke) nicht bestellt (Zone ja: s1 und s2)
AUSWAHL funktionsscharen-und-ortskurven-zone-f3-v1 – Zone f3 „Quadratische Gleichungen und Diskriminan“, Sprosse 1: Variante 1; übergangen v2
AUSWAHL funktionsscharen-und-ortskurven-zone-f3-v3 – Zone f3 „Quadratische Gleichungen und Diskriminan“, Sprosse 2: kleinste Variante (v3; v1 fehlt)
WEG Zone f3 „Quadratische Gleichungen und Diskriminan“ – Sprossen [3] (Fallstricke) nicht bestellt (Zone ja: s1 und s2)
AUSWAHL funktionsscharen-und-ortskurven-zone-f4-v1 – Zone f4 „Parabelparameter kennen“, Sprosse 1: Variante 1; übergangen v2
AUSWAHL funktionsscharen-und-ortskurven-zone-f4-v3 – Zone f4 „Parabelparameter kennen“, Sprosse 2: kleinste Variante (v3; v1 fehlt)
WEG Zone f4 „Parabelparameter kennen“ – Sprossen [3] (Fallstricke) nicht bestellt (Zone ja: s1 und s2)
AUSWAHL funktionsscharen-und-ortskurven-zone-f5-v1 – Zone f5 „Ableitungsregeln sicher anwenden, auch m“, Sprosse 1: Variante 1; übergangen v2
AUSWAHL funktionsscharen-und-ortskurven-zone-f5-v3 – Zone f5 „Ableitungsregeln sicher anwenden, auch m“, Sprosse 2: kleinste Variante (v3; v1 fehlt)
WEG Zone f5 „Ableitungsregeln sicher anwenden, auch m“ – Sprossen [3] (Fallstricke) nicht bestellt (Zone ja: s1 und s2)
AUSWAHL funktionsscharen-und-ortskurven-zone-f6-v1 – Zone f6 „Extrem- und Wendepunktkriterien an feste“, Sprosse 1: Variante 1; übergangen v2
AUSWAHL funktionsscharen-und-ortskurven-zone-f6-v3 – Zone f6 „Extrem- und Wendepunktkriterien an feste“, Sprosse 2: kleinste Variante (v3; v1 fehlt)
WEG Zone f6 „Extrem- und Wendepunktkriterien an feste“ – Sprossen [3] (Fallstricke) nicht bestellt (Zone ja: s1 und s2)
AUSWAHL funktionsscharen-und-ortskurven-zone-f7-v1 – Zone f7 „Stammfunktion bilden und bestimmtes Inte“, Sprosse 1: Variante 1; übergangen v2
AUSWAHL funktionsscharen-und-ortskurven-zone-f7-v3 – Zone f7 „Stammfunktion bilden und bestimmtes Inte“, Sprosse 2: kleinste Variante (v3; v1 fehlt)
WEG Zone f7 „Stammfunktion bilden und bestimmtes Inte“ – Sprossen [3] (Fallstricke) nicht bestellt (Zone ja: s1 und s2)
AUSWAHL funktionsscharen-und-ortskurven-zone-f1-v5 – Zone-Paar, Fehler finden
AUSWAHL funktionsscharen-und-ortskurven-zone-f1-v6 – Zone-Paar, gleichartige Rechenaufgabe
AUSWAHL funktionsscharen-und-ortskurven-e1-k1-s0-v1 – e1 k1 „Scharbegriff und Parameterwert“ (verfahren), Sprosse 0: Variante 1; übergangen v2, v3, v4
AUSWAHL funktionsscharen-und-ortskurven-e1-k1-s1-v1 – e1 k1 „Scharbegriff und Parameterwert“ (verfahren), Sprosse 1: Variante 1; übergangen v2, v3, v4, v5
AUSWAHL funktionsscharen-und-ortskurven-e1-k1-s2-v1 – e1 k1 „Scharbegriff und Parameterwert“ (verfahren), Sprosse 2: Variante 1; übergangen v2, v3
AUSWAHL funktionsscharen-und-ortskurven-e1-k1-s3-v1 – e1 k1 „Scharbegriff und Parameterwert“ (verfahren), Sprosse 3: Variante 1; übergangen v2, v3
AUSWAHL funktionsscharen-und-ortskurven-e1-k1-s4-v1 – e1 k1 „Scharbegriff und Parameterwert“ (verfahren), Sprosse 4: Variante 1; übergangen v2, v3
AUSWAHL funktionsscharen-und-ortskurven-e1-k1-s5-v1 – e1 k1 „Scharbegriff und Parameterwert“ (verfahren), Sprosse 5: Variante 1; übergangen v2, v3
AUSWAHL funktionsscharen-und-ortskurven-e1-k1-s6-v1 – e1 k1 „Scharbegriff und Parameterwert“ (verfahren), Sprosse 6: Variante 1; übergangen v2, v3
AUSWAHL funktionsscharen-und-ortskurven-e1-k1-s7-v1 – e1 k1 „Scharbegriff und Parameterwert“ (verfahren), Sprosse 7: Variante 1; übergangen v2, v3
AUSWAHL funktionsscharen-und-ortskurven-e1-k1-s8-v1 – e1 k1 „Scharbegriff und Parameterwert“ (verfahren), Sprosse 8: Variante 1; übergangen v2, v3, v4
KETTE e1 k1 „Scharbegriff und Parameterwert“ (verfahren) → eine Hauptnummer
AUSWAHL funktionsscharen-und-ortskurven-e1-k2-s1-v1 – e1 k2 „Scharbegriff und Parameterwert“ (pflicht), Sprosse 1: Variante 1; übergangen v2, v3
AUSWAHL funktionsscharen-und-ortskurven-e1-k2-s2-v1 – e1 k2 „Scharbegriff und Parameterwert“ (pflicht), Sprosse 2: Variante 1; übergangen v2, v3
AUSWAHL funktionsscharen-und-ortskurven-e1-k2-s3-v1 – e1 k2 „Scharbegriff und Parameterwert“ (pflicht), Sprosse 3: Variante 1; übergangen v2, v3
KETTE e1 k2 „Scharbegriff und Parameterwert“ (pflicht) → eine Hauptnummer
AUSWAHL funktionsscharen-und-ortskurven-e2-k1-s0-v1 – e2 k1 „Eigenschaften aller Graphen“ (verfahren), Sprosse 0: Variante 1; übergangen v2, v3, v4
AUSWAHL funktionsscharen-und-ortskurven-e2-k1-s1-v1 – e2 k1 „Eigenschaften aller Graphen“ (verfahren), Sprosse 1: Variante 1; übergangen v2, v3, v4, v5
AUSWAHL funktionsscharen-und-ortskurven-e2-k1-s2-v1 – e2 k1 „Eigenschaften aller Graphen“ (verfahren), Sprosse 2: Variante 1; übergangen v2, v3
AUSWAHL funktionsscharen-und-ortskurven-e2-k1-s3-v1 – e2 k1 „Eigenschaften aller Graphen“ (verfahren), Sprosse 3: Variante 1; übergangen v2, v3
AUSWAHL funktionsscharen-und-ortskurven-e2-k1-s4-v1 – e2 k1 „Eigenschaften aller Graphen“ (verfahren), Sprosse 4: Variante 1; übergangen v2, v3
AUSWAHL funktionsscharen-und-ortskurven-e2-k1-s5-v1 – e2 k1 „Eigenschaften aller Graphen“ (verfahren), Sprosse 5: Variante 1; übergangen v2, v3
AUSWAHL funktionsscharen-und-ortskurven-e2-k1-s6-v1 – e2 k1 „Eigenschaften aller Graphen“ (verfahren), Sprosse 6: Variante 1; übergangen v2, v3
AUSWAHL funktionsscharen-und-ortskurven-e2-k1-s7-v1 – e2 k1 „Eigenschaften aller Graphen“ (verfahren), Sprosse 7: Variante 1; übergangen v2, v3
AUSWAHL funktionsscharen-und-ortskurven-e2-k1-s8-v1 – e2 k1 „Eigenschaften aller Graphen“ (verfahren), Sprosse 8: Variante 1; übergangen v2, v3, v4
KETTE e2 k1 „Eigenschaften aller Graphen“ (verfahren) → eine Hauptnummer
AUSWAHL funktionsscharen-und-ortskurven-e2-k2-s1-v1 – e2 k2 „Eigenschaften aller Graphen“ (pflicht), Sprosse 1: Variante 1; übergangen v2, v3
AUSWAHL funktionsscharen-und-ortskurven-e2-k2-s2-v1 – e2 k2 „Eigenschaften aller Graphen“ (pflicht), Sprosse 2: Variante 1; übergangen v2, v3
KETTE e2 k2 „Eigenschaften aller Graphen“ (pflicht) → eine Hauptnummer
AUSWAHL funktionsscharen-und-ortskurven-e3-k1-s1-v1 – e3 k1 „Extrem- und Wendepunkte mit Parameter“ (verfahren), Sprosse 1: Variante 1; übergangen v2, v3, v4, v5
AUSWAHL funktionsscharen-und-ortskurven-e3-k1-s2-v1 – e3 k1 „Extrem- und Wendepunkte mit Parameter“ (verfahren), Sprosse 2: Variante 1; übergangen v2, v3
AUSWAHL funktionsscharen-und-ortskurven-e3-k1-s3-v1 – e3 k1 „Extrem- und Wendepunkte mit Parameter“ (verfahren), Sprosse 3: Variante 1; übergangen v2, v3
AUSWAHL funktionsscharen-und-ortskurven-e3-k1-s4-v1 – e3 k1 „Extrem- und Wendepunkte mit Parameter“ (verfahren), Sprosse 4: Variante 1; übergangen v2, v3
AUSWAHL funktionsscharen-und-ortskurven-e3-k1-s5-v1 – e3 k1 „Extrem- und Wendepunkte mit Parameter“ (verfahren), Sprosse 5: Variante 1; übergangen v2, v3
AUSWAHL funktionsscharen-und-ortskurven-e3-k1-s6-v1 – e3 k1 „Extrem- und Wendepunkte mit Parameter“ (verfahren), Sprosse 6: Variante 1; übergangen v2, v3
AUSWAHL funktionsscharen-und-ortskurven-e3-k1-s7-v1 – e3 k1 „Extrem- und Wendepunkte mit Parameter“ (verfahren), Sprosse 7: Variante 1; übergangen v2, v3
AUSWAHL funktionsscharen-und-ortskurven-e3-k1-s8-v1 – e3 k1 „Extrem- und Wendepunkte mit Parameter“ (verfahren), Sprosse 8: Variante 1; übergangen v2, v3, v4
KETTE e3 k1 „Extrem- und Wendepunkte mit Parameter“ (verfahren) → eine Hauptnummer
AUSWAHL funktionsscharen-und-ortskurven-e3-k2-s1-v1 – e3 k2 „Extrem- und Wendepunkte mit Parameter“ (pflicht), Sprosse 1: Variante 1; übergangen v2, v3
AUSWAHL funktionsscharen-und-ortskurven-e3-k2-s2-v1 – e3 k2 „Extrem- und Wendepunkte mit Parameter“ (pflicht), Sprosse 2: Variante 1; übergangen v2, v3
AUSWAHL funktionsscharen-und-ortskurven-e3-k2-s3-v1 – e3 k2 „Extrem- und Wendepunkte mit Parameter“ (pflicht), Sprosse 3: Variante 1; übergangen v2, v3
KETTE e3 k2 „Extrem- und Wendepunkte mit Parameter“ (pflicht) → eine Hauptnummer
AUSWAHL funktionsscharen-und-ortskurven-e4-k1-s0-v1 – e4 k1 „Parameter aus Bedingungen“ (verfahren), Sprosse 0: Variante 1; übergangen v2, v3, v4
AUSWAHL funktionsscharen-und-ortskurven-e4-k1-s1-v1 – e4 k1 „Parameter aus Bedingungen“ (verfahren), Sprosse 1: Variante 1; übergangen v2, v3, v4, v5
AUSWAHL funktionsscharen-und-ortskurven-e4-k1-s2-v1 – e4 k1 „Parameter aus Bedingungen“ (verfahren), Sprosse 2: Variante 1; übergangen v2, v3
AUSWAHL funktionsscharen-und-ortskurven-e4-k1-s3-v1 – e4 k1 „Parameter aus Bedingungen“ (verfahren), Sprosse 3: Variante 1; übergangen v2, v3
AUSWAHL funktionsscharen-und-ortskurven-e4-k1-s4-v1 – e4 k1 „Parameter aus Bedingungen“ (verfahren), Sprosse 4: Variante 1; übergangen v2, v3
AUSWAHL funktionsscharen-und-ortskurven-e4-k1-s5-v1 – e4 k1 „Parameter aus Bedingungen“ (verfahren), Sprosse 5: Variante 1; übergangen v2, v3
AUSWAHL funktionsscharen-und-ortskurven-e4-k1-s6-v1 – e4 k1 „Parameter aus Bedingungen“ (verfahren), Sprosse 6: Variante 1; übergangen v2, v3
AUSWAHL funktionsscharen-und-ortskurven-e4-k1-s7-v1 – e4 k1 „Parameter aus Bedingungen“ (verfahren), Sprosse 7: Variante 1; übergangen v2, v3
AUSWAHL funktionsscharen-und-ortskurven-e4-k1-s8-v1 – e4 k1 „Parameter aus Bedingungen“ (verfahren), Sprosse 8: Variante 1; übergangen v2, v3, v4, v5, v6
KETTE e4 k1 „Parameter aus Bedingungen“ (verfahren) → eine Hauptnummer
AUSWAHL funktionsscharen-und-ortskurven-e4-k2-s1-v1 – e4 k2 „Parameter aus Bedingungen“ (pflicht), Sprosse 1: Variante 1; übergangen v2, v3
AUSWAHL funktionsscharen-und-ortskurven-e4-k2-s2-v1 – e4 k2 „Parameter aus Bedingungen“ (pflicht), Sprosse 2: Variante 1; übergangen v2, v3
AUSWAHL funktionsscharen-und-ortskurven-e4-k2-s3-v1 – e4 k2 „Parameter aus Bedingungen“ (pflicht), Sprosse 3: Variante 1; übergangen v2, v3
KETTE e4 k2 „Parameter aus Bedingungen“ (pflicht) → eine Hauptnummer
AUSWAHL funktionsscharen-und-ortskurven-e5-k1-s0-v1 – e5 k1 „Ortskurve und Kurvenvergleich“ (verfahren), Sprosse 0: Variante 1; übergangen v2, v3, v4
AUSWAHL funktionsscharen-und-ortskurven-e5-k1-s1-v1 – e5 k1 „Ortskurve und Kurvenvergleich“ (verfahren), Sprosse 1: Variante 1; übergangen v2, v3, v4, v5
AUSWAHL funktionsscharen-und-ortskurven-e5-k1-s2-v1 – e5 k1 „Ortskurve und Kurvenvergleich“ (verfahren), Sprosse 2: Variante 1; übergangen v2, v3
AUSWAHL funktionsscharen-und-ortskurven-e5-k1-s3-v1 – e5 k1 „Ortskurve und Kurvenvergleich“ (verfahren), Sprosse 3: Variante 1; übergangen v2, v3
AUSWAHL funktionsscharen-und-ortskurven-e5-k1-s4-v1 – e5 k1 „Ortskurve und Kurvenvergleich“ (verfahren), Sprosse 4: Variante 1; übergangen v2, v3
AUSWAHL funktionsscharen-und-ortskurven-e5-k1-s5-v1 – e5 k1 „Ortskurve und Kurvenvergleich“ (verfahren), Sprosse 5: Variante 1; übergangen v2, v3
AUSWAHL funktionsscharen-und-ortskurven-e5-k1-s6-v1 – e5 k1 „Ortskurve und Kurvenvergleich“ (verfahren), Sprosse 6: Variante 1; übergangen v2, v3
AUSWAHL funktionsscharen-und-ortskurven-e5-k1-s7-v1 – e5 k1 „Ortskurve und Kurvenvergleich“ (verfahren), Sprosse 7: Variante 1; übergangen v2, v3
AUSWAHL funktionsscharen-und-ortskurven-e5-k1-s8-v1 – e5 k1 „Ortskurve und Kurvenvergleich“ (verfahren), Sprosse 8: Variante 1; übergangen v2, v3, v4
KETTE e5 k1 „Ortskurve und Kurvenvergleich“ (verfahren) → eine Hauptnummer
AUSWAHL funktionsscharen-und-ortskurven-e5-k2-s1-v1 – e5 k2 „Ortskurve und Kurvenvergleich“ (pflicht), Sprosse 1: Variante 1; übergangen v2, v3
AUSWAHL funktionsscharen-und-ortskurven-e5-k2-s2-v1 – e5 k2 „Ortskurve und Kurvenvergleich“ (pflicht), Sprosse 2: Variante 1; übergangen v2, v3
KETTE e5 k2 „Ortskurve und Kurvenvergleich“ (pflicht) → eine Hauptnummer
KOPF Einheit 1: „Einheit 1 von 5 · Scharbegriff und Parameterwert“; Marken „BE Q1 · BB Q1 · nur LK · Abitur GK · Abitur LK“ → Zeitmarke „None“, Prüfungswort „Abitur GK“
WARNUNG Nr. 10: 9 Teilaufgaben, 2 mit Grafik – über dem Halbseitenmaß (2.3 g); v0.1 teilt nur im Fokus
KOPF Einheit 2: „Einheit 2 von 5 · Eigenschaften aller Graphen am Term“; Marken „BE Q1 · BB Q1 · nur LK · Abitur LK“ → Zeitmarke „None“, Prüfungswort „Abitur LK“
KOPF Einheit 3: „Einheit 3 von 5 · Extrem- und Wendepunkte mit Parameter“; Marken „BE Q1 · BB Q1 · nur LK · Abitur LK“ → Zeitmarke „None“, Prüfungswort „Abitur LK“
KOPF Einheit 4: „Einheit 4 von 5 · Parameter aus Bedingungen bestimmen“; Marken „BE Q1 · BB Q1 · nur LK · Abitur LK“ → Zeitmarke „None“, Prüfungswort „Abitur LK“
WARNUNG Nr. 16: 9 Teilaufgaben, 1 mit Grafik – über dem Halbseitenmaß (2.3 g); v0.1 teilt nur im Fokus
KOPF Einheit 5: „Einheit 5 von 5 · Ortskurve und Kurvenvergleich“; Marken „BE Q1 · BB Q1 · nur LK · Abitur LK“ → Zeitmarke „None“, Prüfungswort „Abitur LK“
TODO 54 Stellen in den Quelltexten:
  abhaken.tex:2: TODO Ich-kann-Sätze: Platzhalter wie in den Aufgabendateien
  blatt0_a.tex:5: TODO Titel: Ich-kann-Satz fehlt in der Bank (Platzhalter: Kettenname) – Nr. 1
  blatt0_a.tex:6: TODO Anweisung: ein Satz über der ersten Teilaufgabe fehlt in der Bank – Nr. 1
  blatt0_a.tex:14: TODO Titel: Ich-kann-Satz fehlt in der Bank (Platzhalter: Kettenname) – Nr. 2
  blatt0_a.tex:15: TODO Anweisung: ein Satz über der ersten Teilaufgabe fehlt in der Bank – Nr. 2
  blatt0_a.tex:23: TODO Titel: Ich-kann-Satz fehlt in der Bank (Platzhalter: Kettenname) – Nr. 3
  blatt0_a.tex:24: TODO Anweisung: ein Satz über der ersten Teilaufgabe fehlt in der Bank – Nr. 3
  blatt0_a.tex:32: TODO Titel: Ich-kann-Satz fehlt in der Bank (Platzhalter: Kettenname) – Nr. 4
  blatt0_a.tex:33: TODO Anweisung: ein Satz über der ersten Teilaufgabe fehlt in der Bank – Nr. 4
  blatt0_a.tex:41: TODO Titel: Ich-kann-Satz fehlt in der Bank (Platzhalter: Kettenname) – Nr. 5
  blatt0_a.tex:42: TODO Anweisung: ein Satz über der ersten Teilaufgabe fehlt in der Bank – Nr. 5
  blatt0_a.tex:50: TODO Titel: Ich-kann-Satz fehlt in der Bank (Platzhalter: Kettenname) – Nr. 6
  blatt0_a.tex:51: TODO Anweisung: ein Satz über der ersten Teilaufgabe fehlt in der Bank – Nr. 6
  blatt0_a.tex:59: TODO Titel: Ich-kann-Satz fehlt in der Bank (Platzhalter: Kettenname) – Nr. 7
  blatt0_a.tex:60: TODO Anweisung: ein Satz über der ersten Teilaufgabe fehlt in der Bank – Nr. 7
  blatt0_a.tex:68: TODO Titel: Ich-kann-Satz fehlt in der Bank (Platzhalter: Kettenname) – Nr. 8
  blatt0_a.tex:69: TODO Anweisung: ein Satz über der ersten Teilaufgabe fehlt in der Bank – Nr. 8
  blatt0_a.tex:76: TODO Titel: Ich-kann-Satz fehlt in der Bank (Platzhalter: Kettenname) – Nr. 9
  blatt0_a.tex:77: TODO Anweisung: ein Satz über der ersten Teilaufgabe fehlt in der Bank – Nr. 9
  e1_a.tex:2: TODO Zeitmarke Einheit 1: Marken-Zeile nicht lesbar
  e1_a.tex:3: TODO Zweigzeile Teil 1: was hier gelernt wird (Satz in Schülersprache aus dem Einheitstitel) – Einheit 1
  e1_a.tex:8: TODO Titel: Ich-kann-Satz fehlt in der Bank (Platzhalter: Kettenname) – Nr. 10
  e1_a.tex:9: TODO Anweisung: ein Satz über der ersten Teilaufgabe fehlt in der Bank – Nr. 10
  e1_a.tex:11: TODO \rechenplatz{n}: Schrittzahl des Grundfalls fehlt in der Bank (nur bei fester Schreibform, 2.3 b)
  e1_a.tex:30: TODO Titel: Ich-kann-Satz fehlt in der Bank (Platzhalter: Kettenname) – Nr. 11
  e1_a.tex:31: TODO Anweisung: ein Satz über der ersten Teilaufgabe fehlt in der Bank – Nr. 11
  e2_a.tex:2: TODO Zeitmarke Einheit 2: Marken-Zeile nicht lesbar
  e2_a.tex:3: TODO Zweigzeile Teil 1: was hier gelernt wird (Satz in Schülersprache aus dem Einheitstitel) – Einheit 2
  e2_a.tex:8: TODO Titel: Ich-kann-Satz fehlt in der Bank (Platzhalter: Kettenname) – Nr. 12
  e2_a.tex:9: TODO Anweisung: ein Satz über der ersten Teilaufgabe fehlt in der Bank – Nr. 12
  e2_a.tex:11: TODO \rechenplatz{n}: Schrittzahl des Grundfalls fehlt in der Bank (nur bei fester Schreibform, 2.3 b)
  e2_a.tex:25: TODO Titel: Ich-kann-Satz fehlt in der Bank (Platzhalter: Kettenname) – Nr. 13
  e2_a.tex:26: TODO Anweisung: ein Satz über der ersten Teilaufgabe fehlt in der Bank – Nr. 13
  e3_a.tex:2: TODO Zeitmarke Einheit 3: Marken-Zeile nicht lesbar
  e3_a.tex:3: TODO Zweigzeile Teil 1: was hier gelernt wird (Satz in Schülersprache aus dem Einheitstitel) – Einheit 3
  e3_a.tex:8: TODO Titel: Ich-kann-Satz fehlt in der Bank (Platzhalter: Kettenname) – Nr. 14
  e3_a.tex:9: TODO Anweisung: ein Satz über der ersten Teilaufgabe fehlt in der Bank – Nr. 14
  e3_a.tex:11: TODO \rechenplatz{n}: Schrittzahl des Grundfalls fehlt in der Bank (nur bei fester Schreibform, 2.3 b)
  e3_a.tex:24: TODO Titel: Ich-kann-Satz fehlt in der Bank (Platzhalter: Kettenname) – Nr. 15
  e3_a.tex:25: TODO Anweisung: ein Satz über der ersten Teilaufgabe fehlt in der Bank – Nr. 15
  e4_a.tex:2: TODO Zeitmarke Einheit 4: Marken-Zeile nicht lesbar
  e4_a.tex:3: TODO Zweigzeile Teil 1: was hier gelernt wird (Satz in Schülersprache aus dem Einheitstitel) – Einheit 4
  e4_a.tex:8: TODO Titel: Ich-kann-Satz fehlt in der Bank (Platzhalter: Kettenname) – Nr. 16
  e4_a.tex:9: TODO Anweisung: ein Satz über der ersten Teilaufgabe fehlt in der Bank – Nr. 16
  e4_a.tex:11: TODO \rechenplatz{n}: Schrittzahl des Grundfalls fehlt in der Bank (nur bei fester Schreibform, 2.3 b)
  e4_a.tex:28: TODO Titel: Ich-kann-Satz fehlt in der Bank (Platzhalter: Kettenname) – Nr. 17
  e4_a.tex:29: TODO Anweisung: ein Satz über der ersten Teilaufgabe fehlt in der Bank – Nr. 17
  e5_a.tex:2: TODO Zeitmarke Einheit 5: Marken-Zeile nicht lesbar
  e5_a.tex:3: TODO Zweigzeile Teil 1: was hier gelernt wird (Satz in Schülersprache aus dem Einheitstitel) – Einheit 5
  e5_a.tex:8: TODO Titel: Ich-kann-Satz fehlt in der Bank (Platzhalter: Kettenname) – Nr. 18
  e5_a.tex:9: TODO Anweisung: ein Satz über der ersten Teilaufgabe fehlt in der Bank – Nr. 18
  e5_a.tex:11: TODO \rechenplatz{n}: Schrittzahl des Grundfalls fehlt in der Bank (nur bei fester Schreibform, 2.3 b)
  e5_a.tex:25: TODO Titel: Ich-kann-Satz fehlt in der Bank (Platzhalter: Kettenname) – Nr. 19
  e5_a.tex:26: TODO Anweisung: ein Satz über der ersten Teilaufgabe fehlt in der Bank – Nr. 19
STRUKTUR 0 Fehler
