# zusammenbau v0.1: zusammenbau.py scharen-von-geraden-und-ebenen
VORLAGE mathblatt.sty: Version 2026-09-28a
EINHEITEN [1, 2, 3, 4]
AUSWAHL scharen-von-geraden-und-ebenen-zone-f1-v1 – Zone f1 „Punktprobe an Geraden- und Ebenengleichu“, Sprosse 1: Variante 1; übergangen v2
AUSWAHL scharen-von-geraden-und-ebenen-zone-f1-v3 – Zone f1 „Punktprobe an Geraden- und Ebenengleichu“, Sprosse 2: kleinste Variante (v3; v1 fehlt)
WEG Zone f1 „Punktprobe an Geraden- und Ebenengleichu“ – Sprossen [3] (Fallstricke) nicht bestellt (Zone ja: s1 und s2)
AUSWAHL scharen-von-geraden-und-ebenen-zone-f2-v1 – Zone f2 „Normalenvektor ablesen und die Paarregel“, Sprosse 1: Variante 1; übergangen v2
AUSWAHL scharen-von-geraden-und-ebenen-zone-f2-v3 – Zone f2 „Normalenvektor ablesen und die Paarregel“, Sprosse 2: kleinste Variante (v3; v1 fehlt)
WEG Zone f2 „Normalenvektor ablesen und die Paarregel“ – Sprossen [3, 4, 5] (Fallstricke) nicht bestellt (Zone ja: s1 und s2)
AUSWAHL scharen-von-geraden-und-ebenen-zone-f3-v1 – Zone f3 „Kollinearität prüfen und ein Gleichungss“, Sprosse 1: Variante 1; übergangen v2
AUSWAHL scharen-von-geraden-und-ebenen-zone-f3-v3 – Zone f3 „Kollinearität prüfen und ein Gleichungss“, Sprosse 2: kleinste Variante (v3; v1 fehlt)
WEG Zone f3 „Kollinearität prüfen und ein Gleichungss“ – Sprossen [3] (Fallstricke) nicht bestellt (Zone ja: s1 und s2)
AUSWAHL scharen-von-geraden-und-ebenen-zone-f4-v1 – Zone f4 „Lineare und quadratische Gleichungen sow“, Sprosse 1: Variante 1; übergangen v2
AUSWAHL scharen-von-geraden-und-ebenen-zone-f4-v3 – Zone f4 „Lineare und quadratische Gleichungen sow“, Sprosse 2: kleinste Variante (v3; v1 fehlt)
WEG Zone f4 „Lineare und quadratische Gleichungen sow“ – Sprossen [3, 4] (Fallstricke) nicht bestellt (Zone ja: s1 und s2)
AUSWAHL scharen-von-geraden-und-ebenen-zone-f5-v1 – Zone f5 „Winkelformeln (Kosinus für Vektorpaare u“, Sprosse 1: Variante 1; übergangen v2
AUSWAHL scharen-von-geraden-und-ebenen-zone-f5-v3 – Zone f5 „Winkelformeln (Kosinus für Vektorpaare u“, Sprosse 2: kleinste Variante (v3; v1 fehlt)
WEG Zone f5 „Winkelformeln (Kosinus für Vektorpaare u“ – Sprossen [3, 4] (Fallstricke) nicht bestellt (Zone ja: s1 und s2)
AUSWAHL scharen-von-geraden-und-ebenen-zone-f6-v1 – Zone f6 „Schnittpunkte einer Ebene mit Kanten und“, Sprosse 1: Variante 1; übergangen v2
AUSWAHL scharen-von-geraden-und-ebenen-zone-f6-v3 – Zone f6 „Schnittpunkte einer Ebene mit Kanten und“, Sprosse 2: kleinste Variante (v3; v1 fehlt)
WEG Zone f6 „Schnittpunkte einer Ebene mit Kanten und“ – Sprossen [3] (Fallstricke) nicht bestellt (Zone ja: s1 und s2)
AUSWAHL scharen-von-geraden-und-ebenen-zone-f2-v5 – Zone-Paar, Fehler finden
AUSWAHL scharen-von-geraden-und-ebenen-zone-f2-v6 – Zone-Paar, gleichartige Rechenaufgabe
AUSWAHL scharen-von-geraden-und-ebenen-e1-k1-s0-v1 – e1 k1 „Was wählt der Parameter?“ (erkennung), Sprosse 0: Variante 1; übergangen v2, v3, v4
KETTE e1 k1 „Was wählt der Parameter?“ (erkennung) → eine Hauptnummer (Erkennungsschritt: eigene Kette nach bank.md, zählt als Hauptnummer)
AUSWAHL scharen-von-geraden-und-ebenen-e1-k2-s0-v1 – e1 k2 „Die Schar als Familie“ (verfahren), Sprosse 0: Variante 1; übergangen v2, v3, v4
AUSWAHL scharen-von-geraden-und-ebenen-e1-k2-s1-v1 – e1 k2 „Die Schar als Familie“ (verfahren), Sprosse 1: Variante 1; übergangen v2, v3, v4, v5
AUSWAHL scharen-von-geraden-und-ebenen-e1-k2-s2-v1 – e1 k2 „Die Schar als Familie“ (verfahren), Sprosse 2: Variante 1; übergangen v2, v3
AUSWAHL scharen-von-geraden-und-ebenen-e1-k2-s3-v1 – e1 k2 „Die Schar als Familie“ (verfahren), Sprosse 3: Variante 1; übergangen v2, v3
AUSWAHL scharen-von-geraden-und-ebenen-e1-k2-s4-v1 – e1 k2 „Die Schar als Familie“ (verfahren), Sprosse 4: Variante 1; übergangen v2, v3
AUSWAHL scharen-von-geraden-und-ebenen-e1-k2-s5-v1 – e1 k2 „Die Schar als Familie“ (verfahren), Sprosse 5: Variante 1; übergangen v2, v3
AUSWAHL scharen-von-geraden-und-ebenen-e1-k2-s6-v1 – e1 k2 „Die Schar als Familie“ (verfahren), Sprosse 6: Variante 1; übergangen v2, v3
AUSWAHL scharen-von-geraden-und-ebenen-e1-k2-s7-v1 – e1 k2 „Die Schar als Familie“ (verfahren), Sprosse 7: Variante 1; übergangen v2, v3
AUSWAHL scharen-von-geraden-und-ebenen-e1-k2-s8-v1 – e1 k2 „Die Schar als Familie“ (verfahren), Sprosse 8: Variante 1; übergangen v2, v3, v4, v5, v6
KETTE e1 k2 „Die Schar als Familie“ (verfahren) → eine Hauptnummer
AUSWAHL scharen-von-geraden-und-ebenen-e1-k3-s1-v1 – e1 k3 „Die Schar als Familie“ (pflicht), Sprosse 1: Variante 1; übergangen v2, v3
AUSWAHL scharen-von-geraden-und-ebenen-e1-k3-s2-v1 – e1 k3 „Die Schar als Familie“ (pflicht), Sprosse 2: Variante 1; übergangen v2, v3
KETTE e1 k3 „Die Schar als Familie“ (pflicht) → eine Hauptnummer
AUSWAHL scharen-von-geraden-und-ebenen-e2-k1-s0-v1 – e2 k1 „Parameter aus Lagebedingungen“ (verfahren), Sprosse 0: Variante 1; übergangen v2, v3, v4
AUSWAHL scharen-von-geraden-und-ebenen-e2-k1-s1-v1 – e2 k1 „Parameter aus Lagebedingungen“ (verfahren), Sprosse 1: Variante 1; übergangen v2, v3, v4, v5
AUSWAHL scharen-von-geraden-und-ebenen-e2-k1-s2-v1 – e2 k1 „Parameter aus Lagebedingungen“ (verfahren), Sprosse 2: Variante 1; übergangen v2, v3
AUSWAHL scharen-von-geraden-und-ebenen-e2-k1-s3-v1 – e2 k1 „Parameter aus Lagebedingungen“ (verfahren), Sprosse 3: Variante 1; übergangen v2, v3
AUSWAHL scharen-von-geraden-und-ebenen-e2-k1-s4-v1 – e2 k1 „Parameter aus Lagebedingungen“ (verfahren), Sprosse 4: Variante 1; übergangen v2, v3
AUSWAHL scharen-von-geraden-und-ebenen-e2-k1-s5-v1 – e2 k1 „Parameter aus Lagebedingungen“ (verfahren), Sprosse 5: Variante 1; übergangen v2, v3
AUSWAHL scharen-von-geraden-und-ebenen-e2-k1-s6-v1 – e2 k1 „Parameter aus Lagebedingungen“ (verfahren), Sprosse 6: Variante 1; übergangen v2, v3
AUSWAHL scharen-von-geraden-und-ebenen-e2-k1-s7-v1 – e2 k1 „Parameter aus Lagebedingungen“ (verfahren), Sprosse 7: Variante 1; übergangen v2
KETTE e2 k1 „Parameter aus Lagebedingungen“ (verfahren) → eine Hauptnummer
AUSWAHL scharen-von-geraden-und-ebenen-e2-k2-s1-v1 – e2 k2 „Parameter aus Lagebedingungen“ (pflicht), Sprosse 1: Variante 1; übergangen v2, v3
AUSWAHL scharen-von-geraden-und-ebenen-e2-k2-s2-v1 – e2 k2 „Parameter aus Lagebedingungen“ (pflicht), Sprosse 2: Variante 1; übergangen v2, v3
KETTE e2 k2 „Parameter aus Lagebedingungen“ (pflicht) → eine Hauptnummer
AUSWAHL scharen-von-geraden-und-ebenen-e3-k1-s0-v1 – e3 k1 „Parameter aus Maßbedingungen“ (verfahren), Sprosse 0: Variante 1; übergangen v2, v3, v4
AUSWAHL scharen-von-geraden-und-ebenen-e3-k1-s1-v1 – e3 k1 „Parameter aus Maßbedingungen“ (verfahren), Sprosse 1: Variante 1; übergangen v2, v3, v4, v5
AUSWAHL scharen-von-geraden-und-ebenen-e3-k1-s2-v1 – e3 k1 „Parameter aus Maßbedingungen“ (verfahren), Sprosse 2: Variante 1; übergangen v2, v3
AUSWAHL scharen-von-geraden-und-ebenen-e3-k1-s3-v1 – e3 k1 „Parameter aus Maßbedingungen“ (verfahren), Sprosse 3: Variante 1; übergangen v2, v3
AUSWAHL scharen-von-geraden-und-ebenen-e3-k1-s4-v1 – e3 k1 „Parameter aus Maßbedingungen“ (verfahren), Sprosse 4: Variante 1; übergangen v2
KETTE e3 k1 „Parameter aus Maßbedingungen“ (verfahren) → eine Hauptnummer
AUSWAHL scharen-von-geraden-und-ebenen-e3-k2-s1-v1 – e3 k2 „Parameter aus Maßbedingungen“ (pflicht), Sprosse 1: Variante 1; übergangen v2, v3
AUSWAHL scharen-von-geraden-und-ebenen-e3-k2-s2-v1 – e3 k2 „Parameter aus Maßbedingungen“ (pflicht), Sprosse 2: Variante 1; übergangen v2, v3
KETTE e3 k2 „Parameter aus Maßbedingungen“ (pflicht) → eine Hauptnummer
AUSWAHL scharen-von-geraden-und-ebenen-e4-k1-s0-v1 – e4 k1 „Scharen am Körper“ (verfahren), Sprosse 0: Variante 1; übergangen v2, v3, v4
AUSWAHL scharen-von-geraden-und-ebenen-e4-k1-s1-v1 – e4 k1 „Scharen am Körper“ (verfahren), Sprosse 1: Variante 1; übergangen v2, v3, v4, v5
AUSWAHL scharen-von-geraden-und-ebenen-e4-k1-s2-v1 – e4 k1 „Scharen am Körper“ (verfahren), Sprosse 2: Variante 1; übergangen v2, v3
AUSWAHL scharen-von-geraden-und-ebenen-e4-k1-s3-v1 – e4 k1 „Scharen am Körper“ (verfahren), Sprosse 3: Variante 1; übergangen v2, v3
AUSWAHL scharen-von-geraden-und-ebenen-e4-k1-s4-v1 – e4 k1 „Scharen am Körper“ (verfahren), Sprosse 4: Variante 1; übergangen v2, v3
AUSWAHL scharen-von-geraden-und-ebenen-e4-k1-s5-v1 – e4 k1 „Scharen am Körper“ (verfahren), Sprosse 5: Variante 1; übergangen v2, v3
AUSWAHL scharen-von-geraden-und-ebenen-e4-k1-s6-v1 – e4 k1 „Scharen am Körper“ (verfahren), Sprosse 6: Variante 1; übergangen v2, v3, v4
KETTE e4 k1 „Scharen am Körper“ (verfahren) → eine Hauptnummer
AUSWAHL scharen-von-geraden-und-ebenen-e4-k2-s1-v1 – e4 k2 „Scharen am Körper“ (pflicht), Sprosse 1: Variante 1; übergangen v2, v3
AUSWAHL scharen-von-geraden-und-ebenen-e4-k2-s2-v1 – e4 k2 „Scharen am Körper“ (pflicht), Sprosse 2: Variante 1; übergangen v2, v3
KETTE e4 k2 „Scharen am Körper“ (pflicht) → eine Hauptnummer
KOPF Einheit 1: „Einheit 1 von 4 · Die Schar als Familie“; Marken „BE Q3 · BB Q3 · nur LK · Abitur LK“ → Zeitmarke „None“, Prüfungswort „Abitur LK“
WARNUNG Nr. 10: 9 Teilaufgaben, 1 mit Grafik – über dem Halbseitenmaß (2.3 g); v0.1 teilt nur im Fokus
KOPF Einheit 2: „Einheit 2 von 4 · Parameter aus Lagebedingungen“; Marken „BE Q3 · BB Q3 · nur LK · Abitur LK“ → Zeitmarke „None“, Prüfungswort „Abitur LK“
KOPF Einheit 3: „Einheit 3 von 4 · Parameter aus Maßbedingungen“; Marken „BE Q3 · BB Q3 · nur LK · Abitur LK“ → Zeitmarke „None“, Prüfungswort „Abitur LK“
KOPF Einheit 4: „Einheit 4 von 4 · Scharen am Körper“; Marken „BE Q3 · BB Q3 · nur LK · Abitur LK“ → Zeitmarke „None“, Prüfungswort „Abitur LK“
WARNUNG Nr. 16: 7 Teilaufgaben, 2 mit Grafik – über dem Halbseitenmaß (2.3 g); v0.1 teilt nur im Fokus
TODO 47 Stellen in den Quelltexten:
  abhaken.tex:2: TODO Ich-kann-Sätze: Platzhalter wie in den Aufgabendateien
  blatt0_a.tex:5: TODO Titel: Ich-kann-Satz fehlt in der Bank (Platzhalter: Kettenname) – Nr. 1
  blatt0_a.tex:6: TODO Anweisung: ein Satz über der ersten Teilaufgabe fehlt in der Bank – Nr. 1
  blatt0_a.tex:14: TODO Titel: Ich-kann-Satz fehlt in der Bank (Platzhalter: Kettenname) – Nr. 2
  blatt0_a.tex:15: TODO Anweisung: ein Satz über der ersten Teilaufgabe fehlt in der Bank – Nr. 2
  blatt0_a.tex:23: TODO Titel: Ich-kann-Satz fehlt in der Bank (Platzhalter: Kettenname) – Nr. 3
  blatt0_a.tex:24: TODO Anweisung: ein Satz über der ersten Teilaufgabe fehlt in der Bank – Nr. 3
  blatt0_a.tex:34: TODO Titel: Ich-kann-Satz fehlt in der Bank (Platzhalter: Kettenname) – Nr. 4
  blatt0_a.tex:35: TODO Anweisung: ein Satz über der ersten Teilaufgabe fehlt in der Bank – Nr. 4
  blatt0_a.tex:43: TODO Titel: Ich-kann-Satz fehlt in der Bank (Platzhalter: Kettenname) – Nr. 5
  blatt0_a.tex:44: TODO Anweisung: ein Satz über der ersten Teilaufgabe fehlt in der Bank – Nr. 5
  blatt0_a.tex:52: TODO Titel: Ich-kann-Satz fehlt in der Bank (Platzhalter: Kettenname) – Nr. 6
  blatt0_a.tex:53: TODO Anweisung: ein Satz über der ersten Teilaufgabe fehlt in der Bank – Nr. 6
  blatt0_a.tex:61: TODO Titel: Ich-kann-Satz fehlt in der Bank (Platzhalter: Kettenname) – Nr. 7
  blatt0_a.tex:62: TODO Anweisung: ein Satz über der ersten Teilaufgabe fehlt in der Bank – Nr. 7
  blatt0_a.tex:69: TODO Titel: Ich-kann-Satz fehlt in der Bank (Platzhalter: Kettenname) – Nr. 8
  blatt0_a.tex:70: TODO Anweisung: ein Satz über der ersten Teilaufgabe fehlt in der Bank – Nr. 8
  e1_a.tex:2: TODO Zeitmarke Einheit 1: Marken-Zeile nicht lesbar
  e1_a.tex:3: TODO Zweigzeile Teil 1: was hier gelernt wird (Satz in Schülersprache aus dem Einheitstitel) – Einheit 1
  e1_a.tex:8: TODO Titel: Ich-kann-Satz fehlt in der Bank (Platzhalter: Kettenname) – Nr. 9
  e1_a.tex:9: TODO Anweisung: ein Satz über der ersten Teilaufgabe fehlt in der Bank – Nr. 9
  e1_a.tex:16: TODO Titel: Ich-kann-Satz fehlt in der Bank (Platzhalter: Kettenname) – Nr. 10
  e1_a.tex:17: TODO Anweisung: ein Satz über der ersten Teilaufgabe fehlt in der Bank – Nr. 10
  e1_a.tex:19: TODO \rechenplatz{n}: Schrittzahl des Grundfalls fehlt in der Bank (nur bei fester Schreibform, 2.3 b)
  e1_a.tex:35: TODO Titel: Ich-kann-Satz fehlt in der Bank (Platzhalter: Kettenname) – Nr. 11
  e1_a.tex:36: TODO Anweisung: ein Satz über der ersten Teilaufgabe fehlt in der Bank – Nr. 11
  e2_a.tex:2: TODO Zeitmarke Einheit 2: Marken-Zeile nicht lesbar
  e2_a.tex:3: TODO Zweigzeile Teil 1: was hier gelernt wird (Satz in Schülersprache aus dem Einheitstitel) – Einheit 2
  e2_a.tex:8: TODO Titel: Ich-kann-Satz fehlt in der Bank (Platzhalter: Kettenname) – Nr. 12
  e2_a.tex:9: TODO Anweisung: ein Satz über der ersten Teilaufgabe fehlt in der Bank – Nr. 12
  e2_a.tex:11: TODO \rechenplatz{n}: Schrittzahl des Grundfalls fehlt in der Bank (nur bei fester Schreibform, 2.3 b)
  e2_a.tex:24: TODO Titel: Ich-kann-Satz fehlt in der Bank (Platzhalter: Kettenname) – Nr. 13
  e2_a.tex:25: TODO Anweisung: ein Satz über der ersten Teilaufgabe fehlt in der Bank – Nr. 13
  e3_a.tex:2: TODO Zeitmarke Einheit 3: Marken-Zeile nicht lesbar
  e3_a.tex:3: TODO Zweigzeile Teil 1: was hier gelernt wird (Satz in Schülersprache aus dem Einheitstitel) – Einheit 3
  e3_a.tex:8: TODO Titel: Ich-kann-Satz fehlt in der Bank (Platzhalter: Kettenname) – Nr. 14
  e3_a.tex:9: TODO Anweisung: ein Satz über der ersten Teilaufgabe fehlt in der Bank – Nr. 14
  e3_a.tex:11: TODO \rechenplatz{n}: Schrittzahl des Grundfalls fehlt in der Bank (nur bei fester Schreibform, 2.3 b)
  e3_a.tex:21: TODO Titel: Ich-kann-Satz fehlt in der Bank (Platzhalter: Kettenname) – Nr. 15
  e3_a.tex:22: TODO Anweisung: ein Satz über der ersten Teilaufgabe fehlt in der Bank – Nr. 15
  e4_a.tex:2: TODO Zeitmarke Einheit 4: Marken-Zeile nicht lesbar
  e4_a.tex:3: TODO Zweigzeile Teil 1: was hier gelernt wird (Satz in Schülersprache aus dem Einheitstitel) – Einheit 4
  e4_a.tex:8: TODO Titel: Ich-kann-Satz fehlt in der Bank (Platzhalter: Kettenname) – Nr. 16
  e4_a.tex:9: TODO Anweisung: ein Satz über der ersten Teilaufgabe fehlt in der Bank – Nr. 16
  e4_a.tex:11: TODO \rechenplatz{n}: Schrittzahl des Grundfalls fehlt in der Bank (nur bei fester Schreibform, 2.3 b)
  e4_a.tex:27: TODO Titel: Ich-kann-Satz fehlt in der Bank (Platzhalter: Kettenname) – Nr. 17
  e4_a.tex:28: TODO Anweisung: ein Satz über der ersten Teilaufgabe fehlt in der Bank – Nr. 17
STRUKTUR 0 Fehler
