# zusammenbau v1.3: zusammenbau.py --zettel basis --nummer 13
VORRAT 64 Typen, 640 Aufgaben, davon 100 auf Zettel 1–10 (v0.5) verbraucht; Vorrat erschöpft ab Zettel 36
VORLAGE mathblatt.sty: Version 2026-09-28a
KENNUNG BAS-Z13 – Kürzel BAS (Basisvorrat, fest), Rezept Z (Zettel, v0.6); Inhalt von Zettel 13
HÖHE geschätzt 21.7 cm (Maß 24.5 cm), 18 Aufgaben (Ziel 16–18)
AUSWAHL Nr. 1: brueche-dezimalzahlen-basis-k3-v2 – Mitte zweier Zahlen bestimmen (Jahrgänge 1, Variante 2, Stufe 0, halbe Spalte)
AUSWAHL Nr. 2: rationale-zahlen-basis-k1-v9 – Termwert berechnen (Jahrgänge 5, Variante 9, Stufe 0, halbe Spalte)
AUSWAHL Nr. 3: rationale-zahlen-basis-k3-v3 – Zahl zu Bedingung angeben (Jahrgänge 2, Variante 3, Stufe 0, halbe Spalte)
AUSWAHL Nr. 4: potenzen-wurzeln-basis-k3-v6 – Zehnerpotenzschreibweise umwandeln (Jahrgänge 4, Variante 6, Stufe 0, halbe Spalte)
AUSWAHL Nr. 5: prozentrechnung-basis-k3-v2 – Prozentsatz berechnen (Jahrgänge 1, Variante 2, Stufe 0, halbe Spalte)
AUSWAHL Nr. 6: prozentrechnung-basis-k4-v9 – Prozentwert berechnen (Jahrgänge 5, Variante 9, Stufe 0, halbe Spalte)
AUSWAHL Nr. 7: einheiten-basis-k2-v2 – Größen vergleichen (Jahrgänge 3, Variante 2, Stufe 0, halbe Spalte)
AUSWAHL Nr. 8: einheiten-basis-k3-v1 – Portionen aus Gesamtmenge berechnen (Jahrgänge 1, Variante 1, Stufe 0, halbe Spalte)
AUSWAHL Nr. 9: zuordnungen-basis-k2-v2 – Proportionale Zuordnung Dreisatz (Jahrgänge 3, Variante 2, Stufe 0, halbe Spalte)
SATZ Nr. 10: 4 kurze Ankreuzoptionen in einer Zeile
AUSWAHL Nr. 10: quadratische-gleichungen-basis-k1-v6 – Lösung durch Einsetzen prüfen (Jahrgänge 3, Variante 6, Stufe 0, halbe Spalte)
AUSWAHL Nr. 11: flaechen-basis-k3-v1 – Rechteckseite aus Fläche berechnen (Jahrgänge 1, Variante 1, Stufe 0, volle Breite)
SATZ Nr. 12: 4 kurze Ankreuzoptionen in einer Zeile
AUSWAHL Nr. 12: terme-basis-k2-v7 – Term zu Sachtext angeben (Jahrgänge 4, Variante 7, Stufe 2, volle Breite)
SATZ Nr. 13: 3 kurze Ankreuzoptionen in einer Zeile
AUSWAHL Nr. 13: lineare-funktionen-basis-k3-v2 – Punktprobe durchführen (Jahrgänge 1, Variante 2, Stufe 2, volle Breite)
AUSWAHL Nr. 14: winkel-dreiecke-basis-k5-v2 – Eigenschaft einer Figur zuordnen (Jahrgänge 3, Variante 2, Stufe 2, volle Breite)
AUSWAHL Nr. 15: daten-basis-k1-v2 – Arithmetisches Mittel berechnen (Jahrgänge 3, Variante 2, Stufe 2, volle Breite)
AUSWAHL Nr. 16: brueche-dezimalzahlen-basis-k1-v11 – Bruchteil einer Fläche bestimmen (Jahrgänge 9, Variante 11, Stufe 3, volle Breite)
AUSWAHL Nr. 17: koerper-basis-k1-v3 – Gegenfläche im Würfelnetz bestimmen (Jahrgänge 1, Variante 3, Stufe 3, volle Breite)
AUSWAHL Nr. 18: trigonometrie-basis-k2-v6 – Winkelfunktion Seitenverhältnis angeben (Jahrgänge 5, Variante 6, Stufe 3, volle Breite)
STRUKTUR 0 Fehler
