# zusammenbau v0.1: zusammenbau.py rotationsvolumen
VORLAGE mathblatt.sty: Version 2026-09-28a
EINHEITEN [1, 2]
AUSWAHL rotationsvolumen-zone-f1-v1 – Zone f1 „Binomisch quadrieren“, Sprosse 1: Variante 1; übergangen v2
AUSWAHL rotationsvolumen-zone-f1-v3 – Zone f1 „Binomisch quadrieren“, Sprosse 2: kleinste Variante (v3; v1 fehlt)
WEG Zone f1 „Binomisch quadrieren“ – Sprossen [3, 4, 5, 6] (Fallstricke) nicht bestellt (Zone ja: s1 und s2)
AUSWAHL rotationsvolumen-zone-f2-v1 – Zone f2 „Bestimmte Integrale berechnen“, Sprosse 1: Variante 1; übergangen v2
AUSWAHL rotationsvolumen-zone-f2-v3 – Zone f2 „Bestimmte Integrale berechnen“, Sprosse 2: kleinste Variante (v3; v1 fehlt)
WEG Zone f2 „Bestimmte Integrale berechnen“ – Sprossen [3, 4] (Fallstricke) nicht bestellt (Zone ja: s1 und s2)
AUSWAHL rotationsvolumen-zone-f3-v1 – Zone f3 „Zylinder-, Kugel- und Prismenvolumen aus“, Sprosse 1: Variante 1; übergangen v2
AUSWAHL rotationsvolumen-zone-f3-v3 – Zone f3 „Zylinder-, Kugel- und Prismenvolumen aus“, Sprosse 2: kleinste Variante (v3; v1 fehlt)
WEG Zone f3 „Zylinder-, Kugel- und Prismenvolumen aus“ – Sprossen [3] (Fallstricke) nicht bestellt (Zone ja: s1 und s2)
AUSWAHL rotationsvolumen-zone-f4-v1 – Zone f4 „Volumeneinheiten und Dichte“, Sprosse 1: Variante 1; übergangen v2
AUSWAHL rotationsvolumen-zone-f4-v3 – Zone f4 „Volumeneinheiten und Dichte“, Sprosse 2: kleinste Variante (v3; v1 fehlt)
WEG Zone f4 „Volumeneinheiten und Dichte“ – Sprossen [3, 4] (Fallstricke) nicht bestellt (Zone ja: s1 und s2)
AUSWAHL rotationsvolumen-zone-f5-v1 – Zone f5 „Satz des Pythagoras am Kreisschnitt“, Sprosse 1: Variante 1; übergangen v2
AUSWAHL rotationsvolumen-zone-f5-v3 – Zone f5 „Satz des Pythagoras am Kreisschnitt“, Sprosse 2: kleinste Variante (v3; v1 fehlt)
WEG Zone f5 „Satz des Pythagoras am Kreisschnitt“ – Sprossen [3] (Fallstricke) nicht bestellt (Zone ja: s1 und s2)
AUSWAHL rotationsvolumen-zone-f1-v6 – Zone-Paar, Fehler finden
AUSWAHL rotationsvolumen-zone-f1-v7 – Zone-Paar, gleichartige Rechenaufgabe
AUSWAHL rotationsvolumen-e1-k1-s0-v1 – e1 k1 „Die Volumenformel“ (verfahren), Sprosse 0: Variante 1; übergangen v2, v3, v4
AUSWAHL rotationsvolumen-e1-k1-s1-v1 – e1 k1 „Die Volumenformel“ (verfahren), Sprosse 1: Variante 1; übergangen v2, v3, v4, v5
AUSWAHL rotationsvolumen-e1-k1-s2-v1 – e1 k1 „Die Volumenformel“ (verfahren), Sprosse 2: Variante 1; übergangen v2, v3
AUSWAHL rotationsvolumen-e1-k1-s3-v1 – e1 k1 „Die Volumenformel“ (verfahren), Sprosse 3: Variante 1; übergangen v2, v3
AUSWAHL rotationsvolumen-e1-k1-s4-v1 – e1 k1 „Die Volumenformel“ (verfahren), Sprosse 4: Variante 1; übergangen v2, v3
AUSWAHL rotationsvolumen-e1-k1-s5-v1 – e1 k1 „Die Volumenformel“ (verfahren), Sprosse 5: Variante 1; übergangen v2, v3, v4
KETTE e1 k1 „Die Volumenformel“ (verfahren) → eine Hauptnummer
AUSWAHL rotationsvolumen-e1-k2-s1-v1 – e1 k2 „Die Volumenformel“ (pflicht), Sprosse 1: Variante 1; übergangen v2, v3
AUSWAHL rotationsvolumen-e1-k2-s2-v1 – e1 k2 „Die Volumenformel“ (pflicht), Sprosse 2: Variante 1; übergangen v2, v3
AUSWAHL rotationsvolumen-e1-k2-s3-v1 – e1 k2 „Die Volumenformel“ (pflicht), Sprosse 3: Variante 1; übergangen v2, v3
KETTE e1 k2 „Die Volumenformel“ (pflicht) → eine Hauptnummer
AUSWAHL rotationsvolumen-e2-k1-s0-v1 – e2 k1 „Um den Körper herum“ (verfahren), Sprosse 0: Variante 1; übergangen v2, v3, v4
AUSWAHL rotationsvolumen-e2-k1-s1-v1 – e2 k1 „Um den Körper herum“ (verfahren), Sprosse 1: Variante 1; übergangen v2, v3, v4, v5
AUSWAHL rotationsvolumen-e2-k1-s2-v1 – e2 k1 „Um den Körper herum“ (verfahren), Sprosse 2: Variante 1; übergangen v2, v3
AUSWAHL rotationsvolumen-e2-k1-s3-v1 – e2 k1 „Um den Körper herum“ (verfahren), Sprosse 3: Variante 1; übergangen v2, v3
AUSWAHL rotationsvolumen-e2-k1-s4-v1 – e2 k1 „Um den Körper herum“ (verfahren), Sprosse 4: Variante 1; übergangen v2, v3
AUSWAHL rotationsvolumen-e2-k1-s5-v1 – e2 k1 „Um den Körper herum“ (verfahren), Sprosse 5: Variante 1; übergangen v2, v3, v4
KETTE e2 k1 „Um den Körper herum“ (verfahren) → eine Hauptnummer
AUSWAHL rotationsvolumen-e2-k2-s1-v1 – e2 k2 „Um den Körper herum“ (pflicht), Sprosse 1: Variante 1; übergangen v2, v3
AUSWAHL rotationsvolumen-e2-k2-s2-v1 – e2 k2 „Um den Körper herum“ (pflicht), Sprosse 2: Variante 1; übergangen v2, v3
AUSWAHL rotationsvolumen-e2-k2-s3-v1 – e2 k2 „Um den Körper herum“ (pflicht), Sprosse 3: Variante 1; übergangen v2, v3
KETTE e2 k2 „Um den Körper herum“ (pflicht) → eine Hauptnummer
KOPF Einheit 1: „Einheit 1 von 2 · Die Volumenformel“; Marken „BE Q2/4 · BB Q4 · nur LK · Abitur LK · FHR“ → Zeitmarke „None“, Prüfungswort „Abitur LK“
KOPF Einheit 2: „Einheit 2 von 2 · Um den Körper herum“; Marken „BE Q2/4 · BB Q4 · nur LK · Abitur LK“ → Zeitmarke „None“, Prüfungswort „Abitur LK“
TODO 29 Stellen in den Quelltexten:
  abhaken.tex:2: TODO Ich-kann-Sätze: Platzhalter wie in den Aufgabendateien
  blatt0_a.tex:5: TODO Titel: Ich-kann-Satz fehlt in der Bank (Platzhalter: Kettenname) – Nr. 1
  blatt0_a.tex:6: TODO Anweisung: ein Satz über der ersten Teilaufgabe fehlt in der Bank – Nr. 1
  blatt0_a.tex:14: TODO Titel: Ich-kann-Satz fehlt in der Bank (Platzhalter: Kettenname) – Nr. 2
  blatt0_a.tex:15: TODO Anweisung: ein Satz über der ersten Teilaufgabe fehlt in der Bank – Nr. 2
  blatt0_a.tex:23: TODO Titel: Ich-kann-Satz fehlt in der Bank (Platzhalter: Kettenname) – Nr. 3
  blatt0_a.tex:24: TODO Anweisung: ein Satz über der ersten Teilaufgabe fehlt in der Bank – Nr. 3
  blatt0_a.tex:32: TODO Titel: Ich-kann-Satz fehlt in der Bank (Platzhalter: Kettenname) – Nr. 4
  blatt0_a.tex:33: TODO Anweisung: ein Satz über der ersten Teilaufgabe fehlt in der Bank – Nr. 4
  blatt0_a.tex:41: TODO Titel: Ich-kann-Satz fehlt in der Bank (Platzhalter: Kettenname) – Nr. 5
  blatt0_a.tex:42: TODO Anweisung: ein Satz über der ersten Teilaufgabe fehlt in der Bank – Nr. 5
  blatt0_a.tex:50: TODO Titel: Ich-kann-Satz fehlt in der Bank (Platzhalter: Kettenname) – Nr. 6
  blatt0_a.tex:51: TODO Anweisung: ein Satz über der ersten Teilaufgabe fehlt in der Bank – Nr. 6
  blatt0_a.tex:58: TODO Titel: Ich-kann-Satz fehlt in der Bank (Platzhalter: Kettenname) – Nr. 7
  blatt0_a.tex:59: TODO Anweisung: ein Satz über der ersten Teilaufgabe fehlt in der Bank – Nr. 7
  e1_a.tex:2: TODO Zeitmarke Einheit 1: Marken-Zeile nicht lesbar
  e1_a.tex:3: TODO Zweigzeile Teil 1: was hier gelernt wird (Satz in Schülersprache aus dem Einheitstitel) – Einheit 1
  e1_a.tex:8: TODO Titel: Ich-kann-Satz fehlt in der Bank (Platzhalter: Kettenname) – Nr. 8
  e1_a.tex:9: TODO Anweisung: ein Satz über der ersten Teilaufgabe fehlt in der Bank – Nr. 8
  e1_a.tex:11: TODO \rechenplatz{n}: Schrittzahl des Grundfalls fehlt in der Bank (nur bei fester Schreibform, 2.3 b)
  e1_a.tex:22: TODO Titel: Ich-kann-Satz fehlt in der Bank (Platzhalter: Kettenname) – Nr. 9
  e1_a.tex:23: TODO Anweisung: ein Satz über der ersten Teilaufgabe fehlt in der Bank – Nr. 9
  e2_a.tex:2: TODO Zeitmarke Einheit 2: Marken-Zeile nicht lesbar
  e2_a.tex:3: TODO Zweigzeile Teil 1: was hier gelernt wird (Satz in Schülersprache aus dem Einheitstitel) – Einheit 2
  e2_a.tex:8: TODO Titel: Ich-kann-Satz fehlt in der Bank (Platzhalter: Kettenname) – Nr. 10
  e2_a.tex:9: TODO Anweisung: ein Satz über der ersten Teilaufgabe fehlt in der Bank – Nr. 10
  e2_a.tex:11: TODO \rechenplatz{n}: Schrittzahl des Grundfalls fehlt in der Bank (nur bei fester Schreibform, 2.3 b)
  e2_a.tex:22: TODO Titel: Ich-kann-Satz fehlt in der Bank (Platzhalter: Kettenname) – Nr. 11
  e2_a.tex:23: TODO Anweisung: ein Satz über der ersten Teilaufgabe fehlt in der Bank – Nr. 11
STRUKTUR 0 Fehler
