# zusammenbau v0.1: zusammenbau.py integrationsregeln
VORLAGE mathblatt.sty: Version 2026-09-28a
EINHEITEN [1, 2]
AUSWAHL integrationsregeln-zone-f1-v1 – Zone f1 „Potenzen mit Brüchen“, Sprosse 1: Variante 1; übergangen v2
AUSWAHL integrationsregeln-zone-f1-v3 – Zone f1 „Potenzen mit Brüchen“, Sprosse 2: kleinste Variante (v3; v1 fehlt)
WEG Zone f1 „Potenzen mit Brüchen“ – Sprossen [3, 4] (Fallstricke) nicht bestellt (Zone ja: s1 und s2)
AUSWAHL integrationsregeln-zone-f2-v1 – Zone f2 „Ableitungsregeln vorwärts, besonders die“, Sprosse 1: Variante 1; übergangen v2
AUSWAHL integrationsregeln-zone-f2-v3 – Zone f2 „Ableitungsregeln vorwärts, besonders die“, Sprosse 2: kleinste Variante (v3; v1 fehlt)
WEG Zone f2 „Ableitungsregeln vorwärts, besonders die“ – Sprossen [3] (Fallstricke) nicht bestellt (Zone ja: s1 und s2)
AUSWAHL integrationsregeln-zone-f3-v1 – Zone f3 „Terme umformen“, Sprosse 1: Variante 1; übergangen v2
AUSWAHL integrationsregeln-zone-f3-v3 – Zone f3 „Terme umformen“, Sprosse 2: kleinste Variante (v3; v1 fehlt)
WEG Zone f3 „Terme umformen“ – Sprossen [3, 4, 5] (Fallstricke) nicht bestellt (Zone ja: s1 und s2)
AUSWAHL integrationsregeln-zone-f3-v5 – Zone-Paar, Fehler finden
AUSWAHL integrationsregeln-zone-f3-v6 – Zone-Paar, gleichartige Rechenaufgabe
AUSWAHL integrationsregeln-e1-k1-s0-v1 – e1 k1 „Der Regelsatz“ (verfahren), Sprosse 0: Variante 1; übergangen v2, v3, v4
AUSWAHL integrationsregeln-e1-k1-s1-v1 – e1 k1 „Der Regelsatz“ (verfahren), Sprosse 1: Variante 1; übergangen v2, v3, v4, v5
AUSWAHL integrationsregeln-e1-k1-s2-v1 – e1 k1 „Der Regelsatz“ (verfahren), Sprosse 2: Variante 1; übergangen v2, v3
AUSWAHL integrationsregeln-e1-k1-s3-v1 – e1 k1 „Der Regelsatz“ (verfahren), Sprosse 3: Variante 1; übergangen v2, v3
AUSWAHL integrationsregeln-e1-k1-s4-v1 – e1 k1 „Der Regelsatz“ (verfahren), Sprosse 4: Variante 1; übergangen v2, v3
KETTE e1 k1 „Der Regelsatz“ (verfahren) → eine Hauptnummer
AUSWAHL integrationsregeln-e2-k1-s0-v1 – e2 k1 „Vorgegebene Regeln anwenden“ (verfahren), Sprosse 0: Variante 1; übergangen v2, v3, v4
AUSWAHL integrationsregeln-e2-k1-s1-v1 – e2 k1 „Vorgegebene Regeln anwenden“ (verfahren), Sprosse 1: Variante 1; übergangen v2, v3, v4, v5
AUSWAHL integrationsregeln-e2-k1-s2-v1 – e2 k1 „Vorgegebene Regeln anwenden“ (verfahren), Sprosse 2: Variante 1; übergangen v2, v3
AUSWAHL integrationsregeln-e2-k1-s3-v1 – e2 k1 „Vorgegebene Regeln anwenden“ (verfahren), Sprosse 3: Variante 1; übergangen v2, v3
AUSWAHL integrationsregeln-e2-k1-s4-v1 – e2 k1 „Vorgegebene Regeln anwenden“ (verfahren), Sprosse 4: Variante 1; übergangen v2
KETTE e2 k1 „Vorgegebene Regeln anwenden“ (verfahren) → eine Hauptnummer
AUSWAHL integrationsregeln-e2-k2-s1-v1 – e2 k2 „Vorgegebene Regeln anwenden“ (pflicht), Sprosse 1: Variante 1; übergangen v2, v3
AUSWAHL integrationsregeln-e2-k2-s2-v1 – e2 k2 „Vorgegebene Regeln anwenden“ (pflicht), Sprosse 2: Variante 1; übergangen v2, v3
KETTE e2 k2 „Vorgegebene Regeln anwenden“ (pflicht) → eine Hauptnummer
KOPF Einheit 1: „Einheit 1 von 2 · Der Regelsatz“; Marken „BE Q2 · BB Q2 · GK · keine Prüfungsaufgabe“ → Zeitmarke „None“, Prüfungswort „keine Prüfungsaufgabe“
KOPF Einheit 2: „Einheit 2 von 2 · Vorgegebene Regeln anwenden“; Marken „BE Q2 · BB Q2 · GK · Abitur LK“ → Zeitmarke „None“, Prüfungswort „Abitur LK“
TODO 23 Stellen in den Quelltexten:
  abhaken.tex:2: TODO Ich-kann-Sätze: Platzhalter wie in den Aufgabendateien
  blatt0_a.tex:5: TODO Titel: Ich-kann-Satz fehlt in der Bank (Platzhalter: Kettenname) – Nr. 1
  blatt0_a.tex:6: TODO Anweisung: ein Satz über der ersten Teilaufgabe fehlt in der Bank – Nr. 1
  blatt0_a.tex:14: TODO Titel: Ich-kann-Satz fehlt in der Bank (Platzhalter: Kettenname) – Nr. 2
  blatt0_a.tex:15: TODO Anweisung: ein Satz über der ersten Teilaufgabe fehlt in der Bank – Nr. 2
  blatt0_a.tex:23: TODO Titel: Ich-kann-Satz fehlt in der Bank (Platzhalter: Kettenname) – Nr. 3
  blatt0_a.tex:24: TODO Anweisung: ein Satz über der ersten Teilaufgabe fehlt in der Bank – Nr. 3
  blatt0_a.tex:32: TODO Titel: Ich-kann-Satz fehlt in der Bank (Platzhalter: Kettenname) – Nr. 4
  blatt0_a.tex:33: TODO Anweisung: ein Satz über der ersten Teilaufgabe fehlt in der Bank – Nr. 4
  blatt0_a.tex:40: TODO Titel: Ich-kann-Satz fehlt in der Bank (Platzhalter: Kettenname) – Nr. 5
  blatt0_a.tex:41: TODO Anweisung: ein Satz über der ersten Teilaufgabe fehlt in der Bank – Nr. 5
  e1_a.tex:2: TODO Zeitmarke Einheit 1: Marken-Zeile nicht lesbar
  e1_a.tex:3: TODO Zweigzeile Teil 1: was hier gelernt wird (Satz in Schülersprache aus dem Einheitstitel) – Einheit 1
  e1_a.tex:8: TODO Titel: Ich-kann-Satz fehlt in der Bank (Platzhalter: Kettenname) – Nr. 6
  e1_a.tex:9: TODO Anweisung: ein Satz über der ersten Teilaufgabe fehlt in der Bank – Nr. 6
  e1_a.tex:11: TODO \rechenplatz{n}: Schrittzahl des Grundfalls fehlt in der Bank (nur bei fester Schreibform, 2.3 b)
  e2_a.tex:2: TODO Zeitmarke Einheit 2: Marken-Zeile nicht lesbar
  e2_a.tex:3: TODO Zweigzeile Teil 1: was hier gelernt wird (Satz in Schülersprache aus dem Einheitstitel) – Einheit 2
  e2_a.tex:8: TODO Titel: Ich-kann-Satz fehlt in der Bank (Platzhalter: Kettenname) – Nr. 7
  e2_a.tex:9: TODO Anweisung: ein Satz über der ersten Teilaufgabe fehlt in der Bank – Nr. 7
  e2_a.tex:11: TODO \rechenplatz{n}: Schrittzahl des Grundfalls fehlt in der Bank (nur bei fester Schreibform, 2.3 b)
  e2_a.tex:21: TODO Titel: Ich-kann-Satz fehlt in der Bank (Platzhalter: Kettenname) – Nr. 8
  e2_a.tex:22: TODO Anweisung: ein Satz über der ersten Teilaufgabe fehlt in der Bank – Nr. 8
STRUKTUR 0 Fehler
