# zusammenbau v0.1: zusammenbau.py spiegelung
VORLAGE mathblatt.sty: Version 2026-09-28a
EINHEITEN [1, 2, 3]
AUSWAHL spiegelung-zone-f1-v1 – Zone f1 „Achsenspiegelung und Symmetrie ebener Fi“, Sprosse 1: Variante 1; übergangen v2
AUSWAHL spiegelung-zone-f1-v3 – Zone f1 „Achsenspiegelung und Symmetrie ebener Fi“, Sprosse 2: kleinste Variante (v3; v1 fehlt)
WEG Zone f1 „Achsenspiegelung und Symmetrie ebener Fi“ – Sprossen [3] (Fallstricke) nicht bestellt (Zone ja: s1 und s2)
AUSWAHL spiegelung-zone-f2-v1 – Zone f2 „Verbindungsvektor bilden und an einem Pu“, Sprosse 1: Variante 1; übergangen v2
AUSWAHL spiegelung-zone-f2-v3 – Zone f2 „Verbindungsvektor bilden und an einem Pu“, Sprosse 2: kleinste Variante (v3; v1 fehlt)
WEG Zone f2 „Verbindungsvektor bilden und an einem Pu“ – Sprossen [3, 4, 5] (Fallstricke) nicht bestellt (Zone ja: s1 und s2)
AUSWAHL spiegelung-zone-f3-v1 – Zone f3 „Normalenvektor einer Ebene ablesen und d“, Sprosse 1: Variante 1; übergangen v2
AUSWAHL spiegelung-zone-f3-v3 – Zone f3 „Normalenvektor einer Ebene ablesen und d“, Sprosse 2: kleinste Variante (v3; v1 fehlt)
WEG Zone f3 „Normalenvektor einer Ebene ablesen und d“ – Sprossen [3] (Fallstricke) nicht bestellt (Zone ja: s1 und s2)
AUSWAHL spiegelung-zone-f4-v1 – Zone f4 „Schnittpunkt von Gerade und Ebene berech“, Sprosse 1: Variante 1; übergangen v2
AUSWAHL spiegelung-zone-f4-v3 – Zone f4 „Schnittpunkt von Gerade und Ebene berech“, Sprosse 2: kleinste Variante (v3; v1 fehlt)
WEG Zone f4 „Schnittpunkt von Gerade und Ebene berech“ – Sprossen [3] (Fallstricke) nicht bestellt (Zone ja: s1 und s2)
AUSWAHL spiegelung-zone-f5-v1 – Zone f5 „Mittelpunkt einer Strecke berechnen“, Sprosse 1: Variante 1; übergangen v2
AUSWAHL spiegelung-zone-f5-v3 – Zone f5 „Mittelpunkt einer Strecke berechnen“, Sprosse 2: kleinste Variante (v3; v1 fehlt)
WEG Zone f5 „Mittelpunkt einer Strecke berechnen“ – Sprossen [3] (Fallstricke) nicht bestellt (Zone ja: s1 und s2)
AUSWAHL spiegelung-zone-f6-v1 – Zone f6 „Beträge von Vektoren vergleichen (gleich“, Sprosse 1: Variante 1; übergangen v2
AUSWAHL spiegelung-zone-f6-v3 – Zone f6 „Beträge von Vektoren vergleichen (gleich“, Sprosse 2: kleinste Variante (v3; v1 fehlt)
WEG Zone f6 „Beträge von Vektoren vergleichen (gleich“ – Sprossen [3] (Fallstricke) nicht bestellt (Zone ja: s1 und s2)
AUSWAHL spiegelung-zone-f2-v5 – Zone-Paar, Fehler finden
AUSWAHL spiegelung-zone-f2-v6 – Zone-Paar, gleichartige Rechenaufgabe
AUSWAHL spiegelung-e1-k1-s0-v1 – e1 k1 „Was ist gegeben, was gesucht?“ (erkennung), Sprosse 0: Variante 1; übergangen v2, v3, v4
KETTE e1 k1 „Was ist gegeben, was gesucht?“ (erkennung) → eine Hauptnummer (Erkennungsschritt: eigene Kette nach bank.md, zählt als Hauptnummer)
AUSWAHL spiegelung-e1-k2-s0-v1 – e1 k2 „Welche Koordinate wechselt?“ (erkennung), Sprosse 0: Variante 1; übergangen v2, v3, v4
KETTE e1 k2 „Welche Koordinate wechselt?“ (erkennung) → eine Hauptnummer (Erkennungsschritt: eigene Kette nach bank.md, zählt als Hauptnummer)
AUSWAHL spiegelung-e1-k3-s0-v1 – e1 k3 „Punkte spiegeln“ (verfahren), Sprosse 0: Variante 1; übergangen v2, v3, v4
AUSWAHL spiegelung-e1-k3-s1-v1 – e1 k3 „Punkte spiegeln“ (verfahren), Sprosse 1: Variante 1; übergangen v2, v3, v4, v5
AUSWAHL spiegelung-e1-k3-s2-v1 – e1 k3 „Punkte spiegeln“ (verfahren), Sprosse 2: Variante 1; übergangen v2, v3
AUSWAHL spiegelung-e1-k3-s3-v1 – e1 k3 „Punkte spiegeln“ (verfahren), Sprosse 3: Variante 1; übergangen v2, v3
AUSWAHL spiegelung-e1-k3-s4-v1 – e1 k3 „Punkte spiegeln“ (verfahren), Sprosse 4: Variante 1; übergangen v2, v3
AUSWAHL spiegelung-e1-k3-s5-v1 – e1 k3 „Punkte spiegeln“ (verfahren), Sprosse 5: Variante 1; übergangen v2
KETTE e1 k3 „Punkte spiegeln“ (verfahren) → eine Hauptnummer
AUSWAHL spiegelung-e1-k4-s1-v1 – e1 k4 „Punkte spiegeln“ (pflicht), Sprosse 1: Variante 1; übergangen v2, v3
AUSWAHL spiegelung-e1-k4-s2-v1 – e1 k4 „Punkte spiegeln“ (pflicht), Sprosse 2: Variante 1; übergangen v2, v3
KETTE e1 k4 „Punkte spiegeln“ (pflicht) → eine Hauptnummer
AUSWAHL spiegelung-e2-k1-s0-v1 – e2 k1 „Spiegelebene und Spiegelgerade“ (verfahren), Sprosse 0: Variante 1; übergangen v2, v3, v4
AUSWAHL spiegelung-e2-k1-s1-v1 – e2 k1 „Spiegelebene und Spiegelgerade“ (verfahren), Sprosse 1: Variante 1; übergangen v2, v3, v4, v5
AUSWAHL spiegelung-e2-k1-s2-v1 – e2 k1 „Spiegelebene und Spiegelgerade“ (verfahren), Sprosse 2: Variante 1; übergangen v2, v3
AUSWAHL spiegelung-e2-k1-s3-v1 – e2 k1 „Spiegelebene und Spiegelgerade“ (verfahren), Sprosse 3: Variante 1; übergangen v2, v3
AUSWAHL spiegelung-e2-k1-s4-v1 – e2 k1 „Spiegelebene und Spiegelgerade“ (verfahren), Sprosse 4: Variante 1; übergangen v2, v3
AUSWAHL spiegelung-e2-k1-s5-v1 – e2 k1 „Spiegelebene und Spiegelgerade“ (verfahren), Sprosse 5: Variante 1; übergangen v2
KETTE e2 k1 „Spiegelebene und Spiegelgerade“ (verfahren) → eine Hauptnummer
AUSWAHL spiegelung-e2-k2-s1-v1 – e2 k2 „Spiegelebene und Spiegelgerade“ (pflicht), Sprosse 1: Variante 1; übergangen v2, v3
AUSWAHL spiegelung-e2-k2-s2-v1 – e2 k2 „Spiegelebene und Spiegelgerade“ (pflicht), Sprosse 2: Variante 1; übergangen v2, v3
KETTE e2 k2 „Spiegelebene und Spiegelgerade“ (pflicht) → eine Hauptnummer
AUSWAHL spiegelung-e3-k1-s0-v1 – e3 k1 „Symmetrieebenen von Körpern“ (verfahren), Sprosse 0: Variante 1; übergangen v2, v3, v4
AUSWAHL spiegelung-e3-k1-s1-v1 – e3 k1 „Symmetrieebenen von Körpern“ (verfahren), Sprosse 1: Variante 1; übergangen v2, v3, v4, v5
AUSWAHL spiegelung-e3-k1-s2-v1 – e3 k1 „Symmetrieebenen von Körpern“ (verfahren), Sprosse 2: Variante 1; übergangen v2, v3
AUSWAHL spiegelung-e3-k1-s3-v1 – e3 k1 „Symmetrieebenen von Körpern“ (verfahren), Sprosse 3: Variante 1; übergangen v2, v3
AUSWAHL spiegelung-e3-k1-s4-v1 – e3 k1 „Symmetrieebenen von Körpern“ (verfahren), Sprosse 4: Variante 1; übergangen v2, v3
AUSWAHL spiegelung-e3-k1-s5-v1 – e3 k1 „Symmetrieebenen von Körpern“ (verfahren), Sprosse 5: Variante 1; übergangen v2, v3
AUSWAHL spiegelung-e3-k1-s6-v1 – e3 k1 „Symmetrieebenen von Körpern“ (verfahren), Sprosse 6: Variante 1; übergangen v2, v3, v4
KETTE e3 k1 „Symmetrieebenen von Körpern“ (verfahren) → eine Hauptnummer
AUSWAHL spiegelung-e3-k2-s1-v1 – e3 k2 „Symmetrieebenen von Körpern“ (pflicht), Sprosse 1: Variante 1; übergangen v2, v3
AUSWAHL spiegelung-e3-k2-s2-v1 – e3 k2 „Symmetrieebenen von Körpern“ (pflicht), Sprosse 2: Variante 1; übergangen v2, v3
KETTE e3 k2 „Symmetrieebenen von Körpern“ (pflicht) → eine Hauptnummer
KOPF Einheit 1: „Einheit 1 von 3 · Punkte spiegeln“; Marken „BE Q3 · BB Q3 · GK · Abitur GK · Abitur LK“ → Zeitmarke „None“, Prüfungswort „Abitur GK“
KOPF Einheit 2: „Einheit 2 von 3 · Spiegelebene und Spiegelgerade bestimmen“; Marken „BE Q3 · BB Q3 · GK · Abitur GK · Abitur LK“ → Zeitmarke „None“, Prüfungswort „Abitur GK“
KOPF Einheit 3: „Einheit 3 von 3 · Symmetrieebenen von Körpern“; Marken „BE Q3 · BB Q3 · GK · Abitur GK · Abitur LK“ → Zeitmarke „None“, Prüfungswort „Abitur GK“
WARNUNG Nr. 15: 7 Teilaufgaben, 1 mit Grafik – über dem Halbseitenmaß (2.3 g); v0.1 teilt nur im Fokus
TODO 42 Stellen in den Quelltexten:
  abhaken.tex:2: TODO Ich-kann-Sätze: Platzhalter wie in den Aufgabendateien
  blatt0_a.tex:5: TODO Titel: Ich-kann-Satz fehlt in der Bank (Platzhalter: Kettenname) – Nr. 1
  blatt0_a.tex:6: TODO Anweisung: ein Satz über der ersten Teilaufgabe fehlt in der Bank – Nr. 1
  blatt0_a.tex:14: TODO Titel: Ich-kann-Satz fehlt in der Bank (Platzhalter: Kettenname) – Nr. 2
  blatt0_a.tex:15: TODO Anweisung: ein Satz über der ersten Teilaufgabe fehlt in der Bank – Nr. 2
  blatt0_a.tex:23: TODO Titel: Ich-kann-Satz fehlt in der Bank (Platzhalter: Kettenname) – Nr. 3
  blatt0_a.tex:24: TODO Anweisung: ein Satz über der ersten Teilaufgabe fehlt in der Bank – Nr. 3
  blatt0_a.tex:32: TODO Titel: Ich-kann-Satz fehlt in der Bank (Platzhalter: Kettenname) – Nr. 4
  blatt0_a.tex:33: TODO Anweisung: ein Satz über der ersten Teilaufgabe fehlt in der Bank – Nr. 4
  blatt0_a.tex:41: TODO Titel: Ich-kann-Satz fehlt in der Bank (Platzhalter: Kettenname) – Nr. 5
  blatt0_a.tex:42: TODO Anweisung: ein Satz über der ersten Teilaufgabe fehlt in der Bank – Nr. 5
  blatt0_a.tex:50: TODO Titel: Ich-kann-Satz fehlt in der Bank (Platzhalter: Kettenname) – Nr. 6
  blatt0_a.tex:51: TODO Anweisung: ein Satz über der ersten Teilaufgabe fehlt in der Bank – Nr. 6
  blatt0_a.tex:59: TODO Titel: Ich-kann-Satz fehlt in der Bank (Platzhalter: Kettenname) – Nr. 7
  blatt0_a.tex:60: TODO Anweisung: ein Satz über der ersten Teilaufgabe fehlt in der Bank – Nr. 7
  blatt0_a.tex:67: TODO Titel: Ich-kann-Satz fehlt in der Bank (Platzhalter: Kettenname) – Nr. 8
  blatt0_a.tex:68: TODO Anweisung: ein Satz über der ersten Teilaufgabe fehlt in der Bank – Nr. 8
  e1_a.tex:2: TODO Zeitmarke Einheit 1: Marken-Zeile nicht lesbar
  e1_a.tex:3: TODO Zweigzeile Teil 1: was hier gelernt wird (Satz in Schülersprache aus dem Einheitstitel) – Einheit 1
  e1_a.tex:8: TODO Titel: Ich-kann-Satz fehlt in der Bank (Platzhalter: Kettenname) – Nr. 9
  e1_a.tex:9: TODO Anweisung: ein Satz über der ersten Teilaufgabe fehlt in der Bank – Nr. 9
  e1_a.tex:16: TODO Titel: Ich-kann-Satz fehlt in der Bank (Platzhalter: Kettenname) – Nr. 10
  e1_a.tex:17: TODO Anweisung: ein Satz über der ersten Teilaufgabe fehlt in der Bank – Nr. 10
  e1_a.tex:24: TODO Titel: Ich-kann-Satz fehlt in der Bank (Platzhalter: Kettenname) – Nr. 11
  e1_a.tex:25: TODO Anweisung: ein Satz über der ersten Teilaufgabe fehlt in der Bank – Nr. 11
  e1_a.tex:27: TODO \rechenplatz{n}: Schrittzahl des Grundfalls fehlt in der Bank (nur bei fester Schreibform, 2.3 b)
  e1_a.tex:38: TODO Titel: Ich-kann-Satz fehlt in der Bank (Platzhalter: Kettenname) – Nr. 12
  e1_a.tex:39: TODO Anweisung: ein Satz über der ersten Teilaufgabe fehlt in der Bank – Nr. 12
  e2_a.tex:2: TODO Zeitmarke Einheit 2: Marken-Zeile nicht lesbar
  e2_a.tex:3: TODO Zweigzeile Teil 1: was hier gelernt wird (Satz in Schülersprache aus dem Einheitstitel) – Einheit 2
  e2_a.tex:8: TODO Titel: Ich-kann-Satz fehlt in der Bank (Platzhalter: Kettenname) – Nr. 13
  e2_a.tex:9: TODO Anweisung: ein Satz über der ersten Teilaufgabe fehlt in der Bank – Nr. 13
  e2_a.tex:11: TODO \rechenplatz{n}: Schrittzahl des Grundfalls fehlt in der Bank (nur bei fester Schreibform, 2.3 b)
  e2_a.tex:24: TODO Titel: Ich-kann-Satz fehlt in der Bank (Platzhalter: Kettenname) – Nr. 14
  e2_a.tex:25: TODO Anweisung: ein Satz über der ersten Teilaufgabe fehlt in der Bank – Nr. 14
  e3_a.tex:2: TODO Zeitmarke Einheit 3: Marken-Zeile nicht lesbar
  e3_a.tex:3: TODO Zweigzeile Teil 1: was hier gelernt wird (Satz in Schülersprache aus dem Einheitstitel) – Einheit 3
  e3_a.tex:8: TODO Titel: Ich-kann-Satz fehlt in der Bank (Platzhalter: Kettenname) – Nr. 15
  e3_a.tex:9: TODO Anweisung: ein Satz über der ersten Teilaufgabe fehlt in der Bank – Nr. 15
  e3_a.tex:11: TODO \rechenplatz{n}: Schrittzahl des Grundfalls fehlt in der Bank (nur bei fester Schreibform, 2.3 b)
  e3_a.tex:25: TODO Titel: Ich-kann-Satz fehlt in der Bank (Platzhalter: Kettenname) – Nr. 16
  e3_a.tex:26: TODO Anweisung: ein Satz über der ersten Teilaufgabe fehlt in der Bank – Nr. 16
STRUKTUR 0 Fehler
