# zusammenbau v0.1: zusammenbau.py umkehrfunktion
VORLAGE mathblatt.sty: Version 2026-09-28a
EINHEITEN [1, 2]
AUSWAHL umkehrfunktion-zone-f1-v1 – Zone f1 „Eine Gleichung nach x auflösen und die V“, Sprosse 1: Variante 1; übergangen v2
AUSWAHL umkehrfunktion-zone-f1-v3 – Zone f1 „Eine Gleichung nach x auflösen und die V“, Sprosse 2: kleinste Variante (v3; v1 fehlt)
WEG Zone f1 „Eine Gleichung nach x auflösen und die V“ – Sprossen [3, 4] (Fallstricke) nicht bestellt (Zone ja: s1 und s2)
AUSWAHL umkehrfunktion-zone-f2-v1 – Zone f2 „Wertebereich einer Funktion aus Monotoni“, Sprosse 1: Variante 1; übergangen v2
AUSWAHL umkehrfunktion-zone-f2-v3 – Zone f2 „Wertebereich einer Funktion aus Monotoni“, Sprosse 2: kleinste Variante (v3; v1 fehlt)
WEG Zone f2 „Wertebereich einer Funktion aus Monotoni“ – Sprossen [3, 4, 5] (Fallstricke) nicht bestellt (Zone ja: s1 und s2)
AUSWAHL umkehrfunktion-zone-f3-v1 – Zone f3 „Punkte an einer Geraden spiegeln, Bildpu“, Sprosse 1: Variante 1; übergangen v2
AUSWAHL umkehrfunktion-zone-f3-v3 – Zone f3 „Punkte an einer Geraden spiegeln, Bildpu“, Sprosse 2: kleinste Variante (v3; v1 fehlt)
WEG Zone f3 „Punkte an einer Geraden spiegeln, Bildpu“ – Sprossen [3] (Fallstricke) nicht bestellt (Zone ja: s1 und s2)
AUSWAHL umkehrfunktion-zone-f4-v1 – Zone f4 „Integral einer Differenz als Fläche zwis“, Sprosse 1: Variante 1; übergangen v2
AUSWAHL umkehrfunktion-zone-f4-v3 – Zone f4 „Integral einer Differenz als Fläche zwis“, Sprosse 2: kleinste Variante (v3; v1 fehlt)
WEG Zone f4 „Integral einer Differenz als Fläche zwis“ – Sprossen [3, 4] (Fallstricke) nicht bestellt (Zone ja: s1 und s2)
AUSWAHL umkehrfunktion-zone-f5-v1 – Zone f5 „Steigung einer Geraden und Steigung der “, Sprosse 1: Variante 1; übergangen v2
AUSWAHL umkehrfunktion-zone-f5-v3 – Zone f5 „Steigung einer Geraden und Steigung der “, Sprosse 2: kleinste Variante (v3; v1 fehlt)
WEG Zone f5 „Steigung einer Geraden und Steigung der “ – Sprossen [3, 4] (Fallstricke) nicht bestellt (Zone ja: s1 und s2)
AUSWAHL umkehrfunktion-zone-f2-v5 – Zone-Paar, Fehler finden
AUSWAHL umkehrfunktion-zone-f2-v6 – Zone-Paar, gleichartige Rechenaufgabe
AUSWAHL umkehrfunktion-e1-k1-s0-v1 – e1 k1 „Umkehrbarkeit, Bereiche und Term“ (verfahren), Sprosse 0: Variante 1; übergangen v2, v3, v4
AUSWAHL umkehrfunktion-e1-k1-s1-v1 – e1 k1 „Umkehrbarkeit, Bereiche und Term“ (verfahren), Sprosse 1: Variante 1; übergangen v2, v3, v4, v5
AUSWAHL umkehrfunktion-e1-k1-s2-v1 – e1 k1 „Umkehrbarkeit, Bereiche und Term“ (verfahren), Sprosse 2: Variante 1; übergangen v2, v3
AUSWAHL umkehrfunktion-e1-k1-s3-v1 – e1 k1 „Umkehrbarkeit, Bereiche und Term“ (verfahren), Sprosse 3: Variante 1; übergangen v2, v3
AUSWAHL umkehrfunktion-e1-k1-s4-v1 – e1 k1 „Umkehrbarkeit, Bereiche und Term“ (verfahren), Sprosse 4: Variante 1; übergangen v2
KETTE e1 k1 „Umkehrbarkeit, Bereiche und Term“ (verfahren) → eine Hauptnummer
AUSWAHL umkehrfunktion-e1-k2-s1-v1 – e1 k2 „Radius der Flüssigkeitsoberfläche in Abhängigkeit von der Füllhöhe über die Umkehrung der Profilfunktion nachweisen“ (ohne), Sprosse 1: Variante 1; übergangen v2, v3
KETTE e1 k2 „Radius der Flüssigkeitsoberfläche in Abhängigkeit von der Füllhöhe über die Umkehrung der Profilfunktion nachweisen“ (ohne) → eine Hauptnummer
AUSWAHL umkehrfunktion-e1-k3-s1-v1 – e1 k3 „Umkehrbarkeit, Bereiche und Term“ (pflicht), Sprosse 1: Variante 1; übergangen v2, v3
AUSWAHL umkehrfunktion-e1-k3-s2-v1 – e1 k3 „Umkehrbarkeit, Bereiche und Term“ (pflicht), Sprosse 2: Variante 1; übergangen v2, v3
AUSWAHL umkehrfunktion-e1-k3-s3-v1 – e1 k3 „Umkehrbarkeit, Bereiche und Term“ (pflicht), Sprosse 3: Variante 1; übergangen v2, v3
AUSWAHL umkehrfunktion-e1-k3-s4-v1 – e1 k3 „Umkehrbarkeit, Bereiche und Term“ (pflicht), Sprosse 4: Variante 1; übergangen v2, v3
KETTE e1 k3 „Umkehrbarkeit, Bereiche und Term“ (pflicht) → eine Hauptnummer
AUSWAHL umkehrfunktion-e2-k1-s0-v1 – e2 k1 „Spiegelung an der Winkelhalbierenden“ (verfahren), Sprosse 0: Variante 1; übergangen v2, v3, v4
AUSWAHL umkehrfunktion-e2-k1-s1-v1 – e2 k1 „Spiegelung an der Winkelhalbierenden“ (verfahren), Sprosse 1: Variante 1; übergangen v2, v3, v4, v5
AUSWAHL umkehrfunktion-e2-k1-s2-v1 – e2 k1 „Spiegelung an der Winkelhalbierenden“ (verfahren), Sprosse 2: Variante 1; übergangen v2, v3
AUSWAHL umkehrfunktion-e2-k1-s3-v1 – e2 k1 „Spiegelung an der Winkelhalbierenden“ (verfahren), Sprosse 3: Variante 1; übergangen v2, v3
AUSWAHL umkehrfunktion-e2-k1-s4-v1 – e2 k1 „Spiegelung an der Winkelhalbierenden“ (verfahren), Sprosse 4: Variante 1; übergangen v2, v3
AUSWAHL umkehrfunktion-e2-k1-s5-v1 – e2 k1 „Spiegelung an der Winkelhalbierenden“ (verfahren), Sprosse 5: Variante 1; übergangen v2, v3, v4
KETTE e2 k1 „Spiegelung an der Winkelhalbierenden“ (verfahren) → eine Hauptnummer
AUSWAHL umkehrfunktion-e2-k2-s1-v1 – e2 k2 „Spiegelung an der Winkelhalbierenden“ (pflicht), Sprosse 1: Variante 1; übergangen v2, v3
AUSWAHL umkehrfunktion-e2-k2-s2-v1 – e2 k2 „Spiegelung an der Winkelhalbierenden“ (pflicht), Sprosse 2: Variante 1; übergangen v2, v3
AUSWAHL umkehrfunktion-e2-k2-s3-v1 – e2 k2 „Spiegelung an der Winkelhalbierenden“ (pflicht), Sprosse 3: Variante 1; übergangen v2, v3
AUSWAHL umkehrfunktion-e2-k2-s4-v1 – e2 k2 „Spiegelung an der Winkelhalbierenden“ (pflicht), Sprosse 4: Variante 1; übergangen v2, v3
KETTE e2 k2 „Spiegelung an der Winkelhalbierenden“ (pflicht) → eine Hauptnummer
KOPF Einheit 1: „Einheit 1 von 2 · Umkehrbarkeit, Bereiche und Term“; Marken „BE Q2 · BB Q2 · nur LK · keine Prüfungsaufgabe“ → Zeitmarke „None“, Prüfungswort „keine Prüfungsaufgabe“
KOPF Einheit 2: „Einheit 2 von 2 · Spiegelung an der Winkelhalbierenden“; Marken „BE Q2 · BB Q2 · nur LK · Abitur LK“ → Zeitmarke „None“, Prüfungswort „Abitur LK“
TODO 31 Stellen in den Quelltexten:
  abhaken.tex:2: TODO Ich-kann-Sätze: Platzhalter wie in den Aufgabendateien
  blatt0_a.tex:5: TODO Titel: Ich-kann-Satz fehlt in der Bank (Platzhalter: Kettenname) – Nr. 1
  blatt0_a.tex:6: TODO Anweisung: ein Satz über der ersten Teilaufgabe fehlt in der Bank – Nr. 1
  blatt0_a.tex:14: TODO Titel: Ich-kann-Satz fehlt in der Bank (Platzhalter: Kettenname) – Nr. 2
  blatt0_a.tex:15: TODO Anweisung: ein Satz über der ersten Teilaufgabe fehlt in der Bank – Nr. 2
  blatt0_a.tex:23: TODO Titel: Ich-kann-Satz fehlt in der Bank (Platzhalter: Kettenname) – Nr. 3
  blatt0_a.tex:24: TODO Anweisung: ein Satz über der ersten Teilaufgabe fehlt in der Bank – Nr. 3
  blatt0_a.tex:32: TODO Titel: Ich-kann-Satz fehlt in der Bank (Platzhalter: Kettenname) – Nr. 4
  blatt0_a.tex:33: TODO Anweisung: ein Satz über der ersten Teilaufgabe fehlt in der Bank – Nr. 4
  blatt0_a.tex:41: TODO Titel: Ich-kann-Satz fehlt in der Bank (Platzhalter: Kettenname) – Nr. 5
  blatt0_a.tex:42: TODO Anweisung: ein Satz über der ersten Teilaufgabe fehlt in der Bank – Nr. 5
  blatt0_a.tex:50: TODO Titel: Ich-kann-Satz fehlt in der Bank (Platzhalter: Kettenname) – Nr. 6
  blatt0_a.tex:51: TODO Anweisung: ein Satz über der ersten Teilaufgabe fehlt in der Bank – Nr. 6
  blatt0_a.tex:58: TODO Titel: Ich-kann-Satz fehlt in der Bank (Platzhalter: Kettenname) – Nr. 7
  blatt0_a.tex:59: TODO Anweisung: ein Satz über der ersten Teilaufgabe fehlt in der Bank – Nr. 7
  e1_a.tex:2: TODO Zeitmarke Einheit 1: Marken-Zeile nicht lesbar
  e1_a.tex:3: TODO Zweigzeile Teil 1: was hier gelernt wird (Satz in Schülersprache aus dem Einheitstitel) – Einheit 1
  e1_a.tex:8: TODO Titel: Ich-kann-Satz fehlt in der Bank (Platzhalter: Kettenname) – Nr. 8
  e1_a.tex:9: TODO Anweisung: ein Satz über der ersten Teilaufgabe fehlt in der Bank – Nr. 8
  e1_a.tex:11: TODO \rechenplatz{n}: Schrittzahl des Grundfalls fehlt in der Bank (nur bei fester Schreibform, 2.3 b)
  e1_a.tex:23: TODO Titel: Ich-kann-Satz fehlt in der Bank (Platzhalter: Kettenname) – Nr. 9
  e1_a.tex:24: TODO Anweisung: ein Satz über der ersten Teilaufgabe fehlt in der Bank – Nr. 9
  e1_a.tex:31: TODO Titel: Ich-kann-Satz fehlt in der Bank (Platzhalter: Kettenname) – Nr. 10
  e1_a.tex:32: TODO Anweisung: ein Satz über der ersten Teilaufgabe fehlt in der Bank – Nr. 10
  e2_a.tex:2: TODO Zeitmarke Einheit 2: Marken-Zeile nicht lesbar
  e2_a.tex:3: TODO Zweigzeile Teil 1: was hier gelernt wird (Satz in Schülersprache aus dem Einheitstitel) – Einheit 2
  e2_a.tex:8: TODO Titel: Ich-kann-Satz fehlt in der Bank (Platzhalter: Kettenname) – Nr. 11
  e2_a.tex:9: TODO Anweisung: ein Satz über der ersten Teilaufgabe fehlt in der Bank – Nr. 11
  e2_a.tex:11: TODO \rechenplatz{n}: Schrittzahl des Grundfalls fehlt in der Bank (nur bei fester Schreibform, 2.3 b)
  e2_a.tex:24: TODO Titel: Ich-kann-Satz fehlt in der Bank (Platzhalter: Kettenname) – Nr. 12
  e2_a.tex:25: TODO Anweisung: ein Satz über der ersten Teilaufgabe fehlt in der Bank – Nr. 12
STRUKTUR 0 Fehler
