# zusammenbau v1.3: zusammenbau.py --zettel basis --nummer 12
VORRAT 64 Typen, 640 Aufgaben, davon 100 auf Zettel 1–10 (v0.5) verbraucht; Vorrat erschöpft ab Zettel 36
VORLAGE mathblatt.sty: Version 2026-09-28a
KENNUNG BAS-Z12 – Kürzel BAS (Basisvorrat, fest), Rezept Z (Zettel, v0.6); Inhalt von Zettel 12
HÖHE geschätzt 24.2 cm (Maß 24.5 cm), 18 Aufgaben (Ziel 16–18)
AUSWAHL Nr. 1: brueche-dezimalzahlen-basis-k4-v10 – Zahlen in verschiedenen Darstellungen vergleichen (Jahrgänge 7, Variante 10, Stufe 0, halbe Spalte)
AUSWAHL Nr. 2: rationale-zahlen-basis-k1-v8 – Termwert berechnen (Jahrgänge 5, Variante 8, Stufe 0, halbe Spalte)
AUSWAHL Nr. 3: potenzen-wurzeln-basis-k3-v5 – Zehnerpotenzschreibweise umwandeln (Jahrgänge 4, Variante 5, Stufe 0, halbe Spalte)
AUSWAHL Nr. 4: prozentrechnung-basis-k4-v8 – Prozentwert berechnen (Jahrgänge 5, Variante 8, Stufe 0, halbe Spalte)
AUSWAHL Nr. 5: einheiten-basis-k5-v1 – Zeiteinheiten umrechnen (Jahrgänge 3, Variante 1, Stufe 0, halbe Spalte)
AUSWAHL Nr. 6: zuordnungen-basis-k2-v1 – Proportionale Zuordnung Dreisatz (Jahrgänge 3, Variante 1, Stufe 0, halbe Spalte)
AUSWAHL Nr. 7: lineare-gleichungen-basis-k1-v7 – Lineare Gleichung lösen (Jahrgänge 4, Variante 7, Stufe 0, halbe Spalte)
AUSWAHL Nr. 8: flaechen-basis-k2-v1 – Quadratseite aus Fläche berechnen (Jahrgänge 2, Variante 1, Stufe 0, halbe Spalte)
AUSWAHL Nr. 9: daten-basis-k3-v1 – Median bestimmen (Jahrgänge 2, Variante 1, Stufe 0, halbe Spalte)
AUSWAHL Nr. 10: winkel-dreiecke-basis-k2-v2 – Gleichschenkliges Dreieck erkennen (Jahrgänge 1, Variante 2, Stufe 1, halbe Spalte)
SATZ Nr. 11: 4 kurze Ankreuzoptionen in einer Zeile
AUSWAHL Nr. 11: prozentrechnung-basis-k2-v3 – Prozent und Anteil umwandeln (Jahrgänge 2, Variante 3, Stufe 2, volle Breite)
SATZ Nr. 12: 4 kurze Ankreuzoptionen in einer Zeile
AUSWAHL Nr. 12: terme-basis-k2-v6 – Term zu Sachtext angeben (Jahrgänge 4, Variante 6, Stufe 2, volle Breite)
SATZ Nr. 13: 4 kurze Ankreuzoptionen in einer Zeile
AUSWAHL Nr. 13: symmetrie-abbildungen-basis-k2-v2 – Lage eines Punktes zu den Achsen erkennen (Jahrgänge 1, Variante 2, Stufe 2, volle Breite)
AUSWAHL Nr. 14: koerper-basis-k2-v2 – Kantenzahl eines Körpers angeben (Jahrgänge 1, Variante 2, Stufe 2, volle Breite)
AUSWAHL Nr. 15: bruchrechnung-basis-k1-v4 – Wahrscheinlichkeit einstufig (Jahrgänge 3, Variante 4, Stufe 2, volle Breite)
AUSWAHL Nr. 16: wahrscheinlichkeit-basis-k2-v1 – Zufallsgerät zu Wahrscheinlichkeit entwerfen (Jahrgänge 3, Variante 1, Stufe 2, volle Breite)
SATZ Nr. 17: 3 kurze Ankreuzoptionen in einer Zeile
AUSWAHL Nr. 17: koerper-basis-k4-v1 – Körper aus Netz oder Schrägbild benennen (Jahrgänge 2, Variante 1, Stufe 3, volle Breite)
SATZ Nr. 18: 4 kurze Ankreuzoptionen in einer Zeile
AUSWAHL Nr. 18: pythagoras-basis-k1-v1 – Pythagoras Gleichung zuordnen (Jahrgänge 4, Variante 1, Stufe 3, volle Breite)
STRUKTUR 0 Fehler
