# zusammenbau v0.1: zusammenbau.py zufallsexperimente-und-pfadregeln
VORLAGE mathblatt.sty: Version 2026-09-28a
EINHEITEN [1, 2, 3, 4, 5, 6, 7, 8]
AUSWAHL zufallsexperimente-und-pfadregeln-zone-f1-v1 – Zone f1 „Ergebnismenge eines ein- oder zweistufig“, Sprosse 1: Variante 1; übergangen v2
AUSWAHL zufallsexperimente-und-pfadregeln-zone-f1-v3 – Zone f1 „Ergebnismenge eines ein- oder zweistufig“, Sprosse 2: kleinste Variante (v3; v1 fehlt)
WEG Zone f1 „Ergebnismenge eines ein- oder zweistufig“ – Sprossen [3] (Fallstricke) nicht bestellt (Zone ja: s1 und s2)
AUSWAHL zufallsexperimente-und-pfadregeln-zone-f2-v1 – Zone f2 „Möglichkeiten vollständig aufzählen, Zäh“, Sprosse 1: Variante 1; übergangen v2
AUSWAHL zufallsexperimente-und-pfadregeln-zone-f2-v3 – Zone f2 „Möglichkeiten vollständig aufzählen, Zäh“, Sprosse 2: kleinste Variante (v3; v1 fehlt)
WEG Zone f2 „Möglichkeiten vollständig aufzählen, Zäh“ – Sprossen [3] (Fallstricke) nicht bestellt (Zone ja: s1 und s2)
AUSWAHL zufallsexperimente-und-pfadregeln-zone-f3-v1 – Zone f3 „Brüche multiplizieren (auch mehrere Fakt“, Sprosse 1: Variante 1; übergangen v2
AUSWAHL zufallsexperimente-und-pfadregeln-zone-f3-v3 – Zone f3 „Brüche multiplizieren (auch mehrere Fakt“, Sprosse 2: kleinste Variante (v3; v1 fehlt)
WEG Zone f3 „Brüche multiplizieren (auch mehrere Fakt“ – Sprossen [3, 4] (Fallstricke) nicht bestellt (Zone ja: s1 und s2)
AUSWAHL zufallsexperimente-und-pfadregeln-zone-f4-v1 – Zone f4 „Symbolschreibweise der Ereignisse (A ∩ B“, Sprosse 1: Variante 1; übergangen v2
AUSWAHL zufallsexperimente-und-pfadregeln-zone-f4-v3 – Zone f4 „Symbolschreibweise der Ereignisse (A ∩ B“, Sprosse 2: kleinste Variante (v3; v1 fehlt)
WEG Zone f4 „Symbolschreibweise der Ereignisse (A ∩ B“ – Sprossen [3] (Fallstricke) nicht bestellt (Zone ja: s1 und s2)
AUSWAHL zufallsexperimente-und-pfadregeln-zone-f5-v1 – Zone f5 „Anteil mal Gesamtzahl (absolute Anzahl),“, Sprosse 1: Variante 1; übergangen v2
AUSWAHL zufallsexperimente-und-pfadregeln-zone-f5-v3 – Zone f5 „Anteil mal Gesamtzahl (absolute Anzahl),“, Sprosse 2: kleinste Variante (v3; v1 fehlt)
WEG Zone f5 „Anteil mal Gesamtzahl (absolute Anzahl),“ – Sprossen [3] (Fallstricke) nicht bestellt (Zone ja: s1 und s2)
AUSWAHL zufallsexperimente-und-pfadregeln-zone-f6-v1 – Zone f6 „Baumdiagramm mit Zurücklegen oder mit zw“, Sprosse 1: Variante 1; übergangen v2
AUSWAHL zufallsexperimente-und-pfadregeln-zone-f6-v3 – Zone f6 „Baumdiagramm mit Zurücklegen oder mit zw“, Sprosse 2: kleinste Variante (v3; v1 fehlt)
WEG Zone f6 „Baumdiagramm mit Zurücklegen oder mit zw“ – Sprossen [3, 4] (Fallstricke) nicht bestellt (Zone ja: s1 und s2)
AUSWAHL zufallsexperimente-und-pfadregeln-zone-f7-v1 – Zone f7 „Ziehen ohne Zurücklegen zweistufig (Nenn“, Sprosse 1: Variante 1; übergangen v2
AUSWAHL zufallsexperimente-und-pfadregeln-zone-f7-v3 – Zone f7 „Ziehen ohne Zurücklegen zweistufig (Nenn“, Sprosse 2: kleinste Variante (v3; v1 fehlt)
WEG Zone f7 „Ziehen ohne Zurücklegen zweistufig (Nenn“ – Sprossen [3, 4, 5] (Fallstricke) nicht bestellt (Zone ja: s1 und s2)
AUSWAHL zufallsexperimente-und-pfadregeln-zone-f8-v1 – Zone f8 „Kombinatorik“, Sprosse 1: Variante 1; übergangen v2
AUSWAHL zufallsexperimente-und-pfadregeln-zone-f8-v3 – Zone f8 „Kombinatorik“, Sprosse 2: kleinste Variante (v3; v1 fehlt)
WEG Zone f8 „Kombinatorik“ – Sprossen [3] (Fallstricke) nicht bestellt (Zone ja: s1 und s2)
AUSWAHL zufallsexperimente-und-pfadregeln-zone-f9-v1 – Zone f9 „Lineare Gleichungen, quadratische Gleich“, Sprosse 1: Variante 1; übergangen v2
AUSWAHL zufallsexperimente-und-pfadregeln-zone-f9-v3 – Zone f9 „Lineare Gleichungen, quadratische Gleich“, Sprosse 2: kleinste Variante (v3; v1 fehlt)
WEG Zone f9 „Lineare Gleichungen, quadratische Gleich“ – Sprossen [3, 4] (Fallstricke) nicht bestellt (Zone ja: s1 und s2)
AUSWAHL zufallsexperimente-und-pfadregeln-zone-f7-v5 – Zone-Paar, Fehler finden
AUSWAHL zufallsexperimente-und-pfadregeln-zone-f7-v6 – Zone-Paar, gleichartige Rechenaufgabe
AUSWAHL zufallsexperimente-und-pfadregeln-e1-k1-s0-v1 – e1 k1 „Ereignisse als Mengen“ (verfahren), Sprosse 0: Variante 1; übergangen v2, v3, v4
AUSWAHL zufallsexperimente-und-pfadregeln-e1-k1-s1-v1 – e1 k1 „Ereignisse als Mengen“ (verfahren), Sprosse 1: Variante 1; übergangen v2, v3, v4, v5
AUSWAHL zufallsexperimente-und-pfadregeln-e1-k1-s2-v1 – e1 k1 „Ereignisse als Mengen“ (verfahren), Sprosse 2: Variante 1; übergangen v2, v3
AUSWAHL zufallsexperimente-und-pfadregeln-e1-k1-s3-v1 – e1 k1 „Ereignisse als Mengen“ (verfahren), Sprosse 3: Variante 1; übergangen v2, v3
AUSWAHL zufallsexperimente-und-pfadregeln-e1-k1-s4-v1 – e1 k1 „Ereignisse als Mengen“ (verfahren), Sprosse 4: Variante 1; übergangen v2, v3
AUSWAHL zufallsexperimente-und-pfadregeln-e1-k1-s5-v1 – e1 k1 „Ereignisse als Mengen“ (verfahren), Sprosse 5: Variante 1; übergangen v2, v3
AUSWAHL zufallsexperimente-und-pfadregeln-e1-k1-s6-v1 – e1 k1 „Ereignisse als Mengen“ (verfahren), Sprosse 6: Variante 1; übergangen v2, v3
AUSWAHL zufallsexperimente-und-pfadregeln-e1-k1-s7-v1 – e1 k1 „Ereignisse als Mengen“ (verfahren), Sprosse 7: Variante 1; übergangen v2, v3, v4
KETTE e1 k1 „Ereignisse als Mengen“ (verfahren) → eine Hauptnummer
AUSWAHL zufallsexperimente-und-pfadregeln-e1-k2-s1-v1 – e1 k2 „Ereignisse als Mengen“ (pflicht), Sprosse 1: Variante 1; übergangen v2, v3
AUSWAHL zufallsexperimente-und-pfadregeln-e1-k2-s2-v1 – e1 k2 „Ereignisse als Mengen“ (pflicht), Sprosse 2: Variante 1; übergangen v2, v3
AUSWAHL zufallsexperimente-und-pfadregeln-e1-k2-s3-v1 – e1 k2 „Ereignisse als Mengen“ (pflicht), Sprosse 3: Variante 1; übergangen v2, v3
AUSWAHL zufallsexperimente-und-pfadregeln-e1-k2-s4-v1 – e1 k2 „Ereignisse als Mengen“ (pflicht), Sprosse 4: Variante 1; übergangen v2, v3
KETTE e1 k2 „Ereignisse als Mengen“ (pflicht) → eine Hauptnummer
AUSWAHL zufallsexperimente-und-pfadregeln-e2-k1-s0-v1 – e2 k1 „Laplace-Experimente“ (verfahren), Sprosse 0: Variante 1; übergangen v2, v3, v4
AUSWAHL zufallsexperimente-und-pfadregeln-e2-k1-s1-v1 – e2 k1 „Laplace-Experimente“ (verfahren), Sprosse 1: Variante 1; übergangen v2, v3, v4, v5
AUSWAHL zufallsexperimente-und-pfadregeln-e2-k1-s2-v1 – e2 k1 „Laplace-Experimente“ (verfahren), Sprosse 2: Variante 1; übergangen v2, v3
AUSWAHL zufallsexperimente-und-pfadregeln-e2-k1-s3-v1 – e2 k1 „Laplace-Experimente“ (verfahren), Sprosse 3: Variante 1; übergangen v2, v3
AUSWAHL zufallsexperimente-und-pfadregeln-e2-k1-s4-v1 – e2 k1 „Laplace-Experimente“ (verfahren), Sprosse 4: Variante 1; übergangen v2, v3
AUSWAHL zufallsexperimente-und-pfadregeln-e2-k1-s5-v1 – e2 k1 „Laplace-Experimente“ (verfahren), Sprosse 5: Variante 1; übergangen v2, v3
AUSWAHL zufallsexperimente-und-pfadregeln-e2-k1-s6-v1 – e2 k1 „Laplace-Experimente“ (verfahren), Sprosse 6: Variante 1; übergangen v2, v3
AUSWAHL zufallsexperimente-und-pfadregeln-e2-k1-s7-v1 – e2 k1 „Laplace-Experimente“ (verfahren), Sprosse 7: Variante 1; übergangen v2, v3
AUSWAHL zufallsexperimente-und-pfadregeln-e2-k1-s8-v1 – e2 k1 „Laplace-Experimente“ (verfahren), Sprosse 8: Variante 1; übergangen v2, v3, v4
KETTE e2 k1 „Laplace-Experimente“ (verfahren) → eine Hauptnummer
AUSWAHL zufallsexperimente-und-pfadregeln-e2-k2-s1-v1 – e2 k2 „Laplace-Experiment: Aussage über Wahrscheinlichkeiten aus absoluten Anzahlen ohne Grundgesamtheit beurteilen“ (ohne), Sprosse 1: Variante 1; übergangen v2, v3
KETTE e2 k2 „Laplace-Experiment: Aussage über Wahrscheinlichkeiten aus absoluten Anzahlen ohne Grundgesamtheit beurteilen“ (ohne) → eine Hauptnummer
AUSWAHL zufallsexperimente-und-pfadregeln-e2-k3-s1-v1 – e2 k3 „Laplace-Experimente“ (pflicht), Sprosse 1: Variante 1; übergangen v2, v3
AUSWAHL zufallsexperimente-und-pfadregeln-e2-k3-s2-v1 – e2 k3 „Laplace-Experimente“ (pflicht), Sprosse 2: Variante 1; übergangen v2, v3
AUSWAHL zufallsexperimente-und-pfadregeln-e2-k3-s3-v1 – e2 k3 „Laplace-Experimente“ (pflicht), Sprosse 3: Variante 1; übergangen v2, v3
AUSWAHL zufallsexperimente-und-pfadregeln-e2-k3-s4-v1 – e2 k3 „Laplace-Experimente“ (pflicht), Sprosse 4: Variante 1; übergangen v2, v3
KETTE e2 k3 „Laplace-Experimente“ (pflicht) → eine Hauptnummer
AUSWAHL zufallsexperimente-und-pfadregeln-e3-k1-s0-v1 – e3 k1 „Pfadregeln bei unabhängigen Stufen“ (verfahren), Sprosse 0: Variante 1; übergangen v2, v3, v4
AUSWAHL zufallsexperimente-und-pfadregeln-e3-k1-s1-v1 – e3 k1 „Pfadregeln bei unabhängigen Stufen“ (verfahren), Sprosse 1: Variante 1; übergangen v2, v3, v4, v5
AUSWAHL zufallsexperimente-und-pfadregeln-e3-k1-s2-v1 – e3 k1 „Pfadregeln bei unabhängigen Stufen“ (verfahren), Sprosse 2: Variante 1; übergangen v2, v3
AUSWAHL zufallsexperimente-und-pfadregeln-e3-k1-s3-v1 – e3 k1 „Pfadregeln bei unabhängigen Stufen“ (verfahren), Sprosse 3: Variante 1; übergangen v2, v3
AUSWAHL zufallsexperimente-und-pfadregeln-e3-k1-s4-v1 – e3 k1 „Pfadregeln bei unabhängigen Stufen“ (verfahren), Sprosse 4: Variante 1; übergangen v2, v3
AUSWAHL zufallsexperimente-und-pfadregeln-e3-k1-s5-v1 – e3 k1 „Pfadregeln bei unabhängigen Stufen“ (verfahren), Sprosse 5: Variante 1; übergangen v2, v3
AUSWAHL zufallsexperimente-und-pfadregeln-e3-k1-s6-v1 – e3 k1 „Pfadregeln bei unabhängigen Stufen“ (verfahren), Sprosse 6: Variante 1; übergangen v2, v3
AUSWAHL zufallsexperimente-und-pfadregeln-e3-k1-s7-v1 – e3 k1 „Pfadregeln bei unabhängigen Stufen“ (verfahren), Sprosse 7: Variante 1; übergangen v2, v3
AUSWAHL zufallsexperimente-und-pfadregeln-e3-k1-s8-v1 – e3 k1 „Pfadregeln bei unabhängigen Stufen“ (verfahren), Sprosse 8: Variante 1; übergangen v2, v3
AUSWAHL zufallsexperimente-und-pfadregeln-e3-k1-s9-v1 – e3 k1 „Pfadregeln bei unabhängigen Stufen“ (verfahren), Sprosse 9: Variante 1; übergangen v2, v3, v4, v5, v6
KETTE e3 k1 „Pfadregeln bei unabhängigen Stufen“ (verfahren) → eine Hauptnummer
AUSWAHL zufallsexperimente-und-pfadregeln-e3-k2-s1-v1 – e3 k2 „Gleich wahrscheinliche Ergebnisse eines zweistufigen Experiments über die Pfadwahrscheinlichkeiten ermitteln“ (ohne), Sprosse 1: Variante 1; übergangen v2, v3
KETTE e3 k2 „Gleich wahrscheinliche Ergebnisse eines zweistufigen Experiments über die Pfadwahrscheinlichkeiten ermitteln“ (ohne) → eine Hauptnummer
AUSWAHL zufallsexperimente-und-pfadregeln-e3-k3-s1-v1 – e3 k3 „Kosten je Erfolg zweier Varianten über Pfadwahrscheinlichkeiten vergleichen“ (ohne), Sprosse 1: Variante 1; übergangen v2, v3
KETTE e3 k3 „Kosten je Erfolg zweier Varianten über Pfadwahrscheinlichkeiten vergleichen“ (ohne) → eine Hauptnummer
AUSWAHL zufallsexperimente-und-pfadregeln-e3-k4-s1-v1 – e3 k4 „Pfadregeln bei unabhängigen Stufen“ (pflicht), Sprosse 1: Variante 1; übergangen v2, v3
AUSWAHL zufallsexperimente-und-pfadregeln-e3-k4-s2-v1 – e3 k4 „Pfadregeln bei unabhängigen Stufen“ (pflicht), Sprosse 2: Variante 1; übergangen v2, v3
AUSWAHL zufallsexperimente-und-pfadregeln-e3-k4-s3-v1 – e3 k4 „Pfadregeln bei unabhängigen Stufen“ (pflicht), Sprosse 3: Variante 1; übergangen v2, v3
AUSWAHL zufallsexperimente-und-pfadregeln-e3-k4-s4-v1 – e3 k4 „Pfadregeln bei unabhängigen Stufen“ (pflicht), Sprosse 4: Variante 1; übergangen v2, v3
KETTE e3 k4 „Pfadregeln bei unabhängigen Stufen“ (pflicht) → eine Hauptnummer
AUSWAHL zufallsexperimente-und-pfadregeln-e4-k1-s0-v1 – e4 k1 „Ohne Zurücklegen und Umlegen“ (verfahren), Sprosse 0: Variante 1; übergangen v2, v3, v4
AUSWAHL zufallsexperimente-und-pfadregeln-e4-k1-s1-v1 – e4 k1 „Ohne Zurücklegen und Umlegen“ (verfahren), Sprosse 1: Variante 1; übergangen v2, v3, v4, v5
AUSWAHL zufallsexperimente-und-pfadregeln-e4-k1-s2-v1 – e4 k1 „Ohne Zurücklegen und Umlegen“ (verfahren), Sprosse 2: Variante 1; übergangen v2, v3
AUSWAHL zufallsexperimente-und-pfadregeln-e4-k1-s3-v1 – e4 k1 „Ohne Zurücklegen und Umlegen“ (verfahren), Sprosse 3: Variante 1; übergangen v2, v3
AUSWAHL zufallsexperimente-und-pfadregeln-e4-k1-s4-v1 – e4 k1 „Ohne Zurücklegen und Umlegen“ (verfahren), Sprosse 4: Variante 1; übergangen v2, v3
AUSWAHL zufallsexperimente-und-pfadregeln-e4-k1-s5-v1 – e4 k1 „Ohne Zurücklegen und Umlegen“ (verfahren), Sprosse 5: Variante 1; übergangen v2
KETTE e4 k1 „Ohne Zurücklegen und Umlegen“ (verfahren) → eine Hauptnummer
AUSWAHL zufallsexperimente-und-pfadregeln-e4-k2-s1-v1 – e4 k2 „Ohne Zurücklegen und Umlegen“ (pflicht), Sprosse 1: Variante 1; übergangen v2, v3
AUSWAHL zufallsexperimente-und-pfadregeln-e4-k2-s2-v1 – e4 k2 „Ohne Zurücklegen und Umlegen“ (pflicht), Sprosse 2: Variante 1; übergangen v2, v3
AUSWAHL zufallsexperimente-und-pfadregeln-e4-k2-s3-v1 – e4 k2 „Ohne Zurücklegen und Umlegen“ (pflicht), Sprosse 3: Variante 1; übergangen v2, v3
AUSWAHL zufallsexperimente-und-pfadregeln-e4-k2-s4-v1 – e4 k2 „Ohne Zurücklegen und Umlegen“ (pflicht), Sprosse 4: Variante 1; übergangen v2, v3
KETTE e4 k2 „Ohne Zurücklegen und Umlegen“ (pflicht) → eine Hauptnummer
AUSWAHL zufallsexperimente-und-pfadregeln-e5-k1-s0-v1 – e5 k1 „Mammutbäume“ (verfahren), Sprosse 0: Variante 1; übergangen v2, v3, v4
AUSWAHL zufallsexperimente-und-pfadregeln-e5-k1-s1-v1 – e5 k1 „Mammutbäume“ (verfahren), Sprosse 1: Variante 1; übergangen v2, v3, v4, v5
AUSWAHL zufallsexperimente-und-pfadregeln-e5-k1-s2-v1 – e5 k1 „Mammutbäume“ (verfahren), Sprosse 2: Variante 1; übergangen v2, v3
AUSWAHL zufallsexperimente-und-pfadregeln-e5-k1-s3-v1 – e5 k1 „Mammutbäume“ (verfahren), Sprosse 3: Variante 1; übergangen v2, v3
AUSWAHL zufallsexperimente-und-pfadregeln-e5-k1-s4-v1 – e5 k1 „Mammutbäume“ (verfahren), Sprosse 4: Variante 1; übergangen v2, v3
AUSWAHL zufallsexperimente-und-pfadregeln-e5-k1-s5-v1 – e5 k1 „Mammutbäume“ (verfahren), Sprosse 5: Variante 1; übergangen v2, v3
AUSWAHL zufallsexperimente-und-pfadregeln-e5-k1-s6-v1 – e5 k1 „Mammutbäume“ (verfahren), Sprosse 6: Variante 1; übergangen v2, v3
AUSWAHL zufallsexperimente-und-pfadregeln-e5-k1-s7-v1 – e5 k1 „Mammutbäume“ (verfahren), Sprosse 7: Variante 1; übergangen v2
KETTE e5 k1 „Mammutbäume“ (verfahren) → eine Hauptnummer
AUSWAHL zufallsexperimente-und-pfadregeln-e5-k2-s1-v1 – e5 k2 „Mammutbäume“ (pflicht), Sprosse 1: Variante 1; übergangen v2, v3
AUSWAHL zufallsexperimente-und-pfadregeln-e5-k2-s2-v1 – e5 k2 „Mammutbäume“ (pflicht), Sprosse 2: Variante 1; übergangen v2, v3
AUSWAHL zufallsexperimente-und-pfadregeln-e5-k2-s3-v1 – e5 k2 „Mammutbäume“ (pflicht), Sprosse 3: Variante 1; übergangen v2, v3
AUSWAHL zufallsexperimente-und-pfadregeln-e5-k2-s4-v1 – e5 k2 „Mammutbäume“ (pflicht), Sprosse 4: Variante 1; übergangen v2, v3
KETTE e5 k2 „Mammutbäume“ (pflicht) → eine Hauptnummer
AUSWAHL zufallsexperimente-und-pfadregeln-e6-k1-s0-v1 – e6 k1 „Situationsbäume“ (verfahren), Sprosse 0: Variante 1; übergangen v2, v3, v4
AUSWAHL zufallsexperimente-und-pfadregeln-e6-k1-s1-v1 – e6 k1 „Situationsbäume“ (verfahren), Sprosse 1: Variante 1; übergangen v2, v3, v4, v5
AUSWAHL zufallsexperimente-und-pfadregeln-e6-k1-s2-v1 – e6 k1 „Situationsbäume“ (verfahren), Sprosse 2: Variante 1; übergangen v2, v3
AUSWAHL zufallsexperimente-und-pfadregeln-e6-k1-s3-v1 – e6 k1 „Situationsbäume“ (verfahren), Sprosse 3: Variante 1; übergangen v2, v3
AUSWAHL zufallsexperimente-und-pfadregeln-e6-k1-s4-v1 – e6 k1 „Situationsbäume“ (verfahren), Sprosse 4: Variante 1; übergangen v2, v3
AUSWAHL zufallsexperimente-und-pfadregeln-e6-k1-s5-v1 – e6 k1 „Situationsbäume“ (verfahren), Sprosse 5: Variante 1; übergangen v2, v3
AUSWAHL zufallsexperimente-und-pfadregeln-e6-k1-s6-v1 – e6 k1 „Situationsbäume“ (verfahren), Sprosse 6: Variante 1; übergangen v2, v3
AUSWAHL zufallsexperimente-und-pfadregeln-e6-k1-s7-v1 – e6 k1 „Situationsbäume“ (verfahren), Sprosse 7: Variante 1; übergangen v2
KETTE e6 k1 „Situationsbäume“ (verfahren) → eine Hauptnummer
AUSWAHL zufallsexperimente-und-pfadregeln-e6-k2-s1-v1 – e6 k2 „Situationsbäume“ (pflicht), Sprosse 1: Variante 1; übergangen v2, v3
AUSWAHL zufallsexperimente-und-pfadregeln-e6-k2-s2-v1 – e6 k2 „Situationsbäume“ (pflicht), Sprosse 2: Variante 1; übergangen v2, v3
AUSWAHL zufallsexperimente-und-pfadregeln-e6-k2-s3-v1 – e6 k2 „Situationsbäume“ (pflicht), Sprosse 3: Variante 1; übergangen v2, v3
AUSWAHL zufallsexperimente-und-pfadregeln-e6-k2-s4-v1 – e6 k2 „Situationsbäume“ (pflicht), Sprosse 4: Variante 1; übergangen v2, v3
KETTE e6 k2 „Situationsbäume“ (pflicht) → eine Hauptnummer
AUSWAHL zufallsexperimente-und-pfadregeln-e7-k1-s0-v1 – e7 k1 „Term und Ereignis“ (verfahren), Sprosse 0: Variante 1; übergangen v2, v3, v4
AUSWAHL zufallsexperimente-und-pfadregeln-e7-k1-s1-v1 – e7 k1 „Term und Ereignis“ (verfahren), Sprosse 1: Variante 1; übergangen v2, v3, v4, v5
AUSWAHL zufallsexperimente-und-pfadregeln-e7-k1-s2-v1 – e7 k1 „Term und Ereignis“ (verfahren), Sprosse 2: Variante 1; übergangen v2, v3
AUSWAHL zufallsexperimente-und-pfadregeln-e7-k1-s3-v1 – e7 k1 „Term und Ereignis“ (verfahren), Sprosse 3: Variante 1; übergangen v2, v3
AUSWAHL zufallsexperimente-und-pfadregeln-e7-k1-s4-v1 – e7 k1 „Term und Ereignis“ (verfahren), Sprosse 4: Variante 1; übergangen v2, v3
AUSWAHL zufallsexperimente-und-pfadregeln-e7-k1-s5-v1 – e7 k1 „Term und Ereignis“ (verfahren), Sprosse 5: Variante 1; übergangen v2, v3
AUSWAHL zufallsexperimente-und-pfadregeln-e7-k1-s6-v1 – e7 k1 „Term und Ereignis“ (verfahren), Sprosse 6: Variante 1; übergangen v2, v3
AUSWAHL zufallsexperimente-und-pfadregeln-e7-k1-s7-v1 – e7 k1 „Term und Ereignis“ (verfahren), Sprosse 7: Variante 1; übergangen v2, v3
AUSWAHL zufallsexperimente-und-pfadregeln-e7-k1-s8-v1 – e7 k1 „Term und Ereignis“ (verfahren), Sprosse 8: Variante 1; übergangen v2
KETTE e7 k1 „Term und Ereignis“ (verfahren) → eine Hauptnummer
AUSWAHL zufallsexperimente-und-pfadregeln-e7-k2-s1-v1 – e7 k2 „Term und Ereignis“ (pflicht), Sprosse 1: Variante 1; übergangen v2, v3
AUSWAHL zufallsexperimente-und-pfadregeln-e7-k2-s2-v1 – e7 k2 „Term und Ereignis“ (pflicht), Sprosse 2: Variante 1; übergangen v2, v3
AUSWAHL zufallsexperimente-und-pfadregeln-e7-k2-s3-v1 – e7 k2 „Term und Ereignis“ (pflicht), Sprosse 3: Variante 1; übergangen v2, v3
AUSWAHL zufallsexperimente-und-pfadregeln-e7-k2-s4-v1 – e7 k2 „Term und Ereignis“ (pflicht), Sprosse 4: Variante 1; übergangen v2, v3
KETTE e7 k2 „Term und Ereignis“ (pflicht) → eine Hauptnummer
AUSWAHL zufallsexperimente-und-pfadregeln-e8-k1-s0-v1 – e8 k1 „Rückwärts“ (verfahren), Sprosse 0: Variante 1; übergangen v2, v3, v4
AUSWAHL zufallsexperimente-und-pfadregeln-e8-k1-s1-v1 – e8 k1 „Rückwärts“ (verfahren), Sprosse 1: Variante 1; übergangen v2, v3, v4, v5
AUSWAHL zufallsexperimente-und-pfadregeln-e8-k1-s2-v1 – e8 k1 „Rückwärts“ (verfahren), Sprosse 2: Variante 1; übergangen v2, v3
AUSWAHL zufallsexperimente-und-pfadregeln-e8-k1-s3-v1 – e8 k1 „Rückwärts“ (verfahren), Sprosse 3: Variante 1; übergangen v2, v3
AUSWAHL zufallsexperimente-und-pfadregeln-e8-k1-s4-v1 – e8 k1 „Rückwärts“ (verfahren), Sprosse 4: Variante 1; übergangen v2, v3
AUSWAHL zufallsexperimente-und-pfadregeln-e8-k1-s5-v1 – e8 k1 „Rückwärts“ (verfahren), Sprosse 5: Variante 1; übergangen v2, v3
AUSWAHL zufallsexperimente-und-pfadregeln-e8-k1-s6-v1 – e8 k1 „Rückwärts“ (verfahren), Sprosse 6: Variante 1; übergangen v2, v3
AUSWAHL zufallsexperimente-und-pfadregeln-e8-k1-s7-v1 – e8 k1 „Rückwärts“ (verfahren), Sprosse 7: Variante 1; übergangen v2
KETTE e8 k1 „Rückwärts“ (verfahren) → eine Hauptnummer
AUSWAHL zufallsexperimente-und-pfadregeln-e8-k2-s1-v1 – e8 k2 „Rückwärts“ (pflicht), Sprosse 1: Variante 1; übergangen v2, v3
AUSWAHL zufallsexperimente-und-pfadregeln-e8-k2-s2-v1 – e8 k2 „Rückwärts“ (pflicht), Sprosse 2: Variante 1; übergangen v2, v3
AUSWAHL zufallsexperimente-und-pfadregeln-e8-k2-s3-v1 – e8 k2 „Rückwärts“ (pflicht), Sprosse 3: Variante 1; übergangen v2, v3
AUSWAHL zufallsexperimente-und-pfadregeln-e8-k2-s4-v1 – e8 k2 „Rückwärts“ (pflicht), Sprosse 4: Variante 1; übergangen v2, v3
KETTE e8 k2 „Rückwärts“ (pflicht) → eine Hauptnummer
KOPF Einheit 1: „Einheit 1 von 8 · Ereignisse als Mengen“; Marken „BE Q2 · BB Q2 · GK · Abitur GK · Abitur LK · FHR“ → Zeitmarke „None“, Prüfungswort „Abitur GK“
KOPF Einheit 2: „Einheit 2 von 8 · Laplace-Experimente in der Oberstufe“; Marken „BE Q2 · BB Q2 · GK · Abitur GK · Abitur LK · FHR“ → Zeitmarke „None“, Prüfungswort „Abitur GK“
KOPF Einheit 3: „Einheit 3 von 8 · Pfadregeln bei unabhängigen Stufen“; Marken „BE Q2 · BB Q2 · GK · Abitur GK · Abitur LK · FHR“ → Zeitmarke „None“, Prüfungswort „Abitur GK“
WARNUNG Nr. 17: 10 Teilaufgaben, 2 mit Grafik – über dem Halbseitenmaß (2.3 g); v0.1 teilt nur im Fokus
KOPF Einheit 4: „Einheit 4 von 8 · Ziehen ohne Zurücklegen und Umlegen“; Marken „BE Q2 · BB Q2 · GK · Abitur GK · Abitur LK · FHR“ → Zeitmarke „None“, Prüfungswort „Abitur GK“
KOPF Einheit 5: „Einheit 5 von 8 · Mammutbäume“; Marken „BE Q2 · BB Q2 · GK · Abitur GK · Abitur LK · FHR“ → Zeitmarke „None“, Prüfungswort „Abitur GK“
KOPF Einheit 6: „Einheit 6 von 8 · Situationsbäume“; Marken „BE Q2 · BB Q2 · GK · Abitur GK · Abitur LK“ → Zeitmarke „None“, Prüfungswort „Abitur GK“
WARNUNG Nr. 25: 8 Teilaufgaben, 3 mit Grafik – über dem Halbseitenmaß (2.3 g); v0.1 teilt nur im Fokus
KOPF Einheit 7: „Einheit 7 von 8 · Term und Ereignis“; Marken „BE Q2 · BB Q2 · GK · Abitur GK · Abitur LK“ → Zeitmarke „None“, Prüfungswort „Abitur GK“
KOPF Einheit 8: „Einheit 8 von 8 · Rückwärts“; Marken „BE Q2 · BB Q2 · GK · Abitur GK · Abitur LK“ → Zeitmarke „None“, Prüfungswort „Abitur GK“
TODO 85 Stellen in den Quelltexten:
  abhaken.tex:2: TODO Ich-kann-Sätze: Platzhalter wie in den Aufgabendateien
  blatt0_a.tex:5: TODO Titel: Ich-kann-Satz fehlt in der Bank (Platzhalter: Kettenname) – Nr. 1
  blatt0_a.tex:6: TODO Anweisung: ein Satz über der ersten Teilaufgabe fehlt in der Bank – Nr. 1
  blatt0_a.tex:14: TODO Titel: Ich-kann-Satz fehlt in der Bank (Platzhalter: Kettenname) – Nr. 2
  blatt0_a.tex:15: TODO Anweisung: ein Satz über der ersten Teilaufgabe fehlt in der Bank – Nr. 2
  blatt0_a.tex:23: TODO Titel: Ich-kann-Satz fehlt in der Bank (Platzhalter: Kettenname) – Nr. 3
  blatt0_a.tex:24: TODO Anweisung: ein Satz über der ersten Teilaufgabe fehlt in der Bank – Nr. 3
  blatt0_a.tex:32: TODO Titel: Ich-kann-Satz fehlt in der Bank (Platzhalter: Kettenname) – Nr. 4
  blatt0_a.tex:33: TODO Anweisung: ein Satz über der ersten Teilaufgabe fehlt in der Bank – Nr. 4
  blatt0_a.tex:41: TODO Titel: Ich-kann-Satz fehlt in der Bank (Platzhalter: Kettenname) – Nr. 5
  blatt0_a.tex:42: TODO Anweisung: ein Satz über der ersten Teilaufgabe fehlt in der Bank – Nr. 5
  blatt0_a.tex:50: TODO Titel: Ich-kann-Satz fehlt in der Bank (Platzhalter: Kettenname) – Nr. 6
  blatt0_a.tex:51: TODO Anweisung: ein Satz über der ersten Teilaufgabe fehlt in der Bank – Nr. 6
  blatt0_a.tex:61: TODO Titel: Ich-kann-Satz fehlt in der Bank (Platzhalter: Kettenname) – Nr. 7
  blatt0_a.tex:62: TODO Anweisung: ein Satz über der ersten Teilaufgabe fehlt in der Bank – Nr. 7
  blatt0_a.tex:70: TODO Titel: Ich-kann-Satz fehlt in der Bank (Platzhalter: Kettenname) – Nr. 8
  blatt0_a.tex:71: TODO Anweisung: ein Satz über der ersten Teilaufgabe fehlt in der Bank – Nr. 8
  blatt0_a.tex:79: TODO Titel: Ich-kann-Satz fehlt in der Bank (Platzhalter: Kettenname) – Nr. 9
  blatt0_a.tex:80: TODO Anweisung: ein Satz über der ersten Teilaufgabe fehlt in der Bank – Nr. 9
  blatt0_a.tex:88: TODO Titel: Ich-kann-Satz fehlt in der Bank (Platzhalter: Kettenname) – Nr. 10
  blatt0_a.tex:89: TODO Anweisung: ein Satz über der ersten Teilaufgabe fehlt in der Bank – Nr. 10
  blatt0_a.tex:96: TODO Titel: Ich-kann-Satz fehlt in der Bank (Platzhalter: Kettenname) – Nr. 11
  blatt0_a.tex:97: TODO Anweisung: ein Satz über der ersten Teilaufgabe fehlt in der Bank – Nr. 11
  e1_a.tex:2: TODO Zeitmarke Einheit 1: Marken-Zeile nicht lesbar
  e1_a.tex:3: TODO Zweigzeile Teil 1: was hier gelernt wird (Satz in Schülersprache aus dem Einheitstitel) – Einheit 1
  e1_a.tex:8: TODO Titel: Ich-kann-Satz fehlt in der Bank (Platzhalter: Kettenname) – Nr. 12
  e1_a.tex:9: TODO Anweisung: ein Satz über der ersten Teilaufgabe fehlt in der Bank – Nr. 12
  e1_a.tex:11: TODO \rechenplatz{n}: Schrittzahl des Grundfalls fehlt in der Bank (nur bei fester Schreibform, 2.3 b)
  e1_a.tex:24: TODO Titel: Ich-kann-Satz fehlt in der Bank (Platzhalter: Kettenname) – Nr. 13
  e1_a.tex:25: TODO Anweisung: ein Satz über der ersten Teilaufgabe fehlt in der Bank – Nr. 13
  e2_a.tex:2: TODO Zeitmarke Einheit 2: Marken-Zeile nicht lesbar
  e2_a.tex:3: TODO Zweigzeile Teil 1: was hier gelernt wird (Satz in Schülersprache aus dem Einheitstitel) – Einheit 2
  e2_a.tex:8: TODO Titel: Ich-kann-Satz fehlt in der Bank (Platzhalter: Kettenname) – Nr. 14
  e2_a.tex:9: TODO Anweisung: ein Satz über der ersten Teilaufgabe fehlt in der Bank – Nr. 14
  e2_a.tex:11: TODO \rechenplatz{n}: Schrittzahl des Grundfalls fehlt in der Bank (nur bei fester Schreibform, 2.3 b)
  e2_a.tex:25: TODO Titel: Ich-kann-Satz fehlt in der Bank (Platzhalter: Kettenname) – Nr. 15
  e2_a.tex:26: TODO Anweisung: ein Satz über der ersten Teilaufgabe fehlt in der Bank – Nr. 15
  e2_a.tex:33: TODO Titel: Ich-kann-Satz fehlt in der Bank (Platzhalter: Kettenname) – Nr. 16
  e2_a.tex:34: TODO Anweisung: ein Satz über der ersten Teilaufgabe fehlt in der Bank – Nr. 16
  e3_a.tex:2: TODO Zeitmarke Einheit 3: Marken-Zeile nicht lesbar
  e3_a.tex:3: TODO Zweigzeile Teil 1: was hier gelernt wird (Satz in Schülersprache aus dem Einheitstitel) – Einheit 3
  e3_a.tex:8: TODO Titel: Ich-kann-Satz fehlt in der Bank (Platzhalter: Kettenname) – Nr. 17
  e3_a.tex:9: TODO Anweisung: ein Satz über der ersten Teilaufgabe fehlt in der Bank – Nr. 17
  e3_a.tex:11: TODO \rechenplatz{n}: Schrittzahl des Grundfalls fehlt in der Bank (nur bei fester Schreibform, 2.3 b)
  e3_a.tex:30: TODO Titel: Ich-kann-Satz fehlt in der Bank (Platzhalter: Kettenname) – Nr. 18
  e3_a.tex:31: TODO Anweisung: ein Satz über der ersten Teilaufgabe fehlt in der Bank – Nr. 18
  e3_a.tex:38: TODO Titel: Ich-kann-Satz fehlt in der Bank (Platzhalter: Kettenname) – Nr. 19
  e3_a.tex:39: TODO Anweisung: ein Satz über der ersten Teilaufgabe fehlt in der Bank – Nr. 19
  e3_a.tex:46: TODO Titel: Ich-kann-Satz fehlt in der Bank (Platzhalter: Kettenname) – Nr. 20
  e3_a.tex:47: TODO Anweisung: ein Satz über der ersten Teilaufgabe fehlt in der Bank – Nr. 20
  e4_a.tex:2: TODO Zeitmarke Einheit 4: Marken-Zeile nicht lesbar
  e4_a.tex:3: TODO Zweigzeile Teil 1: was hier gelernt wird (Satz in Schülersprache aus dem Einheitstitel) – Einheit 4
  e4_a.tex:8: TODO Titel: Ich-kann-Satz fehlt in der Bank (Platzhalter: Kettenname) – Nr. 21
  e4_a.tex:9: TODO Anweisung: ein Satz über der ersten Teilaufgabe fehlt in der Bank – Nr. 21
  e4_a.tex:11: TODO \rechenplatz{n}: Schrittzahl des Grundfalls fehlt in der Bank (nur bei fester Schreibform, 2.3 b)
  e4_a.tex:24: TODO Titel: Ich-kann-Satz fehlt in der Bank (Platzhalter: Kettenname) – Nr. 22
  e4_a.tex:25: TODO Anweisung: ein Satz über der ersten Teilaufgabe fehlt in der Bank – Nr. 22
  e5_a.tex:2: TODO Zeitmarke Einheit 5: Marken-Zeile nicht lesbar
  e5_a.tex:3: TODO Zweigzeile Teil 1: was hier gelernt wird (Satz in Schülersprache aus dem Einheitstitel) – Einheit 5
  e5_a.tex:8: TODO Titel: Ich-kann-Satz fehlt in der Bank (Platzhalter: Kettenname) – Nr. 23
  e5_a.tex:9: TODO Anweisung: ein Satz über der ersten Teilaufgabe fehlt in der Bank – Nr. 23
  e5_a.tex:11: TODO \rechenplatz{n}: Schrittzahl des Grundfalls fehlt in der Bank (nur bei fester Schreibform, 2.3 b)
  e5_a.tex:24: TODO Titel: Ich-kann-Satz fehlt in der Bank (Platzhalter: Kettenname) – Nr. 24
  e5_a.tex:25: TODO Anweisung: ein Satz über der ersten Teilaufgabe fehlt in der Bank – Nr. 24
  e6_a.tex:2: TODO Zeitmarke Einheit 6: Marken-Zeile nicht lesbar
  e6_a.tex:3: TODO Zweigzeile Teil 1: was hier gelernt wird (Satz in Schülersprache aus dem Einheitstitel) – Einheit 6
  e6_a.tex:8: TODO Titel: Ich-kann-Satz fehlt in der Bank (Platzhalter: Kettenname) – Nr. 25
  e6_a.tex:9: TODO Anweisung: ein Satz über der ersten Teilaufgabe fehlt in der Bank – Nr. 25
  e6_a.tex:11: TODO \rechenplatz{n}: Schrittzahl des Grundfalls fehlt in der Bank (nur bei fester Schreibform, 2.3 b)
  e6_a.tex:30: TODO Titel: Ich-kann-Satz fehlt in der Bank (Platzhalter: Kettenname) – Nr. 26
  e6_a.tex:31: TODO Anweisung: ein Satz über der ersten Teilaufgabe fehlt in der Bank – Nr. 26
  e7_a.tex:2: TODO Zeitmarke Einheit 7: Marken-Zeile nicht lesbar
  e7_a.tex:3: TODO Zweigzeile Teil 1: was hier gelernt wird (Satz in Schülersprache aus dem Einheitstitel) – Einheit 7
  e7_a.tex:8: TODO Titel: Ich-kann-Satz fehlt in der Bank (Platzhalter: Kettenname) – Nr. 27
  e7_a.tex:9: TODO Anweisung: ein Satz über der ersten Teilaufgabe fehlt in der Bank – Nr. 27
  e7_a.tex:11: TODO \rechenplatz{n}: Schrittzahl des Grundfalls fehlt in der Bank (nur bei fester Schreibform, 2.3 b)
  e7_a.tex:25: TODO Titel: Ich-kann-Satz fehlt in der Bank (Platzhalter: Kettenname) – Nr. 28
  e7_a.tex:26: TODO Anweisung: ein Satz über der ersten Teilaufgabe fehlt in der Bank – Nr. 28
  e8_a.tex:2: TODO Zeitmarke Einheit 8: Marken-Zeile nicht lesbar
  e8_a.tex:3: TODO Zweigzeile Teil 1: was hier gelernt wird (Satz in Schülersprache aus dem Einheitstitel) – Einheit 8
  e8_a.tex:8: TODO Titel: Ich-kann-Satz fehlt in der Bank (Platzhalter: Kettenname) – Nr. 29
  e8_a.tex:9: TODO Anweisung: ein Satz über der ersten Teilaufgabe fehlt in der Bank – Nr. 29
  e8_a.tex:11: TODO \rechenplatz{n}: Schrittzahl des Grundfalls fehlt in der Bank (nur bei fester Schreibform, 2.3 b)
  e8_a.tex:26: TODO Titel: Ich-kann-Satz fehlt in der Bank (Platzhalter: Kettenname) – Nr. 30
  e8_a.tex:27: TODO Anweisung: ein Satz über der ersten Teilaufgabe fehlt in der Bank – Nr. 30
STRUKTUR 0 Fehler
