# zusammenbau v0.1: zusammenbau.py unabhaengigkeit
VORLAGE mathblatt.sty: Version 2026-09-28a
EINHEITEN [1, 2, 3]
AUSWAHL unabhaengigkeit-zone-f1-v1 – Zone f1 „Vierfeldertafel füllen (Ränder, Felder, “, Sprosse 1: Variante 1; übergangen v2
AUSWAHL unabhaengigkeit-zone-f1-v3 – Zone f1 „Vierfeldertafel füllen (Ränder, Felder, “, Sprosse 2: kleinste Variante (v3; v1 fehlt)
WEG Zone f1 „Vierfeldertafel füllen (Ränder, Felder, “ – Sprossen [3, 4, 5] (Fallstricke) nicht bestellt (Zone ja: s1 und s2)
AUSWAHL unabhaengigkeit-zone-f2-v1 – Zone f2 „Bedingte Wahrscheinlichkeit als Quotient“, Sprosse 1: Variante 1; übergangen v2
AUSWAHL unabhaengigkeit-zone-f2-v3 – Zone f2 „Bedingte Wahrscheinlichkeit als Quotient“, Sprosse 2: kleinste Variante (v3; v1 fehlt)
WEG Zone f2 „Bedingte Wahrscheinlichkeit als Quotient“ – Sprossen [3] (Fallstricke) nicht bestellt (Zone ja: s1 und s2)
AUSWAHL unabhaengigkeit-zone-f3-v1 – Zone f3 „Anteile aus absoluten Häufigkeiten bilde“, Sprosse 1: Variante 1; übergangen v2
AUSWAHL unabhaengigkeit-zone-f3-v3 – Zone f3 „Anteile aus absoluten Häufigkeiten bilde“, Sprosse 2: kleinste Variante (v3; v1 fehlt)
WEG Zone f3 „Anteile aus absoluten Häufigkeiten bilde“ – Sprossen [3] (Fallstricke) nicht bestellt (Zone ja: s1 und s2)
AUSWAHL unabhaengigkeit-zone-f4-v1 – Zone f4 „Pfadterme mit Parameter im Baumdiagramm “, Sprosse 1: Variante 1; übergangen v2
AUSWAHL unabhaengigkeit-zone-f4-v3 – Zone f4 „Pfadterme mit Parameter im Baumdiagramm “, Sprosse 2: kleinste Variante (v3; v1 fehlt)
WEG Zone f4 „Pfadterme mit Parameter im Baumdiagramm “ – Sprossen [3] (Fallstricke) nicht bestellt (Zone ja: s1 und s2)
AUSWAHL unabhaengigkeit-zone-f5-v1 – Zone f5 „Lineare und quadratische Gleichungen auf“, Sprosse 1: Variante 1; übergangen v2
AUSWAHL unabhaengigkeit-zone-f5-v3 – Zone f5 „Lineare und quadratische Gleichungen auf“, Sprosse 2: kleinste Variante (v3; v1 fehlt)
WEG Zone f5 „Lineare und quadratische Gleichungen auf“ – Sprossen [3] (Fallstricke) nicht bestellt (Zone ja: s1 und s2)
AUSWAHL unabhaengigkeit-zone-f6-v1 – Zone f6 „Pfadregeln und Gegenereignis mit und ohn“, Sprosse 1: Variante 1; übergangen v2
AUSWAHL unabhaengigkeit-zone-f6-v3 – Zone f6 „Pfadregeln und Gegenereignis mit und ohn“, Sprosse 2: kleinste Variante (v3; v1 fehlt)
WEG Zone f6 „Pfadregeln und Gegenereignis mit und ohn“ – Sprossen [3] (Fallstricke) nicht bestellt (Zone ja: s1 und s2)
AUSWAHL unabhaengigkeit-zone-f1-v5 – Zone-Paar, Fehler finden
AUSWAHL unabhaengigkeit-zone-f1-v6 – Zone-Paar, gleichartige Rechenaufgabe
AUSWAHL unabhaengigkeit-e1-k1-s0-v1 – e1 k1 „„Prüfen oder nutzen?““ (erkennung), Sprosse 0: Variante 1; übergangen v2, v3, v4
KETTE e1 k1 „„Prüfen oder nutzen?““ (erkennung) → eine Hauptnummer (Erkennungsschritt: eigene Kette nach bank.md, zählt als Hauptnummer)
AUSWAHL unabhaengigkeit-e1-k2-s0-v1 – e1 k2 „Unabhängigkeit prüfen“ (verfahren), Sprosse 0: Variante 1; übergangen v2, v3, v4
AUSWAHL unabhaengigkeit-e1-k2-s1-v1 – e1 k2 „Unabhängigkeit prüfen“ (verfahren), Sprosse 1: Variante 1; übergangen v2, v3, v4, v5
AUSWAHL unabhaengigkeit-e1-k2-s2-v1 – e1 k2 „Unabhängigkeit prüfen“ (verfahren), Sprosse 2: Variante 1; übergangen v2, v3
AUSWAHL unabhaengigkeit-e1-k2-s3-v1 – e1 k2 „Unabhängigkeit prüfen“ (verfahren), Sprosse 3: Variante 1; übergangen v2, v3
AUSWAHL unabhaengigkeit-e1-k2-s4-v1 – e1 k2 „Unabhängigkeit prüfen“ (verfahren), Sprosse 4: Variante 1; übergangen v2, v3
AUSWAHL unabhaengigkeit-e1-k2-s5-v1 – e1 k2 „Unabhängigkeit prüfen“ (verfahren), Sprosse 5: Variante 1; übergangen v2, v3
AUSWAHL unabhaengigkeit-e1-k2-s6-v1 – e1 k2 „Unabhängigkeit prüfen“ (verfahren), Sprosse 6: Variante 1; übergangen v2
KETTE e1 k2 „Unabhängigkeit prüfen“ (verfahren) → eine Hauptnummer
AUSWAHL unabhaengigkeit-e1-k3-s1-v1 – e1 k3 „Unabhängigkeit prüfen“ (pflicht), Sprosse 1: Variante 1; übergangen v2, v3
AUSWAHL unabhaengigkeit-e1-k3-s2-v1 – e1 k3 „Unabhängigkeit prüfen“ (pflicht), Sprosse 2: Variante 1; übergangen v2, v3
AUSWAHL unabhaengigkeit-e1-k3-s3-v1 – e1 k3 „Unabhängigkeit prüfen“ (pflicht), Sprosse 3: Variante 1; übergangen v2, v3
AUSWAHL unabhaengigkeit-e1-k3-s4-v1 – e1 k3 „Unabhängigkeit prüfen“ (pflicht), Sprosse 4: Variante 1; übergangen v2, v3
KETTE e1 k3 „Unabhängigkeit prüfen“ (pflicht) → eine Hauptnummer
AUSWAHL unabhaengigkeit-e2-k1-s0-v1 – e2 k1 „Rückwärts“ (verfahren), Sprosse 0: Variante 1; übergangen v2, v3, v4
AUSWAHL unabhaengigkeit-e2-k1-s1-v1 – e2 k1 „Rückwärts“ (verfahren), Sprosse 1: Variante 1; übergangen v2, v3, v4, v5
AUSWAHL unabhaengigkeit-e2-k1-s2-v1 – e2 k1 „Rückwärts“ (verfahren), Sprosse 2: Variante 1; übergangen v2, v3
AUSWAHL unabhaengigkeit-e2-k1-s3-v1 – e2 k1 „Rückwärts“ (verfahren), Sprosse 3: Variante 1; übergangen v2, v3
AUSWAHL unabhaengigkeit-e2-k1-s4-v1 – e2 k1 „Rückwärts“ (verfahren), Sprosse 4: Variante 1; übergangen v2, v3
AUSWAHL unabhaengigkeit-e2-k1-s5-v1 – e2 k1 „Rückwärts“ (verfahren), Sprosse 5: Variante 1; übergangen v2, v3
AUSWAHL unabhaengigkeit-e2-k1-s6-v1 – e2 k1 „Rückwärts“ (verfahren), Sprosse 6: Variante 1; übergangen v2, v3, v4
KETTE e2 k1 „Rückwärts“ (verfahren) → eine Hauptnummer
AUSWAHL unabhaengigkeit-e2-k2-s1-v1 – e2 k2 „Rückwärts“ (pflicht), Sprosse 1: Variante 1; übergangen v2, v3
AUSWAHL unabhaengigkeit-e2-k2-s2-v1 – e2 k2 „Rückwärts“ (pflicht), Sprosse 2: Variante 1; übergangen v2, v3
AUSWAHL unabhaengigkeit-e2-k2-s3-v1 – e2 k2 „Rückwärts“ (pflicht), Sprosse 3: Variante 1; übergangen v2, v3
KETTE e2 k2 „Rückwärts“ (pflicht) → eine Hauptnummer
AUSWAHL unabhaengigkeit-e3-k1-s0-v1 – e3 k1 „Als Argument“ (verfahren), Sprosse 0: Variante 1; übergangen v2, v3, v4
AUSWAHL unabhaengigkeit-e3-k1-s1-v1 – e3 k1 „Als Argument“ (verfahren), Sprosse 1: Variante 1; übergangen v2, v3, v4, v5
AUSWAHL unabhaengigkeit-e3-k1-s2-v1 – e3 k1 „Als Argument“ (verfahren), Sprosse 2: Variante 1; übergangen v2
KETTE e3 k1 „Als Argument“ (verfahren) → eine Hauptnummer
AUSWAHL unabhaengigkeit-e3-k2-s1-v1 – e3 k2 „Als Argument“ (pflicht), Sprosse 1: Variante 1; übergangen v2, v3
AUSWAHL unabhaengigkeit-e3-k2-s2-v1 – e3 k2 „Als Argument“ (pflicht), Sprosse 2: Variante 1; übergangen v2, v3
KETTE e3 k2 „Als Argument“ (pflicht) → eine Hauptnummer
KOPF Einheit 1: „Einheit 1 von 3 · Unabhängigkeit prüfen: die Produktregel P(A ∩ B) = P(A) · P(B) an Anteilen oder absoluten Häufigkeiten prüfen (Tafel oder Anzahlen erst beschaffen“; Marken „BE Q2 · BB Q2 · GK · Abitur GK · Abitur LK · FHR“ → Zeitmarke „None“, Prüfungswort „Abitur GK“
WARNUNG Nr. 10: 7 Teilaufgaben, 1 mit Grafik – über dem Halbseitenmaß (2.3 g); v0.1 teilt nur im Fokus
KOPF Einheit 2: „Einheit 2 von 3 · Rückwärts“; Marken „BE Q2 · BB Q2 · GK · Abitur LK“ → Zeitmarke „None“, Prüfungswort „Abitur LK“
WARNUNG Nr. 12: 7 Teilaufgaben, 1 mit Grafik – über dem Halbseitenmaß (2.3 g); v0.1 teilt nur im Fokus
KOPF Einheit 3: „Einheit 3 von 3 · Unabhängigkeit als Argument: die Ausgleichs-Fehlvorstellung widerlegen“; Marken „BE Q2 · BB Q2 · GK · Abitur GK“ → Zeitmarke „None“, Prüfungswort „Abitur GK“
TODO 40 Stellen in den Quelltexten:
  abhaken.tex:2: TODO Ich-kann-Sätze: Platzhalter wie in den Aufgabendateien
  blatt0_a.tex:5: TODO Titel: Ich-kann-Satz fehlt in der Bank (Platzhalter: Kettenname) – Nr. 1
  blatt0_a.tex:6: TODO Anweisung: ein Satz über der ersten Teilaufgabe fehlt in der Bank – Nr. 1
  blatt0_a.tex:18: TODO Titel: Ich-kann-Satz fehlt in der Bank (Platzhalter: Kettenname) – Nr. 2
  blatt0_a.tex:19: TODO Anweisung: ein Satz über der ersten Teilaufgabe fehlt in der Bank – Nr. 2
  blatt0_a.tex:27: TODO Titel: Ich-kann-Satz fehlt in der Bank (Platzhalter: Kettenname) – Nr. 3
  blatt0_a.tex:28: TODO Anweisung: ein Satz über der ersten Teilaufgabe fehlt in der Bank – Nr. 3
  blatt0_a.tex:36: TODO Titel: Ich-kann-Satz fehlt in der Bank (Platzhalter: Kettenname) – Nr. 4
  blatt0_a.tex:37: TODO Anweisung: ein Satz über der ersten Teilaufgabe fehlt in der Bank – Nr. 4
  blatt0_a.tex:45: TODO Titel: Ich-kann-Satz fehlt in der Bank (Platzhalter: Kettenname) – Nr. 5
  blatt0_a.tex:46: TODO Anweisung: ein Satz über der ersten Teilaufgabe fehlt in der Bank – Nr. 5
  blatt0_a.tex:54: TODO Titel: Ich-kann-Satz fehlt in der Bank (Platzhalter: Kettenname) – Nr. 6
  blatt0_a.tex:55: TODO Anweisung: ein Satz über der ersten Teilaufgabe fehlt in der Bank – Nr. 6
  blatt0_a.tex:63: TODO Titel: Ich-kann-Satz fehlt in der Bank (Platzhalter: Kettenname) – Nr. 7
  blatt0_a.tex:64: TODO Anweisung: ein Satz über der ersten Teilaufgabe fehlt in der Bank – Nr. 7
  blatt0_a.tex:71: TODO Titel: Ich-kann-Satz fehlt in der Bank (Platzhalter: Kettenname) – Nr. 8
  blatt0_a.tex:72: TODO Anweisung: ein Satz über der ersten Teilaufgabe fehlt in der Bank – Nr. 8
  e1_a.tex:2: TODO Zeitmarke Einheit 1: Marken-Zeile nicht lesbar
  e1_a.tex:3: TODO Zweigzeile Teil 1: was hier gelernt wird (Satz in Schülersprache aus dem Einheitstitel) – Einheit 1
  e1_a.tex:8: TODO Titel: Ich-kann-Satz fehlt in der Bank (Platzhalter: Kettenname) – Nr. 9
  e1_a.tex:9: TODO Anweisung: ein Satz über der ersten Teilaufgabe fehlt in der Bank – Nr. 9
  e1_a.tex:16: TODO Titel: Ich-kann-Satz fehlt in der Bank (Platzhalter: Kettenname) – Nr. 10
  e1_a.tex:17: TODO Anweisung: ein Satz über der ersten Teilaufgabe fehlt in der Bank – Nr. 10
  e1_a.tex:19: TODO \rechenplatz{n}: Schrittzahl des Grundfalls fehlt in der Bank (nur bei fester Schreibform, 2.3 b)
  e1_a.tex:33: TODO Titel: Ich-kann-Satz fehlt in der Bank (Platzhalter: Kettenname) – Nr. 11
  e1_a.tex:34: TODO Anweisung: ein Satz über der ersten Teilaufgabe fehlt in der Bank – Nr. 11
  e2_a.tex:2: TODO Zeitmarke Einheit 2: Marken-Zeile nicht lesbar
  e2_a.tex:3: TODO Zweigzeile Teil 1: was hier gelernt wird (Satz in Schülersprache aus dem Einheitstitel) – Einheit 2
  e2_a.tex:8: TODO Titel: Ich-kann-Satz fehlt in der Bank (Platzhalter: Kettenname) – Nr. 12
  e2_a.tex:9: TODO Anweisung: ein Satz über der ersten Teilaufgabe fehlt in der Bank – Nr. 12
  e2_a.tex:11: TODO \rechenplatz{n}: Schrittzahl des Grundfalls fehlt in der Bank (nur bei fester Schreibform, 2.3 b)
  e2_a.tex:25: TODO Titel: Ich-kann-Satz fehlt in der Bank (Platzhalter: Kettenname) – Nr. 13
  e2_a.tex:26: TODO Anweisung: ein Satz über der ersten Teilaufgabe fehlt in der Bank – Nr. 13
  e3_a.tex:2: TODO Zeitmarke Einheit 3: Marken-Zeile nicht lesbar
  e3_a.tex:3: TODO Zweigzeile Teil 1: was hier gelernt wird (Satz in Schülersprache aus dem Einheitstitel) – Einheit 3
  e3_a.tex:8: TODO Titel: Ich-kann-Satz fehlt in der Bank (Platzhalter: Kettenname) – Nr. 14
  e3_a.tex:9: TODO Anweisung: ein Satz über der ersten Teilaufgabe fehlt in der Bank – Nr. 14
  e3_a.tex:11: TODO \rechenplatz{n}: Schrittzahl des Grundfalls fehlt in der Bank (nur bei fester Schreibform, 2.3 b)
  e3_a.tex:19: TODO Titel: Ich-kann-Satz fehlt in der Bank (Platzhalter: Kettenname) – Nr. 15
  e3_a.tex:20: TODO Anweisung: ein Satz über der ersten Teilaufgabe fehlt in der Bank – Nr. 15
STRUKTUR 0 Fehler
