# zusammenbau v1.3: zusammenbau.py --zettel basis --nummer 15
VORRAT 64 Typen, 640 Aufgaben, davon 100 auf Zettel 1–10 (v0.5) verbraucht; Vorrat erschöpft ab Zettel 36
VORLAGE mathblatt.sty: Version 2026-09-28a
KENNUNG BAS-Z15 – Kürzel BAS (Basisvorrat, fest), Rezept Z (Zettel, v0.6); Inhalt von Zettel 15
HÖHE geschätzt 22.2 cm (Maß 24.5 cm), 18 Aufgaben (Ziel 16–18)
AUSWAHL Nr. 1: potenzen-wurzeln-basis-k3-v7 – Zehnerpotenzschreibweise umwandeln (Jahrgänge 4, Variante 7, Stufe 0, halbe Spalte)
AUSWAHL Nr. 2: einheiten-basis-k1-v2 – Uhrzeit aus Startzeit und Dauer berechnen (Jahrgänge 1, Variante 2, Stufe 0, halbe Spalte)
AUSWAHL Nr. 3: einheiten-basis-k2-v3 – Größen vergleichen (Jahrgänge 3, Variante 3, Stufe 0, halbe Spalte)
AUSWAHL Nr. 4: einheiten-basis-k4-v1 – Strecke aus Teilstrecken berechnen (Jahrgänge 1, Variante 1, Stufe 0, halbe Spalte)
AUSWAHL Nr. 5: zuordnungen-basis-k2-v3 – Proportionale Zuordnung Dreisatz (Jahrgänge 3, Variante 3, Stufe 0, halbe Spalte)
AUSWAHL Nr. 6: terme-basis-k1-v2 – Term durch Zusammenfassen gleichartiger Glieder vereinfachen (Jahrgänge 1, Variante 2, Stufe 0, halbe Spalte)
AUSWAHL Nr. 7: lineare-gleichungen-basis-k1-v9 – Lineare Gleichung lösen (Jahrgänge 4, Variante 9, Stufe 0, halbe Spalte)
SATZ Nr. 8: 4 kurze Ankreuzoptionen in einer Zeile
AUSWAHL Nr. 8: quadratische-gleichungen-basis-k1-v7 – Lösung durch Einsetzen prüfen (Jahrgänge 3, Variante 7, Stufe 0, halbe Spalte)
AUSWAHL Nr. 9: flaechen-basis-k2-v2 – Quadratseite aus Fläche berechnen (Jahrgänge 2, Variante 2, Stufe 0, halbe Spalte)
AUSWAHL Nr. 10: flaechen-basis-k5-v1 – Umfang Rechteck berechnen (Jahrgänge 1, Variante 1, Stufe 0, halbe Spalte)
AUSWAHL Nr. 11: koerper-basis-k3-v2 – Volumen Würfel berechnen (Jahrgänge 1, Variante 2, Stufe 0, halbe Spalte)
AUSWAHL Nr. 12: trigonometrie-basis-k1-v2 – Trigonometrische Gleichung nach Seite umstellen (Jahrgänge 1, Variante 2, Stufe 0, halbe Spalte)
SATZ Nr. 13: 3 kurze Ankreuzoptionen in einer Zeile
AUSWAHL Nr. 13: rationale-zahlen-basis-k2-v2 – Vorzeichenregel anwenden (Jahrgänge 1, Variante 2, Stufe 2, volle Breite)
SATZ Nr. 14: 4 kurze Ankreuzoptionen in einer Zeile
AUSWAHL Nr. 14: prozentrechnung-basis-k2-v4 – Prozent und Anteil umwandeln (Jahrgänge 2, Variante 4, Stufe 2, volle Breite)
AUSWAHL Nr. 15: winkel-dreiecke-basis-k5-v3 – Eigenschaft einer Figur zuordnen (Jahrgänge 3, Variante 3, Stufe 2, volle Breite)
AUSWAHL Nr. 16: bruchrechnung-basis-k1-v6 – Wahrscheinlichkeit einstufig (Jahrgänge 3, Variante 6, Stufe 2, volle Breite)
AUSWAHL Nr. 17: brueche-dezimalzahlen-basis-k1-v12 – Bruchteil einer Fläche bestimmen (Jahrgänge 9, Variante 12, Stufe 3, volle Breite)
SATZ Nr. 18: 2 kurze Ankreuzoptionen in einer Zeile
SATZ Nr. 18: ksys ablesen → klein (Karo 3,5 mm)
AUSWAHL Nr. 18: lineare-funktionen-basis-k2-v2 – Graph nach Eigenschaft auswählen (Jahrgänge 1, Variante 2, Stufe 3, volle Breite)
STRUKTUR 0 Fehler
