# zusammenbau v0.5: zusammenbau.py --zettel basis
VORRAT 41 Typen, 410 Aufgaben; Vorrat erschöpft ab Zettel 42
VORLAGE mathblatt.sty: Version 2026-09-28a
KENNUNG BAS-Z1 – Kürzel BAS (Basisvorrat, fest), Rezept Z (Zettel); Inhalt von Zettel 1 = nächste freie Nummer in bau/register.csv
HÖHE geschätzt 18.7 cm (Maß 25.0 cm)
SATZ Nr. 1: 4 kurze Ankreuzoptionen in einer Zeile
SATZ Nr. 1: Grafik unter dem Text (Reihe von Figuren)
AUSWAHL Nr. 1: brueche-dezimalzahlen-basis-k1-v1 – Bruchteil einer Fläche bestimmen (Jahrgänge 9, Variante 1)
AUSWAHL Nr. 2: brueche-dezimalzahlen-basis-k2-v1 – Bruchteil einer Größe berechnen (Jahrgänge 2, Variante 1)
AUSWAHL Nr. 3: brueche-dezimalzahlen-basis-k4-v1 – Zahlen in verschiedenen Darstellungen vergleichen (Jahrgänge 7, Variante 1)
AUSWAHL Nr. 4: rationale-zahlen-basis-k1-v1 – Termwert berechnen (Jahrgänge 5, Variante 1)
AUSWAHL Nr. 5: potenzen-wurzeln-basis-k1-v1 – Exponent einer Potenz bestimmen (Jahrgänge 2, Variante 1)
AUSWAHL Nr. 6: prozentrechnung-basis-k4-v1 – Prozentwert berechnen (Jahrgänge 5, Variante 1)
AUSWAHL Nr. 7: zuordnungen-basis-k1-v1 – Antiproportionale Zuordnung Dreisatz (Jahrgänge 1, Variante 1)
AUSWAHL Nr. 8: lineare-gleichungen-basis-k1-v1 – Lineare Gleichung lösen (Jahrgänge 4, Variante 1)
SATZ Nr. 9: 4 kurze Ankreuzoptionen in einer Zeile
AUSWAHL Nr. 9: quadratische-gleichungen-basis-k1-v1 – Lösung durch Einsetzen prüfen (Jahrgänge 3, Variante 1)
SATZ Nr. 10: 3 kurze Ankreuzoptionen in einer Zeile
AUSWAHL Nr. 10: winkel-dreiecke-basis-k1-v1 – Dreiecksungleichung anwenden (Jahrgänge 1, Variante 1)
STRUKTUR 0 Fehler
