# zusammenbau v0.5: zusammenbau.py --zettel basis
VORRAT 41 Typen, 410 Aufgaben; Vorrat erschöpft ab Zettel 42
VORLAGE mathblatt.sty: Version 2026-09-28a
KENNUNG BAS-Z10 – Kürzel BAS (Basisvorrat, fest), Rezept Z (Zettel); Inhalt von Zettel 10 = nächste freie Nummer in bau/register.csv
HÖHE geschätzt 23.0 cm (Maß 25.0 cm)
SATZ Nr. 1: 4 kurze Ankreuzoptionen in einer Zeile
SATZ Nr. 1: Grafik unter dem Text (Reihe von Figuren)
AUSWAHL Nr. 1: brueche-dezimalzahlen-basis-k1-v9 – Bruchteil einer Fläche bestimmen (Jahrgänge 9, Variante 9)
AUSWAHL Nr. 2: brueche-dezimalzahlen-basis-k4-v8 – Zahlen in verschiedenen Darstellungen vergleichen (Jahrgänge 7, Variante 8)
AUSWAHL Nr. 3: rationale-zahlen-basis-k1-v6 – Termwert berechnen (Jahrgänge 5, Variante 6)
AUSWAHL Nr. 4: potenzen-wurzeln-basis-k1-v3 – Exponent einer Potenz bestimmen (Jahrgänge 2, Variante 3)
SATZ Nr. 5: 4 kurze Ankreuzoptionen in einer Zeile
AUSWAHL Nr. 5: terme-basis-k2-v5 – Term zu Sachtext angeben (Jahrgänge 4, Variante 5)
SATZ Nr. 6: 4 kurze Ankreuzoptionen in einer Zeile
AUSWAHL Nr. 6: quadratische-gleichungen-basis-k1-v4 – Lösung durch Einsetzen prüfen (Jahrgänge 3, Variante 4)
SATZ Nr. 7: ksys ablesen → klein (Karo 3,5 mm)
AUSWAHL Nr. 7: lineare-funktionen-basis-k4-v1 – y-Achsenabschnitt ablesen (Jahrgänge 1, Variante 1)
AUSWAHL Nr. 8: symmetrie-abbildungen-basis-k1-v2 – Figur nach Spiegelung benennen (Jahrgänge 1, Variante 2)
SATZ Nr. 9: 3 kurze Ankreuzoptionen in einer Zeile
AUSWAHL Nr. 9: winkel-dreiecke-basis-k1-v2 – Dreiecksungleichung anwenden (Jahrgänge 1, Variante 2)
AUSWAHL Nr. 10: koerper-basis-k1-v2 – Gegenfläche im Würfelnetz bestimmen (Jahrgänge 1, Variante 2)
STRUKTUR 0 Fehler
