# zusammenbau v0.1: zusammenbau.py vektoren-und-rechenoperationen
VORLAGE mathblatt.sty: Version 2026-09-28a
EINHEITEN [1, 2, 3]
AUSWAHL vektoren-und-rechenoperationen-zone-f1-v1 – Zone f1 „Verschiebungen im ebenen Koordinatensyst“, Sprosse 1: Variante 1; übergangen v2
AUSWAHL vektoren-und-rechenoperationen-zone-f1-v3 – Zone f1 „Verschiebungen im ebenen Koordinatensyst“, Sprosse 2: kleinste Variante (v3; v1 fehlt)
WEG Zone f1 „Verschiebungen im ebenen Koordinatensyst“ – Sprossen [3] (Fallstricke) nicht bestellt (Zone ja: s1 und s2)
AUSWAHL vektoren-und-rechenoperationen-zone-f2-v1 – Zone f2 „Satz des Pythagoras und Wurzelgleichunge“, Sprosse 1: Variante 1; übergangen v2
AUSWAHL vektoren-und-rechenoperationen-zone-f2-v3 – Zone f2 „Satz des Pythagoras und Wurzelgleichunge“, Sprosse 2: kleinste Variante (v3; v1 fehlt)
WEG Zone f2 „Satz des Pythagoras und Wurzelgleichunge“ – Sprossen [3, 4, 5, 6] (Fallstricke) nicht bestellt (Zone ja: s1 und s2)
AUSWAHL vektoren-und-rechenoperationen-zone-f3-v1 – Zone f3 „Punkte im räumlichen Koordinatensystem l“, Sprosse 1: Variante 1; übergangen v2
AUSWAHL vektoren-und-rechenoperationen-zone-f3-v3 – Zone f3 „Punkte im räumlichen Koordinatensystem l“, Sprosse 2: kleinste Variante (v3; v1 fehlt)
WEG Zone f3 „Punkte im räumlichen Koordinatensystem l“ – Sprossen [3] (Fallstricke) nicht bestellt (Zone ja: s1 und s2)
AUSWAHL vektoren-und-rechenoperationen-zone-f4-v1 – Zone f4 „Terme mit einem Buchstaben umformen und “, Sprosse 1: Variante 1; übergangen v2
AUSWAHL vektoren-und-rechenoperationen-zone-f4-v3 – Zone f4 „Terme mit einem Buchstaben umformen und “, Sprosse 2: kleinste Variante (v3; v1 fehlt)
WEG Zone f4 „Terme mit einem Buchstaben umformen und “ – Sprossen [3] (Fallstricke) nicht bestellt (Zone ja: s1 und s2)
AUSWAHL vektoren-und-rechenoperationen-zone-f5-v1 – Zone f5 „Mit Anteilen und Verhältnissen rechnen (“, Sprosse 1: Variante 1; übergangen v2
AUSWAHL vektoren-und-rechenoperationen-zone-f5-v3 – Zone f5 „Mit Anteilen und Verhältnissen rechnen (“, Sprosse 2: kleinste Variante (v3; v1 fehlt)
WEG Zone f5 „Mit Anteilen und Verhältnissen rechnen (“ – Sprossen [3] (Fallstricke) nicht bestellt (Zone ja: s1 und s2)
AUSWAHL vektoren-und-rechenoperationen-zone-f6-v1 – Zone f6 „Skalarprodukt in Koordinaten berechnen“, Sprosse 1: Variante 1; übergangen v2
AUSWAHL vektoren-und-rechenoperationen-zone-f6-v3 – Zone f6 „Skalarprodukt in Koordinaten berechnen“, Sprosse 2: kleinste Variante (v3; v1 fehlt)
WEG Zone f6 „Skalarprodukt in Koordinaten berechnen“ – Sprossen [3] (Fallstricke) nicht bestellt (Zone ja: s1 und s2)
AUSWAHL vektoren-und-rechenoperationen-zone-f2-v6 – Zone-Paar, Fehler finden
AUSWAHL vektoren-und-rechenoperationen-zone-f2-v7 – Zone-Paar, gleichartige Rechenaufgabe
AUSWAHL vektoren-und-rechenoperationen-e1-k1-s0-v1 – e1 k1 „Faktor gesucht oder Richtung gesucht?“ (erkennung), Sprosse 0: Variante 1; übergangen v2, v3, v4
KETTE e1 k1 „Faktor gesucht oder Richtung gesucht?“ (erkennung) → eine Hauptnummer (Erkennungsschritt: eigene Kette nach bank.md, zählt als Hauptnummer)
AUSWAHL vektoren-und-rechenoperationen-e1-k2-s0-v1 – e1 k2 „Vektorbegriff und Betrag“ (verfahren), Sprosse 0: Variante 1; übergangen v2, v3, v4
AUSWAHL vektoren-und-rechenoperationen-e1-k2-s1-v1 – e1 k2 „Vektorbegriff und Betrag“ (verfahren), Sprosse 1: Variante 1; übergangen v2, v3, v4, v5
AUSWAHL vektoren-und-rechenoperationen-e1-k2-s2-v1 – e1 k2 „Vektorbegriff und Betrag“ (verfahren), Sprosse 2: Variante 1; übergangen v2, v3
AUSWAHL vektoren-und-rechenoperationen-e1-k2-s3-v1 – e1 k2 „Vektorbegriff und Betrag“ (verfahren), Sprosse 3: Variante 1; übergangen v2, v3
AUSWAHL vektoren-und-rechenoperationen-e1-k2-s4-v1 – e1 k2 „Vektorbegriff und Betrag“ (verfahren), Sprosse 4: Variante 1; übergangen v2, v3
AUSWAHL vektoren-und-rechenoperationen-e1-k2-s5-v1 – e1 k2 „Vektorbegriff und Betrag“ (verfahren), Sprosse 5: Variante 1; übergangen v2, v3
AUSWAHL vektoren-und-rechenoperationen-e1-k2-s6-v1 – e1 k2 „Vektorbegriff und Betrag“ (verfahren), Sprosse 6: Variante 1; übergangen v2, v3, v4
KETTE e1 k2 „Vektorbegriff und Betrag“ (verfahren) → eine Hauptnummer
AUSWAHL vektoren-und-rechenoperationen-e1-k3-s1-v1 – e1 k3 „Vektorbegriff und Betrag“ (pflicht), Sprosse 1: Variante 1; übergangen v2, v3
AUSWAHL vektoren-und-rechenoperationen-e1-k3-s2-v1 – e1 k3 „Vektorbegriff und Betrag“ (pflicht), Sprosse 2: Variante 1; übergangen v2, v3
AUSWAHL vektoren-und-rechenoperationen-e1-k3-s3-v1 – e1 k3 „Vektorbegriff und Betrag“ (pflicht), Sprosse 3: Variante 1; übergangen v2, v3
AUSWAHL vektoren-und-rechenoperationen-e1-k3-s4-v1 – e1 k3 „Vektorbegriff und Betrag“ (pflicht), Sprosse 4: Variante 1; übergangen v2, v3
KETTE e1 k3 „Vektorbegriff und Betrag“ (pflicht) → eine Hauptnummer
AUSWAHL vektoren-und-rechenoperationen-e2-k1-s0-v1 – e2 k1 „Vektorterme am Körper“ (verfahren), Sprosse 0: Variante 1; übergangen v2, v3, v4
AUSWAHL vektoren-und-rechenoperationen-e2-k1-s1-v1 – e2 k1 „Vektorterme am Körper“ (verfahren), Sprosse 1: Variante 1; übergangen v2, v3, v4, v5
AUSWAHL vektoren-und-rechenoperationen-e2-k1-s2-v1 – e2 k1 „Vektorterme am Körper“ (verfahren), Sprosse 2: Variante 1; übergangen v2, v3
AUSWAHL vektoren-und-rechenoperationen-e2-k1-s3-v1 – e2 k1 „Vektorterme am Körper“ (verfahren), Sprosse 3: Variante 1; übergangen v2, v3
AUSWAHL vektoren-und-rechenoperationen-e2-k1-s4-v1 – e2 k1 „Vektorterme am Körper“ (verfahren), Sprosse 4: Variante 1; übergangen v2, v3
AUSWAHL vektoren-und-rechenoperationen-e2-k1-s5-v1 – e2 k1 „Vektorterme am Körper“ (verfahren), Sprosse 5: Variante 1; übergangen v2, v3
AUSWAHL vektoren-und-rechenoperationen-e2-k1-s6-v1 – e2 k1 „Vektorterme am Körper“ (verfahren), Sprosse 6: Variante 1; übergangen v2, v3
AUSWAHL vektoren-und-rechenoperationen-e2-k1-s7-v1 – e2 k1 „Vektorterme am Körper“ (verfahren), Sprosse 7: Variante 1; übergangen v2, v3
AUSWAHL vektoren-und-rechenoperationen-e2-k1-s8-v1 – e2 k1 „Vektorterme am Körper“ (verfahren), Sprosse 8: Variante 1; übergangen v2, v3, v4
KETTE e2 k1 „Vektorterme am Körper“ (verfahren) → eine Hauptnummer
AUSWAHL vektoren-und-rechenoperationen-e2-k2-s1-v1 – e2 k2 „Vektorterme am Körper“ (pflicht), Sprosse 1: Variante 1; übergangen v2, v3
AUSWAHL vektoren-und-rechenoperationen-e2-k2-s2-v1 – e2 k2 „Vektorterme am Körper“ (pflicht), Sprosse 2: Variante 1; übergangen v2, v3
AUSWAHL vektoren-und-rechenoperationen-e2-k2-s3-v1 – e2 k2 „Vektorterme am Körper“ (pflicht), Sprosse 3: Variante 1; übergangen v2, v3
AUSWAHL vektoren-und-rechenoperationen-e2-k2-s4-v1 – e2 k2 „Vektorterme am Körper“ (pflicht), Sprosse 4: Variante 1; übergangen v2, v3
KETTE e2 k2 „Vektorterme am Körper“ (pflicht) → eine Hauptnummer
AUSWAHL vektoren-und-rechenoperationen-e3-k1-s0-v1 – e3 k1 „Skalarprodukt im Sachzusammenhang“ (verfahren), Sprosse 0: Variante 1; übergangen v2, v3, v4
AUSWAHL vektoren-und-rechenoperationen-e3-k1-s1-v1 – e3 k1 „Skalarprodukt im Sachzusammenhang“ (verfahren), Sprosse 1: Variante 1; übergangen v2, v3, v4, v5
AUSWAHL vektoren-und-rechenoperationen-e3-k1-s2-v1 – e3 k1 „Skalarprodukt im Sachzusammenhang“ (verfahren), Sprosse 2: Variante 1; übergangen v2, v3
AUSWAHL vektoren-und-rechenoperationen-e3-k1-s3-v1 – e3 k1 „Skalarprodukt im Sachzusammenhang“ (verfahren), Sprosse 3: Variante 1; übergangen v2
KETTE e3 k1 „Skalarprodukt im Sachzusammenhang“ (verfahren) → eine Hauptnummer
AUSWAHL vektoren-und-rechenoperationen-e3-k2-s1-v1 – e3 k2 „Skalarprodukt im Sachzusammenhang“ (pflicht), Sprosse 1: Variante 1; übergangen v2, v3
AUSWAHL vektoren-und-rechenoperationen-e3-k2-s2-v1 – e3 k2 „Skalarprodukt im Sachzusammenhang“ (pflicht), Sprosse 2: Variante 1; übergangen v2, v3
AUSWAHL vektoren-und-rechenoperationen-e3-k2-s3-v1 – e3 k2 „Skalarprodukt im Sachzusammenhang“ (pflicht), Sprosse 3: Variante 1; übergangen v2, v3
KETTE e3 k2 „Skalarprodukt im Sachzusammenhang“ (pflicht) → eine Hauptnummer
KOPF Einheit 1: „Einheit 1 von 3 · Vektorbegriff, Betrag und Kollinearität“; Marken „BE Q3 · BB Q3 · GK · keine Prüfungsaufgabe“ → Zeitmarke „None“, Prüfungswort „keine Prüfungsaufgabe“
WARNUNG Nr. 10: 7 Teilaufgaben, 1 mit Grafik – über dem Halbseitenmaß (2.3 g); v0.1 teilt nur im Fokus
KOPF Einheit 2: „Einheit 2 von 3 · Vektorterme am Körper“; Marken „BE Q3 · BB Q3 · GK · Abitur LK“ → Zeitmarke „None“, Prüfungswort „Abitur LK“
WARNUNG Nr. 12: 9 Teilaufgaben, 5 mit Grafik – über dem Halbseitenmaß (2.3 g); v0.1 teilt nur im Fokus
KOPF Einheit 3: „Einheit 3 von 3 · Skalarprodukt im Sachzusammenhang“; Marken „BE Q3 · BB Q3 · GK · keine Prüfungsaufgabe“ → Zeitmarke „None“, Prüfungswort „keine Prüfungsaufgabe“
TODO 40 Stellen in den Quelltexten:
  abhaken.tex:2: TODO Ich-kann-Sätze: Platzhalter wie in den Aufgabendateien
  blatt0_a.tex:5: TODO Titel: Ich-kann-Satz fehlt in der Bank (Platzhalter: Kettenname) – Nr. 1
  blatt0_a.tex:6: TODO Anweisung: ein Satz über der ersten Teilaufgabe fehlt in der Bank – Nr. 1
  blatt0_a.tex:14: TODO Titel: Ich-kann-Satz fehlt in der Bank (Platzhalter: Kettenname) – Nr. 2
  blatt0_a.tex:15: TODO Anweisung: ein Satz über der ersten Teilaufgabe fehlt in der Bank – Nr. 2
  blatt0_a.tex:23: TODO Titel: Ich-kann-Satz fehlt in der Bank (Platzhalter: Kettenname) – Nr. 3
  blatt0_a.tex:24: TODO Anweisung: ein Satz über der ersten Teilaufgabe fehlt in der Bank – Nr. 3
  blatt0_a.tex:38: TODO Titel: Ich-kann-Satz fehlt in der Bank (Platzhalter: Kettenname) – Nr. 4
  blatt0_a.tex:39: TODO Anweisung: ein Satz über der ersten Teilaufgabe fehlt in der Bank – Nr. 4
  blatt0_a.tex:47: TODO Titel: Ich-kann-Satz fehlt in der Bank (Platzhalter: Kettenname) – Nr. 5
  blatt0_a.tex:48: TODO Anweisung: ein Satz über der ersten Teilaufgabe fehlt in der Bank – Nr. 5
  blatt0_a.tex:56: TODO Titel: Ich-kann-Satz fehlt in der Bank (Platzhalter: Kettenname) – Nr. 6
  blatt0_a.tex:57: TODO Anweisung: ein Satz über der ersten Teilaufgabe fehlt in der Bank – Nr. 6
  blatt0_a.tex:65: TODO Titel: Ich-kann-Satz fehlt in der Bank (Platzhalter: Kettenname) – Nr. 7
  blatt0_a.tex:66: TODO Anweisung: ein Satz über der ersten Teilaufgabe fehlt in der Bank – Nr. 7
  blatt0_a.tex:73: TODO Titel: Ich-kann-Satz fehlt in der Bank (Platzhalter: Kettenname) – Nr. 8
  blatt0_a.tex:74: TODO Anweisung: ein Satz über der ersten Teilaufgabe fehlt in der Bank – Nr. 8
  e1_a.tex:2: TODO Zeitmarke Einheit 1: Marken-Zeile nicht lesbar
  e1_a.tex:3: TODO Zweigzeile Teil 1: was hier gelernt wird (Satz in Schülersprache aus dem Einheitstitel) – Einheit 1
  e1_a.tex:8: TODO Titel: Ich-kann-Satz fehlt in der Bank (Platzhalter: Kettenname) – Nr. 9
  e1_a.tex:9: TODO Anweisung: ein Satz über der ersten Teilaufgabe fehlt in der Bank – Nr. 9
  e1_a.tex:16: TODO Titel: Ich-kann-Satz fehlt in der Bank (Platzhalter: Kettenname) – Nr. 10
  e1_a.tex:17: TODO Anweisung: ein Satz über der ersten Teilaufgabe fehlt in der Bank – Nr. 10
  e1_a.tex:19: TODO \rechenplatz{n}: Schrittzahl des Grundfalls fehlt in der Bank (nur bei fester Schreibform, 2.3 b)
  e1_a.tex:33: TODO Titel: Ich-kann-Satz fehlt in der Bank (Platzhalter: Kettenname) – Nr. 11
  e1_a.tex:34: TODO Anweisung: ein Satz über der ersten Teilaufgabe fehlt in der Bank – Nr. 11
  e2_a.tex:2: TODO Zeitmarke Einheit 2: Marken-Zeile nicht lesbar
  e2_a.tex:3: TODO Zweigzeile Teil 1: was hier gelernt wird (Satz in Schülersprache aus dem Einheitstitel) – Einheit 2
  e2_a.tex:8: TODO Titel: Ich-kann-Satz fehlt in der Bank (Platzhalter: Kettenname) – Nr. 12
  e2_a.tex:9: TODO Anweisung: ein Satz über der ersten Teilaufgabe fehlt in der Bank – Nr. 12
  e2_a.tex:11: TODO \rechenplatz{n}: Schrittzahl des Grundfalls fehlt in der Bank (nur bei fester Schreibform, 2.3 b)
  e2_a.tex:36: TODO Titel: Ich-kann-Satz fehlt in der Bank (Platzhalter: Kettenname) – Nr. 13
  e2_a.tex:37: TODO Anweisung: ein Satz über der ersten Teilaufgabe fehlt in der Bank – Nr. 13
  e3_a.tex:2: TODO Zeitmarke Einheit 3: Marken-Zeile nicht lesbar
  e3_a.tex:3: TODO Zweigzeile Teil 1: was hier gelernt wird (Satz in Schülersprache aus dem Einheitstitel) – Einheit 3
  e3_a.tex:8: TODO Titel: Ich-kann-Satz fehlt in der Bank (Platzhalter: Kettenname) – Nr. 14
  e3_a.tex:9: TODO Anweisung: ein Satz über der ersten Teilaufgabe fehlt in der Bank – Nr. 14
  e3_a.tex:11: TODO \rechenplatz{n}: Schrittzahl des Grundfalls fehlt in der Bank (nur bei fester Schreibform, 2.3 b)
  e3_a.tex:20: TODO Titel: Ich-kann-Satz fehlt in der Bank (Platzhalter: Kettenname) – Nr. 15
  e3_a.tex:21: TODO Anweisung: ein Satz über der ersten Teilaufgabe fehlt in der Bank – Nr. 15
STRUKTUR 0 Fehler
