# zusammenbau v0.1: zusammenbau.py trigonometrische-funktionen
VORLAGE mathblatt.sty: Version 2026-09-28a
EINHEITEN [1, 2, 3, 4]
AUSWAHL trigonometrische-funktionen-zone-f1-v1 – Zone f1 „Sinus, Kosinus und Tangens als Seitenver“, Sprosse 1: Variante 1; übergangen v2
AUSWAHL trigonometrische-funktionen-zone-f1-v3 – Zone f1 „Sinus, Kosinus und Tangens als Seitenver“, Sprosse 2: kleinste Variante (v3; v1 fehlt)
WEG Zone f1 „Sinus, Kosinus und Tangens als Seitenver“ – Sprossen [3] (Fallstricke) nicht bestellt (Zone ja: s1 und s2)
AUSWAHL trigonometrische-funktionen-zone-f2-v1 – Zone f2 „Taschenrechner“, Sprosse 1: Variante 1; übergangen v2
AUSWAHL trigonometrische-funktionen-zone-f2-v3 – Zone f2 „Taschenrechner“, Sprosse 2: kleinste Variante (v3; v1 fehlt)
WEG Zone f2 „Taschenrechner“ – Sprossen [3, 4, 5] (Fallstricke) nicht bestellt (Zone ja: s1 und s2)
AUSWAHL trigonometrische-funktionen-zone-f3-v1 – Zone f3 „Koordinatensystem mit vier Quadranten, P“, Sprosse 1: Variante 1; übergangen v2
AUSWAHL trigonometrische-funktionen-zone-f3-v3 – Zone f3 „Koordinatensystem mit vier Quadranten, P“, Sprosse 2: kleinste Variante (v3; v1 fehlt)
WEG Zone f3 „Koordinatensystem mit vier Quadranten, P“ – Sprossen [3] (Fallstricke) nicht bestellt (Zone ja: s1 und s2)
AUSWAHL trigonometrische-funktionen-zone-f4-v1 – Zone f4 „Kreis mit Mittelpunkt und Radius zeichne“, Sprosse 1: Variante 1; übergangen v2
AUSWAHL trigonometrische-funktionen-zone-f4-v3 – Zone f4 „Kreis mit Mittelpunkt und Radius zeichne“, Sprosse 2: kleinste Variante (v3; v1 fehlt)
WEG Zone f4 „Kreis mit Mittelpunkt und Radius zeichne“ – Sprossen [3] (Fallstricke) nicht bestellt (Zone ja: s1 und s2)
AUSWAHL trigonometrische-funktionen-zone-f5-v1 – Zone f5 „Winkel messen, zeichnen und benennen, Vo“, Sprosse 1: Variante 1; übergangen v2
AUSWAHL trigonometrische-funktionen-zone-f5-v3 – Zone f5 „Winkel messen, zeichnen und benennen, Vo“, Sprosse 2: kleinste Variante (v3; v1 fehlt)
WEG Zone f5 „Winkel messen, zeichnen und benennen, Vo“ – Sprossen [3] (Fallstricke) nicht bestellt (Zone ja: s1 und s2)
AUSWAHL trigonometrische-funktionen-zone-f6-v1 – Zone f6 „Bruchteile eines Vollkreises als Bruch u“, Sprosse 1: Variante 1; übergangen v2
AUSWAHL trigonometrische-funktionen-zone-f6-v3 – Zone f6 „Bruchteile eines Vollkreises als Bruch u“, Sprosse 2: kleinste Variante (v3; v1 fehlt)
WEG Zone f6 „Bruchteile eines Vollkreises als Bruch u“ – Sprossen [3] (Fallstricke) nicht bestellt (Zone ja: s1 und s2)
AUSWAHL trigonometrische-funktionen-zone-f7-v1 – Zone f7 „Wertetabelle anlegen, Wertepaare als Pun“, Sprosse 1: Variante 1; übergangen v2
AUSWAHL trigonometrische-funktionen-zone-f7-v3 – Zone f7 „Wertetabelle anlegen, Wertepaare als Pun“, Sprosse 2: kleinste Variante (v3; v1 fehlt)
WEG Zone f7 „Wertetabelle anlegen, Wertepaare als Pun“ – Sprossen [3] (Fallstricke) nicht bestellt (Zone ja: s1 und s2)
AUSWAHL trigonometrische-funktionen-zone-f8-v1 – Zone f8 „Achseneinteilung wählen, wenn beide Achs“, Sprosse 1: Variante 1; übergangen v2
AUSWAHL trigonometrische-funktionen-zone-f8-v3 – Zone f8 „Achseneinteilung wählen, wenn beide Achs“, Sprosse 2: kleinste Variante (v3; v1 fehlt)
WEG Zone f8 „Achseneinteilung wählen, wenn beide Achs“ – Sprossen [3] (Fallstricke) nicht bestellt (Zone ja: s1 und s2)
AUSWAHL trigonometrische-funktionen-zone-f9-v1 – Zone f9 „Achsensymmetrisch und punktsymmetrisch a“, Sprosse 1: Variante 1; übergangen v2
AUSWAHL trigonometrische-funktionen-zone-f9-v3 – Zone f9 „Achsensymmetrisch und punktsymmetrisch a“, Sprosse 2: kleinste Variante (v3; v1 fehlt)
WEG Zone f9 „Achsensymmetrisch und punktsymmetrisch a“ – Sprossen [3] (Fallstricke) nicht bestellt (Zone ja: s1 und s2)
AUSWAHL trigonometrische-funktionen-zone-f10-v1 – Zone f10 „Parameter in einer Funktionsgleichung er“, Sprosse 1: Variante 1; übergangen v2
AUSWAHL trigonometrische-funktionen-zone-f10-v3 – Zone f10 „Parameter in einer Funktionsgleichung er“, Sprosse 2: kleinste Variante (v3; v1 fehlt)
WEG Zone f10 „Parameter in einer Funktionsgleichung er“ – Sprossen [3] (Fallstricke) nicht bestellt (Zone ja: s1 und s2)
AUSWAHL trigonometrische-funktionen-zone-f11-v1 – Zone f11 „Größtwert, Kleinstwert und Spannweite ei“, Sprosse 1: Variante 1; übergangen v2
AUSWAHL trigonometrische-funktionen-zone-f11-v3 – Zone f11 „Größtwert, Kleinstwert und Spannweite ei“, Sprosse 2: kleinste Variante (v3; v1 fehlt)
WEG Zone f11 „Größtwert, Kleinstwert und Spannweite ei“ – Sprossen [3] (Fallstricke) nicht bestellt (Zone ja: s1 und s2)
AUSWAHL trigonometrische-funktionen-zone-f2-v5 – Zone-Paar, Fehler finden
AUSWAHL trigonometrische-funktionen-zone-f2-v6 – Zone-Paar, gleichartige Rechenaufgabe
AUSWAHL trigonometrische-funktionen-e1-k1-s0-v1 – e1 k1 „Einheitskreis und Bogenmaß“ (verfahren), Sprosse 0: Variante 1; übergangen v2, v3, v4
AUSWAHL trigonometrische-funktionen-e1-k1-s1-v1 – e1 k1 „Einheitskreis und Bogenmaß“ (verfahren), Sprosse 1: Variante 1; übergangen v2, v3, v4, v5
AUSWAHL trigonometrische-funktionen-e1-k1-s2-v1 – e1 k1 „Einheitskreis und Bogenmaß“ (verfahren), Sprosse 2: Variante 1; übergangen v2, v3
AUSWAHL trigonometrische-funktionen-e1-k1-s3-v1 – e1 k1 „Einheitskreis und Bogenmaß“ (verfahren), Sprosse 3: Variante 1; übergangen v2, v3
AUSWAHL trigonometrische-funktionen-e1-k1-s4-v1 – e1 k1 „Einheitskreis und Bogenmaß“ (verfahren), Sprosse 4: Variante 1; übergangen v2, v3
AUSWAHL trigonometrische-funktionen-e1-k1-s5-v1 – e1 k1 „Einheitskreis und Bogenmaß“ (verfahren), Sprosse 5: Variante 1; übergangen v2, v3
AUSWAHL trigonometrische-funktionen-e1-k1-s6-v1 – e1 k1 „Einheitskreis und Bogenmaß“ (verfahren), Sprosse 6: Variante 1; übergangen v2, v3
AUSWAHL trigonometrische-funktionen-e1-k1-s7-v1 – e1 k1 „Einheitskreis und Bogenmaß“ (verfahren), Sprosse 7: Variante 1; übergangen v2, v3
AUSWAHL trigonometrische-funktionen-e1-k1-s8-v1 – e1 k1 „Einheitskreis und Bogenmaß“ (verfahren), Sprosse 8: Variante 1; übergangen v2, v3
AUSWAHL trigonometrische-funktionen-e1-k1-s9-v1 – e1 k1 „Einheitskreis und Bogenmaß“ (verfahren), Sprosse 9: Variante 1; übergangen v2, v3
AUSWAHL trigonometrische-funktionen-e1-k1-s10-v1 – e1 k1 „Einheitskreis und Bogenmaß“ (verfahren), Sprosse 10: Variante 1; übergangen v2, v3
AUSWAHL trigonometrische-funktionen-e1-k1-s11-v1 – e1 k1 „Einheitskreis und Bogenmaß“ (verfahren), Sprosse 11: Variante 1; übergangen v2, v3
AUSWAHL trigonometrische-funktionen-e1-k1-s12-v1 – e1 k1 „Einheitskreis und Bogenmaß“ (verfahren), Sprosse 12: Variante 1; übergangen v2, v3
AUSWAHL trigonometrische-funktionen-e1-k1-s13-v1 – e1 k1 „Einheitskreis und Bogenmaß“ (verfahren), Sprosse 13: Variante 1; übergangen v2, v3
AUSWAHL trigonometrische-funktionen-e1-k1-s14-v1 – e1 k1 „Einheitskreis und Bogenmaß“ (verfahren), Sprosse 14: Variante 1; übergangen v2, v3
KETTE e1 k1 „Einheitskreis und Bogenmaß“ (verfahren) → eine Hauptnummer
AUSWAHL trigonometrische-funktionen-e1-k2-s1-v1 – e1 k2 „Einheitskreis und Bogenmaß“ (pflicht), Sprosse 1: Variante 1; übergangen v2, v3
AUSWAHL trigonometrische-funktionen-e1-k2-s2-v1 – e1 k2 „Einheitskreis und Bogenmaß“ (pflicht), Sprosse 2: Variante 1; übergangen v2, v3
KETTE e1 k2 „Einheitskreis und Bogenmaß“ (pflicht) → eine Hauptnummer
AUSWAHL trigonometrische-funktionen-e2-k1-s0-v1 – e2 k1 „Sinus- und Kosinusfunktion“ (verfahren), Sprosse 0: Variante 1; übergangen v2, v3, v4
AUSWAHL trigonometrische-funktionen-e2-k1-s1-v1 – e2 k1 „Sinus- und Kosinusfunktion“ (verfahren), Sprosse 1: Variante 1; übergangen v2, v3, v4, v5
AUSWAHL trigonometrische-funktionen-e2-k1-s2-v1 – e2 k1 „Sinus- und Kosinusfunktion“ (verfahren), Sprosse 2: Variante 1; übergangen v2, v3
AUSWAHL trigonometrische-funktionen-e2-k1-s3-v1 – e2 k1 „Sinus- und Kosinusfunktion“ (verfahren), Sprosse 3: Variante 1; übergangen v2, v3
AUSWAHL trigonometrische-funktionen-e2-k1-s4-v1 – e2 k1 „Sinus- und Kosinusfunktion“ (verfahren), Sprosse 4: Variante 1; übergangen v2, v3
AUSWAHL trigonometrische-funktionen-e2-k1-s5-v1 – e2 k1 „Sinus- und Kosinusfunktion“ (verfahren), Sprosse 5: Variante 1; übergangen v2, v3
AUSWAHL trigonometrische-funktionen-e2-k1-s6-v1 – e2 k1 „Sinus- und Kosinusfunktion“ (verfahren), Sprosse 6: Variante 1; übergangen v2, v3
AUSWAHL trigonometrische-funktionen-e2-k1-s7-v1 – e2 k1 „Sinus- und Kosinusfunktion“ (verfahren), Sprosse 7: Variante 1; übergangen v2, v3
AUSWAHL trigonometrische-funktionen-e2-k1-s8-v1 – e2 k1 „Sinus- und Kosinusfunktion“ (verfahren), Sprosse 8: Variante 1; übergangen v2, v3
AUSWAHL trigonometrische-funktionen-e2-k1-s9-v1 – e2 k1 „Sinus- und Kosinusfunktion“ (verfahren), Sprosse 9: Variante 1; übergangen v2, v3
AUSWAHL trigonometrische-funktionen-e2-k1-s10-v1 – e2 k1 „Sinus- und Kosinusfunktion“ (verfahren), Sprosse 10: Variante 1; übergangen v2, v3
AUSWAHL trigonometrische-funktionen-e2-k1-s11-v1 – e2 k1 „Sinus- und Kosinusfunktion“ (verfahren), Sprosse 11: Variante 1; übergangen v2, v3
AUSWAHL trigonometrische-funktionen-e2-k1-s12-v1 – e2 k1 „Sinus- und Kosinusfunktion“ (verfahren), Sprosse 12: Variante 1; übergangen v2, v3
AUSWAHL trigonometrische-funktionen-e2-k1-s13-v1 – e2 k1 „Sinus- und Kosinusfunktion“ (verfahren), Sprosse 13: Variante 1; übergangen v2, v3
AUSWAHL trigonometrische-funktionen-e2-k1-s14-v1 – e2 k1 „Sinus- und Kosinusfunktion“ (verfahren), Sprosse 14: Variante 1; übergangen v2, v3
AUSWAHL trigonometrische-funktionen-e2-k1-s15-v1 – e2 k1 „Sinus- und Kosinusfunktion“ (verfahren), Sprosse 15: Variante 1; übergangen v2, v3
KETTE e2 k1 „Sinus- und Kosinusfunktion“ (verfahren) → eine Hauptnummer
AUSWAHL trigonometrische-funktionen-e2-k2-s1-v1 – e2 k2 „Sinus- und Kosinusfunktion“ (pflicht), Sprosse 1: Variante 1; übergangen v2, v3
AUSWAHL trigonometrische-funktionen-e2-k2-s2-v1 – e2 k2 „Sinus- und Kosinusfunktion“ (pflicht), Sprosse 2: Variante 1; übergangen v2, v3
AUSWAHL trigonometrische-funktionen-e2-k2-s3-v1 – e2 k2 „Sinus- und Kosinusfunktion“ (pflicht), Sprosse 3: Variante 1; übergangen v2, v3
KETTE e2 k2 „Sinus- und Kosinusfunktion“ (pflicht) → eine Hauptnummer
AUSWAHL trigonometrische-funktionen-e3-k1-s0-v1 – e3 k1 „Parameter und Transformationen“ (verfahren), Sprosse 0: Variante 1; übergangen v2, v3, v4
AUSWAHL trigonometrische-funktionen-e3-k1-s1-v1 – e3 k1 „Parameter und Transformationen“ (verfahren), Sprosse 1: Variante 1; übergangen v2, v3, v4, v5
AUSWAHL trigonometrische-funktionen-e3-k1-s2-v1 – e3 k1 „Parameter und Transformationen“ (verfahren), Sprosse 2: Variante 1; übergangen v2, v3
AUSWAHL trigonometrische-funktionen-e3-k1-s3-v1 – e3 k1 „Parameter und Transformationen“ (verfahren), Sprosse 3: Variante 1; übergangen v2, v3
AUSWAHL trigonometrische-funktionen-e3-k1-s4-v1 – e3 k1 „Parameter und Transformationen“ (verfahren), Sprosse 4: Variante 1; übergangen v2, v3
AUSWAHL trigonometrische-funktionen-e3-k1-s5-v1 – e3 k1 „Parameter und Transformationen“ (verfahren), Sprosse 5: Variante 1; übergangen v2, v3
AUSWAHL trigonometrische-funktionen-e3-k1-s6-v1 – e3 k1 „Parameter und Transformationen“ (verfahren), Sprosse 6: Variante 1; übergangen v2, v3
AUSWAHL trigonometrische-funktionen-e3-k1-s7-v1 – e3 k1 „Parameter und Transformationen“ (verfahren), Sprosse 7: Variante 1; übergangen v2, v3
AUSWAHL trigonometrische-funktionen-e3-k1-s8-v1 – e3 k1 „Parameter und Transformationen“ (verfahren), Sprosse 8: Variante 1; übergangen v2, v3
AUSWAHL trigonometrische-funktionen-e3-k1-s9-v1 – e3 k1 „Parameter und Transformationen“ (verfahren), Sprosse 9: Variante 1; übergangen v2, v3
AUSWAHL trigonometrische-funktionen-e3-k1-s10-v1 – e3 k1 „Parameter und Transformationen“ (verfahren), Sprosse 10: Variante 1; übergangen v2, v3
AUSWAHL trigonometrische-funktionen-e3-k1-s11-v1 – e3 k1 „Parameter und Transformationen“ (verfahren), Sprosse 11: Variante 1; übergangen v2, v3
AUSWAHL trigonometrische-funktionen-e3-k1-s12-v1 – e3 k1 „Parameter und Transformationen“ (verfahren), Sprosse 12: Variante 1; übergangen v2, v3
AUSWAHL trigonometrische-funktionen-e3-k1-s13-v1 – e3 k1 „Parameter und Transformationen“ (verfahren), Sprosse 13: Variante 1; übergangen v2, v3
AUSWAHL trigonometrische-funktionen-e3-k1-s14-v1 – e3 k1 „Parameter und Transformationen“ (verfahren), Sprosse 14: Variante 1; übergangen v2, v3
KETTE e3 k1 „Parameter und Transformationen“ (verfahren) → eine Hauptnummer
AUSWAHL trigonometrische-funktionen-e3-k2-s1-v1 – e3 k2 „zwei Graphen mit verschiedenen Parametern vergleichen“ (ohne), Sprosse 1: Variante 1; übergangen v2, v3
KETTE e3 k2 „zwei Graphen mit verschiedenen Parametern vergleichen“ (ohne) → eine Hauptnummer
AUSWAHL trigonometrische-funktionen-e3-k3-s1-v1 – e3 k3 „Parameter und Transformationen“ (pflicht), Sprosse 1: Variante 1; übergangen v2, v3
AUSWAHL trigonometrische-funktionen-e3-k3-s2-v1 – e3 k3 „Parameter und Transformationen“ (pflicht), Sprosse 2: Variante 1; übergangen v2, v3
KETTE e3 k3 „Parameter und Transformationen“ (pflicht) → eine Hauptnummer
AUSWAHL trigonometrische-funktionen-e4-k1-s0-v1 – e4 k1 „Periodische Vorgänge modellieren“ (verfahren), Sprosse 0: Variante 1; übergangen v2, v3, v4
AUSWAHL trigonometrische-funktionen-e4-k1-s1-v1 – e4 k1 „Periodische Vorgänge modellieren“ (verfahren), Sprosse 1: Variante 1; übergangen v2, v3, v4, v5
AUSWAHL trigonometrische-funktionen-e4-k1-s2-v1 – e4 k1 „Periodische Vorgänge modellieren“ (verfahren), Sprosse 2: Variante 1; übergangen v2, v3
AUSWAHL trigonometrische-funktionen-e4-k1-s3-v1 – e4 k1 „Periodische Vorgänge modellieren“ (verfahren), Sprosse 3: Variante 1; übergangen v2, v3
AUSWAHL trigonometrische-funktionen-e4-k1-s4-v1 – e4 k1 „Periodische Vorgänge modellieren“ (verfahren), Sprosse 4: Variante 1; übergangen v2, v3
AUSWAHL trigonometrische-funktionen-e4-k1-s5-v1 – e4 k1 „Periodische Vorgänge modellieren“ (verfahren), Sprosse 5: Variante 1; übergangen v2, v3
AUSWAHL trigonometrische-funktionen-e4-k1-s6-v1 – e4 k1 „Periodische Vorgänge modellieren“ (verfahren), Sprosse 6: Variante 1; übergangen v2, v3
AUSWAHL trigonometrische-funktionen-e4-k1-s7-v1 – e4 k1 „Periodische Vorgänge modellieren“ (verfahren), Sprosse 7: Variante 1; übergangen v2, v3
AUSWAHL trigonometrische-funktionen-e4-k1-s8-v1 – e4 k1 „Periodische Vorgänge modellieren“ (verfahren), Sprosse 8: Variante 1; übergangen v2, v3
AUSWAHL trigonometrische-funktionen-e4-k1-s9-v1 – e4 k1 „Periodische Vorgänge modellieren“ (verfahren), Sprosse 9: Variante 1; übergangen v2, v3
AUSWAHL trigonometrische-funktionen-e4-k1-s10-v1 – e4 k1 „Periodische Vorgänge modellieren“ (verfahren), Sprosse 10: Variante 1; übergangen v2, v3
AUSWAHL trigonometrische-funktionen-e4-k1-s11-v1 – e4 k1 „Periodische Vorgänge modellieren“ (verfahren), Sprosse 11: Variante 1; übergangen v2, v3
AUSWAHL trigonometrische-funktionen-e4-k1-s12-v1 – e4 k1 „Periodische Vorgänge modellieren“ (verfahren), Sprosse 12: Variante 1; übergangen v2, v3
AUSWAHL trigonometrische-funktionen-e4-k1-s13-v1 – e4 k1 „Periodische Vorgänge modellieren“ (verfahren), Sprosse 13: Variante 1; übergangen v2, v3
KETTE e4 k1 „Periodische Vorgänge modellieren“ (verfahren) → eine Hauptnummer
AUSWAHL trigonometrische-funktionen-e4-k2-s1-v1 – e4 k2 „Periodische Vorgänge modellieren“ (pflicht), Sprosse 1: Variante 1; übergangen v2, v3
AUSWAHL trigonometrische-funktionen-e4-k2-s2-v1 – e4 k2 „Periodische Vorgänge modellieren“ (pflicht), Sprosse 2: Variante 1; übergangen v2, v3
KETTE e4 k2 „Periodische Vorgänge modellieren“ (pflicht) → eine Hauptnummer
KOPF Einheit 1: „Einheit 1 von 4 · Einheitskreis und Bogenmaß“; Marken „OS Kl. 10 · GYM Kl. 10 · keine P10-Aufgabe · nicht für alle: Sekundo 10 LVL, Sekundo 10 Zusatzstoff, Schnittpunkt 10 EXTRA, Fundamente 9 Streifzug“ → Zeitmarke „ab Kl. 10“, Prüfungswort „keine P10-Aufgabe“
WARNUNG Nr. 14: 15 Teilaufgaben, 4 mit Grafik – über dem Halbseitenmaß (2.3 g); v0.1 teilt nur im Fokus
KOPF Einheit 2: „Einheit 2 von 4 · Sinus- und Kosinusfunktion und ihre Merkmale“; Marken „OS Kl. 10 · GYM Kl. 10 · keine P10-Aufgabe“ → Zeitmarke „ab Kl. 10“, Prüfungswort „keine P10-Aufgabe“
WARNUNG Nr. 16: 16 Teilaufgaben, 8 mit Grafik – über dem Halbseitenmaß (2.3 g); v0.1 teilt nur im Fokus
KOPF Einheit 3: „Einheit 3 von 4 · Parameter und Transformationen“; Marken „OS Kl. 10 · GYM Kl. 10 · keine P10-Aufgabe · nicht für alle: Elemente 10 Zum Selbstlernen“ → Zeitmarke „ab Kl. 10“, Prüfungswort „keine P10-Aufgabe“
WARNUNG Nr. 18: 15 Teilaufgaben, 7 mit Grafik – über dem Halbseitenmaß (2.3 g); v0.1 teilt nur im Fokus
KOPF Einheit 4: „Einheit 4 von 4 · Periodische Vorgänge modellieren“; Marken „OS Kl. 10 · GYM Kl. 10 · keine P10-Aufgabe · nicht für alle: Sekundo 10 Zusatzstoff, Mathematik 2023 10 Vertiefen“ → Zeitmarke „ab Kl. 10“, Prüfungswort „keine P10-Aufgabe“
WARNUNG Nr. 21: 14 Teilaufgaben, 5 mit Grafik – über dem Halbseitenmaß (2.3 g); v0.1 teilt nur im Fokus
TODO 53 Stellen in den Quelltexten:
  abhaken.tex:2: TODO Ich-kann-Sätze: Platzhalter wie in den Aufgabendateien
  blatt0_a.tex:5: TODO Titel: Ich-kann-Satz fehlt in der Bank (Platzhalter: Kettenname) – Nr. 1
  blatt0_a.tex:6: TODO Anweisung: ein Satz über der ersten Teilaufgabe fehlt in der Bank – Nr. 1
  blatt0_a.tex:14: TODO Titel: Ich-kann-Satz fehlt in der Bank (Platzhalter: Kettenname) – Nr. 2
  blatt0_a.tex:15: TODO Anweisung: ein Satz über der ersten Teilaufgabe fehlt in der Bank – Nr. 2
  blatt0_a.tex:23: TODO Titel: Ich-kann-Satz fehlt in der Bank (Platzhalter: Kettenname) – Nr. 3
  blatt0_a.tex:24: TODO Anweisung: ein Satz über der ersten Teilaufgabe fehlt in der Bank – Nr. 3
  blatt0_a.tex:38: TODO Titel: Ich-kann-Satz fehlt in der Bank (Platzhalter: Kettenname) – Nr. 4
  blatt0_a.tex:39: TODO Anweisung: ein Satz über der ersten Teilaufgabe fehlt in der Bank – Nr. 4
  blatt0_a.tex:47: TODO Titel: Ich-kann-Satz fehlt in der Bank (Platzhalter: Kettenname) – Nr. 5
  blatt0_a.tex:48: TODO Anweisung: ein Satz über der ersten Teilaufgabe fehlt in der Bank – Nr. 5
  blatt0_a.tex:58: TODO Titel: Ich-kann-Satz fehlt in der Bank (Platzhalter: Kettenname) – Nr. 6
  blatt0_a.tex:59: TODO Anweisung: ein Satz über der ersten Teilaufgabe fehlt in der Bank – Nr. 6
  blatt0_a.tex:67: TODO Titel: Ich-kann-Satz fehlt in der Bank (Platzhalter: Kettenname) – Nr. 7
  blatt0_a.tex:68: TODO Anweisung: ein Satz über der ersten Teilaufgabe fehlt in der Bank – Nr. 7
  blatt0_a.tex:80: TODO Titel: Ich-kann-Satz fehlt in der Bank (Platzhalter: Kettenname) – Nr. 8
  blatt0_a.tex:81: TODO Anweisung: ein Satz über der ersten Teilaufgabe fehlt in der Bank – Nr. 8
  blatt0_a.tex:89: TODO Titel: Ich-kann-Satz fehlt in der Bank (Platzhalter: Kettenname) – Nr. 9
  blatt0_a.tex:90: TODO Anweisung: ein Satz über der ersten Teilaufgabe fehlt in der Bank – Nr. 9
  blatt0_a.tex:98: TODO Titel: Ich-kann-Satz fehlt in der Bank (Platzhalter: Kettenname) – Nr. 10
  blatt0_a.tex:99: TODO Anweisung: ein Satz über der ersten Teilaufgabe fehlt in der Bank – Nr. 10
  blatt0_a.tex:107: TODO Titel: Ich-kann-Satz fehlt in der Bank (Platzhalter: Kettenname) – Nr. 11
  blatt0_a.tex:108: TODO Anweisung: ein Satz über der ersten Teilaufgabe fehlt in der Bank – Nr. 11
  blatt0_a.tex:116: TODO Titel: Ich-kann-Satz fehlt in der Bank (Platzhalter: Kettenname) – Nr. 12
  blatt0_a.tex:117: TODO Anweisung: ein Satz über der ersten Teilaufgabe fehlt in der Bank – Nr. 12
  blatt0_a.tex:124: TODO Titel: Ich-kann-Satz fehlt in der Bank (Platzhalter: Kettenname) – Nr. 13
  blatt0_a.tex:125: TODO Anweisung: ein Satz über der ersten Teilaufgabe fehlt in der Bank – Nr. 13
  e1_a.tex:2: TODO Zweigzeile Teil 1: was hier gelernt wird (Satz in Schülersprache aus dem Einheitstitel) – Einheit 1
  e1_a.tex:7: TODO Titel: Ich-kann-Satz fehlt in der Bank (Platzhalter: Kettenname) – Nr. 14
  e1_a.tex:8: TODO Anweisung: ein Satz über der ersten Teilaufgabe fehlt in der Bank – Nr. 14
  e1_a.tex:10: TODO \rechenplatz{n}: Schrittzahl des Grundfalls fehlt in der Bank (nur bei fester Schreibform, 2.3 b)
  e1_a.tex:41: TODO Titel: Ich-kann-Satz fehlt in der Bank (Platzhalter: Kettenname) – Nr. 15
  e1_a.tex:42: TODO Anweisung: ein Satz über der ersten Teilaufgabe fehlt in der Bank – Nr. 15
  e2_a.tex:2: TODO Zweigzeile Teil 1: was hier gelernt wird (Satz in Schülersprache aus dem Einheitstitel) – Einheit 2
  e2_a.tex:7: TODO Titel: Ich-kann-Satz fehlt in der Bank (Platzhalter: Kettenname) – Nr. 16
  e2_a.tex:8: TODO Anweisung: ein Satz über der ersten Teilaufgabe fehlt in der Bank – Nr. 16
  e2_a.tex:10: TODO \rechenplatz{n}: Schrittzahl des Grundfalls fehlt in der Bank (nur bei fester Schreibform, 2.3 b)
  e2_a.tex:50: TODO Titel: Ich-kann-Satz fehlt in der Bank (Platzhalter: Kettenname) – Nr. 17
  e2_a.tex:51: TODO Anweisung: ein Satz über der ersten Teilaufgabe fehlt in der Bank – Nr. 17
  e3_a.tex:2: TODO Zweigzeile Teil 1: was hier gelernt wird (Satz in Schülersprache aus dem Einheitstitel) – Einheit 3
  e3_a.tex:7: TODO Titel: Ich-kann-Satz fehlt in der Bank (Platzhalter: Kettenname) – Nr. 18
  e3_a.tex:8: TODO Anweisung: ein Satz über der ersten Teilaufgabe fehlt in der Bank – Nr. 18
  e3_a.tex:10: TODO \rechenplatz{n}: Schrittzahl des Grundfalls fehlt in der Bank (nur bei fester Schreibform, 2.3 b)
  e3_a.tex:47: TODO Titel: Ich-kann-Satz fehlt in der Bank (Platzhalter: Kettenname) – Nr. 19
  e3_a.tex:48: TODO Anweisung: ein Satz über der ersten Teilaufgabe fehlt in der Bank – Nr. 19
  e3_a.tex:57: TODO Titel: Ich-kann-Satz fehlt in der Bank (Platzhalter: Kettenname) – Nr. 20
  e3_a.tex:58: TODO Anweisung: ein Satz über der ersten Teilaufgabe fehlt in der Bank – Nr. 20
  e4_a.tex:2: TODO Zweigzeile Teil 1: was hier gelernt wird (Satz in Schülersprache aus dem Einheitstitel) – Einheit 4
  e4_a.tex:7: TODO Titel: Ich-kann-Satz fehlt in der Bank (Platzhalter: Kettenname) – Nr. 21
  e4_a.tex:8: TODO Anweisung: ein Satz über der ersten Teilaufgabe fehlt in der Bank – Nr. 21
  e4_a.tex:10: TODO \rechenplatz{n}: Schrittzahl des Grundfalls fehlt in der Bank (nur bei fester Schreibform, 2.3 b)
  e4_a.tex:41: TODO Titel: Ich-kann-Satz fehlt in der Bank (Platzhalter: Kettenname) – Nr. 22
  e4_a.tex:42: TODO Anweisung: ein Satz über der ersten Teilaufgabe fehlt in der Bank – Nr. 22
STRUKTUR 0 Fehler
