# zusammenbau v0.7: zusammenbau.py prozentrechnung --kompetenz „Prozentsatz“ --niveau for --einheiten 2
VORLAGE mathblatt.sty: Version 2026-09-28a (unverändert; Ergänzungen im Vorspann)
KENNUNG PRZ-K1 – Kürzel PRZ aus _kuerzel.csv (mathe-nachhilfe); Rezept K (Kompetenzblatt)
EINHEIT Bank e2, Katalog Einheit 2 (Sprossen je Verfahrenstyp)
ZONE „Bruch ↔ Dezimalzahl (ein Viertel, drei Fünftel)“ (Einheit 1, 3): nicht für Katalogeinheit 2
ZONE „Bruchteil einer Größe (zwei Drittel von 60 €)“ (Einheit 3): nicht für Katalogeinheit 2
ZONE „Bruch als Anteil lesen und kürzen (drei von zwölf, gekürzt ein Viertel), auf den Nenner hundert erweitern“ (Einheit 1, 2, 4 gemeinsame Wörter) → prozentrechnung-zone-f1-v1
ZONE „Durch hundert teilen, mit Dezimalzahlen multiplizieren (Kommaverschiebung)“ (Einheit 2, 3, 4, 4 gemeinsame Wörter) → prozentrechnung-zone-f3-v1
ZONE „Runden auf eine Dezimalstelle“ (Einheit 2, 5, 2 gemeinsame Wörter) → prozentrechnung-zone-f5-v1
ZONE „Hoch- und Runterrechnen in einer Tabelle (Dreisatz, proportionale Zuordnung)“ (Einheit 2, 3, 4, 2 gemeinsame Wörter): passt, aber über 3 Fertigkeiten – entfällt
AUSWAHL prozentrechnung-e2-k3-s0-v1 – prozentrechnung e2 „Prozentsatz“, Sprosse 0 (vorstufe): Variante 1
AUSWAHL prozentrechnung-e2-k3-s1-v1 – prozentrechnung e2 „Prozentsatz“, Sprosse 1 (grundfall): Variante 1
AUSWAHL prozentrechnung-e2-k3-s2-v1 – prozentrechnung e2 „Prozentsatz“, Sprosse 2 (sprosse): Variante 1
AUSWAHL prozentrechnung-e2-k3-s3-v1 – prozentrechnung e2 „Prozentsatz“, Sprosse 3 (sprosse): Variante 1
AUSWAHL prozentrechnung-e2-k3-s4-v1 – prozentrechnung e2 „Prozentsatz“, Sprosse 4 (sprosse): Variante 1
AUSWAHL prozentrechnung-e2-k3-s5-v1 – prozentrechnung e2 „Prozentsatz“, Sprosse 5 (sprosse): Variante 1
AUSWAHL prozentrechnung-e2-k3-s6-v1 – prozentrechnung e2 „Prozentsatz“, Sprosse 6 (sprosse): Variante 1
PRÜFUNG 5 Originale, Jahrgänge [2014, 2015, 2018, 2023, 2025]; Fenster (jüngste fünf): [2014, 2015, 2018, 2023, 2025]
AUSWAHL prozentrechnung-e2-k3-s9-v1 – Prüfungshöhe (2025-OS-K6b, 2025)
AUSWAHL prozentrechnung-e2-k3-s7-v3 – Prüfungshöhe (2023-OS-K6a, 2023)
AUSWAHL prozentrechnung-e2-k3-s7-v1 – Prüfungshöhe (2018-OS-K7a, 2018)
AUSWAHL prozentrechnung-e2-k3-s7-v5 – Prüfungshöhe (2015-OS-K7c, 2015)
AUSWAHL prozentrechnung-e2-k3-s8-v1 – Prüfungshöhe (2014-OS-B1e, 2014)
PRÜFWORT „P10“ → „P10 ×5“ (Kataloge, 1 Typen; 5 Originale)
FRAGE prozentrechnung-zone-f5-v1: Kurzfrage „Auf eine Dezimalstelle?“ entfällt – die Anweisung „Runde.“ sagt es (Befund 5)
KASTEN Katalogeinheit 2: 2 Zeilen
ZEICHEN Ersatz im Vorspann: –
STRUKTUR 0 Fehler
