# zusammenbau v0.1: zusammenbau.py flaechen --schwach
VORLAGE mathblatt.sty: Version 2026-09-28a
EINHEITEN [1, 2, 3, 4, 5]
AUSWAHL flaechen-zone-f1-v1 – Zone f1 „Längeneinheiten umrechnen (mm, cm, m), g“, Sprosse 1: Variante 1; übergangen v2
AUSWAHL flaechen-zone-f1-v3 – Zone f1 „Längeneinheiten umrechnen (mm, cm, m), g“, Sprosse 2: kleinste Variante (v3; v1 fehlt)
WEG Zone f1 „Längeneinheiten umrechnen (mm, cm, m), g“ – Sprossen [3] (Fallstricke) nicht bestellt (Zone ja: s1 und s2)
AUSWAHL flaechen-zone-f2-v1 – Zone f2 „Flächeneinheiten (cm², m²) und Umrechnun“, Sprosse 1: Variante 1; übergangen v2
AUSWAHL flaechen-zone-f2-v3 – Zone f2 „Flächeneinheiten (cm², m²) und Umrechnun“, Sprosse 2: kleinste Variante (v3; v1 fehlt)
WEG Zone f2 „Flächeneinheiten (cm², m²) und Umrechnun“ – Sprossen [3, 4, 5] (Fallstricke) nicht bestellt (Zone ja: s1 und s2)
AUSWAHL flaechen-zone-f3-v1 – Zone f3 „Multiplizieren und Dividieren mit Dezima“, Sprosse 1: Variante 1; übergangen v2
AUSWAHL flaechen-zone-f3-v3 – Zone f3 „Multiplizieren und Dividieren mit Dezima“, Sprosse 2: kleinste Variante (v3; v1 fehlt)
WEG Zone f3 „Multiplizieren und Dividieren mit Dezima“ – Sprossen [3, 4] (Fallstricke) nicht bestellt (Zone ja: s1 und s2)
AUSWAHL flaechen-zone-f4-v1 – Zone f4 „Formel nach einer Größe umstellen (A = a“, Sprosse 1: Variante 1; übergangen v2
AUSWAHL flaechen-zone-f4-v3 – Zone f4 „Formel nach einer Größe umstellen (A = a“, Sprosse 2: kleinste Variante (v3; v1 fehlt)
WEG Zone f4 „Formel nach einer Größe umstellen (A = a“ – Sprossen [3] (Fallstricke) nicht bestellt (Zone ja: s1 und s2)
AUSWAHL flaechen-zone-f5-v1 – Zone f5 „Wurzel ziehen bei Quadratzahlen (√49)“, Sprosse 1: Variante 1; übergangen v2
AUSWAHL flaechen-zone-f5-v3 – Zone f5 „Wurzel ziehen bei Quadratzahlen (√49)“, Sprosse 2: kleinste Variante (v3; v1 fehlt)
WEG Zone f5 „Wurzel ziehen bei Quadratzahlen (√49)“ – Sprossen [3] (Fallstricke) nicht bestellt (Zone ja: s1 und s2)
AUSWAHL flaechen-zone-f6-v1 – Zone f6 „Rechten Winkel erkennen und einzeichnen “, Sprosse 1: Variante 1; übergangen v2
AUSWAHL flaechen-zone-f6-v3 – Zone f6 „Rechten Winkel erkennen und einzeichnen “, Sprosse 2: kleinste Variante (v3; v1 fehlt)
WEG Zone f6 „Rechten Winkel erkennen und einzeichnen “ – Sprossen [3] (Fallstricke) nicht bestellt (Zone ja: s1 und s2)
AUSWAHL flaechen-zone-f7-v1 – Zone f7 „Kreisfläche (π · r²)“, Sprosse 1: Variante 1; übergangen v2
AUSWAHL flaechen-zone-f7-v3 – Zone f7 „Kreisfläche (π · r²)“, Sprosse 2: kleinste Variante (v3; v1 fehlt)
WEG Zone f7 „Kreisfläche (π · r²)“ – Sprossen [3] (Fallstricke) nicht bestellt (Zone ja: s1 und s2)
AUSWAHL flaechen-zone-f2-v5 – Zone-Paar, Fehler finden
AUSWAHL flaechen-zone-f2-v6 – Zone-Paar, gleichartige Rechenaufgabe
AUSWAHL flaechen-e1-k1-s0-v1 – e1 k1 „Gegeben – gesucht“ (erkennung), Sprosse 0: Variante 1; übergangen v2, v3, v4
KETTE e1 k1 „Gegeben – gesucht“ (erkennung) → eine Hauptnummer (Erkennungsschritt: eigene Kette nach bank.md, zählt als Hauptnummer)
AUSWAHL flaechen-e1-k2-s0-v1 – e1 k2 „Rechteck“ (verfahren), Sprosse 0: Variante 1; übergangen v2, v3, v4
AUSWAHL flaechen-e1-k2-s1-v1 – e1 k2 „Rechteck“ (verfahren): schwach, Grundfall als Päckchen (alle Varianten, unterrichtsblatt 2.8)
AUSWAHL flaechen-e1-k2-s1-v2 – e1 k2 „Rechteck“ (verfahren): schwach, Grundfall als Päckchen (alle Varianten, unterrichtsblatt 2.8)
AUSWAHL flaechen-e1-k2-s1-v3 – e1 k2 „Rechteck“ (verfahren): schwach, Grundfall als Päckchen (alle Varianten, unterrichtsblatt 2.8)
AUSWAHL flaechen-e1-k2-s1-v4 – e1 k2 „Rechteck“ (verfahren): schwach, Grundfall als Päckchen (alle Varianten, unterrichtsblatt 2.8)
AUSWAHL flaechen-e1-k2-s1-v5 – e1 k2 „Rechteck“ (verfahren): schwach, Grundfall als Päckchen (alle Varianten, unterrichtsblatt 2.8)
AUSWAHL flaechen-e1-k2-s2-v1 – e1 k2 „Rechteck“ (verfahren), Sprosse 2: Variante 1; übergangen v2, v3
AUSWAHL flaechen-e1-k2-s3-v1 – e1 k2 „Rechteck“ (verfahren), Sprosse 3: Variante 1; übergangen v2, v3
AUSWAHL flaechen-e1-k2-s4-v1 – e1 k2 „Rechteck“ (verfahren), Sprosse 4: Variante 1; übergangen v2, v3
AUSWAHL flaechen-e1-k2-s5-v1 – e1 k2 „Rechteck“ (verfahren), Sprosse 5: Variante 1; übergangen v2, v3
AUSWAHL flaechen-e1-k2-s6-v1 – e1 k2 „Rechteck“ (verfahren), Sprosse 6: Variante 1; übergangen v2, v3
AUSWAHL flaechen-e1-k2-s7-v1 – e1 k2 „Rechteck“ (verfahren), Sprosse 7: Variante 1; übergangen v2, v3
AUSWAHL flaechen-e1-k2-s8-v1 – e1 k2 „Rechteck“ (verfahren), Sprosse 8: Variante 1; übergangen v2, v3
AUSWAHL flaechen-e1-k2-s9-v1 – e1 k2 „Rechteck“ (verfahren), Sprosse 9: Variante 1; übergangen v2
KETTE e1 k2 „Rechteck“ (verfahren) → eine Hauptnummer
AUSWAHL flaechen-e1-k3-s1-v1 – e1 k3 „aus Rechtecken zusammengesetzte Fläche (Summe)“ (ohne), Sprosse 1: Variante 1; übergangen v2, v3
KETTE e1 k3 „aus Rechtecken zusammengesetzte Fläche (Summe)“ (ohne) → eine Hauptnummer
AUSWAHL flaechen-e1-k4-s1-v1 – e1 k4 „Einheit wechseln vor dem Rechnen (cm und m gemischt)“ (ohne), Sprosse 1: Variante 1; übergangen v2, v3
KETTE e1 k4 „Einheit wechseln vor dem Rechnen (cm und m gemischt)“ (ohne) → eine Hauptnummer
AUSWAHL flaechen-e1-k5-s1-v1 – e1 k5 „Rechteck“ (pflicht), Sprosse 1: Variante 1; übergangen v2, v3
AUSWAHL flaechen-e1-k5-s2-v1 – e1 k5 „Rechteck“ (pflicht), Sprosse 2: Variante 1; übergangen v2, v3
AUSWAHL flaechen-e1-k5-s3-v1 – e1 k5 „Rechteck“ (pflicht), Sprosse 3: Variante 1; übergangen v2, v3
AUSWAHL flaechen-e1-k5-s4-v1 – e1 k5 „Rechteck“ (pflicht), Sprosse 4: Variante 1; übergangen v2, v3
KETTE e1 k5 „Rechteck“ (pflicht) → eine Hauptnummer
AUSWAHL flaechen-e2-k1-s0-v1 – e2 k1 „Parallelogramm“ (verfahren), Sprosse 0: Variante 1; übergangen v2, v3, v4
AUSWAHL flaechen-e2-k1-s1-v1 – e2 k1 „Parallelogramm“ (verfahren): schwach, Grundfall als Päckchen (alle Varianten, unterrichtsblatt 2.8)
AUSWAHL flaechen-e2-k1-s1-v2 – e2 k1 „Parallelogramm“ (verfahren): schwach, Grundfall als Päckchen (alle Varianten, unterrichtsblatt 2.8)
AUSWAHL flaechen-e2-k1-s1-v3 – e2 k1 „Parallelogramm“ (verfahren): schwach, Grundfall als Päckchen (alle Varianten, unterrichtsblatt 2.8)
AUSWAHL flaechen-e2-k1-s1-v4 – e2 k1 „Parallelogramm“ (verfahren): schwach, Grundfall als Päckchen (alle Varianten, unterrichtsblatt 2.8)
AUSWAHL flaechen-e2-k1-s1-v5 – e2 k1 „Parallelogramm“ (verfahren): schwach, Grundfall als Päckchen (alle Varianten, unterrichtsblatt 2.8)
AUSWAHL flaechen-e2-k1-s2-v1 – e2 k1 „Parallelogramm“ (verfahren), Sprosse 2: Variante 1; übergangen v2, v3
AUSWAHL flaechen-e2-k1-s3-v1 – e2 k1 „Parallelogramm“ (verfahren), Sprosse 3: Variante 1; übergangen v2, v3
AUSWAHL flaechen-e2-k1-s4-v1 – e2 k1 „Parallelogramm“ (verfahren), Sprosse 4: Variante 1; übergangen v2, v3
AUSWAHL flaechen-e2-k1-s5-v1 – e2 k1 „Parallelogramm“ (verfahren), Sprosse 5: Variante 1; übergangen v2, v3
AUSWAHL flaechen-e2-k1-s6-v1 – e2 k1 „Parallelogramm“ (verfahren), Sprosse 6: Variante 1; übergangen v2, v3
KETTE e2 k1 „Parallelogramm“ (verfahren) → eine Hauptnummer
AUSWAHL flaechen-e2-k2-s1-v1 – e2 k2 „Umfang aus den Seiten“ (ohne), Sprosse 1: Variante 1; übergangen v2, v3
KETTE e2 k2 „Umfang aus den Seiten“ (ohne) → eine Hauptnummer
AUSWAHL flaechen-e2-k3-s1-v1 – e2 k3 „Parallelogramm“ (pflicht), Sprosse 1: Variante 1; übergangen v2, v3
AUSWAHL flaechen-e2-k3-s2-v1 – e2 k3 „Parallelogramm“ (pflicht), Sprosse 2: Variante 1; übergangen v2, v3
AUSWAHL flaechen-e2-k3-s3-v1 – e2 k3 „Parallelogramm“ (pflicht), Sprosse 3: Variante 1; übergangen v2, v3
KETTE e2 k3 „Parallelogramm“ (pflicht) → eine Hauptnummer
AUSWAHL flaechen-e3-k1-s0-v1 – e3 k1 „Dreieck“ (verfahren), Sprosse 0: Variante 1; übergangen v2, v3, v4
AUSWAHL flaechen-e3-k1-s1-v1 – e3 k1 „Dreieck“ (verfahren): schwach, Grundfall als Päckchen (alle Varianten, unterrichtsblatt 2.8)
AUSWAHL flaechen-e3-k1-s1-v2 – e3 k1 „Dreieck“ (verfahren): schwach, Grundfall als Päckchen (alle Varianten, unterrichtsblatt 2.8)
AUSWAHL flaechen-e3-k1-s1-v3 – e3 k1 „Dreieck“ (verfahren): schwach, Grundfall als Päckchen (alle Varianten, unterrichtsblatt 2.8)
AUSWAHL flaechen-e3-k1-s1-v4 – e3 k1 „Dreieck“ (verfahren): schwach, Grundfall als Päckchen (alle Varianten, unterrichtsblatt 2.8)
AUSWAHL flaechen-e3-k1-s1-v5 – e3 k1 „Dreieck“ (verfahren): schwach, Grundfall als Päckchen (alle Varianten, unterrichtsblatt 2.8)
AUSWAHL flaechen-e3-k1-s2-v1 – e3 k1 „Dreieck“ (verfahren), Sprosse 2: Variante 1; übergangen v2, v3
AUSWAHL flaechen-e3-k1-s3-v1 – e3 k1 „Dreieck“ (verfahren), Sprosse 3: Variante 1; übergangen v2, v3
AUSWAHL flaechen-e3-k1-s4-v1 – e3 k1 „Dreieck“ (verfahren), Sprosse 4: Variante 1; übergangen v2, v3
AUSWAHL flaechen-e3-k1-s5-v1 – e3 k1 „Dreieck“ (verfahren), Sprosse 5: Variante 1; übergangen v2, v3
AUSWAHL flaechen-e3-k1-s6-v1 – e3 k1 „Dreieck“ (verfahren), Sprosse 6: Variante 1; übergangen v2, v3
AUSWAHL flaechen-e3-k1-s7-v1 – e3 k1 „Dreieck“ (verfahren), Sprosse 7: Variante 1; übergangen v2
KETTE e3 k1 „Dreieck“ (verfahren) → eine Hauptnummer
AUSWAHL flaechen-e3-k2-s1-v1 – e3 k2 „Höhe zur passenden Grundseite wählen (drei Höhen)“ (ohne), Sprosse 1: Variante 1; übergangen v2, v3
KETTE e3 k2 „Höhe zur passenden Grundseite wählen (drei Höhen)“ (ohne) → eine Hauptnummer
AUSWAHL flaechen-e3-k3-s1-v1 – e3 k3 „Umfang“ (ohne), Sprosse 1: Variante 1; übergangen v2, v3
KETTE e3 k3 „Umfang“ (ohne) → eine Hauptnummer
AUSWAHL flaechen-e3-k4-s1-v1 – e3 k4 „Dreieck“ (pflicht), Sprosse 1: Variante 1; übergangen v2, v3
AUSWAHL flaechen-e3-k4-s2-v1 – e3 k4 „Dreieck“ (pflicht), Sprosse 2: Variante 1; übergangen v2, v3
AUSWAHL flaechen-e3-k4-s3-v1 – e3 k4 „Dreieck“ (pflicht), Sprosse 3: Variante 1; übergangen v2, v3
AUSWAHL flaechen-e3-k4-s4-v1 – e3 k4 „Dreieck“ (pflicht), Sprosse 4: Variante 1; übergangen v2, v3
KETTE e3 k4 „Dreieck“ (pflicht) → eine Hauptnummer
AUSWAHL flaechen-e4-k1-s0-v1 – e4 k1 „Trapez“ (verfahren), Sprosse 0: Variante 1; übergangen v2, v3, v4
AUSWAHL flaechen-e4-k1-s1-v1 – e4 k1 „Trapez“ (verfahren): schwach, Grundfall als Päckchen (alle Varianten, unterrichtsblatt 2.8)
AUSWAHL flaechen-e4-k1-s1-v2 – e4 k1 „Trapez“ (verfahren): schwach, Grundfall als Päckchen (alle Varianten, unterrichtsblatt 2.8)
AUSWAHL flaechen-e4-k1-s1-v3 – e4 k1 „Trapez“ (verfahren): schwach, Grundfall als Päckchen (alle Varianten, unterrichtsblatt 2.8)
AUSWAHL flaechen-e4-k1-s1-v4 – e4 k1 „Trapez“ (verfahren): schwach, Grundfall als Päckchen (alle Varianten, unterrichtsblatt 2.8)
AUSWAHL flaechen-e4-k1-s1-v5 – e4 k1 „Trapez“ (verfahren): schwach, Grundfall als Päckchen (alle Varianten, unterrichtsblatt 2.8)
AUSWAHL flaechen-e4-k1-s2-v1 – e4 k1 „Trapez“ (verfahren), Sprosse 2: Variante 1; übergangen v2, v3
AUSWAHL flaechen-e4-k1-s3-v1 – e4 k1 „Trapez“ (verfahren), Sprosse 3: Variante 1; übergangen v2, v3
AUSWAHL flaechen-e4-k1-s4-v1 – e4 k1 „Trapez“ (verfahren), Sprosse 4: Variante 1; übergangen v2, v3
AUSWAHL flaechen-e4-k1-s5-v1 – e4 k1 „Trapez“ (verfahren), Sprosse 5: Variante 1; übergangen v2, v3
AUSWAHL flaechen-e4-k1-s6-v1 – e4 k1 „Trapez“ (verfahren), Sprosse 6: Variante 1; übergangen v2
KETTE e4 k1 „Trapez“ (verfahren) → eine Hauptnummer
AUSWAHL flaechen-e4-k2-s1-v1 – e4 k2 „Umfang mit Schenkel aus Pythagoras oder Sinus (Vorrat)“ (ohne), Sprosse 1: Variante 1; übergangen v2, v3
KETTE e4 k2 „Umfang mit Schenkel aus Pythagoras oder Sinus (Vorrat)“ (ohne) → eine Hauptnummer
AUSWAHL flaechen-e4-k3-s1-v1 – e4 k3 „Diagonale aus A“ (ohne), Sprosse 1: Variante 1; übergangen v2, v3
KETTE e4 k3 „Diagonale aus A“ (ohne) → eine Hauptnummer
AUSWAHL flaechen-e4-k4-s1-v1 – e4 k4 „Trapez“ (pflicht), Sprosse 1: Variante 1; übergangen v2, v3
AUSWAHL flaechen-e4-k4-s2-v1 – e4 k4 „Trapez“ (pflicht), Sprosse 2: Variante 1; übergangen v2, v3
AUSWAHL flaechen-e4-k4-s3-v1 – e4 k4 „Trapez“ (pflicht), Sprosse 3: Variante 1; übergangen v2, v3
KETTE e4 k4 „Trapez“ (pflicht) → eine Hauptnummer
AUSWAHL flaechen-e5-k1-s0-v1 – e5 k1 „Zusammengesetzte Figuren“ (verfahren), Sprosse 0: Variante 1; übergangen v2, v3, v4
AUSWAHL flaechen-e5-k1-s1-v1 – e5 k1 „Zusammengesetzte Figuren“ (verfahren): schwach, Grundfall als Päckchen (alle Varianten, unterrichtsblatt 2.8)
AUSWAHL flaechen-e5-k1-s1-v2 – e5 k1 „Zusammengesetzte Figuren“ (verfahren): schwach, Grundfall als Päckchen (alle Varianten, unterrichtsblatt 2.8)
AUSWAHL flaechen-e5-k1-s1-v3 – e5 k1 „Zusammengesetzte Figuren“ (verfahren): schwach, Grundfall als Päckchen (alle Varianten, unterrichtsblatt 2.8)
AUSWAHL flaechen-e5-k1-s1-v4 – e5 k1 „Zusammengesetzte Figuren“ (verfahren): schwach, Grundfall als Päckchen (alle Varianten, unterrichtsblatt 2.8)
AUSWAHL flaechen-e5-k1-s1-v5 – e5 k1 „Zusammengesetzte Figuren“ (verfahren): schwach, Grundfall als Päckchen (alle Varianten, unterrichtsblatt 2.8)
AUSWAHL flaechen-e5-k1-s2-v1 – e5 k1 „Zusammengesetzte Figuren“ (verfahren), Sprosse 2: Variante 1; übergangen v2, v3
AUSWAHL flaechen-e5-k1-s3-v1 – e5 k1 „Zusammengesetzte Figuren“ (verfahren), Sprosse 3: Variante 1; übergangen v2, v3
AUSWAHL flaechen-e5-k1-s4-v1 – e5 k1 „Zusammengesetzte Figuren“ (verfahren), Sprosse 4: Variante 1; übergangen v2, v3
AUSWAHL flaechen-e5-k1-s5-v1 – e5 k1 „Zusammengesetzte Figuren“ (verfahren), Sprosse 5: Variante 1; übergangen v2, v3
AUSWAHL flaechen-e5-k1-s6-v1 – e5 k1 „Zusammengesetzte Figuren“ (verfahren), Sprosse 6: Variante 1; übergangen v2, v3
AUSWAHL flaechen-e5-k1-s7-v1 – e5 k1 „Zusammengesetzte Figuren“ (verfahren), Sprosse 7: Variante 1; übergangen v2
KETTE e5 k1 „Zusammengesetzte Figuren“ (verfahren) → eine Hauptnummer
AUSWAHL flaechen-e5-k2-s1-v1 – e5 k2 „Sachaufgabe mit Entscheidung (reicht die Platte?)“ (ohne), Sprosse 1: Variante 1; übergangen v2, v3
KETTE e5 k2 „Sachaufgabe mit Entscheidung (reicht die Platte?)“ (ohne) → eine Hauptnummer
AUSWAHL flaechen-e5-k3-s1-v1 – e5 k3 „Verschnitt in Prozent (Vorrat, Niveau III)“ (ohne), Sprosse 1: Variante 1; übergangen v2, v3
KETTE e5 k3 „Verschnitt in Prozent (Vorrat, Niveau III)“ (ohne) → eine Hauptnummer
AUSWAHL flaechen-e5-k4-s1-v1 – e5 k4 „Zusammengesetzte Figuren“ (pflicht), Sprosse 1: Variante 1; übergangen v2, v3
AUSWAHL flaechen-e5-k4-s2-v1 – e5 k4 „Zusammengesetzte Figuren“ (pflicht), Sprosse 2: Variante 1; übergangen v2, v3
AUSWAHL flaechen-e5-k4-s3-v1 – e5 k4 „Zusammengesetzte Figuren“ (pflicht), Sprosse 3: Variante 1; übergangen v2, v3
KETTE e5 k4 „Zusammengesetzte Figuren“ (pflicht) → eine Hauptnummer
KOPF Einheit 1: „Einheit 1 von 5 · Rechteck, Quadrat, Umfang“; Marken „OS Kl. 5 · GYM Kl. 5 · P10 oft“ → Zeitmarke „ab Kl. 5“, Prüfungswort „P10 oft“
WARNUNG Nr. 11: 15 Teilaufgaben, 0 mit Grafik – über dem Halbseitenmaß (2.3 g); v0.1 teilt nur im Fokus
KOPF Einheit 2: „Einheit 2 von 5 · Parallelogramm“; Marken „OS Kl. 7–8 (Sekundo 8, Mathematik 2023 7, Schnittpunkt 8, Mathematik heute 7) · GYM Kl. 7 · keine P10-Aufgabe“ → Zeitmarke „ab Kl. 7, je nach Buch bis Kl. 8“, Prüfungswort „keine P10-Aufgabe“
WARNUNG Nr. 15: 12 Teilaufgaben, 2 mit Grafik – über dem Halbseitenmaß (2.3 g); v0.1 teilt nur im Fokus
KOPF Einheit 3: „Einheit 3 von 5 · Dreieck“; Marken „OS Kl. 7–8 (Sekundo 7, Mathematik 2023 7, Schnittpunkt 8, Mathematik heute 7) · GYM Kl. 5–7 (LS 5, Fundamente 7, Elemente 7) · P10 oft · nicht für alle: Sekundo 7 LVL“ → Zeitmarke „ab Kl. 7, je nach Buch bis Kl. 8 (am Gymnasium ab Kl. 5)“, Prüfungswort „P10 oft“
WARNUNG Nr. 18: 13 Teilaufgaben, 3 mit Grafik – über dem Halbseitenmaß (2.3 g); v0.1 teilt nur im Fokus
KOPF Einheit 4: „Einheit 4 von 5 · Trapez, Drachenviereck, Raute“; Marken „OS Kl. 7–8 (Sekundo 8, Mathematik 2023 7, Schnittpunkt 8, Mathematik heute 7) · GYM Kl. 7 · P10 · nicht für alle: Schnittpunkt 8 EXTRA“ → Zeitmarke „ab Kl. 7, je nach Buch bis Kl. 8“, Prüfungswort „P10“
WARNUNG Nr. 22: 12 Teilaufgaben, 1 mit Grafik – über dem Halbseitenmaß (2.3 g); v0.1 teilt nur im Fokus
KOPF Einheit 5: „Einheit 5 von 5 · Zusammengesetzte Figuren“; Marken „OS Kl. 5–6 (Schnittpunkt 5, Mathematik heute 6) · GYM Kl. 5–7 (LS 7, Fundamente 5, Elemente 5) · P10 oft · nicht für alle: Mathematik 2023 7 Vertiefen, Fundamente 7 Streifzug, Elemente 7 Zum Selbstlernen“ → Zeitmarke „ab Kl. 5, je nach Buch bis Kl. 6“, Prüfungswort „P10 oft“
WARNUNG Nr. 26: 13 Teilaufgaben, 1 mit Grafik – über dem Halbseitenmaß (2.3 g); v0.1 teilt nur im Fokus
TODO 140 Stellen in den Quelltexten:
  abhaken.tex:2: TODO Ich-kann-Sätze: Platzhalter wie in den Aufgabendateien
  blatt0_a.tex:4: TODO Grundvorstellungs-Aufgabe als erste Hauptnummer der Zone (2.8) fehlt in der Bank
  blatt0_a.tex:6: TODO Titel: Ich-kann-Satz fehlt in der Bank (Platzhalter: Kettenname) – Nr. 1
  blatt0_a.tex:7: TODO Anweisung: ein Satz über der ersten Teilaufgabe fehlt in der Bank – Nr. 1
  blatt0_a.tex:9: TODO Darstellung für schwach fehlt in der Bank (flaechen-zone-f1-v1; Abschnitt „Für schwache Schüler“)
  blatt0_a.tex:11: TODO Darstellung für schwach fehlt in der Bank (flaechen-zone-f1-v3; Abschnitt „Für schwache Schüler“)
  blatt0_a.tex:15: TODO Titel: Ich-kann-Satz fehlt in der Bank (Platzhalter: Kettenname) – Nr. 2
  blatt0_a.tex:16: TODO Anweisung: ein Satz über der ersten Teilaufgabe fehlt in der Bank – Nr. 2
  blatt0_a.tex:18: TODO Darstellung für schwach fehlt in der Bank (flaechen-zone-f2-v1; Abschnitt „Für schwache Schüler“)
  blatt0_a.tex:20: TODO Darstellung für schwach fehlt in der Bank (flaechen-zone-f2-v3; Abschnitt „Für schwache Schüler“)
  blatt0_a.tex:24: TODO Titel: Ich-kann-Satz fehlt in der Bank (Platzhalter: Kettenname) – Nr. 3
  blatt0_a.tex:25: TODO Anweisung: ein Satz über der ersten Teilaufgabe fehlt in der Bank – Nr. 3
  blatt0_a.tex:27: TODO Darstellung für schwach fehlt in der Bank (flaechen-zone-f3-v1; Abschnitt „Für schwache Schüler“)
  blatt0_a.tex:29: TODO Darstellung für schwach fehlt in der Bank (flaechen-zone-f3-v3; Abschnitt „Für schwache Schüler“)
  blatt0_a.tex:33: TODO Titel: Ich-kann-Satz fehlt in der Bank (Platzhalter: Kettenname) – Nr. 4
  blatt0_a.tex:34: TODO Anweisung: ein Satz über der ersten Teilaufgabe fehlt in der Bank – Nr. 4
  blatt0_a.tex:36: TODO Darstellung für schwach fehlt in der Bank (flaechen-zone-f4-v1; Abschnitt „Für schwache Schüler“)
  blatt0_a.tex:38: TODO Darstellung für schwach fehlt in der Bank (flaechen-zone-f4-v3; Abschnitt „Für schwache Schüler“)
  blatt0_a.tex:42: TODO Titel: Ich-kann-Satz fehlt in der Bank (Platzhalter: Kettenname) – Nr. 5
  blatt0_a.tex:43: TODO Anweisung: ein Satz über der ersten Teilaufgabe fehlt in der Bank – Nr. 5
  blatt0_a.tex:45: TODO Darstellung für schwach fehlt in der Bank (flaechen-zone-f5-v1; Abschnitt „Für schwache Schüler“)
  blatt0_a.tex:47: TODO Darstellung für schwach fehlt in der Bank (flaechen-zone-f5-v3; Abschnitt „Für schwache Schüler“)
  blatt0_a.tex:51: TODO Titel: Ich-kann-Satz fehlt in der Bank (Platzhalter: Kettenname) – Nr. 6
  blatt0_a.tex:52: TODO Anweisung: ein Satz über der ersten Teilaufgabe fehlt in der Bank – Nr. 6
  blatt0_a.tex:60: TODO Titel: Ich-kann-Satz fehlt in der Bank (Platzhalter: Kettenname) – Nr. 7
  blatt0_a.tex:61: TODO Anweisung: ein Satz über der ersten Teilaufgabe fehlt in der Bank – Nr. 7
  blatt0_a.tex:63: TODO Darstellung für schwach fehlt in der Bank (flaechen-zone-f7-v1; Abschnitt „Für schwache Schüler“)
  blatt0_a.tex:65: TODO Darstellung für schwach fehlt in der Bank (flaechen-zone-f7-v3; Abschnitt „Für schwache Schüler“)
  blatt0_a.tex:69: TODO Titel: Ich-kann-Satz fehlt in der Bank (Platzhalter: Kettenname) – Nr. 8
  blatt0_a.tex:70: TODO Anweisung: ein Satz über der ersten Teilaufgabe fehlt in der Bank – Nr. 8
  blatt0_a.tex:75: TODO Titel: Ich-kann-Satz fehlt in der Bank (Platzhalter: Kettenname) – Nr. 9
  blatt0_a.tex:76: TODO Anweisung: ein Satz über der ersten Teilaufgabe fehlt in der Bank – Nr. 9
  blatt0_a.tex:78: TODO Darstellung für schwach fehlt in der Bank (flaechen-zone-f2-v6; Abschnitt „Für schwache Schüler“)
  e1_a.tex:2: TODO Zweigzeile Teil 1: was hier gelernt wird (Satz in Schülersprache aus dem Einheitstitel) – Einheit 1
  e1_a.tex:7: TODO Titel: Ich-kann-Satz fehlt in der Bank (Platzhalter: Kettenname) – Nr. 10
  e1_a.tex:8: TODO Anweisung: ein Satz über der ersten Teilaufgabe fehlt in der Bank – Nr. 10
  e1_a.tex:15: TODO Titel: Ich-kann-Satz fehlt in der Bank (Platzhalter: Kettenname) – Nr. 11
  e1_a.tex:16: TODO Anweisung: ein Satz über der ersten Teilaufgabe fehlt in der Bank – Nr. 11
  e1_a.tex:21: TODO Darstellung für schwach fehlt in der Bank (flaechen-e1-k2-s1-v1; Abschnitt „Für schwache Schüler“)
  e1_a.tex:23: TODO Darstellung für schwach fehlt in der Bank (flaechen-e1-k2-s1-v2; Abschnitt „Für schwache Schüler“)
  e1_a.tex:25: TODO Darstellung für schwach fehlt in der Bank (flaechen-e1-k2-s1-v3; Abschnitt „Für schwache Schüler“)
  e1_a.tex:27: TODO Darstellung für schwach fehlt in der Bank (flaechen-e1-k2-s1-v4; Abschnitt „Für schwache Schüler“)
  e1_a.tex:29: TODO Darstellung für schwach fehlt in der Bank (flaechen-e1-k2-s1-v5; Abschnitt „Für schwache Schüler“)
  e1_a.tex:32: TODO Darstellung für schwach fehlt in der Bank (flaechen-e1-k2-s2-v1; Abschnitt „Für schwache Schüler“)
  e1_a.tex:34: TODO Darstellung für schwach fehlt in der Bank (flaechen-e1-k2-s3-v1; Abschnitt „Für schwache Schüler“)
  e1_a.tex:36: TODO Darstellung für schwach fehlt in der Bank (flaechen-e1-k2-s4-v1; Abschnitt „Für schwache Schüler“)
  e1_a.tex:38: TODO Darstellung für schwach fehlt in der Bank (flaechen-e1-k2-s5-v1; Abschnitt „Für schwache Schüler“)
  e1_a.tex:40: TODO Darstellung für schwach fehlt in der Bank (flaechen-e1-k2-s6-v1; Abschnitt „Für schwache Schüler“)
  e1_a.tex:42: TODO Darstellung für schwach fehlt in der Bank (flaechen-e1-k2-s7-v1; Abschnitt „Für schwache Schüler“)
  e1_a.tex:44: TODO Darstellung für schwach fehlt in der Bank (flaechen-e1-k2-s8-v1; Abschnitt „Für schwache Schüler“)
  e1_a.tex:49: TODO Titel: Ich-kann-Satz fehlt in der Bank (Platzhalter: Kettenname) – Nr. 12
  e1_a.tex:50: TODO Anweisung: ein Satz über der ersten Teilaufgabe fehlt in der Bank – Nr. 12
  e1_a.tex:52: TODO Darstellung für schwach fehlt in der Bank (flaechen-e1-k3-s1-v1; Abschnitt „Für schwache Schüler“)
  e1_a.tex:56: TODO Titel: Ich-kann-Satz fehlt in der Bank (Platzhalter: Kettenname) – Nr. 13
  e1_a.tex:57: TODO Anweisung: ein Satz über der ersten Teilaufgabe fehlt in der Bank – Nr. 13
  e1_a.tex:59: TODO Darstellung für schwach fehlt in der Bank (flaechen-e1-k4-s1-v1; Abschnitt „Für schwache Schüler“)
  e1_a.tex:63: TODO Titel: Ich-kann-Satz fehlt in der Bank (Platzhalter: Kettenname) – Nr. 14
  e1_a.tex:64: TODO Anweisung: ein Satz über der ersten Teilaufgabe fehlt in der Bank – Nr. 14
  e1_l.tex:5: TODO Lösung der Erklärzeile 11g) fehlt in der Bank
  e2_a.tex:2: TODO Zweigzeile Teil 1: was hier gelernt wird (Satz in Schülersprache aus dem Einheitstitel) – Einheit 2
  e2_a.tex:7: TODO Titel: Ich-kann-Satz fehlt in der Bank (Platzhalter: Kettenname) – Nr. 15
  e2_a.tex:8: TODO Anweisung: ein Satz über der ersten Teilaufgabe fehlt in der Bank – Nr. 15
  e2_a.tex:11: TODO Darstellung für schwach fehlt in der Bank (flaechen-e2-k1-s1-v1; Abschnitt „Für schwache Schüler“)
  e2_a.tex:13: TODO Darstellung für schwach fehlt in der Bank (flaechen-e2-k1-s1-v2; Abschnitt „Für schwache Schüler“)
  e2_a.tex:15: TODO Darstellung für schwach fehlt in der Bank (flaechen-e2-k1-s1-v3; Abschnitt „Für schwache Schüler“)
  e2_a.tex:17: TODO Darstellung für schwach fehlt in der Bank (flaechen-e2-k1-s1-v4; Abschnitt „Für schwache Schüler“)
  e2_a.tex:19: TODO Darstellung für schwach fehlt in der Bank (flaechen-e2-k1-s1-v5; Abschnitt „Für schwache Schüler“)
  e2_a.tex:22: TODO Darstellung für schwach fehlt in der Bank (flaechen-e2-k1-s2-v1; Abschnitt „Für schwache Schüler“)
  e2_a.tex:24: TODO Darstellung für schwach fehlt in der Bank (flaechen-e2-k1-s3-v1; Abschnitt „Für schwache Schüler“)
  e2_a.tex:26: TODO Darstellung für schwach fehlt in der Bank (flaechen-e2-k1-s4-v1; Abschnitt „Für schwache Schüler“)
  e2_a.tex:28: TODO Darstellung für schwach fehlt in der Bank (flaechen-e2-k1-s5-v1; Abschnitt „Für schwache Schüler“)
  e2_a.tex:33: TODO Titel: Ich-kann-Satz fehlt in der Bank (Platzhalter: Kettenname) – Nr. 16
  e2_a.tex:34: TODO Anweisung: ein Satz über der ersten Teilaufgabe fehlt in der Bank – Nr. 16
  e2_a.tex:36: TODO Darstellung für schwach fehlt in der Bank (flaechen-e2-k2-s1-v1; Abschnitt „Für schwache Schüler“)
  e2_a.tex:40: TODO Titel: Ich-kann-Satz fehlt in der Bank (Platzhalter: Kettenname) – Nr. 17
  e2_a.tex:41: TODO Anweisung: ein Satz über der ersten Teilaufgabe fehlt in der Bank – Nr. 17
  e2_l.tex:4: TODO Lösung der Erklärzeile 15g) fehlt in der Bank
  e3_a.tex:2: TODO Zweigzeile Teil 1: was hier gelernt wird (Satz in Schülersprache aus dem Einheitstitel) – Einheit 3
  e3_a.tex:7: TODO Titel: Ich-kann-Satz fehlt in der Bank (Platzhalter: Kettenname) – Nr. 18
  e3_a.tex:8: TODO Anweisung: ein Satz über der ersten Teilaufgabe fehlt in der Bank – Nr. 18
  e3_a.tex:11: TODO Darstellung für schwach fehlt in der Bank (flaechen-e3-k1-s1-v1; Abschnitt „Für schwache Schüler“)
  e3_a.tex:13: TODO Darstellung für schwach fehlt in der Bank (flaechen-e3-k1-s1-v2; Abschnitt „Für schwache Schüler“)
  e3_a.tex:15: TODO Darstellung für schwach fehlt in der Bank (flaechen-e3-k1-s1-v3; Abschnitt „Für schwache Schüler“)
  e3_a.tex:17: TODO Darstellung für schwach fehlt in der Bank (flaechen-e3-k1-s1-v4; Abschnitt „Für schwache Schüler“)
  e3_a.tex:19: TODO Darstellung für schwach fehlt in der Bank (flaechen-e3-k1-s1-v5; Abschnitt „Für schwache Schüler“)
  e3_a.tex:24: TODO Darstellung für schwach fehlt in der Bank (flaechen-e3-k1-s4-v1; Abschnitt „Für schwache Schüler“)
  e3_a.tex:26: TODO Darstellung für schwach fehlt in der Bank (flaechen-e3-k1-s5-v1; Abschnitt „Für schwache Schüler“)
  e3_a.tex:28: TODO Darstellung für schwach fehlt in der Bank (flaechen-e3-k1-s6-v1; Abschnitt „Für schwache Schüler“)
  e3_a.tex:33: TODO Titel: Ich-kann-Satz fehlt in der Bank (Platzhalter: Kettenname) – Nr. 19
  e3_a.tex:34: TODO Anweisung: ein Satz über der ersten Teilaufgabe fehlt in der Bank – Nr. 19
  e3_a.tex:36: TODO Darstellung für schwach fehlt in der Bank (flaechen-e3-k2-s1-v1; Abschnitt „Für schwache Schüler“)
  e3_a.tex:40: TODO Titel: Ich-kann-Satz fehlt in der Bank (Platzhalter: Kettenname) – Nr. 20
  e3_a.tex:41: TODO Anweisung: ein Satz über der ersten Teilaufgabe fehlt in der Bank – Nr. 20
  e3_a.tex:43: TODO Darstellung für schwach fehlt in der Bank (flaechen-e3-k3-s1-v1; Abschnitt „Für schwache Schüler“)
  e3_a.tex:47: TODO Titel: Ich-kann-Satz fehlt in der Bank (Platzhalter: Kettenname) – Nr. 21
  e3_a.tex:48: TODO Anweisung: ein Satz über der ersten Teilaufgabe fehlt in der Bank – Nr. 21
  e3_l.tex:4: TODO Lösung der Erklärzeile 18g) fehlt in der Bank
  e4_a.tex:2: TODO Zweigzeile Teil 1: was hier gelernt wird (Satz in Schülersprache aus dem Einheitstitel) – Einheit 4
  e4_a.tex:7: TODO Titel: Ich-kann-Satz fehlt in der Bank (Platzhalter: Kettenname) – Nr. 22
  e4_a.tex:8: TODO Anweisung: ein Satz über der ersten Teilaufgabe fehlt in der Bank – Nr. 22
  e4_a.tex:13: TODO Darstellung für schwach fehlt in der Bank (flaechen-e4-k1-s1-v1; Abschnitt „Für schwache Schüler“)
  e4_a.tex:15: TODO Darstellung für schwach fehlt in der Bank (flaechen-e4-k1-s1-v2; Abschnitt „Für schwache Schüler“)
  e4_a.tex:17: TODO Darstellung für schwach fehlt in der Bank (flaechen-e4-k1-s1-v3; Abschnitt „Für schwache Schüler“)
  e4_a.tex:19: TODO Darstellung für schwach fehlt in der Bank (flaechen-e4-k1-s1-v4; Abschnitt „Für schwache Schüler“)
  e4_a.tex:21: TODO Darstellung für schwach fehlt in der Bank (flaechen-e4-k1-s1-v5; Abschnitt „Für schwache Schüler“)
  e4_a.tex:24: TODO Darstellung für schwach fehlt in der Bank (flaechen-e4-k1-s2-v1; Abschnitt „Für schwache Schüler“)
  e4_a.tex:26: TODO Darstellung für schwach fehlt in der Bank (flaechen-e4-k1-s3-v1; Abschnitt „Für schwache Schüler“)
  e4_a.tex:28: TODO Darstellung für schwach fehlt in der Bank (flaechen-e4-k1-s4-v1; Abschnitt „Für schwache Schüler“)
  e4_a.tex:30: TODO Darstellung für schwach fehlt in der Bank (flaechen-e4-k1-s5-v1; Abschnitt „Für schwache Schüler“)
  e4_a.tex:35: TODO Titel: Ich-kann-Satz fehlt in der Bank (Platzhalter: Kettenname) – Nr. 23
  e4_a.tex:36: TODO Anweisung: ein Satz über der ersten Teilaufgabe fehlt in der Bank – Nr. 23
  e4_a.tex:38: TODO Darstellung für schwach fehlt in der Bank (flaechen-e4-k2-s1-v1; Abschnitt „Für schwache Schüler“)
  e4_a.tex:42: TODO Titel: Ich-kann-Satz fehlt in der Bank (Platzhalter: Kettenname) – Nr. 24
  e4_a.tex:43: TODO Anweisung: ein Satz über der ersten Teilaufgabe fehlt in der Bank – Nr. 24
  e4_a.tex:45: TODO Darstellung für schwach fehlt in der Bank (flaechen-e4-k3-s1-v1; Abschnitt „Für schwache Schüler“)
  e4_a.tex:49: TODO Titel: Ich-kann-Satz fehlt in der Bank (Platzhalter: Kettenname) – Nr. 25
  e4_a.tex:50: TODO Anweisung: ein Satz über der ersten Teilaufgabe fehlt in der Bank – Nr. 25
  e4_l.tex:4: TODO Lösung der Erklärzeile 22g) fehlt in der Bank
  e5_a.tex:2: TODO Zweigzeile Teil 1: was hier gelernt wird (Satz in Schülersprache aus dem Einheitstitel) – Einheit 5
  e5_a.tex:7: TODO Titel: Ich-kann-Satz fehlt in der Bank (Platzhalter: Kettenname) – Nr. 26
  e5_a.tex:8: TODO Anweisung: ein Satz über der ersten Teilaufgabe fehlt in der Bank – Nr. 26
  e5_a.tex:11: TODO Darstellung für schwach fehlt in der Bank (flaechen-e5-k1-s1-v1; Abschnitt „Für schwache Schüler“)
  e5_a.tex:13: TODO Darstellung für schwach fehlt in der Bank (flaechen-e5-k1-s1-v2; Abschnitt „Für schwache Schüler“)
  e5_a.tex:15: TODO Darstellung für schwach fehlt in der Bank (flaechen-e5-k1-s1-v3; Abschnitt „Für schwache Schüler“)
  e5_a.tex:17: TODO Darstellung für schwach fehlt in der Bank (flaechen-e5-k1-s1-v4; Abschnitt „Für schwache Schüler“)
  e5_a.tex:19: TODO Darstellung für schwach fehlt in der Bank (flaechen-e5-k1-s1-v5; Abschnitt „Für schwache Schüler“)
  e5_a.tex:22: TODO Darstellung für schwach fehlt in der Bank (flaechen-e5-k1-s2-v1; Abschnitt „Für schwache Schüler“)
  e5_a.tex:24: TODO Darstellung für schwach fehlt in der Bank (flaechen-e5-k1-s3-v1; Abschnitt „Für schwache Schüler“)
  e5_a.tex:26: TODO Darstellung für schwach fehlt in der Bank (flaechen-e5-k1-s4-v1; Abschnitt „Für schwache Schüler“)
  e5_a.tex:28: TODO Darstellung für schwach fehlt in der Bank (flaechen-e5-k1-s5-v1; Abschnitt „Für schwache Schüler“)
  e5_a.tex:30: TODO Darstellung für schwach fehlt in der Bank (flaechen-e5-k1-s6-v1; Abschnitt „Für schwache Schüler“)
  e5_a.tex:35: TODO Titel: Ich-kann-Satz fehlt in der Bank (Platzhalter: Kettenname) – Nr. 27
  e5_a.tex:36: TODO Anweisung: ein Satz über der ersten Teilaufgabe fehlt in der Bank – Nr. 27
  e5_a.tex:38: TODO Darstellung für schwach fehlt in der Bank (flaechen-e5-k2-s1-v1; Abschnitt „Für schwache Schüler“)
  e5_a.tex:42: TODO Titel: Ich-kann-Satz fehlt in der Bank (Platzhalter: Kettenname) – Nr. 28
  e5_a.tex:43: TODO Anweisung: ein Satz über der ersten Teilaufgabe fehlt in der Bank – Nr. 28
  e5_a.tex:45: TODO Darstellung für schwach fehlt in der Bank (flaechen-e5-k3-s1-v1; Abschnitt „Für schwache Schüler“)
  e5_a.tex:49: TODO Titel: Ich-kann-Satz fehlt in der Bank (Platzhalter: Kettenname) – Nr. 29
  e5_a.tex:50: TODO Anweisung: ein Satz über der ersten Teilaufgabe fehlt in der Bank – Nr. 29
  e5_l.tex:4: TODO Lösung der Erklärzeile 26g) fehlt in der Bank
STRUKTUR 0 Fehler
