# zusammenbau v0.1: zusammenbau.py matrizen-und-uebergangsprozesse
VORLAGE mathblatt.sty: Version 2026-09-28a
EINHEITEN [1, 2, 3, 4, 5]
AUSWAHL matrizen-und-uebergangsprozesse-zone-f1-v1 – Zone f1 „Lineare Gleichungssysteme mit zwei und d“, Sprosse 1: Variante 1; übergangen v2
AUSWAHL matrizen-und-uebergangsprozesse-zone-f1-v3 – Zone f1 „Lineare Gleichungssysteme mit zwei und d“, Sprosse 2: kleinste Variante (v3; v1 fehlt)
WEG Zone f1 „Lineare Gleichungssysteme mit zwei und d“ – Sprossen [3, 4, 5, 6] (Fallstricke) nicht bestellt (Zone ja: s1 und s2)
AUSWAHL matrizen-und-uebergangsprozesse-zone-f2-v1 – Zone f2 „Vektoren als Listen lesen und schreiben “, Sprosse 1: Variante 1; übergangen v2
AUSWAHL matrizen-und-uebergangsprozesse-zone-f2-v3 – Zone f2 „Vektoren als Listen lesen und schreiben “, Sprosse 2: kleinste Variante (v3; v1 fehlt)
WEG Zone f2 „Vektoren als Listen lesen und schreiben “ – Sprossen [3] (Fallstricke) nicht bestellt (Zone ja: s1 und s2)
AUSWAHL matrizen-und-uebergangsprozesse-zone-f3-v1 – Zone f3 „Diagramme lesen und zeichnen (Knoten, Pf“, Sprosse 1: Variante 1; übergangen v2
AUSWAHL matrizen-und-uebergangsprozesse-zone-f3-v3 – Zone f3 „Diagramme lesen und zeichnen (Knoten, Pf“, Sprosse 2: kleinste Variante (v3; v1 fehlt)
WEG Zone f3 „Diagramme lesen und zeichnen (Knoten, Pf“ – Sprossen [3] (Fallstricke) nicht bestellt (Zone ja: s1 und s2)
AUSWAHL matrizen-und-uebergangsprozesse-zone-f4-v1 – Zone f4 „Terme mit einer Unbekannten aufstellen u“, Sprosse 1: Variante 1; übergangen v2
AUSWAHL matrizen-und-uebergangsprozesse-zone-f4-v3 – Zone f4 „Terme mit einer Unbekannten aufstellen u“, Sprosse 2: kleinste Variante (v3; v1 fehlt)
WEG Zone f4 „Terme mit einer Unbekannten aufstellen u“ – Sprossen [3] (Fallstricke) nicht bestellt (Zone ja: s1 und s2)
AUSWAHL matrizen-und-uebergangsprozesse-zone-f5-v1 – Zone f5 „Anteile, Prozentsätze und Anzahlen inein“, Sprosse 1: Variante 1; übergangen v2
AUSWAHL matrizen-und-uebergangsprozesse-zone-f5-v3 – Zone f5 „Anteile, Prozentsätze und Anzahlen inein“, Sprosse 2: kleinste Variante (v3; v1 fehlt)
WEG Zone f5 „Anteile, Prozentsätze und Anzahlen inein“ – Sprossen [3] (Fallstricke) nicht bestellt (Zone ja: s1 und s2)
AUSWAHL matrizen-und-uebergangsprozesse-zone-f6-v1 – Zone f6 „Potenzen mit Basis unter eins fallen, Ex“, Sprosse 1: Variante 1; übergangen v2
AUSWAHL matrizen-und-uebergangsprozesse-zone-f6-v3 – Zone f6 „Potenzen mit Basis unter eins fallen, Ex“, Sprosse 2: kleinste Variante (v3; v1 fehlt)
WEG Zone f6 „Potenzen mit Basis unter eins fallen, Ex“ – Sprossen [3] (Fallstricke) nicht bestellt (Zone ja: s1 und s2)
AUSWAHL matrizen-und-uebergangsprozesse-zone-f1-v6 – Zone-Paar, Fehler finden
AUSWAHL matrizen-und-uebergangsprozesse-zone-f1-v7 – Zone-Paar, gleichartige Rechenaufgabe
AUSWAHL matrizen-und-uebergangsprozesse-e1-k1-s0-v1 – e1 k1 „Matrizen als Rechenobjekte“ (verfahren), Sprosse 0: Variante 1; übergangen v2, v3, v4
AUSWAHL matrizen-und-uebergangsprozesse-e1-k1-s1-v1 – e1 k1 „Matrizen als Rechenobjekte“ (verfahren), Sprosse 1: Variante 1; übergangen v2, v3, v4, v5
AUSWAHL matrizen-und-uebergangsprozesse-e1-k1-s2-v1 – e1 k1 „Matrizen als Rechenobjekte“ (verfahren), Sprosse 2: Variante 1; übergangen v2, v3
AUSWAHL matrizen-und-uebergangsprozesse-e1-k1-s3-v1 – e1 k1 „Matrizen als Rechenobjekte“ (verfahren), Sprosse 3: Variante 1; übergangen v2, v3
AUSWAHL matrizen-und-uebergangsprozesse-e1-k1-s4-v1 – e1 k1 „Matrizen als Rechenobjekte“ (verfahren), Sprosse 4: Variante 1; übergangen v2, v3
AUSWAHL matrizen-und-uebergangsprozesse-e1-k1-s5-v1 – e1 k1 „Matrizen als Rechenobjekte“ (verfahren), Sprosse 5: Variante 1; übergangen v2, v3
AUSWAHL matrizen-und-uebergangsprozesse-e1-k1-s6-v1 – e1 k1 „Matrizen als Rechenobjekte“ (verfahren), Sprosse 6: Variante 1; übergangen v2, v3
AUSWAHL matrizen-und-uebergangsprozesse-e1-k1-s7-v1 – e1 k1 „Matrizen als Rechenobjekte“ (verfahren), Sprosse 7: Variante 1; übergangen v2, v3, v4
KETTE e1 k1 „Matrizen als Rechenobjekte“ (verfahren) → eine Hauptnummer
AUSWAHL matrizen-und-uebergangsprozesse-e1-k2-s1-v1 – e1 k2 „Matrizen als Rechenobjekte“ (pflicht), Sprosse 1: Variante 1; übergangen v2, v3
AUSWAHL matrizen-und-uebergangsprozesse-e1-k2-s2-v1 – e1 k2 „Matrizen als Rechenobjekte“ (pflicht), Sprosse 2: Variante 1; übergangen v2, v3
KETTE e1 k2 „Matrizen als Rechenobjekte“ (pflicht) → eine Hauptnummer
AUSWAHL matrizen-und-uebergangsprozesse-e2-k1-s0-v1 – e2 k1 „Vektoren unter Matrizen“ (verfahren), Sprosse 0: Variante 1; übergangen v2, v3, v4
AUSWAHL matrizen-und-uebergangsprozesse-e2-k1-s1-v1 – e2 k1 „Vektoren unter Matrizen“ (verfahren), Sprosse 1: Variante 1; übergangen v2, v3, v4, v5
AUSWAHL matrizen-und-uebergangsprozesse-e2-k1-s2-v1 – e2 k1 „Vektoren unter Matrizen“ (verfahren), Sprosse 2: Variante 1; übergangen v2, v3
AUSWAHL matrizen-und-uebergangsprozesse-e2-k1-s3-v1 – e2 k1 „Vektoren unter Matrizen“ (verfahren), Sprosse 3: Variante 1; übergangen v2, v3
AUSWAHL matrizen-und-uebergangsprozesse-e2-k1-s4-v1 – e2 k1 „Vektoren unter Matrizen“ (verfahren), Sprosse 4: Variante 1; übergangen v2, v3
AUSWAHL matrizen-und-uebergangsprozesse-e2-k1-s5-v1 – e2 k1 „Vektoren unter Matrizen“ (verfahren), Sprosse 5: Variante 1; übergangen v2, v3
AUSWAHL matrizen-und-uebergangsprozesse-e2-k1-s6-v1 – e2 k1 „Vektoren unter Matrizen“ (verfahren), Sprosse 6: Variante 1; übergangen v2, v3
AUSWAHL matrizen-und-uebergangsprozesse-e2-k1-s7-v1 – e2 k1 „Vektoren unter Matrizen“ (verfahren), Sprosse 7: Variante 1; übergangen v2, v3, v4, v5, v6
KETTE e2 k1 „Vektoren unter Matrizen“ (verfahren) → eine Hauptnummer
AUSWAHL matrizen-und-uebergangsprozesse-e2-k2-s1-v1 – e2 k2 „Vektoren unter Matrizen“ (pflicht), Sprosse 1: Variante 1; übergangen v2, v3
AUSWAHL matrizen-und-uebergangsprozesse-e2-k2-s2-v1 – e2 k2 „Vektoren unter Matrizen“ (pflicht), Sprosse 2: Variante 1; übergangen v2, v3
KETTE e2 k2 „Vektoren unter Matrizen“ (pflicht) → eine Hauptnummer
AUSWAHL matrizen-und-uebergangsprozesse-e3-k1-s0-v1 – e3 k1 „Verflechtung“ (verfahren), Sprosse 0: Variante 1; übergangen v2, v3, v4
AUSWAHL matrizen-und-uebergangsprozesse-e3-k1-s1-v1 – e3 k1 „Verflechtung“ (verfahren), Sprosse 1: Variante 1; übergangen v2, v3, v4, v5
AUSWAHL matrizen-und-uebergangsprozesse-e3-k1-s2-v1 – e3 k1 „Verflechtung“ (verfahren), Sprosse 2: Variante 1; übergangen v2, v3
AUSWAHL matrizen-und-uebergangsprozesse-e3-k1-s3-v1 – e3 k1 „Verflechtung“ (verfahren), Sprosse 3: Variante 1; übergangen v2, v3
AUSWAHL matrizen-und-uebergangsprozesse-e3-k1-s4-v1 – e3 k1 „Verflechtung“ (verfahren), Sprosse 4: Variante 1; übergangen v2, v3
AUSWAHL matrizen-und-uebergangsprozesse-e3-k1-s5-v1 – e3 k1 „Verflechtung“ (verfahren), Sprosse 5: Variante 1; übergangen v2, v3
AUSWAHL matrizen-und-uebergangsprozesse-e3-k1-s6-v1 – e3 k1 „Verflechtung“ (verfahren), Sprosse 6: Variante 1; übergangen v2, v3
AUSWAHL matrizen-und-uebergangsprozesse-e3-k1-s7-v1 – e3 k1 „Verflechtung“ (verfahren), Sprosse 7: Variante 1; übergangen v2, v3, v4
KETTE e3 k1 „Verflechtung“ (verfahren) → eine Hauptnummer
AUSWAHL matrizen-und-uebergangsprozesse-e3-k2-s1-v1 – e3 k2 „Verflechtung“ (pflicht), Sprosse 1: Variante 1; übergangen v2, v3
AUSWAHL matrizen-und-uebergangsprozesse-e3-k2-s2-v1 – e3 k2 „Verflechtung“ (pflicht), Sprosse 2: Variante 1; übergangen v2, v3
AUSWAHL matrizen-und-uebergangsprozesse-e3-k2-s3-v1 – e3 k2 „Verflechtung“ (pflicht), Sprosse 3: Variante 1; übergangen v2, v3
KETTE e3 k2 „Verflechtung“ (pflicht) → eine Hauptnummer
AUSWAHL matrizen-und-uebergangsprozesse-e4-k1-s0-v1 – e4 k1 „Übergangsmodell“ (verfahren), Sprosse 0: Variante 1; übergangen v2, v3, v4
AUSWAHL matrizen-und-uebergangsprozesse-e4-k1-s1-v1 – e4 k1 „Übergangsmodell“ (verfahren), Sprosse 1: Variante 1; übergangen v2, v3, v4, v5
AUSWAHL matrizen-und-uebergangsprozesse-e4-k1-s2-v1 – e4 k1 „Übergangsmodell“ (verfahren), Sprosse 2: Variante 1; übergangen v2, v3
AUSWAHL matrizen-und-uebergangsprozesse-e4-k1-s3-v1 – e4 k1 „Übergangsmodell“ (verfahren), Sprosse 3: Variante 1; übergangen v2, v3
AUSWAHL matrizen-und-uebergangsprozesse-e4-k1-s4-v1 – e4 k1 „Übergangsmodell“ (verfahren), Sprosse 4: Variante 1; übergangen v2, v3
AUSWAHL matrizen-und-uebergangsprozesse-e4-k1-s5-v1 – e4 k1 „Übergangsmodell“ (verfahren), Sprosse 5: Variante 1; übergangen v2, v3
AUSWAHL matrizen-und-uebergangsprozesse-e4-k1-s6-v1 – e4 k1 „Übergangsmodell“ (verfahren), Sprosse 6: Variante 1; übergangen v2, v3
AUSWAHL matrizen-und-uebergangsprozesse-e4-k1-s7-v1 – e4 k1 „Übergangsmodell“ (verfahren), Sprosse 7: Variante 1; übergangen v2, v3, v4, v5, v6
KETTE e4 k1 „Übergangsmodell“ (verfahren) → eine Hauptnummer
AUSWAHL matrizen-und-uebergangsprozesse-e4-k2-s1-v1 – e4 k2 „Übergangsmodell“ (pflicht), Sprosse 1: Variante 1; übergangen v2, v3
AUSWAHL matrizen-und-uebergangsprozesse-e4-k2-s2-v1 – e4 k2 „Übergangsmodell“ (pflicht), Sprosse 2: Variante 1; übergangen v2, v3
AUSWAHL matrizen-und-uebergangsprozesse-e4-k2-s3-v1 – e4 k2 „Übergangsmodell“ (pflicht), Sprosse 3: Variante 1; übergangen v2, v3
KETTE e4 k2 „Übergangsmodell“ (pflicht) → eine Hauptnummer
AUSWAHL matrizen-und-uebergangsprozesse-e5-k1-s0-v1 – e5 k1 „Stationär und langfristig“ (verfahren), Sprosse 0: Variante 1; übergangen v2, v3, v4
AUSWAHL matrizen-und-uebergangsprozesse-e5-k1-s1-v1 – e5 k1 „Stationär und langfristig“ (verfahren), Sprosse 1: Variante 1; übergangen v2, v3, v4, v5
AUSWAHL matrizen-und-uebergangsprozesse-e5-k1-s2-v1 – e5 k1 „Stationär und langfristig“ (verfahren), Sprosse 2: Variante 1; übergangen v2, v3
AUSWAHL matrizen-und-uebergangsprozesse-e5-k1-s3-v1 – e5 k1 „Stationär und langfristig“ (verfahren), Sprosse 3: Variante 1; übergangen v2, v3
AUSWAHL matrizen-und-uebergangsprozesse-e5-k1-s4-v1 – e5 k1 „Stationär und langfristig“ (verfahren), Sprosse 4: Variante 1; übergangen v2, v3
AUSWAHL matrizen-und-uebergangsprozesse-e5-k1-s5-v1 – e5 k1 „Stationär und langfristig“ (verfahren), Sprosse 5: Variante 1; übergangen v2, v3
AUSWAHL matrizen-und-uebergangsprozesse-e5-k1-s6-v1 – e5 k1 „Stationär und langfristig“ (verfahren), Sprosse 6: Variante 1; übergangen v2, v3
AUSWAHL matrizen-und-uebergangsprozesse-e5-k1-s7-v1 – e5 k1 „Stationär und langfristig“ (verfahren), Sprosse 7: Variante 1; übergangen v2, v3, v4, v5, v6
KETTE e5 k1 „Stationär und langfristig“ (verfahren) → eine Hauptnummer
AUSWAHL matrizen-und-uebergangsprozesse-e5-k2-s1-v1 – e5 k2 „Übergangsprozess: Eignung eines Populationsmodells zur langfristigen Beschreibung beurteilen“ (ohne), Sprosse 1: Variante 1; übergangen v2, v3
KETTE e5 k2 „Übergangsprozess: Eignung eines Populationsmodells zur langfristigen Beschreibung beurteilen“ (ohne) → eine Hauptnummer
AUSWAHL matrizen-und-uebergangsprozesse-e5-k3-s1-v1 – e5 k3 „Stationär und langfristig“ (pflicht), Sprosse 1: Variante 1; übergangen v2, v3
AUSWAHL matrizen-und-uebergangsprozesse-e5-k3-s2-v1 – e5 k3 „Stationär und langfristig“ (pflicht), Sprosse 2: Variante 1; übergangen v2, v3
AUSWAHL matrizen-und-uebergangsprozesse-e5-k3-s3-v1 – e5 k3 „Stationär und langfristig“ (pflicht), Sprosse 3: Variante 1; übergangen v2, v3
KETTE e5 k3 „Stationär und langfristig“ (pflicht) → eine Hauptnummer
KOPF Einheit 1: „Einheit 1 von 5 · Matrizen als Rechenobjekte“; Marken „BE Q3 · BB – · GK · keine Prüfungsaufgabe“ → Zeitmarke „None“, Prüfungswort „keine Prüfungsaufgabe“
KOPF Einheit 2: „Einheit 2 von 5 · Vektoren unter Matrizen“; Marken „BE Q3 · BB – · GK · keine Prüfungsaufgabe“ → Zeitmarke „None“, Prüfungswort „keine Prüfungsaufgabe“
KOPF Einheit 3: „Einheit 3 von 5 · Verflechtung“; Marken „BE Q3 · BB – · GK · keine Prüfungsaufgabe“ → Zeitmarke „None“, Prüfungswort „keine Prüfungsaufgabe“
KOPF Einheit 4: „Einheit 4 von 5 · Übergangsmodell“; Marken „BE Q3 · BB – · GK · keine Prüfungsaufgabe“ → Zeitmarke „None“, Prüfungswort „keine Prüfungsaufgabe“
WARNUNG Nr. 15: 8 Teilaufgaben, 1 mit Grafik – über dem Halbseitenmaß (2.3 g); v0.1 teilt nur im Fokus
KOPF Einheit 5: „Einheit 5 von 5 · Stationär und langfristig“; Marken „BE – · BB – · Kursart – · keine Prüfungsaufgabe“ → Zeitmarke „None“, Prüfungswort „keine Prüfungsaufgabe“
TODO 54 Stellen in den Quelltexten:
  abhaken.tex:2: TODO Ich-kann-Sätze: Platzhalter wie in den Aufgabendateien
  blatt0_a.tex:5: TODO Titel: Ich-kann-Satz fehlt in der Bank (Platzhalter: Kettenname) – Nr. 1
  blatt0_a.tex:6: TODO Anweisung: ein Satz über der ersten Teilaufgabe fehlt in der Bank – Nr. 1
  blatt0_a.tex:14: TODO Titel: Ich-kann-Satz fehlt in der Bank (Platzhalter: Kettenname) – Nr. 2
  blatt0_a.tex:15: TODO Anweisung: ein Satz über der ersten Teilaufgabe fehlt in der Bank – Nr. 2
  blatt0_a.tex:23: TODO Titel: Ich-kann-Satz fehlt in der Bank (Platzhalter: Kettenname) – Nr. 3
  blatt0_a.tex:24: TODO Anweisung: ein Satz über der ersten Teilaufgabe fehlt in der Bank – Nr. 3
  blatt0_a.tex:38: TODO Titel: Ich-kann-Satz fehlt in der Bank (Platzhalter: Kettenname) – Nr. 4
  blatt0_a.tex:39: TODO Anweisung: ein Satz über der ersten Teilaufgabe fehlt in der Bank – Nr. 4
  blatt0_a.tex:47: TODO Titel: Ich-kann-Satz fehlt in der Bank (Platzhalter: Kettenname) – Nr. 5
  blatt0_a.tex:48: TODO Anweisung: ein Satz über der ersten Teilaufgabe fehlt in der Bank – Nr. 5
  blatt0_a.tex:56: TODO Titel: Ich-kann-Satz fehlt in der Bank (Platzhalter: Kettenname) – Nr. 6
  blatt0_a.tex:57: TODO Anweisung: ein Satz über der ersten Teilaufgabe fehlt in der Bank – Nr. 6
  blatt0_a.tex:65: TODO Titel: Ich-kann-Satz fehlt in der Bank (Platzhalter: Kettenname) – Nr. 7
  blatt0_a.tex:66: TODO Anweisung: ein Satz über der ersten Teilaufgabe fehlt in der Bank – Nr. 7
  blatt0_a.tex:73: TODO Titel: Ich-kann-Satz fehlt in der Bank (Platzhalter: Kettenname) – Nr. 8
  blatt0_a.tex:74: TODO Anweisung: ein Satz über der ersten Teilaufgabe fehlt in der Bank – Nr. 8
  e1_a.tex:2: TODO Zeitmarke Einheit 1: Marken-Zeile nicht lesbar
  e1_a.tex:3: TODO Zweigzeile Teil 1: was hier gelernt wird (Satz in Schülersprache aus dem Einheitstitel) – Einheit 1
  e1_a.tex:8: TODO Titel: Ich-kann-Satz fehlt in der Bank (Platzhalter: Kettenname) – Nr. 9
  e1_a.tex:9: TODO Anweisung: ein Satz über der ersten Teilaufgabe fehlt in der Bank – Nr. 9
  e1_a.tex:11: TODO \rechenplatz{n}: Schrittzahl des Grundfalls fehlt in der Bank (nur bei fester Schreibform, 2.3 b)
  e1_a.tex:28: TODO Titel: Ich-kann-Satz fehlt in der Bank (Platzhalter: Kettenname) – Nr. 10
  e1_a.tex:29: TODO Anweisung: ein Satz über der ersten Teilaufgabe fehlt in der Bank – Nr. 10
  e2_a.tex:2: TODO Zeitmarke Einheit 2: Marken-Zeile nicht lesbar
  e2_a.tex:3: TODO Zweigzeile Teil 1: was hier gelernt wird (Satz in Schülersprache aus dem Einheitstitel) – Einheit 2
  e2_a.tex:8: TODO Titel: Ich-kann-Satz fehlt in der Bank (Platzhalter: Kettenname) – Nr. 11
  e2_a.tex:9: TODO Anweisung: ein Satz über der ersten Teilaufgabe fehlt in der Bank – Nr. 11
  e2_a.tex:11: TODO \rechenplatz{n}: Schrittzahl des Grundfalls fehlt in der Bank (nur bei fester Schreibform, 2.3 b)
  e2_a.tex:32: TODO Titel: Ich-kann-Satz fehlt in der Bank (Platzhalter: Kettenname) – Nr. 12
  e2_a.tex:33: TODO Anweisung: ein Satz über der ersten Teilaufgabe fehlt in der Bank – Nr. 12
  e3_a.tex:2: TODO Zeitmarke Einheit 3: Marken-Zeile nicht lesbar
  e3_a.tex:3: TODO Zweigzeile Teil 1: was hier gelernt wird (Satz in Schülersprache aus dem Einheitstitel) – Einheit 3
  e3_a.tex:8: TODO Titel: Ich-kann-Satz fehlt in der Bank (Platzhalter: Kettenname) – Nr. 13
  e3_a.tex:9: TODO Anweisung: ein Satz über der ersten Teilaufgabe fehlt in der Bank – Nr. 13
  e3_a.tex:11: TODO \rechenplatz{n}: Schrittzahl des Grundfalls fehlt in der Bank (nur bei fester Schreibform, 2.3 b)
  e3_a.tex:28: TODO Titel: Ich-kann-Satz fehlt in der Bank (Platzhalter: Kettenname) – Nr. 14
  e3_a.tex:29: TODO Anweisung: ein Satz über der ersten Teilaufgabe fehlt in der Bank – Nr. 14
  e4_a.tex:2: TODO Zeitmarke Einheit 4: Marken-Zeile nicht lesbar
  e4_a.tex:3: TODO Zweigzeile Teil 1: was hier gelernt wird (Satz in Schülersprache aus dem Einheitstitel) – Einheit 4
  e4_a.tex:8: TODO Titel: Ich-kann-Satz fehlt in der Bank (Platzhalter: Kettenname) – Nr. 15
  e4_a.tex:9: TODO Anweisung: ein Satz über der ersten Teilaufgabe fehlt in der Bank – Nr. 15
  e4_a.tex:11: TODO \rechenplatz{n}: Schrittzahl des Grundfalls fehlt in der Bank (nur bei fester Schreibform, 2.3 b)
  e4_a.tex:30: TODO Titel: Ich-kann-Satz fehlt in der Bank (Platzhalter: Kettenname) – Nr. 16
  e4_a.tex:31: TODO Anweisung: ein Satz über der ersten Teilaufgabe fehlt in der Bank – Nr. 16
  e5_a.tex:2: TODO Zeitmarke Einheit 5: Marken-Zeile nicht lesbar
  e5_a.tex:3: TODO Zweigzeile Teil 1: was hier gelernt wird (Satz in Schülersprache aus dem Einheitstitel) – Einheit 5
  e5_a.tex:8: TODO Titel: Ich-kann-Satz fehlt in der Bank (Platzhalter: Kettenname) – Nr. 17
  e5_a.tex:9: TODO Anweisung: ein Satz über der ersten Teilaufgabe fehlt in der Bank – Nr. 17
  e5_a.tex:11: TODO \rechenplatz{n}: Schrittzahl des Grundfalls fehlt in der Bank (nur bei fester Schreibform, 2.3 b)
  e5_a.tex:32: TODO Titel: Ich-kann-Satz fehlt in der Bank (Platzhalter: Kettenname) – Nr. 18
  e5_a.tex:33: TODO Anweisung: ein Satz über der ersten Teilaufgabe fehlt in der Bank – Nr. 18
  e5_a.tex:40: TODO Titel: Ich-kann-Satz fehlt in der Bank (Platzhalter: Kettenname) – Nr. 19
  e5_a.tex:41: TODO Anweisung: ein Satz über der ersten Teilaufgabe fehlt in der Bank – Nr. 19
STRUKTUR 0 Fehler
