# zusammenbau v0.1: zusammenbau.py kreis --schwach
VORLAGE mathblatt.sty: Version 2026-09-28a
EINHEITEN [1, 2, 3]
AUSWAHL kreis-zone-f1-v1 – Zone f1 „Fläche und Umfang unterscheiden; Einheit“, Sprosse 1: Variante 1; übergangen v2
AUSWAHL kreis-zone-f1-v3 – Zone f1 „Fläche und Umfang unterscheiden; Einheit“, Sprosse 2: kleinste Variante (v3; v1 fehlt)
WEG Zone f1 „Fläche und Umfang unterscheiden; Einheit“ – Sprossen [3, 4, 5] (Fallstricke) nicht bestellt (Zone ja: s1 und s2)
AUSWAHL kreis-zone-f2-v1 – Zone f2 „Mit Dezimalzahlen multiplizieren und div“, Sprosse 1: Variante 1; übergangen v2
AUSWAHL kreis-zone-f2-v3 – Zone f2 „Mit Dezimalzahlen multiplizieren und div“, Sprosse 2: kleinste Variante (v3; v1 fehlt)
WEG Zone f2 „Mit Dezimalzahlen multiplizieren und div“ – Sprossen [3] (Fallstricke) nicht bestellt (Zone ja: s1 und s2)
AUSWAHL kreis-zone-f3-v1 – Zone f3 „Formel nach einer Größe umstellen (u = π“, Sprosse 1: Variante 1; übergangen v2
AUSWAHL kreis-zone-f3-v3 – Zone f3 „Formel nach einer Größe umstellen (u = π“, Sprosse 2: kleinste Variante (v3; v1 fehlt)
WEG Zone f3 „Formel nach einer Größe umstellen (u = π“ – Sprossen [3] (Fallstricke) nicht bestellt (Zone ja: s1 und s2)
AUSWAHL kreis-zone-f4-v1 – Zone f4 „Quadrieren und Wurzelziehen (4,5²; √20,2“, Sprosse 1: Variante 1; übergangen v2
AUSWAHL kreis-zone-f4-v3 – Zone f4 „Quadrieren und Wurzelziehen (4,5²; √20,2“, Sprosse 2: kleinste Variante (v3; v1 fehlt)
WEG Zone f4 „Quadrieren und Wurzelziehen (4,5²; √20,2“ – Sprossen [3] (Fallstricke) nicht bestellt (Zone ja: s1 und s2)
AUSWAHL kreis-zone-f5-v1 – Zone f5 „Winkel messen und zeichnen, Vollwinkel“, Sprosse 1: Variante 1; übergangen v2
AUSWAHL kreis-zone-f5-v3 – Zone f5 „Winkel messen und zeichnen, Vollwinkel“, Sprosse 2: kleinste Variante (v3; v1 fehlt)
WEG Zone f5 „Winkel messen und zeichnen, Vollwinkel“ – Sprossen [3] (Fallstricke) nicht bestellt (Zone ja: s1 und s2)
AUSWAHL kreis-zone-f6-v1 – Zone f6 „Anteil als Bruch und Prozentsatz bilden “, Sprosse 1: Variante 1; übergangen v2
AUSWAHL kreis-zone-f6-v3 – Zone f6 „Anteil als Bruch und Prozentsatz bilden “, Sprosse 2: kleinste Variante (v3; v1 fehlt)
WEG Zone f6 „Anteil als Bruch und Prozentsatz bilden “ – Sprossen [3] (Fallstricke) nicht bestellt (Zone ja: s1 und s2)
AUSWAHL kreis-zone-f1-v5 – Zone-Paar, Fehler finden
AUSWAHL kreis-zone-f1-v6 – Zone-Paar, gleichartige Rechenaufgabe
AUSWAHL kreis-e1-k1-s0-v1 – e1 k1 „Rand oder Fläche?“ (erkennung), Sprosse 0: Variante 1; übergangen v2, v3, v4
KETTE e1 k1 „Rand oder Fläche?“ (erkennung) → eine Hauptnummer (Erkennungsschritt: eigene Kette nach bank.md, zählt als Hauptnummer)
AUSWAHL kreis-e1-k2-s0-v1 – e1 k2 „Umfang“ (verfahren), Sprosse 0: Variante 1; übergangen v2, v3, v4
AUSWAHL kreis-e1-k2-s1-v1 – e1 k2 „Umfang“ (verfahren): schwach, Grundfall als Päckchen (alle Varianten, unterrichtsblatt 2.8)
AUSWAHL kreis-e1-k2-s1-v2 – e1 k2 „Umfang“ (verfahren): schwach, Grundfall als Päckchen (alle Varianten, unterrichtsblatt 2.8)
AUSWAHL kreis-e1-k2-s1-v3 – e1 k2 „Umfang“ (verfahren): schwach, Grundfall als Päckchen (alle Varianten, unterrichtsblatt 2.8)
AUSWAHL kreis-e1-k2-s1-v4 – e1 k2 „Umfang“ (verfahren): schwach, Grundfall als Päckchen (alle Varianten, unterrichtsblatt 2.8)
AUSWAHL kreis-e1-k2-s1-v5 – e1 k2 „Umfang“ (verfahren): schwach, Grundfall als Päckchen (alle Varianten, unterrichtsblatt 2.8)
AUSWAHL kreis-e1-k2-s2-v1 – e1 k2 „Umfang“ (verfahren), Sprosse 2: Variante 1; übergangen v2, v3
AUSWAHL kreis-e1-k2-s3-v1 – e1 k2 „Umfang“ (verfahren), Sprosse 3: Variante 1; übergangen v2, v3
AUSWAHL kreis-e1-k2-s4-v1 – e1 k2 „Umfang“ (verfahren), Sprosse 4: Variante 1; übergangen v2, v3
AUSWAHL kreis-e1-k2-s5-v1 – e1 k2 „Umfang“ (verfahren), Sprosse 5: Variante 1; übergangen v2, v3
AUSWAHL kreis-e1-k2-s6-v1 – e1 k2 „Umfang“ (verfahren), Sprosse 6: Variante 1; übergangen v2, v3
AUSWAHL kreis-e1-k2-s7-v1 – e1 k2 „Umfang“ (verfahren), Sprosse 7: Variante 1; übergangen v2, v3
AUSWAHL kreis-e1-k2-s8-v1 – e1 k2 „Umfang“ (verfahren), Sprosse 8: Variante 1; übergangen v2, v3
KETTE e1 k2 „Umfang“ (verfahren) → eine Hauptnummer
AUSWAHL kreis-e1-k3-s1-v1 – e1 k3 „Radius, Durchmesser, Mittelpunkt in einer Figur benennen und einzeichnen“ (ohne), Sprosse 1: Variante 1; übergangen v2, v3
KETTE e1 k3 „Radius, Durchmesser, Mittelpunkt in einer Figur benennen und einzeichnen“ (ohne) → eine Hauptnummer
AUSWAHL kreis-e1-k4-s1-v1 – e1 k4 „Kreis mit gegebenem Radius oder Durchmesser zeichnen“ (ohne), Sprosse 1: Variante 1; übergangen v2, v3
KETTE e1 k4 „Kreis mit gegebenem Radius oder Durchmesser zeichnen“ (ohne) → eine Hauptnummer
AUSWAHL kreis-e1-k5-s1-v1 – e1 k5 „Umfang messen und u : d bilden (Entdeckung von π)“ (ohne), Sprosse 1: Variante 1; übergangen v2, v3
KETTE e1 k5 „Umfang messen und u : d bilden (Entdeckung von π)“ (ohne) → eine Hauptnummer
AUSWAHL kreis-e1-k6-s1-v1 – e1 k6 „Umfang“ (pflicht), Sprosse 1: Variante 1; übergangen v2, v3
AUSWAHL kreis-e1-k6-s2-v1 – e1 k6 „Umfang“ (pflicht), Sprosse 2: Variante 1; übergangen v2, v3
AUSWAHL kreis-e1-k6-s3-v1 – e1 k6 „Umfang“ (pflicht), Sprosse 3: Variante 1; übergangen v2, v3
AUSWAHL kreis-e1-k6-s4-v1 – e1 k6 „Umfang“ (pflicht), Sprosse 4: Variante 1; übergangen v2, v3
KETTE e1 k6 „Umfang“ (pflicht) → eine Hauptnummer
AUSWAHL kreis-e2-k1-s0-v1 – e2 k1 „Fläche“ (verfahren), Sprosse 0: Variante 1; übergangen v2, v3, v4
AUSWAHL kreis-e2-k1-s1-v1 – e2 k1 „Fläche“ (verfahren): schwach, Grundfall als Päckchen (alle Varianten, unterrichtsblatt 2.8)
AUSWAHL kreis-e2-k1-s1-v2 – e2 k1 „Fläche“ (verfahren): schwach, Grundfall als Päckchen (alle Varianten, unterrichtsblatt 2.8)
AUSWAHL kreis-e2-k1-s1-v3 – e2 k1 „Fläche“ (verfahren): schwach, Grundfall als Päckchen (alle Varianten, unterrichtsblatt 2.8)
AUSWAHL kreis-e2-k1-s1-v4 – e2 k1 „Fläche“ (verfahren): schwach, Grundfall als Päckchen (alle Varianten, unterrichtsblatt 2.8)
AUSWAHL kreis-e2-k1-s1-v5 – e2 k1 „Fläche“ (verfahren): schwach, Grundfall als Päckchen (alle Varianten, unterrichtsblatt 2.8)
AUSWAHL kreis-e2-k1-s2-v1 – e2 k1 „Fläche“ (verfahren), Sprosse 2: Variante 1; übergangen v2, v3
AUSWAHL kreis-e2-k1-s3-v1 – e2 k1 „Fläche“ (verfahren), Sprosse 3: Variante 1; übergangen v2, v3
AUSWAHL kreis-e2-k1-s4-v1 – e2 k1 „Fläche“ (verfahren), Sprosse 4: Variante 1; übergangen v2, v3
AUSWAHL kreis-e2-k1-s5-v1 – e2 k1 „Fläche“ (verfahren), Sprosse 5: Variante 1; übergangen v2, v3
AUSWAHL kreis-e2-k1-s6-v1 – e2 k1 „Fläche“ (verfahren), Sprosse 6: Variante 1; übergangen v2, v3
AUSWAHL kreis-e2-k1-s7-v1 – e2 k1 „Fläche“ (verfahren), Sprosse 7: Variante 1; übergangen v2, v3, v4
KETTE e2 k1 „Fläche“ (verfahren) → eine Hauptnummer
AUSWAHL kreis-e2-k2-s1-v1 – e2 k2 „Term zu Figur“ (ohne), Sprosse 1: Variante 1; übergangen v2, v3
KETTE e2 k2 „Term zu Figur“ (ohne) → eine Hauptnummer
AUSWAHL kreis-e2-k3-s1-v1 – e2 k3 „Sachaufgabe (Abwurfring, Pizza, Deckel, Grundfläche eines Kegels oder Zylinders)“ (ohne), Sprosse 1: Variante 1; übergangen v2, v3
KETTE e2 k3 „Sachaufgabe (Abwurfring, Pizza, Deckel, Grundfläche eines Kegels oder Zylinders)“ (ohne) → eine Hauptnummer
AUSWAHL kreis-e2-k4-s1-v1 – e2 k4 „Fläche oder Umfang: die passende Formel wählen“ (ohne), Sprosse 1: Variante 1; übergangen v2, v3
KETTE e2 k4 „Fläche oder Umfang: die passende Formel wählen“ (ohne) → eine Hauptnummer
AUSWAHL kreis-e2-k5-s1-v1 – e2 k5 „Fläche“ (pflicht), Sprosse 1: Variante 1; übergangen v2, v3
AUSWAHL kreis-e2-k5-s2-v1 – e2 k5 „Fläche“ (pflicht), Sprosse 2: Variante 1; übergangen v2, v3
AUSWAHL kreis-e2-k5-s3-v1 – e2 k5 „Fläche“ (pflicht), Sprosse 3: Variante 1; übergangen v2, v3
AUSWAHL kreis-e2-k5-s4-v1 – e2 k5 „Fläche“ (pflicht), Sprosse 4: Variante 1; übergangen v2, v3
KETTE e2 k5 „Fläche“ (pflicht) → eine Hauptnummer
AUSWAHL kreis-e3-k1-s0-v1 – e3 k1 „Kreisteile“ (verfahren), Sprosse 0: Variante 1; übergangen v2, v3, v4
AUSWAHL kreis-e3-k1-s1-v1 – e3 k1 „Kreisteile“ (verfahren): schwach, Grundfall als Päckchen (alle Varianten, unterrichtsblatt 2.8)
AUSWAHL kreis-e3-k1-s1-v2 – e3 k1 „Kreisteile“ (verfahren): schwach, Grundfall als Päckchen (alle Varianten, unterrichtsblatt 2.8)
AUSWAHL kreis-e3-k1-s1-v3 – e3 k1 „Kreisteile“ (verfahren): schwach, Grundfall als Päckchen (alle Varianten, unterrichtsblatt 2.8)
AUSWAHL kreis-e3-k1-s1-v4 – e3 k1 „Kreisteile“ (verfahren): schwach, Grundfall als Päckchen (alle Varianten, unterrichtsblatt 2.8)
AUSWAHL kreis-e3-k1-s1-v5 – e3 k1 „Kreisteile“ (verfahren): schwach, Grundfall als Päckchen (alle Varianten, unterrichtsblatt 2.8)
AUSWAHL kreis-e3-k1-s2-v1 – e3 k1 „Kreisteile“ (verfahren), Sprosse 2: Variante 1; übergangen v2, v3
AUSWAHL kreis-e3-k1-s3-v1 – e3 k1 „Kreisteile“ (verfahren), Sprosse 3: Variante 1; übergangen v2, v3
AUSWAHL kreis-e3-k1-s4-v1 – e3 k1 „Kreisteile“ (verfahren), Sprosse 4: Variante 1; übergangen v2, v3
AUSWAHL kreis-e3-k1-s5-v1 – e3 k1 „Kreisteile“ (verfahren), Sprosse 5: Variante 1; übergangen v2, v3
AUSWAHL kreis-e3-k1-s6-v1 – e3 k1 „Kreisteile“ (verfahren), Sprosse 6: Variante 1; übergangen v2, v3
AUSWAHL kreis-e3-k1-s7-v1 – e3 k1 „Kreisteile“ (verfahren), Sprosse 7: Variante 1; übergangen v2, v3
AUSWAHL kreis-e3-k1-s8-v1 – e3 k1 „Kreisteile“ (verfahren), Sprosse 8: Variante 1; übergangen v2
KETTE e3 k1 „Kreisteile“ (verfahren) → eine Hauptnummer
AUSWAHL kreis-e3-k2-s1-v1 – e3 k2 „Sachaufgabe (Rasensprenger, Tortenstück, Sektor im Kreisdiagramm)“ (ohne), Sprosse 1: Variante 1; übergangen v2, v3
KETTE e3 k2 „Sachaufgabe (Rasensprenger, Tortenstück, Sektor im Kreisdiagramm)“ (ohne) → eine Hauptnummer
AUSWAHL kreis-e3-k3-s1-v1 – e3 k3 „Kreisteile“ (pflicht), Sprosse 1: Variante 1; übergangen v2, v3
AUSWAHL kreis-e3-k3-s2-v1 – e3 k3 „Kreisteile“ (pflicht), Sprosse 2: Variante 1; übergangen v2, v3
AUSWAHL kreis-e3-k3-s3-v1 – e3 k3 „Kreisteile“ (pflicht), Sprosse 3: Variante 1; übergangen v2, v3
AUSWAHL kreis-e3-k3-s4-v1 – e3 k3 „Kreisteile“ (pflicht), Sprosse 4: Variante 1; übergangen v2, v3
KETTE e3 k3 „Kreisteile“ (pflicht) → eine Hauptnummer
KOPF Einheit 1: „Einheit 1 von 3 · Kreisumfang“; Marken „OS Kl. 7–8 (Sekundo 8, Mathematik 2023 7, Schnittpunkt 8, Mathematik heute 8) · GYM Kl. 7–8 (LS 8, Fundamente 8, Elemente 7, mathe.delta 7) · P10 · nicht für alle: Sekundo 8 LVL, Sekundo 9 Zusatzstoff, Sekundo 9 LVL, Mathematik 2023 7 Arbeiten mit dem Computer“ → Zeitmarke „ab Kl. 7, je nach Buch bis Kl. 8“, Prüfungswort „P10“
WARNUNG Nr. 10: 14 Teilaufgaben, 1 mit Grafik – über dem Halbseitenmaß (2.3 g); v0.1 teilt nur im Fokus
KOPF Einheit 2: „Einheit 2 von 3 · Kreisfläche“; Marken „OS Kl. 7–8 (Sekundo 8, Mathematik 2023 7, Schnittpunkt 8, Mathematik heute 8) · GYM Kl. 7–8 (LS 8, Fundamente 8, Elemente 7, mathe.delta 7) · P10 oft“ → Zeitmarke „ab Kl. 7, je nach Buch bis Kl. 8“, Prüfungswort „P10 oft“
WARNUNG Nr. 15: 13 Teilaufgaben, 1 mit Grafik – über dem Halbseitenmaß (2.3 g); v0.1 teilt nur im Fokus
KOPF Einheit 3: „Einheit 3 von 3 · Kreisteile“; Marken „OS Kl. 7–9 (Sekundo 9, Mathematik 2023 7, Schnittpunkt 9, Mathematik heute 8) · GYM Kl. 7–9 (LS 8, Fundamente 8, Elemente 7, mathe.delta 9) · P10“ → Zeitmarke „ab Kl. 7, je nach Buch bis Kl. 9“, Prüfungswort „P10“
WARNUNG Nr. 20: 14 Teilaufgaben, 2 mit Grafik – über dem Halbseitenmaß (2.3 g); v0.1 teilt nur im Fokus
TODO 99 Stellen in den Quelltexten:
  abhaken.tex:2: TODO Ich-kann-Sätze: Platzhalter wie in den Aufgabendateien
  blatt0_a.tex:4: TODO Grundvorstellungs-Aufgabe als erste Hauptnummer der Zone (2.8) fehlt in der Bank
  blatt0_a.tex:6: TODO Titel: Ich-kann-Satz fehlt in der Bank (Platzhalter: Kettenname) – Nr. 1
  blatt0_a.tex:7: TODO Anweisung: ein Satz über der ersten Teilaufgabe fehlt in der Bank – Nr. 1
  blatt0_a.tex:9: TODO Darstellung für schwach fehlt in der Bank (kreis-zone-f1-v1; Abschnitt „Für schwache Schüler“)
  blatt0_a.tex:11: TODO Darstellung für schwach fehlt in der Bank (kreis-zone-f1-v3; Abschnitt „Für schwache Schüler“)
  blatt0_a.tex:15: TODO Titel: Ich-kann-Satz fehlt in der Bank (Platzhalter: Kettenname) – Nr. 2
  blatt0_a.tex:16: TODO Anweisung: ein Satz über der ersten Teilaufgabe fehlt in der Bank – Nr. 2
  blatt0_a.tex:18: TODO Darstellung für schwach fehlt in der Bank (kreis-zone-f2-v1; Abschnitt „Für schwache Schüler“)
  blatt0_a.tex:20: TODO Darstellung für schwach fehlt in der Bank (kreis-zone-f2-v3; Abschnitt „Für schwache Schüler“)
  blatt0_a.tex:24: TODO Titel: Ich-kann-Satz fehlt in der Bank (Platzhalter: Kettenname) – Nr. 3
  blatt0_a.tex:25: TODO Anweisung: ein Satz über der ersten Teilaufgabe fehlt in der Bank – Nr. 3
  blatt0_a.tex:27: TODO Darstellung für schwach fehlt in der Bank (kreis-zone-f3-v1; Abschnitt „Für schwache Schüler“)
  blatt0_a.tex:29: TODO Darstellung für schwach fehlt in der Bank (kreis-zone-f3-v3; Abschnitt „Für schwache Schüler“)
  blatt0_a.tex:33: TODO Titel: Ich-kann-Satz fehlt in der Bank (Platzhalter: Kettenname) – Nr. 4
  blatt0_a.tex:34: TODO Anweisung: ein Satz über der ersten Teilaufgabe fehlt in der Bank – Nr. 4
  blatt0_a.tex:36: TODO Darstellung für schwach fehlt in der Bank (kreis-zone-f4-v1; Abschnitt „Für schwache Schüler“)
  blatt0_a.tex:38: TODO Darstellung für schwach fehlt in der Bank (kreis-zone-f4-v3; Abschnitt „Für schwache Schüler“)
  blatt0_a.tex:42: TODO Titel: Ich-kann-Satz fehlt in der Bank (Platzhalter: Kettenname) – Nr. 5
  blatt0_a.tex:43: TODO Anweisung: ein Satz über der ersten Teilaufgabe fehlt in der Bank – Nr. 5
  blatt0_a.tex:45: TODO Darstellung für schwach fehlt in der Bank (kreis-zone-f5-v1; Abschnitt „Für schwache Schüler“)
  blatt0_a.tex:50: TODO Titel: Ich-kann-Satz fehlt in der Bank (Platzhalter: Kettenname) – Nr. 6
  blatt0_a.tex:51: TODO Anweisung: ein Satz über der ersten Teilaufgabe fehlt in der Bank – Nr. 6
  blatt0_a.tex:53: TODO Darstellung für schwach fehlt in der Bank (kreis-zone-f6-v1; Abschnitt „Für schwache Schüler“)
  blatt0_a.tex:55: TODO Darstellung für schwach fehlt in der Bank (kreis-zone-f6-v3; Abschnitt „Für schwache Schüler“)
  blatt0_a.tex:59: TODO Titel: Ich-kann-Satz fehlt in der Bank (Platzhalter: Kettenname) – Nr. 7
  blatt0_a.tex:60: TODO Anweisung: ein Satz über der ersten Teilaufgabe fehlt in der Bank – Nr. 7
  blatt0_a.tex:65: TODO Titel: Ich-kann-Satz fehlt in der Bank (Platzhalter: Kettenname) – Nr. 8
  blatt0_a.tex:66: TODO Anweisung: ein Satz über der ersten Teilaufgabe fehlt in der Bank – Nr. 8
  blatt0_a.tex:68: TODO Darstellung für schwach fehlt in der Bank (kreis-zone-f1-v6; Abschnitt „Für schwache Schüler“)
  e1_a.tex:2: TODO Zweigzeile Teil 1: was hier gelernt wird (Satz in Schülersprache aus dem Einheitstitel) – Einheit 1
  e1_a.tex:7: TODO Titel: Ich-kann-Satz fehlt in der Bank (Platzhalter: Kettenname) – Nr. 9
  e1_a.tex:8: TODO Anweisung: ein Satz über der ersten Teilaufgabe fehlt in der Bank – Nr. 9
  e1_a.tex:15: TODO Titel: Ich-kann-Satz fehlt in der Bank (Platzhalter: Kettenname) – Nr. 10
  e1_a.tex:16: TODO Anweisung: ein Satz über der ersten Teilaufgabe fehlt in der Bank – Nr. 10
  e1_a.tex:19: TODO Darstellung für schwach fehlt in der Bank (kreis-e1-k2-s1-v1; Abschnitt „Für schwache Schüler“)
  e1_a.tex:21: TODO Darstellung für schwach fehlt in der Bank (kreis-e1-k2-s1-v2; Abschnitt „Für schwache Schüler“)
  e1_a.tex:23: TODO Darstellung für schwach fehlt in der Bank (kreis-e1-k2-s1-v3; Abschnitt „Für schwache Schüler“)
  e1_a.tex:25: TODO Darstellung für schwach fehlt in der Bank (kreis-e1-k2-s1-v4; Abschnitt „Für schwache Schüler“)
  e1_a.tex:27: TODO Darstellung für schwach fehlt in der Bank (kreis-e1-k2-s1-v5; Abschnitt „Für schwache Schüler“)
  e1_a.tex:30: TODO Darstellung für schwach fehlt in der Bank (kreis-e1-k2-s2-v1; Abschnitt „Für schwache Schüler“)
  e1_a.tex:32: TODO Darstellung für schwach fehlt in der Bank (kreis-e1-k2-s3-v1; Abschnitt „Für schwache Schüler“)
  e1_a.tex:34: TODO Darstellung für schwach fehlt in der Bank (kreis-e1-k2-s4-v1; Abschnitt „Für schwache Schüler“)
  e1_a.tex:36: TODO Darstellung für schwach fehlt in der Bank (kreis-e1-k2-s5-v1; Abschnitt „Für schwache Schüler“)
  e1_a.tex:38: TODO Darstellung für schwach fehlt in der Bank (kreis-e1-k2-s6-v1; Abschnitt „Für schwache Schüler“)
  e1_a.tex:40: TODO Darstellung für schwach fehlt in der Bank (kreis-e1-k2-s7-v1; Abschnitt „Für schwache Schüler“)
  e1_a.tex:45: TODO Titel: Ich-kann-Satz fehlt in der Bank (Platzhalter: Kettenname) – Nr. 11
  e1_a.tex:46: TODO Anweisung: ein Satz über der ersten Teilaufgabe fehlt in der Bank – Nr. 11
  e1_a.tex:51: TODO Titel: Ich-kann-Satz fehlt in der Bank (Platzhalter: Kettenname) – Nr. 12
  e1_a.tex:52: TODO Anweisung: ein Satz über der ersten Teilaufgabe fehlt in der Bank – Nr. 12
  e1_a.tex:57: TODO Titel: Ich-kann-Satz fehlt in der Bank (Platzhalter: Kettenname) – Nr. 13
  e1_a.tex:58: TODO Anweisung: ein Satz über der ersten Teilaufgabe fehlt in der Bank – Nr. 13
  e1_a.tex:60: TODO Darstellung für schwach fehlt in der Bank (kreis-e1-k5-s1-v1; Abschnitt „Für schwache Schüler“)
  e1_a.tex:64: TODO Titel: Ich-kann-Satz fehlt in der Bank (Platzhalter: Kettenname) – Nr. 14
  e1_a.tex:65: TODO Anweisung: ein Satz über der ersten Teilaufgabe fehlt in der Bank – Nr. 14
  e1_l.tex:5: TODO Lösung der Erklärzeile 10g) fehlt in der Bank
  e2_a.tex:2: TODO Zweigzeile Teil 1: was hier gelernt wird (Satz in Schülersprache aus dem Einheitstitel) – Einheit 2
  e2_a.tex:7: TODO Titel: Ich-kann-Satz fehlt in der Bank (Platzhalter: Kettenname) – Nr. 15
  e2_a.tex:8: TODO Anweisung: ein Satz über der ersten Teilaufgabe fehlt in der Bank – Nr. 15
  e2_a.tex:13: TODO Darstellung für schwach fehlt in der Bank (kreis-e2-k1-s1-v1; Abschnitt „Für schwache Schüler“)
  e2_a.tex:15: TODO Darstellung für schwach fehlt in der Bank (kreis-e2-k1-s1-v2; Abschnitt „Für schwache Schüler“)
  e2_a.tex:17: TODO Darstellung für schwach fehlt in der Bank (kreis-e2-k1-s1-v3; Abschnitt „Für schwache Schüler“)
  e2_a.tex:19: TODO Darstellung für schwach fehlt in der Bank (kreis-e2-k1-s1-v4; Abschnitt „Für schwache Schüler“)
  e2_a.tex:21: TODO Darstellung für schwach fehlt in der Bank (kreis-e2-k1-s1-v5; Abschnitt „Für schwache Schüler“)
  e2_a.tex:24: TODO Darstellung für schwach fehlt in der Bank (kreis-e2-k1-s2-v1; Abschnitt „Für schwache Schüler“)
  e2_a.tex:26: TODO Darstellung für schwach fehlt in der Bank (kreis-e2-k1-s3-v1; Abschnitt „Für schwache Schüler“)
  e2_a.tex:28: TODO Darstellung für schwach fehlt in der Bank (kreis-e2-k1-s4-v1; Abschnitt „Für schwache Schüler“)
  e2_a.tex:31: TODO Darstellung für schwach fehlt in der Bank (kreis-e2-k1-s6-v1; Abschnitt „Für schwache Schüler“)
  e2_a.tex:36: TODO Titel: Ich-kann-Satz fehlt in der Bank (Platzhalter: Kettenname) – Nr. 16
  e2_a.tex:37: TODO Anweisung: ein Satz über der ersten Teilaufgabe fehlt in der Bank – Nr. 16
  e2_a.tex:42: TODO Titel: Ich-kann-Satz fehlt in der Bank (Platzhalter: Kettenname) – Nr. 17
  e2_a.tex:43: TODO Anweisung: ein Satz über der ersten Teilaufgabe fehlt in der Bank – Nr. 17
  e2_a.tex:45: TODO Darstellung für schwach fehlt in der Bank (kreis-e2-k3-s1-v1; Abschnitt „Für schwache Schüler“)
  e2_a.tex:49: TODO Titel: Ich-kann-Satz fehlt in der Bank (Platzhalter: Kettenname) – Nr. 18
  e2_a.tex:50: TODO Anweisung: ein Satz über der ersten Teilaufgabe fehlt in der Bank – Nr. 18
  e2_a.tex:52: TODO Darstellung für schwach fehlt in der Bank (kreis-e2-k4-s1-v1; Abschnitt „Für schwache Schüler“)
  e2_a.tex:56: TODO Titel: Ich-kann-Satz fehlt in der Bank (Platzhalter: Kettenname) – Nr. 19
  e2_a.tex:57: TODO Anweisung: ein Satz über der ersten Teilaufgabe fehlt in der Bank – Nr. 19
  e2_l.tex:4: TODO Lösung der Erklärzeile 15g) fehlt in der Bank
  e3_a.tex:2: TODO Zweigzeile Teil 1: was hier gelernt wird (Satz in Schülersprache aus dem Einheitstitel) – Einheit 3
  e3_a.tex:7: TODO Titel: Ich-kann-Satz fehlt in der Bank (Platzhalter: Kettenname) – Nr. 20
  e3_a.tex:8: TODO Anweisung: ein Satz über der ersten Teilaufgabe fehlt in der Bank – Nr. 20
  e3_a.tex:13: TODO Darstellung für schwach fehlt in der Bank (kreis-e3-k1-s1-v1; Abschnitt „Für schwache Schüler“)
  e3_a.tex:15: TODO Darstellung für schwach fehlt in der Bank (kreis-e3-k1-s1-v2; Abschnitt „Für schwache Schüler“)
  e3_a.tex:17: TODO Darstellung für schwach fehlt in der Bank (kreis-e3-k1-s1-v3; Abschnitt „Für schwache Schüler“)
  e3_a.tex:19: TODO Darstellung für schwach fehlt in der Bank (kreis-e3-k1-s1-v4; Abschnitt „Für schwache Schüler“)
  e3_a.tex:21: TODO Darstellung für schwach fehlt in der Bank (kreis-e3-k1-s1-v5; Abschnitt „Für schwache Schüler“)
  e3_a.tex:24: TODO Darstellung für schwach fehlt in der Bank (kreis-e3-k1-s2-v1; Abschnitt „Für schwache Schüler“)
  e3_a.tex:26: TODO Darstellung für schwach fehlt in der Bank (kreis-e3-k1-s3-v1; Abschnitt „Für schwache Schüler“)
  e3_a.tex:28: TODO Darstellung für schwach fehlt in der Bank (kreis-e3-k1-s4-v1; Abschnitt „Für schwache Schüler“)
  e3_a.tex:30: TODO Darstellung für schwach fehlt in der Bank (kreis-e3-k1-s5-v1; Abschnitt „Für schwache Schüler“)
  e3_a.tex:32: TODO Darstellung für schwach fehlt in der Bank (kreis-e3-k1-s6-v1; Abschnitt „Für schwache Schüler“)
  e3_a.tex:34: TODO Darstellung für schwach fehlt in der Bank (kreis-e3-k1-s7-v1; Abschnitt „Für schwache Schüler“)
  e3_a.tex:39: TODO Titel: Ich-kann-Satz fehlt in der Bank (Platzhalter: Kettenname) – Nr. 21
  e3_a.tex:40: TODO Anweisung: ein Satz über der ersten Teilaufgabe fehlt in der Bank – Nr. 21
  e3_a.tex:42: TODO Darstellung für schwach fehlt in der Bank (kreis-e3-k2-s1-v1; Abschnitt „Für schwache Schüler“)
  e3_a.tex:46: TODO Titel: Ich-kann-Satz fehlt in der Bank (Platzhalter: Kettenname) – Nr. 22
  e3_a.tex:47: TODO Anweisung: ein Satz über der ersten Teilaufgabe fehlt in der Bank – Nr. 22
  e3_l.tex:4: TODO Lösung der Erklärzeile 20g) fehlt in der Bank
STRUKTUR 0 Fehler
