# zusammenbau v0.1: zusammenbau.py binomische-formeln --schwach
VORLAGE mathblatt.sty: Version 2026-09-28a
EINHEITEN [1, 2, 3]
AUSWAHL binomische-formeln-zone-f1-v1 – Zone f1 „Multiplizieren mit Vorzeichen und Punkt “, Sprosse 1: Variante 1; übergangen v2
AUSWAHL binomische-formeln-zone-f1-v3 – Zone f1 „Multiplizieren mit Vorzeichen und Punkt “, Sprosse 2: kleinste Variante (v3; v1 fehlt)
WEG Zone f1 „Multiplizieren mit Vorzeichen und Punkt “ – Sprossen [3] (Fallstricke) nicht bestellt (Zone ja: s1 und s2)
AUSWAHL binomische-formeln-zone-f2-v1 – Zone f2 „Termwert berechnen, auch mit negativer Z“, Sprosse 1: Variante 1; übergangen v2
AUSWAHL binomische-formeln-zone-f2-v3 – Zone f2 „Termwert berechnen, auch mit negativer Z“, Sprosse 2: kleinste Variante (v3; v1 fehlt)
WEG Zone f2 „Termwert berechnen, auch mit negativer Z“ – Sprossen [3] (Fallstricke) nicht bestellt (Zone ja: s1 und s2)
AUSWAHL binomische-formeln-zone-f3-v1 – Zone f3 „Gleichartige Glieder mit einer Variablen“, Sprosse 1: Variante 1; übergangen v2
AUSWAHL binomische-formeln-zone-f3-v3 – Zone f3 „Gleichartige Glieder mit einer Variablen“, Sprosse 2: kleinste Variante (v3; v1 fehlt)
WEG Zone f3 „Gleichartige Glieder mit einer Variablen“ – Sprossen [3] (Fallstricke) nicht bestellt (Zone ja: s1 und s2)
AUSWAHL binomische-formeln-zone-f4-v1 – Zone f4 „Zahl mal Klammer und Minusklammer (Distr“, Sprosse 1: Variante 1; übergangen v2
AUSWAHL binomische-formeln-zone-f4-v3 – Zone f4 „Zahl mal Klammer und Minusklammer (Distr“, Sprosse 2: kleinste Variante (v3; v1 fehlt)
WEG Zone f4 „Zahl mal Klammer und Minusklammer (Distr“ – Sprossen [3, 4, 5] (Fallstricke) nicht bestellt (Zone ja: s1 und s2)
AUSWAHL binomische-formeln-zone-f5-v1 – Zone f5 „Quadratzahlen bis 15² erkennen und Quadr“, Sprosse 1: Variante 1; übergangen v2
AUSWAHL binomische-formeln-zone-f5-v3 – Zone f5 „Quadratzahlen bis 15² erkennen und Quadr“, Sprosse 2: kleinste Variante (v3; v1 fehlt)
WEG Zone f5 „Quadratzahlen bis 15² erkennen und Quadr“ – Sprossen [3] (Fallstricke) nicht bestellt (Zone ja: s1 und s2)
AUSWAHL binomische-formeln-zone-f6-v1 – Zone f6 „Scheitelpunktform lesen“, Sprosse 1: Variante 1; übergangen v2
AUSWAHL binomische-formeln-zone-f6-v3 – Zone f6 „Scheitelpunktform lesen“, Sprosse 2: kleinste Variante (v3; v1 fehlt)
WEG Zone f6 „Scheitelpunktform lesen“ – Sprossen [3] (Fallstricke) nicht bestellt (Zone ja: s1 und s2)
AUSWAHL binomische-formeln-zone-f7-v1 – Zone f7 „Ausklammern eines gemeinsamen Zahlfaktor“, Sprosse 1: Variante 1; übergangen v2
AUSWAHL binomische-formeln-zone-f7-v3 – Zone f7 „Ausklammern eines gemeinsamen Zahlfaktor“, Sprosse 2: kleinste Variante (v3; v1 fehlt)
WEG Zone f7 „Ausklammern eines gemeinsamen Zahlfaktor“ – Sprossen [3] (Fallstricke) nicht bestellt (Zone ja: s1 und s2)
AUSWAHL binomische-formeln-zone-f4-v5 – Zone-Paar, Fehler finden
AUSWAHL binomische-formeln-zone-f4-v6 – Zone-Paar, gleichartige Rechenaufgabe
AUSWAHL binomische-formeln-e1-k1-s0-v1 – e1 k1 „Summe mal Summe“ (verfahren), Sprosse 0: Variante 1; übergangen v2, v3, v4
AUSWAHL binomische-formeln-e1-k1-s1-v1 – e1 k1 „Summe mal Summe“ (verfahren): schwach, Grundfall als Päckchen (alle Varianten, unterrichtsblatt 2.8)
AUSWAHL binomische-formeln-e1-k1-s1-v2 – e1 k1 „Summe mal Summe“ (verfahren): schwach, Grundfall als Päckchen (alle Varianten, unterrichtsblatt 2.8)
AUSWAHL binomische-formeln-e1-k1-s1-v3 – e1 k1 „Summe mal Summe“ (verfahren): schwach, Grundfall als Päckchen (alle Varianten, unterrichtsblatt 2.8)
AUSWAHL binomische-formeln-e1-k1-s1-v4 – e1 k1 „Summe mal Summe“ (verfahren): schwach, Grundfall als Päckchen (alle Varianten, unterrichtsblatt 2.8)
AUSWAHL binomische-formeln-e1-k1-s1-v5 – e1 k1 „Summe mal Summe“ (verfahren): schwach, Grundfall als Päckchen (alle Varianten, unterrichtsblatt 2.8)
AUSWAHL binomische-formeln-e1-k1-s2-v1 – e1 k1 „Summe mal Summe“ (verfahren), Sprosse 2: Variante 1; übergangen v2, v3
AUSWAHL binomische-formeln-e1-k1-s3-v1 – e1 k1 „Summe mal Summe“ (verfahren), Sprosse 3: Variante 1; übergangen v2, v3
AUSWAHL binomische-formeln-e1-k1-s4-v1 – e1 k1 „Summe mal Summe“ (verfahren), Sprosse 4: Variante 1; übergangen v2, v3
AUSWAHL binomische-formeln-e1-k1-s5-v1 – e1 k1 „Summe mal Summe“ (verfahren), Sprosse 5: Variante 1; übergangen v2, v3
AUSWAHL binomische-formeln-e1-k1-s6-v1 – e1 k1 „Summe mal Summe“ (verfahren), Sprosse 6: Variante 1; übergangen v2, v3
AUSWAHL binomische-formeln-e1-k1-s7-v1 – e1 k1 „Summe mal Summe“ (verfahren), Sprosse 7: Variante 1; übergangen v2, v3
AUSWAHL binomische-formeln-e1-k1-s8-v1 – e1 k1 „Summe mal Summe“ (verfahren), Sprosse 8: Variante 1; übergangen v2, v3
AUSWAHL binomische-formeln-e1-k1-s9-v1 – e1 k1 „Summe mal Summe“ (verfahren), Sprosse 9: Variante 1; übergangen v2, v3
AUSWAHL binomische-formeln-e1-k1-s10-v1 – e1 k1 „Summe mal Summe“ (verfahren), Sprosse 10: Variante 1; übergangen v2, v3
AUSWAHL binomische-formeln-e1-k1-s11-v1 – e1 k1 „Summe mal Summe“ (verfahren), Sprosse 11: Variante 1; übergangen v2, v3
KETTE e1 k1 „Summe mal Summe“ (verfahren) → eine Hauptnummer
AUSWAHL binomische-formeln-e1-k2-s1-v1 – e1 k2 „Termwert mit zwei Variablen berechnen (auch negativ)“ (ohne), Sprosse 1: Variante 1; übergangen v2, v3
KETTE e1 k2 „Termwert mit zwei Variablen berechnen (auch negativ)“ (ohne) → eine Hauptnummer
AUSWAHL binomische-formeln-e1-k3-s1-v1 – e1 k3 „Summe mal Summe“ (pflicht), Sprosse 1: Variante 1; übergangen v2, v3
AUSWAHL binomische-formeln-e1-k3-s2-v1 – e1 k3 „Summe mal Summe“ (pflicht), Sprosse 2: Variante 1; übergangen v2, v3
KETTE e1 k3 „Summe mal Summe“ (pflicht) → eine Hauptnummer
AUSWAHL binomische-formeln-e2-k1-s0-v1 – e2 k1 „Gleiche Klammer zweimal?“ (erkennung), Sprosse 0: Variante 1; übergangen v2, v3, v4
KETTE e2 k1 „Gleiche Klammer zweimal?“ (erkennung) → eine Hauptnummer (Erkennungsschritt: eigene Kette nach bank.md, zählt als Hauptnummer)
AUSWAHL binomische-formeln-e2-k2-s0-v1 – e2 k2 „Binomische Formeln“ (verfahren), Sprosse 0: Variante 1; übergangen v2, v3, v4
AUSWAHL binomische-formeln-e2-k2-s1-v1 – e2 k2 „Binomische Formeln“ (verfahren): schwach, Grundfall als Päckchen (alle Varianten, unterrichtsblatt 2.8)
AUSWAHL binomische-formeln-e2-k2-s1-v2 – e2 k2 „Binomische Formeln“ (verfahren): schwach, Grundfall als Päckchen (alle Varianten, unterrichtsblatt 2.8)
AUSWAHL binomische-formeln-e2-k2-s1-v3 – e2 k2 „Binomische Formeln“ (verfahren): schwach, Grundfall als Päckchen (alle Varianten, unterrichtsblatt 2.8)
AUSWAHL binomische-formeln-e2-k2-s1-v4 – e2 k2 „Binomische Formeln“ (verfahren): schwach, Grundfall als Päckchen (alle Varianten, unterrichtsblatt 2.8)
AUSWAHL binomische-formeln-e2-k2-s1-v5 – e2 k2 „Binomische Formeln“ (verfahren): schwach, Grundfall als Päckchen (alle Varianten, unterrichtsblatt 2.8)
AUSWAHL binomische-formeln-e2-k2-s2-v1 – e2 k2 „Binomische Formeln“ (verfahren), Sprosse 2: Variante 1; übergangen v2, v3
AUSWAHL binomische-formeln-e2-k2-s3-v1 – e2 k2 „Binomische Formeln“ (verfahren), Sprosse 3: Variante 1; übergangen v2, v3
AUSWAHL binomische-formeln-e2-k2-s4-v1 – e2 k2 „Binomische Formeln“ (verfahren), Sprosse 4: Variante 1; übergangen v2, v3
AUSWAHL binomische-formeln-e2-k2-s5-v1 – e2 k2 „Binomische Formeln“ (verfahren), Sprosse 5: Variante 1; übergangen v2, v3
AUSWAHL binomische-formeln-e2-k2-s6-v1 – e2 k2 „Binomische Formeln“ (verfahren), Sprosse 6: Variante 1; übergangen v2, v3
AUSWAHL binomische-formeln-e2-k2-s7-v1 – e2 k2 „Binomische Formeln“ (verfahren), Sprosse 7: Variante 1; übergangen v2, v3
AUSWAHL binomische-formeln-e2-k2-s8-v1 – e2 k2 „Binomische Formeln“ (verfahren), Sprosse 8: Variante 1; übergangen v2, v3
AUSWAHL binomische-formeln-e2-k2-s9-v1 – e2 k2 „Binomische Formeln“ (verfahren), Sprosse 9: Variante 1; übergangen v2, v3
AUSWAHL binomische-formeln-e2-k2-s10-v1 – e2 k2 „Binomische Formeln“ (verfahren), Sprosse 10: Variante 1; übergangen v2, v3, v4
KETTE e2 k2 „Binomische Formeln“ (verfahren) → eine Hauptnummer
AUSWAHL binomische-formeln-e2-k3-s1-v1 – e2 k3 „Kopfrechnen mit der Formel (Vorrat)“ (ohne), Sprosse 1: Variante 1; übergangen v2, v3
KETTE e2 k3 „Kopfrechnen mit der Formel (Vorrat)“ (ohne) → eine Hauptnummer
AUSWAHL binomische-formeln-e2-k4-s1-v1 – e2 k4 „Binomische Formeln“ (pflicht), Sprosse 1: Variante 1; übergangen v2, v3
AUSWAHL binomische-formeln-e2-k4-s2-v1 – e2 k4 „Binomische Formeln“ (pflicht), Sprosse 2: Variante 1; übergangen v2, v3
KETTE e2 k4 „Binomische Formeln“ (pflicht) → eine Hauptnummer
AUSWAHL binomische-formeln-e3-k1-s0-v1 – e3 k1 „Faktorisieren“ (verfahren), Sprosse 0: Variante 1; übergangen v2, v3, v4
AUSWAHL binomische-formeln-e3-k1-s1-v1 – e3 k1 „Faktorisieren“ (verfahren): schwach, Grundfall als Päckchen (alle Varianten, unterrichtsblatt 2.8)
AUSWAHL binomische-formeln-e3-k1-s1-v2 – e3 k1 „Faktorisieren“ (verfahren): schwach, Grundfall als Päckchen (alle Varianten, unterrichtsblatt 2.8)
AUSWAHL binomische-formeln-e3-k1-s1-v3 – e3 k1 „Faktorisieren“ (verfahren): schwach, Grundfall als Päckchen (alle Varianten, unterrichtsblatt 2.8)
AUSWAHL binomische-formeln-e3-k1-s1-v4 – e3 k1 „Faktorisieren“ (verfahren): schwach, Grundfall als Päckchen (alle Varianten, unterrichtsblatt 2.8)
AUSWAHL binomische-formeln-e3-k1-s1-v5 – e3 k1 „Faktorisieren“ (verfahren): schwach, Grundfall als Päckchen (alle Varianten, unterrichtsblatt 2.8)
AUSWAHL binomische-formeln-e3-k1-s2-v1 – e3 k1 „Faktorisieren“ (verfahren), Sprosse 2: Variante 1; übergangen v2, v3
AUSWAHL binomische-formeln-e3-k1-s3-v1 – e3 k1 „Faktorisieren“ (verfahren), Sprosse 3: Variante 1; übergangen v2, v3
AUSWAHL binomische-formeln-e3-k1-s4-v1 – e3 k1 „Faktorisieren“ (verfahren), Sprosse 4: Variante 1; übergangen v2, v3
AUSWAHL binomische-formeln-e3-k1-s5-v1 – e3 k1 „Faktorisieren“ (verfahren), Sprosse 5: Variante 1; übergangen v2, v3
AUSWAHL binomische-formeln-e3-k1-s6-v1 – e3 k1 „Faktorisieren“ (verfahren), Sprosse 6: Variante 1; übergangen v2, v3
AUSWAHL binomische-formeln-e3-k1-s7-v1 – e3 k1 „Faktorisieren“ (verfahren), Sprosse 7: Variante 1; übergangen v2, v3
AUSWAHL binomische-formeln-e3-k1-s8-v1 – e3 k1 „Faktorisieren“ (verfahren), Sprosse 8: Variante 1; übergangen v2, v3
AUSWAHL binomische-formeln-e3-k1-s9-v1 – e3 k1 „Faktorisieren“ (verfahren), Sprosse 9: Variante 1; übergangen v2, v3
AUSWAHL binomische-formeln-e3-k1-s10-v1 – e3 k1 „Faktorisieren“ (verfahren), Sprosse 10: Variante 1; übergangen v2, v3
KETTE e3 k1 „Faktorisieren“ (verfahren) → eine Hauptnummer
AUSWAHL binomische-formeln-e3-k2-s1-v1 – e3 k2 „Faktorisieren“ (pflicht), Sprosse 1: Variante 1; übergangen v2, v3
AUSWAHL binomische-formeln-e3-k2-s2-v1 – e3 k2 „Faktorisieren“ (pflicht), Sprosse 2: Variante 1; übergangen v2, v3
KETTE e3 k2 „Faktorisieren“ (pflicht) → eine Hauptnummer
KOPF Einheit 1: „Einheit 1 von 3 · Summe mal Summe“; Marken „OS Kl. 8–9 (Sekundo 8, Mathematik 2023 8, Schnittpunkt 8, Mathematik heute 9) · GYM Kl. 7–8 (LS 8, Fundamente 8, Elemente 7, mathe.delta 8) · keine P10-Aufgabe · nicht für alle: Sekundo 8 LVL“ → Zeitmarke „ab Kl. 8, je nach Buch bis Kl. 9 (am Gymnasium ab Kl. 7)“, Prüfungswort „keine P10-Aufgabe“
WARNUNG Nr. 10: 17 Teilaufgaben, 0 mit Grafik – über dem Halbseitenmaß (2.3 g); v0.1 teilt nur im Fokus
KOPF Einheit 2: „Einheit 2 von 3 · Binomische Formeln“; Marken „OS Kl. 8 · GYM Kl. 8 · P10 · nicht für alle: Sekundo 8 LVL, Mathematik 2023 8 Vertiefen, Schnittpunkt 8 EXTRA, Elemente 8 Zum Selbstlernen“ → Zeitmarke „ab Kl. 8“, Prüfungswort „P10“
WARNUNG Nr. 14: 16 Teilaufgaben, 0 mit Grafik – über dem Halbseitenmaß (2.3 g); v0.1 teilt nur im Fokus
KOPF Einheit 3: „Einheit 3 von 3 · Faktorisieren“; Marken „OS Kl. 8–10 (Sekundo 10, Schnittpunkt 8) · GYM Kl. 8 · keine P10-Aufgabe“ → Zeitmarke „ab Kl. 8, je nach Buch bis Kl. 10“, Prüfungswort „keine P10-Aufgabe“
WARNUNG Nr. 17: 16 Teilaufgaben, 0 mit Grafik – über dem Halbseitenmaß (2.3 g); v0.1 teilt nur im Fokus
TODO 101 Stellen in den Quelltexten:
  abhaken.tex:2: TODO Ich-kann-Sätze: Platzhalter wie in den Aufgabendateien
  blatt0_a.tex:4: TODO Grundvorstellungs-Aufgabe als erste Hauptnummer der Zone (2.8) fehlt in der Bank
  blatt0_a.tex:6: TODO Titel: Ich-kann-Satz fehlt in der Bank (Platzhalter: Kettenname) – Nr. 1
  blatt0_a.tex:7: TODO Anweisung: ein Satz über der ersten Teilaufgabe fehlt in der Bank – Nr. 1
  blatt0_a.tex:9: TODO Darstellung für schwach fehlt in der Bank (binomische-formeln-zone-f1-v1; Abschnitt „Für schwache Schüler“)
  blatt0_a.tex:11: TODO Darstellung für schwach fehlt in der Bank (binomische-formeln-zone-f1-v3; Abschnitt „Für schwache Schüler“)
  blatt0_a.tex:15: TODO Titel: Ich-kann-Satz fehlt in der Bank (Platzhalter: Kettenname) – Nr. 2
  blatt0_a.tex:16: TODO Anweisung: ein Satz über der ersten Teilaufgabe fehlt in der Bank – Nr. 2
  blatt0_a.tex:18: TODO Darstellung für schwach fehlt in der Bank (binomische-formeln-zone-f2-v1; Abschnitt „Für schwache Schüler“)
  blatt0_a.tex:20: TODO Darstellung für schwach fehlt in der Bank (binomische-formeln-zone-f2-v3; Abschnitt „Für schwache Schüler“)
  blatt0_a.tex:24: TODO Titel: Ich-kann-Satz fehlt in der Bank (Platzhalter: Kettenname) – Nr. 3
  blatt0_a.tex:25: TODO Anweisung: ein Satz über der ersten Teilaufgabe fehlt in der Bank – Nr. 3
  blatt0_a.tex:27: TODO Darstellung für schwach fehlt in der Bank (binomische-formeln-zone-f3-v1; Abschnitt „Für schwache Schüler“)
  blatt0_a.tex:29: TODO Darstellung für schwach fehlt in der Bank (binomische-formeln-zone-f3-v3; Abschnitt „Für schwache Schüler“)
  blatt0_a.tex:33: TODO Titel: Ich-kann-Satz fehlt in der Bank (Platzhalter: Kettenname) – Nr. 4
  blatt0_a.tex:34: TODO Anweisung: ein Satz über der ersten Teilaufgabe fehlt in der Bank – Nr. 4
  blatt0_a.tex:36: TODO Darstellung für schwach fehlt in der Bank (binomische-formeln-zone-f4-v1; Abschnitt „Für schwache Schüler“)
  blatt0_a.tex:38: TODO Darstellung für schwach fehlt in der Bank (binomische-formeln-zone-f4-v3; Abschnitt „Für schwache Schüler“)
  blatt0_a.tex:42: TODO Titel: Ich-kann-Satz fehlt in der Bank (Platzhalter: Kettenname) – Nr. 5
  blatt0_a.tex:43: TODO Anweisung: ein Satz über der ersten Teilaufgabe fehlt in der Bank – Nr. 5
  blatt0_a.tex:45: TODO Darstellung für schwach fehlt in der Bank (binomische-formeln-zone-f5-v1; Abschnitt „Für schwache Schüler“)
  blatt0_a.tex:47: TODO Darstellung für schwach fehlt in der Bank (binomische-formeln-zone-f5-v3; Abschnitt „Für schwache Schüler“)
  blatt0_a.tex:51: TODO Titel: Ich-kann-Satz fehlt in der Bank (Platzhalter: Kettenname) – Nr. 6
  blatt0_a.tex:52: TODO Anweisung: ein Satz über der ersten Teilaufgabe fehlt in der Bank – Nr. 6
  blatt0_a.tex:54: TODO Darstellung für schwach fehlt in der Bank (binomische-formeln-zone-f6-v1; Abschnitt „Für schwache Schüler“)
  blatt0_a.tex:56: TODO Darstellung für schwach fehlt in der Bank (binomische-formeln-zone-f6-v3; Abschnitt „Für schwache Schüler“)
  blatt0_a.tex:60: TODO Titel: Ich-kann-Satz fehlt in der Bank (Platzhalter: Kettenname) – Nr. 7
  blatt0_a.tex:61: TODO Anweisung: ein Satz über der ersten Teilaufgabe fehlt in der Bank – Nr. 7
  blatt0_a.tex:63: TODO Darstellung für schwach fehlt in der Bank (binomische-formeln-zone-f7-v1; Abschnitt „Für schwache Schüler“)
  blatt0_a.tex:65: TODO Darstellung für schwach fehlt in der Bank (binomische-formeln-zone-f7-v3; Abschnitt „Für schwache Schüler“)
  blatt0_a.tex:69: TODO Titel: Ich-kann-Satz fehlt in der Bank (Platzhalter: Kettenname) – Nr. 8
  blatt0_a.tex:70: TODO Anweisung: ein Satz über der ersten Teilaufgabe fehlt in der Bank – Nr. 8
  blatt0_a.tex:75: TODO Titel: Ich-kann-Satz fehlt in der Bank (Platzhalter: Kettenname) – Nr. 9
  blatt0_a.tex:76: TODO Anweisung: ein Satz über der ersten Teilaufgabe fehlt in der Bank – Nr. 9
  blatt0_a.tex:78: TODO Darstellung für schwach fehlt in der Bank (binomische-formeln-zone-f4-v6; Abschnitt „Für schwache Schüler“)
  e1_a.tex:2: TODO Zweigzeile Teil 1: was hier gelernt wird (Satz in Schülersprache aus dem Einheitstitel) – Einheit 1
  e1_a.tex:7: TODO Titel: Ich-kann-Satz fehlt in der Bank (Platzhalter: Kettenname) – Nr. 10
  e1_a.tex:8: TODO Anweisung: ein Satz über der ersten Teilaufgabe fehlt in der Bank – Nr. 10
  e1_a.tex:13: TODO Darstellung für schwach fehlt in der Bank (binomische-formeln-e1-k1-s1-v1; Abschnitt „Für schwache Schüler“)
  e1_a.tex:15: TODO Darstellung für schwach fehlt in der Bank (binomische-formeln-e1-k1-s1-v2; Abschnitt „Für schwache Schüler“)
  e1_a.tex:17: TODO Darstellung für schwach fehlt in der Bank (binomische-formeln-e1-k1-s1-v3; Abschnitt „Für schwache Schüler“)
  e1_a.tex:19: TODO Darstellung für schwach fehlt in der Bank (binomische-formeln-e1-k1-s1-v4; Abschnitt „Für schwache Schüler“)
  e1_a.tex:21: TODO Darstellung für schwach fehlt in der Bank (binomische-formeln-e1-k1-s1-v5; Abschnitt „Für schwache Schüler“)
  e1_a.tex:24: TODO Darstellung für schwach fehlt in der Bank (binomische-formeln-e1-k1-s2-v1; Abschnitt „Für schwache Schüler“)
  e1_a.tex:26: TODO Darstellung für schwach fehlt in der Bank (binomische-formeln-e1-k1-s3-v1; Abschnitt „Für schwache Schüler“)
  e1_a.tex:28: TODO Darstellung für schwach fehlt in der Bank (binomische-formeln-e1-k1-s4-v1; Abschnitt „Für schwache Schüler“)
  e1_a.tex:30: TODO Darstellung für schwach fehlt in der Bank (binomische-formeln-e1-k1-s5-v1; Abschnitt „Für schwache Schüler“)
  e1_a.tex:32: TODO Darstellung für schwach fehlt in der Bank (binomische-formeln-e1-k1-s6-v1; Abschnitt „Für schwache Schüler“)
  e1_a.tex:34: TODO Darstellung für schwach fehlt in der Bank (binomische-formeln-e1-k1-s7-v1; Abschnitt „Für schwache Schüler“)
  e1_a.tex:36: TODO Darstellung für schwach fehlt in der Bank (binomische-formeln-e1-k1-s8-v1; Abschnitt „Für schwache Schüler“)
  e1_a.tex:38: TODO Darstellung für schwach fehlt in der Bank (binomische-formeln-e1-k1-s9-v1; Abschnitt „Für schwache Schüler“)
  e1_a.tex:40: TODO Darstellung für schwach fehlt in der Bank (binomische-formeln-e1-k1-s10-v1; Abschnitt „Für schwache Schüler“)
  e1_a.tex:45: TODO Titel: Ich-kann-Satz fehlt in der Bank (Platzhalter: Kettenname) – Nr. 11
  e1_a.tex:46: TODO Anweisung: ein Satz über der ersten Teilaufgabe fehlt in der Bank – Nr. 11
  e1_a.tex:48: TODO Darstellung für schwach fehlt in der Bank (binomische-formeln-e1-k2-s1-v1; Abschnitt „Für schwache Schüler“)
  e1_a.tex:52: TODO Titel: Ich-kann-Satz fehlt in der Bank (Platzhalter: Kettenname) – Nr. 12
  e1_a.tex:53: TODO Anweisung: ein Satz über der ersten Teilaufgabe fehlt in der Bank – Nr. 12
  e1_l.tex:4: TODO Lösung der Erklärzeile 10g) fehlt in der Bank
  e2_a.tex:2: TODO Zweigzeile Teil 1: was hier gelernt wird (Satz in Schülersprache aus dem Einheitstitel) – Einheit 2
  e2_a.tex:7: TODO Titel: Ich-kann-Satz fehlt in der Bank (Platzhalter: Kettenname) – Nr. 13
  e2_a.tex:8: TODO Anweisung: ein Satz über der ersten Teilaufgabe fehlt in der Bank – Nr. 13
  e2_a.tex:15: TODO Titel: Ich-kann-Satz fehlt in der Bank (Platzhalter: Kettenname) – Nr. 14
  e2_a.tex:16: TODO Anweisung: ein Satz über der ersten Teilaufgabe fehlt in der Bank – Nr. 14
  e2_a.tex:21: TODO Darstellung für schwach fehlt in der Bank (binomische-formeln-e2-k2-s1-v1; Abschnitt „Für schwache Schüler“)
  e2_a.tex:23: TODO Darstellung für schwach fehlt in der Bank (binomische-formeln-e2-k2-s1-v2; Abschnitt „Für schwache Schüler“)
  e2_a.tex:25: TODO Darstellung für schwach fehlt in der Bank (binomische-formeln-e2-k2-s1-v3; Abschnitt „Für schwache Schüler“)
  e2_a.tex:27: TODO Darstellung für schwach fehlt in der Bank (binomische-formeln-e2-k2-s1-v4; Abschnitt „Für schwache Schüler“)
  e2_a.tex:29: TODO Darstellung für schwach fehlt in der Bank (binomische-formeln-e2-k2-s1-v5; Abschnitt „Für schwache Schüler“)
  e2_a.tex:32: TODO Darstellung für schwach fehlt in der Bank (binomische-formeln-e2-k2-s2-v1; Abschnitt „Für schwache Schüler“)
  e2_a.tex:34: TODO Darstellung für schwach fehlt in der Bank (binomische-formeln-e2-k2-s3-v1; Abschnitt „Für schwache Schüler“)
  e2_a.tex:36: TODO Darstellung für schwach fehlt in der Bank (binomische-formeln-e2-k2-s4-v1; Abschnitt „Für schwache Schüler“)
  e2_a.tex:38: TODO Darstellung für schwach fehlt in der Bank (binomische-formeln-e2-k2-s5-v1; Abschnitt „Für schwache Schüler“)
  e2_a.tex:40: TODO Darstellung für schwach fehlt in der Bank (binomische-formeln-e2-k2-s6-v1; Abschnitt „Für schwache Schüler“)
  e2_a.tex:42: TODO Darstellung für schwach fehlt in der Bank (binomische-formeln-e2-k2-s7-v1; Abschnitt „Für schwache Schüler“)
  e2_a.tex:44: TODO Darstellung für schwach fehlt in der Bank (binomische-formeln-e2-k2-s8-v1; Abschnitt „Für schwache Schüler“)
  e2_a.tex:46: TODO Darstellung für schwach fehlt in der Bank (binomische-formeln-e2-k2-s9-v1; Abschnitt „Für schwache Schüler“)
  e2_a.tex:51: TODO Titel: Ich-kann-Satz fehlt in der Bank (Platzhalter: Kettenname) – Nr. 15
  e2_a.tex:52: TODO Anweisung: ein Satz über der ersten Teilaufgabe fehlt in der Bank – Nr. 15
  e2_a.tex:54: TODO Darstellung für schwach fehlt in der Bank (binomische-formeln-e2-k3-s1-v1; Abschnitt „Für schwache Schüler“)
  e2_a.tex:58: TODO Titel: Ich-kann-Satz fehlt in der Bank (Platzhalter: Kettenname) – Nr. 16
  e2_a.tex:59: TODO Anweisung: ein Satz über der ersten Teilaufgabe fehlt in der Bank – Nr. 16
  e2_l.tex:5: TODO Lösung der Erklärzeile 14g) fehlt in der Bank
  e3_a.tex:2: TODO Zweigzeile Teil 1: was hier gelernt wird (Satz in Schülersprache aus dem Einheitstitel) – Einheit 3
  e3_a.tex:7: TODO Titel: Ich-kann-Satz fehlt in der Bank (Platzhalter: Kettenname) – Nr. 17
  e3_a.tex:8: TODO Anweisung: ein Satz über der ersten Teilaufgabe fehlt in der Bank – Nr. 17
  e3_a.tex:13: TODO Darstellung für schwach fehlt in der Bank (binomische-formeln-e3-k1-s1-v1; Abschnitt „Für schwache Schüler“)
  e3_a.tex:15: TODO Darstellung für schwach fehlt in der Bank (binomische-formeln-e3-k1-s1-v2; Abschnitt „Für schwache Schüler“)
  e3_a.tex:17: TODO Darstellung für schwach fehlt in der Bank (binomische-formeln-e3-k1-s1-v3; Abschnitt „Für schwache Schüler“)
  e3_a.tex:19: TODO Darstellung für schwach fehlt in der Bank (binomische-formeln-e3-k1-s1-v4; Abschnitt „Für schwache Schüler“)
  e3_a.tex:21: TODO Darstellung für schwach fehlt in der Bank (binomische-formeln-e3-k1-s1-v5; Abschnitt „Für schwache Schüler“)
  e3_a.tex:24: TODO Darstellung für schwach fehlt in der Bank (binomische-formeln-e3-k1-s2-v1; Abschnitt „Für schwache Schüler“)
  e3_a.tex:26: TODO Darstellung für schwach fehlt in der Bank (binomische-formeln-e3-k1-s3-v1; Abschnitt „Für schwache Schüler“)
  e3_a.tex:28: TODO Darstellung für schwach fehlt in der Bank (binomische-formeln-e3-k1-s4-v1; Abschnitt „Für schwache Schüler“)
  e3_a.tex:30: TODO Darstellung für schwach fehlt in der Bank (binomische-formeln-e3-k1-s5-v1; Abschnitt „Für schwache Schüler“)
  e3_a.tex:32: TODO Darstellung für schwach fehlt in der Bank (binomische-formeln-e3-k1-s6-v1; Abschnitt „Für schwache Schüler“)
  e3_a.tex:34: TODO Darstellung für schwach fehlt in der Bank (binomische-formeln-e3-k1-s7-v1; Abschnitt „Für schwache Schüler“)
  e3_a.tex:36: TODO Darstellung für schwach fehlt in der Bank (binomische-formeln-e3-k1-s8-v1; Abschnitt „Für schwache Schüler“)
  e3_a.tex:38: TODO Darstellung für schwach fehlt in der Bank (binomische-formeln-e3-k1-s9-v1; Abschnitt „Für schwache Schüler“)
  e3_a.tex:43: TODO Titel: Ich-kann-Satz fehlt in der Bank (Platzhalter: Kettenname) – Nr. 18
  e3_a.tex:44: TODO Anweisung: ein Satz über der ersten Teilaufgabe fehlt in der Bank – Nr. 18
  e3_l.tex:4: TODO Lösung der Erklärzeile 17g) fehlt in der Bank
STRUKTUR 0 Fehler
