# zusammenbau v0.1: zusammenbau.py grenzwerte-und-verhalten-im-unendlichen
VORLAGE mathblatt.sty: Version 2026-09-28a
EINHEITEN [1, 2, 3]
AUSWAHL grenzwerte-und-verhalten-im-unendlichen-zone-f1-v1 – Zone f1 „Potenzen mit geradem und ungeradem Expon“, Sprosse 1: Variante 1; übergangen v2
AUSWAHL grenzwerte-und-verhalten-im-unendlichen-zone-f1-v3 – Zone f1 „Potenzen mit geradem und ungeradem Expon“, Sprosse 2: kleinste Variante (v3; v1 fehlt)
WEG Zone f1 „Potenzen mit geradem und ungeradem Expon“ – Sprossen [3, 4] (Fallstricke) nicht bestellt (Zone ja: s1 und s2)
AUSWAHL grenzwerte-und-verhalten-im-unendlichen-zone-f2-v1 – Zone f2 „Öffnung einer Parabel und Verlauf der No“, Sprosse 1: Variante 1; übergangen v2
AUSWAHL grenzwerte-und-verhalten-im-unendlichen-zone-f2-v3 – Zone f2 „Öffnung einer Parabel und Verlauf der No“, Sprosse 2: kleinste Variante (v3; v1 fehlt)
WEG Zone f2 „Öffnung einer Parabel und Verlauf der No“ – Sprossen [3] (Fallstricke) nicht bestellt (Zone ja: s1 und s2)
AUSWAHL grenzwerte-und-verhalten-im-unendlichen-zone-f3-v1 – Zone f3 „Exponentialfunktion y = a · qˣ“, Sprosse 1: Variante 1; übergangen v2
AUSWAHL grenzwerte-und-verhalten-im-unendlichen-zone-f3-v3 – Zone f3 „Exponentialfunktion y = a · qˣ“, Sprosse 2: kleinste Variante (v3; v1 fehlt)
WEG Zone f3 „Exponentialfunktion y = a · qˣ“ – Sprossen [3] (Fallstricke) nicht bestellt (Zone ja: s1 und s2)
AUSWAHL grenzwerte-und-verhalten-im-unendlichen-zone-f4-v1 – Zone f4 „Achsen- und Punktsymmetrie am Graphen er“, Sprosse 1: Variante 1; übergangen v2
AUSWAHL grenzwerte-und-verhalten-im-unendlichen-zone-f4-v3 – Zone f4 „Achsen- und Punktsymmetrie am Graphen er“, Sprosse 2: kleinste Variante (v3; v1 fehlt)
WEG Zone f4 „Achsen- und Punktsymmetrie am Graphen er“ – Sprossen [3] (Fallstricke) nicht bestellt (Zone ja: s1 und s2)
AUSWAHL grenzwerte-und-verhalten-im-unendlichen-zone-f5-v1 – Zone f5 „Satz vom Nullprodukt und die Regel, dass“, Sprosse 1: Variante 1; übergangen v2
AUSWAHL grenzwerte-und-verhalten-im-unendlichen-zone-f5-v3 – Zone f5 „Satz vom Nullprodukt und die Regel, dass“, Sprosse 2: kleinste Variante (v3; v1 fehlt)
WEG Zone f5 „Satz vom Nullprodukt und die Regel, dass“ – Sprossen [3] (Fallstricke) nicht bestellt (Zone ja: s1 und s2)
AUSWAHL grenzwerte-und-verhalten-im-unendlichen-zone-f6-v1 – Zone f6 „Verschiebung und Streckung eines Graphen“, Sprosse 1: Variante 1; übergangen v2
AUSWAHL grenzwerte-und-verhalten-im-unendlichen-zone-f6-v3 – Zone f6 „Verschiebung und Streckung eines Graphen“, Sprosse 2: kleinste Variante (v3; v1 fehlt)
WEG Zone f6 „Verschiebung und Streckung eines Graphen“ – Sprossen [3] (Fallstricke) nicht bestellt (Zone ja: s1 und s2)
AUSWAHL grenzwerte-und-verhalten-im-unendlichen-zone-f7-v1 – Zone f7 „Vorzeichen eines Produkts und eines Bruc“, Sprosse 1: Variante 1; übergangen v2
AUSWAHL grenzwerte-und-verhalten-im-unendlichen-zone-f7-v3 – Zone f7 „Vorzeichen eines Produkts und eines Bruc“, Sprosse 2: kleinste Variante (v3; v1 fehlt)
WEG Zone f7 „Vorzeichen eines Produkts und eines Bruc“ – Sprossen [3, 4, 5] (Fallstricke) nicht bestellt (Zone ja: s1 und s2)
AUSWAHL grenzwerte-und-verhalten-im-unendlichen-zone-f7-v5 – Zone-Paar, Fehler finden
AUSWAHL grenzwerte-und-verhalten-im-unendlichen-zone-f7-v6 – Zone-Paar, gleichartige Rechenaufgabe
AUSWAHL grenzwerte-und-verhalten-im-unendlichen-e1-k1-s0-v1 – e1 k1 „„Wer gewinnt?““ (erkennung), Sprosse 0: Variante 1; übergangen v2, v3, v4
KETTE e1 k1 „„Wer gewinnt?““ (erkennung) → eine Hauptnummer (Erkennungsschritt: eigene Kette nach bank.md, zählt als Hauptnummer)
AUSWAHL grenzwerte-und-verhalten-im-unendlichen-e1-k2-s0-v1 – e1 k2 „Ganzrationale Funktionen“ (verfahren), Sprosse 0: Variante 1; übergangen v2, v3, v4
AUSWAHL grenzwerte-und-verhalten-im-unendlichen-e1-k2-s1-v1 – e1 k2 „Ganzrationale Funktionen“ (verfahren), Sprosse 1: Variante 1; übergangen v2, v3, v4, v5
AUSWAHL grenzwerte-und-verhalten-im-unendlichen-e1-k2-s2-v1 – e1 k2 „Ganzrationale Funktionen“ (verfahren), Sprosse 2: Variante 1; übergangen v2, v3
AUSWAHL grenzwerte-und-verhalten-im-unendlichen-e1-k2-s3-v1 – e1 k2 „Ganzrationale Funktionen“ (verfahren), Sprosse 3: Variante 1; übergangen v2, v3
AUSWAHL grenzwerte-und-verhalten-im-unendlichen-e1-k2-s4-v1 – e1 k2 „Ganzrationale Funktionen“ (verfahren), Sprosse 4: Variante 1; übergangen v2, v3
AUSWAHL grenzwerte-und-verhalten-im-unendlichen-e1-k2-s5-v1 – e1 k2 „Ganzrationale Funktionen“ (verfahren), Sprosse 5: Variante 1; übergangen v2, v3
AUSWAHL grenzwerte-und-verhalten-im-unendlichen-e1-k2-s6-v1 – e1 k2 „Ganzrationale Funktionen“ (verfahren), Sprosse 6: Variante 1; übergangen v2
KETTE e1 k2 „Ganzrationale Funktionen“ (verfahren) → eine Hauptnummer
AUSWAHL grenzwerte-und-verhalten-im-unendlichen-e1-k3-s1-v1 – e1 k3 „Ganzrationale Funktionen“ (pflicht), Sprosse 1: Variante 1; übergangen v2, v3
AUSWAHL grenzwerte-und-verhalten-im-unendlichen-e1-k3-s2-v1 – e1 k3 „Ganzrationale Funktionen“ (pflicht), Sprosse 2: Variante 1; übergangen v2, v3
AUSWAHL grenzwerte-und-verhalten-im-unendlichen-e1-k3-s3-v1 – e1 k3 „Ganzrationale Funktionen“ (pflicht), Sprosse 3: Variante 1; übergangen v2, v3
KETTE e1 k3 „Ganzrationale Funktionen“ (pflicht) → eine Hauptnummer
AUSWAHL grenzwerte-und-verhalten-im-unendlichen-e2-k1-s0-v1 – e2 k1 „Produkte aus Polynom und e-Funktion“ (verfahren), Sprosse 0: Variante 1; übergangen v2, v3, v4
AUSWAHL grenzwerte-und-verhalten-im-unendlichen-e2-k1-s1-v1 – e2 k1 „Produkte aus Polynom und e-Funktion“ (verfahren), Sprosse 1: Variante 1; übergangen v2, v3, v4, v5
AUSWAHL grenzwerte-und-verhalten-im-unendlichen-e2-k1-s2-v1 – e2 k1 „Produkte aus Polynom und e-Funktion“ (verfahren), Sprosse 2: Variante 1; übergangen v2, v3
AUSWAHL grenzwerte-und-verhalten-im-unendlichen-e2-k1-s3-v1 – e2 k1 „Produkte aus Polynom und e-Funktion“ (verfahren), Sprosse 3: Variante 1; übergangen v2, v3
AUSWAHL grenzwerte-und-verhalten-im-unendlichen-e2-k1-s4-v1 – e2 k1 „Produkte aus Polynom und e-Funktion“ (verfahren), Sprosse 4: Variante 1; übergangen v2, v3
AUSWAHL grenzwerte-und-verhalten-im-unendlichen-e2-k1-s5-v1 – e2 k1 „Produkte aus Polynom und e-Funktion“ (verfahren), Sprosse 5: Variante 1; übergangen v2, v3
AUSWAHL grenzwerte-und-verhalten-im-unendlichen-e2-k1-s6-v1 – e2 k1 „Produkte aus Polynom und e-Funktion“ (verfahren), Sprosse 6: Variante 1; übergangen v2, v3
AUSWAHL grenzwerte-und-verhalten-im-unendlichen-e2-k1-s7-v1 – e2 k1 „Produkte aus Polynom und e-Funktion“ (verfahren), Sprosse 7: Variante 1; übergangen v2, v3, v4, v5, v6
KETTE e2 k1 „Produkte aus Polynom und e-Funktion“ (verfahren) → eine Hauptnummer
AUSWAHL grenzwerte-und-verhalten-im-unendlichen-e2-k2-s1-v1 – e2 k2 „Produkte aus Polynom und e-Funktion“ (pflicht), Sprosse 1: Variante 1; übergangen v2, v3
AUSWAHL grenzwerte-und-verhalten-im-unendlichen-e2-k2-s2-v1 – e2 k2 „Produkte aus Polynom und e-Funktion“ (pflicht), Sprosse 2: Variante 1; übergangen v2, v3
AUSWAHL grenzwerte-und-verhalten-im-unendlichen-e2-k2-s3-v1 – e2 k2 „Produkte aus Polynom und e-Funktion“ (pflicht), Sprosse 3: Variante 1; übergangen v2, v3
AUSWAHL grenzwerte-und-verhalten-im-unendlichen-e2-k2-s4-v1 – e2 k2 „Produkte aus Polynom und e-Funktion“ (pflicht), Sprosse 4: Variante 1; übergangen v2, v3
KETTE e2 k2 „Produkte aus Polynom und e-Funktion“ (pflicht) → eine Hauptnummer
AUSWAHL grenzwerte-und-verhalten-im-unendlichen-e3-k1-s0-v1 – e3 k1 „Waagerechte Asymptoten“ (verfahren), Sprosse 0: Variante 1; übergangen v2, v3, v4
AUSWAHL grenzwerte-und-verhalten-im-unendlichen-e3-k1-s1-v1 – e3 k1 „Waagerechte Asymptoten“ (verfahren), Sprosse 1: Variante 1; übergangen v2, v3, v4, v5
AUSWAHL grenzwerte-und-verhalten-im-unendlichen-e3-k1-s2-v1 – e3 k1 „Waagerechte Asymptoten“ (verfahren), Sprosse 2: Variante 1; übergangen v2, v3
AUSWAHL grenzwerte-und-verhalten-im-unendlichen-e3-k1-s3-v1 – e3 k1 „Waagerechte Asymptoten“ (verfahren), Sprosse 3: Variante 1; übergangen v2, v3
AUSWAHL grenzwerte-und-verhalten-im-unendlichen-e3-k1-s4-v1 – e3 k1 „Waagerechte Asymptoten“ (verfahren), Sprosse 4: Variante 1; übergangen v2, v3
KETTE e3 k1 „Waagerechte Asymptoten“ (verfahren) → eine Hauptnummer
AUSWAHL grenzwerte-und-verhalten-im-unendlichen-e3-k2-s1-v1 – e3 k2 „Waagerechte Asymptoten“ (pflicht), Sprosse 1: Variante 1; übergangen v2, v3
AUSWAHL grenzwerte-und-verhalten-im-unendlichen-e3-k2-s2-v1 – e3 k2 „Waagerechte Asymptoten“ (pflicht), Sprosse 2: Variante 1; übergangen v2, v3
AUSWAHL grenzwerte-und-verhalten-im-unendlichen-e3-k2-s3-v1 – e3 k2 „Waagerechte Asymptoten“ (pflicht), Sprosse 3: Variante 1; übergangen v2, v3
KETTE e3 k2 „Waagerechte Asymptoten“ (pflicht) → eine Hauptnummer
KOPF Einheit 1: „Einheit 1 von 3 · Ganzrationale Funktionen“; Marken „BE Q1/2 · BB Q1 · GK · Abitur GK · Abitur LK · FHR“ → Zeitmarke „None“, Prüfungswort „Abitur GK“
KOPF Einheit 2: „Einheit 2 von 3 · Produkte aus Polynom und e-Funktion“; Marken „BE Q1/2 · BB Q1 · GK · Abitur GK · Abitur LK“ → Zeitmarke „None“, Prüfungswort „Abitur GK“
KOPF Einheit 3: „Einheit 3 von 3 · Waagerechte Asymptoten“; Marken „BE Q1 · BB Q1 · GK (BE nur LK) · keine Prüfungsaufgabe“ → Zeitmarke „None“, Prüfungswort „keine Prüfungsaufgabe“
TODO 42 Stellen in den Quelltexten:
  abhaken.tex:2: TODO Ich-kann-Sätze: Platzhalter wie in den Aufgabendateien
  blatt0_a.tex:5: TODO Titel: Ich-kann-Satz fehlt in der Bank (Platzhalter: Kettenname) – Nr. 1
  blatt0_a.tex:6: TODO Anweisung: ein Satz über der ersten Teilaufgabe fehlt in der Bank – Nr. 1
  blatt0_a.tex:14: TODO Titel: Ich-kann-Satz fehlt in der Bank (Platzhalter: Kettenname) – Nr. 2
  blatt0_a.tex:15: TODO Anweisung: ein Satz über der ersten Teilaufgabe fehlt in der Bank – Nr. 2
  blatt0_a.tex:23: TODO Titel: Ich-kann-Satz fehlt in der Bank (Platzhalter: Kettenname) – Nr. 3
  blatt0_a.tex:24: TODO Anweisung: ein Satz über der ersten Teilaufgabe fehlt in der Bank – Nr. 3
  blatt0_a.tex:32: TODO Titel: Ich-kann-Satz fehlt in der Bank (Platzhalter: Kettenname) – Nr. 4
  blatt0_a.tex:33: TODO Anweisung: ein Satz über der ersten Teilaufgabe fehlt in der Bank – Nr. 4
  blatt0_a.tex:41: TODO Titel: Ich-kann-Satz fehlt in der Bank (Platzhalter: Kettenname) – Nr. 5
  blatt0_a.tex:42: TODO Anweisung: ein Satz über der ersten Teilaufgabe fehlt in der Bank – Nr. 5
  blatt0_a.tex:50: TODO Titel: Ich-kann-Satz fehlt in der Bank (Platzhalter: Kettenname) – Nr. 6
  blatt0_a.tex:51: TODO Anweisung: ein Satz über der ersten Teilaufgabe fehlt in der Bank – Nr. 6
  blatt0_a.tex:59: TODO Titel: Ich-kann-Satz fehlt in der Bank (Platzhalter: Kettenname) – Nr. 7
  blatt0_a.tex:60: TODO Anweisung: ein Satz über der ersten Teilaufgabe fehlt in der Bank – Nr. 7
  blatt0_a.tex:68: TODO Titel: Ich-kann-Satz fehlt in der Bank (Platzhalter: Kettenname) – Nr. 8
  blatt0_a.tex:69: TODO Anweisung: ein Satz über der ersten Teilaufgabe fehlt in der Bank – Nr. 8
  blatt0_a.tex:76: TODO Titel: Ich-kann-Satz fehlt in der Bank (Platzhalter: Kettenname) – Nr. 9
  blatt0_a.tex:77: TODO Anweisung: ein Satz über der ersten Teilaufgabe fehlt in der Bank – Nr. 9
  e1_a.tex:2: TODO Zeitmarke Einheit 1: Marken-Zeile nicht lesbar
  e1_a.tex:3: TODO Zweigzeile Teil 1: was hier gelernt wird (Satz in Schülersprache aus dem Einheitstitel) – Einheit 1
  e1_a.tex:8: TODO Titel: Ich-kann-Satz fehlt in der Bank (Platzhalter: Kettenname) – Nr. 10
  e1_a.tex:9: TODO Anweisung: ein Satz über der ersten Teilaufgabe fehlt in der Bank – Nr. 10
  e1_a.tex:16: TODO Titel: Ich-kann-Satz fehlt in der Bank (Platzhalter: Kettenname) – Nr. 11
  e1_a.tex:17: TODO Anweisung: ein Satz über der ersten Teilaufgabe fehlt in der Bank – Nr. 11
  e1_a.tex:19: TODO \rechenplatz{n}: Schrittzahl des Grundfalls fehlt in der Bank (nur bei fester Schreibform, 2.3 b)
  e1_a.tex:31: TODO Titel: Ich-kann-Satz fehlt in der Bank (Platzhalter: Kettenname) – Nr. 12
  e1_a.tex:32: TODO Anweisung: ein Satz über der ersten Teilaufgabe fehlt in der Bank – Nr. 12
  e2_a.tex:2: TODO Zeitmarke Einheit 2: Marken-Zeile nicht lesbar
  e2_a.tex:3: TODO Zweigzeile Teil 1: was hier gelernt wird (Satz in Schülersprache aus dem Einheitstitel) – Einheit 2
  e2_a.tex:8: TODO Titel: Ich-kann-Satz fehlt in der Bank (Platzhalter: Kettenname) – Nr. 13
  e2_a.tex:9: TODO Anweisung: ein Satz über der ersten Teilaufgabe fehlt in der Bank – Nr. 13
  e2_a.tex:11: TODO \rechenplatz{n}: Schrittzahl des Grundfalls fehlt in der Bank (nur bei fester Schreibform, 2.3 b)
  e2_a.tex:24: TODO Titel: Ich-kann-Satz fehlt in der Bank (Platzhalter: Kettenname) – Nr. 14
  e2_a.tex:25: TODO Anweisung: ein Satz über der ersten Teilaufgabe fehlt in der Bank – Nr. 14
  e3_a.tex:2: TODO Zeitmarke Einheit 3: Marken-Zeile nicht lesbar
  e3_a.tex:3: TODO Zweigzeile Teil 1: was hier gelernt wird (Satz in Schülersprache aus dem Einheitstitel) – Einheit 3
  e3_a.tex:8: TODO Titel: Ich-kann-Satz fehlt in der Bank (Platzhalter: Kettenname) – Nr. 15
  e3_a.tex:9: TODO Anweisung: ein Satz über der ersten Teilaufgabe fehlt in der Bank – Nr. 15
  e3_a.tex:11: TODO \rechenplatz{n}: Schrittzahl des Grundfalls fehlt in der Bank (nur bei fester Schreibform, 2.3 b)
  e3_a.tex:21: TODO Titel: Ich-kann-Satz fehlt in der Bank (Platzhalter: Kettenname) – Nr. 16
  e3_a.tex:22: TODO Anweisung: ein Satz über der ersten Teilaufgabe fehlt in der Bank – Nr. 16
STRUKTUR 0 Fehler
