# zusammenbau v0.1: zusammenbau.py binomialverteilung
VORLAGE mathblatt.sty: Version 2026-09-28a
EINHEITEN [1, 2, 3, 4, 5]
AUSWAHL binomialverteilung-zone-f1-v1 – Zone f1 „Baumdiagramm und Pfadregeln mit Zurückle“, Sprosse 1: Variante 1; übergangen v2
AUSWAHL binomialverteilung-zone-f1-v3 – Zone f1 „Baumdiagramm und Pfadregeln mit Zurückle“, Sprosse 2: kleinste Variante (v3; v1 fehlt)
WEG Zone f1 „Baumdiagramm und Pfadregeln mit Zurückle“ – Sprossen [3] (Fallstricke) nicht bestellt (Zone ja: s1 und s2)
AUSWAHL binomialverteilung-zone-f2-v1 – Zone f2 „Ziehen mit und ohne Zurücklegen untersch“, Sprosse 1: Variante 1; übergangen v2
AUSWAHL binomialverteilung-zone-f2-v3 – Zone f2 „Ziehen mit und ohne Zurücklegen untersch“, Sprosse 2: kleinste Variante (v3; v1 fehlt)
WEG Zone f2 „Ziehen mit und ohne Zurücklegen untersch“ – Sprossen [3] (Fallstricke) nicht bestellt (Zone ja: s1 und s2)
AUSWAHL binomialverteilung-zone-f3-v1 – Zone f3 „Binomialkoeffizient (n über k) als Anzah“, Sprosse 1: Variante 1; übergangen v2
AUSWAHL binomialverteilung-zone-f3-v3 – Zone f3 „Binomialkoeffizient (n über k) als Anzah“, Sprosse 2: kleinste Variante (v3; v1 fehlt)
WEG Zone f3 „Binomialkoeffizient (n über k) als Anzah“ – Sprossen [3] (Fallstricke) nicht bestellt (Zone ja: s1 und s2)
AUSWAHL binomialverteilung-zone-f4-v1 – Zone f4 „Rechnerfunktionen für die Binomialvertei“, Sprosse 1: Variante 1; übergangen v2
AUSWAHL binomialverteilung-zone-f4-v3 – Zone f4 „Rechnerfunktionen für die Binomialvertei“, Sprosse 2: kleinste Variante (v3; v1 fehlt)
WEG Zone f4 „Rechnerfunktionen für die Binomialvertei“ – Sprossen [3, 4, 5] (Fallstricke) nicht bestellt (Zone ja: s1 und s2)
AUSWAHL binomialverteilung-zone-f5-v1 – Zone f5 „Anteile, Prozente und Anzahlen ineinande“, Sprosse 1: Variante 1; übergangen v2
AUSWAHL binomialverteilung-zone-f5-v3 – Zone f5 „Anteile, Prozente und Anzahlen ineinande“, Sprosse 2: kleinste Variante (v3; v1 fehlt)
WEG Zone f5 „Anteile, Prozente und Anzahlen ineinande“ – Sprossen [3, 4] (Fallstricke) nicht bestellt (Zone ja: s1 und s2)
AUSWAHL binomialverteilung-zone-f6-v1 – Zone f6 „Säulendiagramm lesen (Höhe am Gitter abl“, Sprosse 1: Variante 1; übergangen v2
AUSWAHL binomialverteilung-zone-f6-v3 – Zone f6 „Säulendiagramm lesen (Höhe am Gitter abl“, Sprosse 2: kleinste Variante (v3; v1 fehlt)
WEG Zone f6 „Säulendiagramm lesen (Höhe am Gitter abl“ – Sprossen [3, 4] (Fallstricke) nicht bestellt (Zone ja: s1 und s2)
AUSWAHL binomialverteilung-zone-f7-v1 – Zone f7 „Potenzen mit einer Basis zwischen null u“, Sprosse 1: Variante 1; übergangen v2
AUSWAHL binomialverteilung-zone-f7-v3 – Zone f7 „Potenzen mit einer Basis zwischen null u“, Sprosse 2: kleinste Variante (v3; v1 fehlt)
WEG Zone f7 „Potenzen mit einer Basis zwischen null u“ – Sprossen [3, 4] (Fallstricke) nicht bestellt (Zone ja: s1 und s2)
AUSWAHL binomialverteilung-zone-f8-v1 – Zone f8 „Erwartungswert μ = n · p berechnen und a“, Sprosse 1: Variante 1; übergangen v2
AUSWAHL binomialverteilung-zone-f8-v3 – Zone f8 „Erwartungswert μ = n · p berechnen und a“, Sprosse 2: kleinste Variante (v3; v1 fehlt)
WEG Zone f8 „Erwartungswert μ = n · p berechnen und a“ – Sprossen [3] (Fallstricke) nicht bestellt (Zone ja: s1 und s2)
AUSWAHL binomialverteilung-zone-f4-v5 – Zone-Paar, Fehler finden
AUSWAHL binomialverteilung-zone-f4-v6 – Zone-Paar, gleichartige Rechenaufgabe
AUSWAHL binomialverteilung-e1-k1-s0-v1 – e1 k1 „Modell erkennen“ (verfahren), Sprosse 0: Variante 1; übergangen v2, v3, v4
AUSWAHL binomialverteilung-e1-k1-s1-v1 – e1 k1 „Modell erkennen“ (verfahren), Sprosse 1: Variante 1; übergangen v2, v3, v4, v5
AUSWAHL binomialverteilung-e1-k1-s2-v1 – e1 k1 „Modell erkennen“ (verfahren), Sprosse 2: Variante 1; übergangen v2, v3
AUSWAHL binomialverteilung-e1-k1-s3-v1 – e1 k1 „Modell erkennen“ (verfahren), Sprosse 3: Variante 1; übergangen v2, v3
AUSWAHL binomialverteilung-e1-k1-s4-v1 – e1 k1 „Modell erkennen“ (verfahren), Sprosse 4: Variante 1; übergangen v2, v3
AUSWAHL binomialverteilung-e1-k1-s5-v1 – e1 k1 „Modell erkennen“ (verfahren), Sprosse 5: Variante 1; übergangen v2, v3
AUSWAHL binomialverteilung-e1-k1-s6-v1 – e1 k1 „Modell erkennen“ (verfahren), Sprosse 6: Variante 1; übergangen v2, v3
AUSWAHL binomialverteilung-e1-k1-s7-v1 – e1 k1 „Modell erkennen“ (verfahren), Sprosse 7: Variante 1; übergangen v2, v3, v4
KETTE e1 k1 „Modell erkennen“ (verfahren) → eine Hauptnummer
AUSWAHL binomialverteilung-e1-k2-s1-v1 – e1 k2 „Modell erkennen“ (pflicht), Sprosse 1: Variante 1; übergangen v2, v3
AUSWAHL binomialverteilung-e1-k2-s2-v1 – e1 k2 „Modell erkennen“ (pflicht), Sprosse 2: Variante 1; übergangen v2, v3
AUSWAHL binomialverteilung-e1-k2-s3-v1 – e1 k2 „Modell erkennen“ (pflicht), Sprosse 3: Variante 1; übergangen v2, v3
AUSWAHL binomialverteilung-e1-k2-s4-v1 – e1 k2 „Modell erkennen“ (pflicht), Sprosse 4: Variante 1; übergangen v2, v3
KETTE e1 k2 „Modell erkennen“ (pflicht) → eine Hauptnummer
AUSWAHL binomialverteilung-e2-k1-s0-v1 – e2 k1 „Bernoulli-Formel“ (verfahren), Sprosse 0: Variante 1; übergangen v2, v3, v4
AUSWAHL binomialverteilung-e2-k1-s1-v1 – e2 k1 „Bernoulli-Formel“ (verfahren), Sprosse 1: Variante 1; übergangen v2, v3, v4, v5
AUSWAHL binomialverteilung-e2-k1-s2-v1 – e2 k1 „Bernoulli-Formel“ (verfahren), Sprosse 2: Variante 1; übergangen v2, v3
AUSWAHL binomialverteilung-e2-k1-s3-v1 – e2 k1 „Bernoulli-Formel“ (verfahren), Sprosse 3: Variante 1; übergangen v2, v3
AUSWAHL binomialverteilung-e2-k1-s4-v1 – e2 k1 „Bernoulli-Formel“ (verfahren), Sprosse 4: Variante 1; übergangen v2, v3
AUSWAHL binomialverteilung-e2-k1-s5-v1 – e2 k1 „Bernoulli-Formel“ (verfahren), Sprosse 5: Variante 1; übergangen v2, v3
AUSWAHL binomialverteilung-e2-k1-s6-v1 – e2 k1 „Bernoulli-Formel“ (verfahren), Sprosse 6: Variante 1; übergangen v2, v3
AUSWAHL binomialverteilung-e2-k1-s7-v1 – e2 k1 „Bernoulli-Formel“ (verfahren), Sprosse 7: Variante 1; übergangen v2, v3
AUSWAHL binomialverteilung-e2-k1-s8-v1 – e2 k1 „Bernoulli-Formel“ (verfahren), Sprosse 8: Variante 1; übergangen v2, v3
AUSWAHL binomialverteilung-e2-k1-s9-v1 – e2 k1 „Bernoulli-Formel“ (verfahren), Sprosse 9: Variante 1; übergangen v2, v3, v4, v5, v6
KETTE e2 k1 „Bernoulli-Formel“ (verfahren) → eine Hauptnummer
AUSWAHL binomialverteilung-e2-k2-s1-v1 – e2 k2 „Bernoulli-Formel“ (pflicht), Sprosse 1: Variante 1; übergangen v2, v3
AUSWAHL binomialverteilung-e2-k2-s2-v1 – e2 k2 „Bernoulli-Formel“ (pflicht), Sprosse 2: Variante 1; übergangen v2, v3
AUSWAHL binomialverteilung-e2-k2-s3-v1 – e2 k2 „Bernoulli-Formel“ (pflicht), Sprosse 3: Variante 1; übergangen v2, v3
AUSWAHL binomialverteilung-e2-k2-s4-v1 – e2 k2 „Bernoulli-Formel“ (pflicht), Sprosse 4: Variante 1; übergangen v2, v3
KETTE e2 k2 „Bernoulli-Formel“ (pflicht) → eine Hauptnummer
AUSWAHL binomialverteilung-e3-k1-s0-v1 – e3 k1 „Kumulierte Wahrscheinlichkeiten“ (verfahren), Sprosse 0: Variante 1; übergangen v2, v3, v4
AUSWAHL binomialverteilung-e3-k1-s1-v1 – e3 k1 „Kumulierte Wahrscheinlichkeiten“ (verfahren), Sprosse 1: Variante 1; übergangen v2, v3, v4, v5
AUSWAHL binomialverteilung-e3-k1-s2-v1 – e3 k1 „Kumulierte Wahrscheinlichkeiten“ (verfahren), Sprosse 2: Variante 1; übergangen v2, v3
AUSWAHL binomialverteilung-e3-k1-s3-v1 – e3 k1 „Kumulierte Wahrscheinlichkeiten“ (verfahren), Sprosse 3: Variante 1; übergangen v2, v3
AUSWAHL binomialverteilung-e3-k1-s4-v1 – e3 k1 „Kumulierte Wahrscheinlichkeiten“ (verfahren), Sprosse 4: Variante 1; übergangen v2, v3
AUSWAHL binomialverteilung-e3-k1-s5-v1 – e3 k1 „Kumulierte Wahrscheinlichkeiten“ (verfahren), Sprosse 5: Variante 1; übergangen v2, v3
AUSWAHL binomialverteilung-e3-k1-s6-v1 – e3 k1 „Kumulierte Wahrscheinlichkeiten“ (verfahren), Sprosse 6: Variante 1; übergangen v2, v3
AUSWAHL binomialverteilung-e3-k1-s7-v1 – e3 k1 „Kumulierte Wahrscheinlichkeiten“ (verfahren), Sprosse 7: Variante 1; übergangen v2, v3
AUSWAHL binomialverteilung-e3-k1-s8-v1 – e3 k1 „Kumulierte Wahrscheinlichkeiten“ (verfahren), Sprosse 8: Variante 1; übergangen v2, v3
AUSWAHL binomialverteilung-e3-k1-s9-v1 – e3 k1 „Kumulierte Wahrscheinlichkeiten“ (verfahren), Sprosse 9: Variante 1; übergangen v2, v3, v4, v5, v6, v7, v8
KETTE e3 k1 „Kumulierte Wahrscheinlichkeiten“ (verfahren) → eine Hauptnummer
AUSWAHL binomialverteilung-e3-k2-s1-v1 – e3 k2 „Bedingte Restwahrscheinlichkeit nach bekannten Ergebnissen über die Binomialverteilung berechnen“ (ohne), Sprosse 1: Variante 1; übergangen v2, v3
KETTE e3 k2 „Bedingte Restwahrscheinlichkeit nach bekannten Ergebnissen über die Binomialverteilung berechnen“ (ohne) → eine Hauptnummer
AUSWAHL binomialverteilung-e3-k3-s1-v1 – e3 k3 „Wahrscheinlichkeit für zwei unabhängige Spieler als Produkt binomialer Wahrscheinlichkeiten berechnen“ (ohne), Sprosse 1: Variante 1; übergangen v2, v3
KETTE e3 k3 „Wahrscheinlichkeit für zwei unabhängige Spieler als Produkt binomialer Wahrscheinlichkeiten berechnen“ (ohne) → eine Hauptnummer
AUSWAHL binomialverteilung-e3-k4-s1-v1 – e3 k4 „Kumulierte Wahrscheinlichkeiten“ (pflicht), Sprosse 1: Variante 1; übergangen v2, v3
AUSWAHL binomialverteilung-e3-k4-s2-v1 – e3 k4 „Kumulierte Wahrscheinlichkeiten“ (pflicht), Sprosse 2: Variante 1; übergangen v2, v3
AUSWAHL binomialverteilung-e3-k4-s3-v1 – e3 k4 „Kumulierte Wahrscheinlichkeiten“ (pflicht), Sprosse 3: Variante 1; übergangen v2, v3
AUSWAHL binomialverteilung-e3-k4-s4-v1 – e3 k4 „Kumulierte Wahrscheinlichkeiten“ (pflicht), Sprosse 4: Variante 1; übergangen v2, v3
KETTE e3 k4 „Kumulierte Wahrscheinlichkeiten“ (pflicht) → eine Hauptnummer
AUSWAHL binomialverteilung-e4-k1-s0-v1 – e4 k1 „Umkehraufgaben“ (verfahren), Sprosse 0: Variante 1; übergangen v2, v3, v4
AUSWAHL binomialverteilung-e4-k1-s1-v1 – e4 k1 „Umkehraufgaben“ (verfahren), Sprosse 1: Variante 1; übergangen v2, v3, v4, v5
AUSWAHL binomialverteilung-e4-k1-s2-v1 – e4 k1 „Umkehraufgaben“ (verfahren), Sprosse 2: Variante 1; übergangen v2, v3
AUSWAHL binomialverteilung-e4-k1-s3-v1 – e4 k1 „Umkehraufgaben“ (verfahren), Sprosse 3: Variante 1; übergangen v2, v3
AUSWAHL binomialverteilung-e4-k1-s4-v1 – e4 k1 „Umkehraufgaben“ (verfahren), Sprosse 4: Variante 1; übergangen v2, v3
AUSWAHL binomialverteilung-e4-k1-s5-v1 – e4 k1 „Umkehraufgaben“ (verfahren), Sprosse 5: Variante 1; übergangen v2, v3
AUSWAHL binomialverteilung-e4-k1-s6-v1 – e4 k1 „Umkehraufgaben“ (verfahren), Sprosse 6: Variante 1; übergangen v2, v3
AUSWAHL binomialverteilung-e4-k1-s7-v1 – e4 k1 „Umkehraufgaben“ (verfahren), Sprosse 7: Variante 1; übergangen v2, v3
AUSWAHL binomialverteilung-e4-k1-s8-v1 – e4 k1 „Umkehraufgaben“ (verfahren), Sprosse 8: Variante 1; übergangen v2, v3
AUSWAHL binomialverteilung-e4-k1-s9-v1 – e4 k1 „Umkehraufgaben“ (verfahren), Sprosse 9: Variante 1; übergangen v2, v3, v4, v5, v6, v7, v8, v9
KETTE e4 k1 „Umkehraufgaben“ (verfahren) → eine Hauptnummer
AUSWAHL binomialverteilung-e4-k2-s1-v1 – e4 k2 „Trefferzahlen mit einer Einzelwahrscheinlichkeit über einer Schranke mit dem Rechner ermitteln“ (ohne), Sprosse 1: Variante 1; übergangen v2, v3
KETTE e4 k2 „Trefferzahlen mit einer Einzelwahrscheinlichkeit über einer Schranke mit dem Rechner ermitteln“ (ohne) → eine Hauptnummer
AUSWAHL binomialverteilung-e4-k3-s1-v1 – e4 k3 „Umkehraufgaben“ (pflicht), Sprosse 1: Variante 1; übergangen v2, v3
AUSWAHL binomialverteilung-e4-k3-s2-v1 – e4 k3 „Umkehraufgaben“ (pflicht), Sprosse 2: Variante 1; übergangen v2, v3
AUSWAHL binomialverteilung-e4-k3-s3-v1 – e4 k3 „Umkehraufgaben“ (pflicht), Sprosse 3: Variante 1; übergangen v2, v3
KETTE e4 k3 „Umkehraufgaben“ (pflicht) → eine Hauptnummer
AUSWAHL binomialverteilung-e5-k1-s0-v1 – e5 k1 „Verteilung im Diagramm“ (verfahren), Sprosse 0: Variante 1; übergangen v2, v3, v4
AUSWAHL binomialverteilung-e5-k1-s1-v1 – e5 k1 „Verteilung im Diagramm“ (verfahren), Sprosse 1: Variante 1; übergangen v2, v3, v4, v5
AUSWAHL binomialverteilung-e5-k1-s2-v1 – e5 k1 „Verteilung im Diagramm“ (verfahren), Sprosse 2: Variante 1; übergangen v2, v3
AUSWAHL binomialverteilung-e5-k1-s3-v1 – e5 k1 „Verteilung im Diagramm“ (verfahren), Sprosse 3: Variante 1; übergangen v2, v3
AUSWAHL binomialverteilung-e5-k1-s4-v1 – e5 k1 „Verteilung im Diagramm“ (verfahren), Sprosse 4: Variante 1; übergangen v2, v3
AUSWAHL binomialverteilung-e5-k1-s5-v1 – e5 k1 „Verteilung im Diagramm“ (verfahren), Sprosse 5: Variante 1; übergangen v2, v3
AUSWAHL binomialverteilung-e5-k1-s6-v1 – e5 k1 „Verteilung im Diagramm“ (verfahren), Sprosse 6: Variante 1; übergangen v2, v3
AUSWAHL binomialverteilung-e5-k1-s7-v1 – e5 k1 „Verteilung im Diagramm“ (verfahren), Sprosse 7: Variante 1; übergangen v2, v3
AUSWAHL binomialverteilung-e5-k1-s8-v1 – e5 k1 „Verteilung im Diagramm“ (verfahren), Sprosse 8: Variante 1; übergangen v2, v3, v4, v5, v6, v7, v8
KETTE e5 k1 „Verteilung im Diagramm“ (verfahren) → eine Hauptnummer
AUSWAHL binomialverteilung-e5-k2-s1-v1 – e5 k2 „Obere Grenze einer im Diagramm markierten kumulierten Wahrscheinlichkeit über den Erwartungswert ermitteln“ (ohne), Sprosse 1: Variante 1; übergangen v2, v3
KETTE e5 k2 „Obere Grenze einer im Diagramm markierten kumulierten Wahrscheinlichkeit über den Erwartungswert ermitteln“ (ohne) → eine Hauptnummer
AUSWAHL binomialverteilung-e5-k3-s1-v1 – e5 k3 „Verteilung im Diagramm“ (pflicht), Sprosse 1: Variante 1; übergangen v2, v3
AUSWAHL binomialverteilung-e5-k3-s2-v1 – e5 k3 „Verteilung im Diagramm“ (pflicht), Sprosse 2: Variante 1; übergangen v2, v3
AUSWAHL binomialverteilung-e5-k3-s3-v1 – e5 k3 „Verteilung im Diagramm“ (pflicht), Sprosse 3: Variante 1; übergangen v2, v3
AUSWAHL binomialverteilung-e5-k3-s4-v1 – e5 k3 „Verteilung im Diagramm“ (pflicht), Sprosse 4: Variante 1; übergangen v2, v3
KETTE e5 k3 „Verteilung im Diagramm“ (pflicht) → eine Hauptnummer
KOPF Einheit 1: „Einheit 1 von 5 · Bernoulli-Experiment und Bernoulli-Kette“; Marken „BE Q4 · BB Q2 · GK · Abitur GK · Abitur LK“ → Zeitmarke „None“, Prüfungswort „Abitur GK“
KOPF Einheit 2: „Einheit 2 von 5 · Bernoulli-Formel“; Marken „BE Q4 · BB Q2 · GK · Abitur GK · Abitur LK“ → Zeitmarke „None“, Prüfungswort „Abitur GK“
WARNUNG Nr. 13: 10 Teilaufgaben, 1 mit Grafik – über dem Halbseitenmaß (2.3 g); v0.1 teilt nur im Fokus
KOPF Einheit 3: „Einheit 3 von 5 · Kumulierte Wahrscheinlichkeiten“; Marken „BE Q4 · BB Q2 · GK · Abitur GK · Abitur LK“ → Zeitmarke „None“, Prüfungswort „Abitur GK“
KOPF Einheit 4: „Einheit 4 von 5 · Umkehraufgaben“; Marken „BE Q4 · BB Q2 · GK · Abitur GK · Abitur LK“ → Zeitmarke „None“, Prüfungswort „Abitur GK“
KOPF Einheit 5: „Einheit 5 von 5 · Verteilung im Diagramm“; Marken „BE Q4 · BB Q2 · GK · Abitur GK · Abitur LK“ → Zeitmarke „None“, Prüfungswort „Abitur GK“
WARNUNG Nr. 22: 9 Teilaufgaben, 4 mit Grafik – über dem Halbseitenmaß (2.3 g); v0.1 teilt nur im Fokus
TODO 64 Stellen in den Quelltexten:
  abhaken.tex:2: TODO Ich-kann-Sätze: Platzhalter wie in den Aufgabendateien
  blatt0_a.tex:5: TODO Titel: Ich-kann-Satz fehlt in der Bank (Platzhalter: Kettenname) – Nr. 1
  blatt0_a.tex:6: TODO Anweisung: ein Satz über der ersten Teilaufgabe fehlt in der Bank – Nr. 1
  blatt0_a.tex:14: TODO Titel: Ich-kann-Satz fehlt in der Bank (Platzhalter: Kettenname) – Nr. 2
  blatt0_a.tex:15: TODO Anweisung: ein Satz über der ersten Teilaufgabe fehlt in der Bank – Nr. 2
  blatt0_a.tex:23: TODO Titel: Ich-kann-Satz fehlt in der Bank (Platzhalter: Kettenname) – Nr. 3
  blatt0_a.tex:24: TODO Anweisung: ein Satz über der ersten Teilaufgabe fehlt in der Bank – Nr. 3
  blatt0_a.tex:32: TODO Titel: Ich-kann-Satz fehlt in der Bank (Platzhalter: Kettenname) – Nr. 4
  blatt0_a.tex:33: TODO Anweisung: ein Satz über der ersten Teilaufgabe fehlt in der Bank – Nr. 4
  blatt0_a.tex:47: TODO Titel: Ich-kann-Satz fehlt in der Bank (Platzhalter: Kettenname) – Nr. 5
  blatt0_a.tex:48: TODO Anweisung: ein Satz über der ersten Teilaufgabe fehlt in der Bank – Nr. 5
  blatt0_a.tex:56: TODO Titel: Ich-kann-Satz fehlt in der Bank (Platzhalter: Kettenname) – Nr. 6
  blatt0_a.tex:57: TODO Anweisung: ein Satz über der ersten Teilaufgabe fehlt in der Bank – Nr. 6
  blatt0_a.tex:71: TODO Titel: Ich-kann-Satz fehlt in der Bank (Platzhalter: Kettenname) – Nr. 7
  blatt0_a.tex:72: TODO Anweisung: ein Satz über der ersten Teilaufgabe fehlt in der Bank – Nr. 7
  blatt0_a.tex:80: TODO Titel: Ich-kann-Satz fehlt in der Bank (Platzhalter: Kettenname) – Nr. 8
  blatt0_a.tex:81: TODO Anweisung: ein Satz über der ersten Teilaufgabe fehlt in der Bank – Nr. 8
  blatt0_a.tex:89: TODO Titel: Ich-kann-Satz fehlt in der Bank (Platzhalter: Kettenname) – Nr. 9
  blatt0_a.tex:90: TODO Anweisung: ein Satz über der ersten Teilaufgabe fehlt in der Bank – Nr. 9
  blatt0_a.tex:99: TODO Titel: Ich-kann-Satz fehlt in der Bank (Platzhalter: Kettenname) – Nr. 10
  blatt0_a.tex:100: TODO Anweisung: ein Satz über der ersten Teilaufgabe fehlt in der Bank – Nr. 10
  e1_a.tex:2: TODO Zeitmarke Einheit 1: Marken-Zeile nicht lesbar
  e1_a.tex:3: TODO Zweigzeile Teil 1: was hier gelernt wird (Satz in Schülersprache aus dem Einheitstitel) – Einheit 1
  e1_a.tex:8: TODO Titel: Ich-kann-Satz fehlt in der Bank (Platzhalter: Kettenname) – Nr. 11
  e1_a.tex:9: TODO Anweisung: ein Satz über der ersten Teilaufgabe fehlt in der Bank – Nr. 11
  e1_a.tex:11: TODO \rechenplatz{n}: Schrittzahl des Grundfalls fehlt in der Bank (nur bei fester Schreibform, 2.3 b)
  e1_a.tex:24: TODO Titel: Ich-kann-Satz fehlt in der Bank (Platzhalter: Kettenname) – Nr. 12
  e1_a.tex:25: TODO Anweisung: ein Satz über der ersten Teilaufgabe fehlt in der Bank – Nr. 12
  e2_a.tex:2: TODO Zeitmarke Einheit 2: Marken-Zeile nicht lesbar
  e2_a.tex:3: TODO Zweigzeile Teil 1: was hier gelernt wird (Satz in Schülersprache aus dem Einheitstitel) – Einheit 2
  e2_a.tex:8: TODO Titel: Ich-kann-Satz fehlt in der Bank (Platzhalter: Kettenname) – Nr. 13
  e2_a.tex:9: TODO Anweisung: ein Satz über der ersten Teilaufgabe fehlt in der Bank – Nr. 13
  e2_a.tex:11: TODO \rechenplatz{n}: Schrittzahl des Grundfalls fehlt in der Bank (nur bei fester Schreibform, 2.3 b)
  e2_a.tex:28: TODO Titel: Ich-kann-Satz fehlt in der Bank (Platzhalter: Kettenname) – Nr. 14
  e2_a.tex:29: TODO Anweisung: ein Satz über der ersten Teilaufgabe fehlt in der Bank – Nr. 14
  e3_a.tex:2: TODO Zeitmarke Einheit 3: Marken-Zeile nicht lesbar
  e3_a.tex:3: TODO Zweigzeile Teil 1: was hier gelernt wird (Satz in Schülersprache aus dem Einheitstitel) – Einheit 3
  e3_a.tex:8: TODO Titel: Ich-kann-Satz fehlt in der Bank (Platzhalter: Kettenname) – Nr. 15
  e3_a.tex:9: TODO Anweisung: ein Satz über der ersten Teilaufgabe fehlt in der Bank – Nr. 15
  e3_a.tex:11: TODO \rechenplatz{n}: Schrittzahl des Grundfalls fehlt in der Bank (nur bei fester Schreibform, 2.3 b)
  e3_a.tex:26: TODO Titel: Ich-kann-Satz fehlt in der Bank (Platzhalter: Kettenname) – Nr. 16
  e3_a.tex:27: TODO Anweisung: ein Satz über der ersten Teilaufgabe fehlt in der Bank – Nr. 16
  e3_a.tex:34: TODO Titel: Ich-kann-Satz fehlt in der Bank (Platzhalter: Kettenname) – Nr. 17
  e3_a.tex:35: TODO Anweisung: ein Satz über der ersten Teilaufgabe fehlt in der Bank – Nr. 17
  e3_a.tex:42: TODO Titel: Ich-kann-Satz fehlt in der Bank (Platzhalter: Kettenname) – Nr. 18
  e3_a.tex:43: TODO Anweisung: ein Satz über der ersten Teilaufgabe fehlt in der Bank – Nr. 18
  e4_a.tex:2: TODO Zeitmarke Einheit 4: Marken-Zeile nicht lesbar
  e4_a.tex:3: TODO Zweigzeile Teil 1: was hier gelernt wird (Satz in Schülersprache aus dem Einheitstitel) – Einheit 4
  e4_a.tex:8: TODO Titel: Ich-kann-Satz fehlt in der Bank (Platzhalter: Kettenname) – Nr. 19
  e4_a.tex:9: TODO Anweisung: ein Satz über der ersten Teilaufgabe fehlt in der Bank – Nr. 19
  e4_a.tex:11: TODO \rechenplatz{n}: Schrittzahl des Grundfalls fehlt in der Bank (nur bei fester Schreibform, 2.3 b)
  e4_a.tex:26: TODO Titel: Ich-kann-Satz fehlt in der Bank (Platzhalter: Kettenname) – Nr. 20
  e4_a.tex:27: TODO Anweisung: ein Satz über der ersten Teilaufgabe fehlt in der Bank – Nr. 20
  e4_a.tex:34: TODO Titel: Ich-kann-Satz fehlt in der Bank (Platzhalter: Kettenname) – Nr. 21
  e4_a.tex:35: TODO Anweisung: ein Satz über der ersten Teilaufgabe fehlt in der Bank – Nr. 21
  e5_a.tex:2: TODO Zeitmarke Einheit 5: Marken-Zeile nicht lesbar
  e5_a.tex:3: TODO Zweigzeile Teil 1: was hier gelernt wird (Satz in Schülersprache aus dem Einheitstitel) – Einheit 5
  e5_a.tex:8: TODO Titel: Ich-kann-Satz fehlt in der Bank (Platzhalter: Kettenname) – Nr. 22
  e5_a.tex:9: TODO Anweisung: ein Satz über der ersten Teilaufgabe fehlt in der Bank – Nr. 22
  e5_a.tex:11: TODO \rechenplatz{n}: Schrittzahl des Grundfalls fehlt in der Bank (nur bei fester Schreibform, 2.3 b)
  e5_a.tex:36: TODO Titel: Ich-kann-Satz fehlt in der Bank (Platzhalter: Kettenname) – Nr. 23
  e5_a.tex:37: TODO Anweisung: ein Satz über der ersten Teilaufgabe fehlt in der Bank – Nr. 23
  e5_a.tex:44: TODO Titel: Ich-kann-Satz fehlt in der Bank (Platzhalter: Kettenname) – Nr. 24
  e5_a.tex:45: TODO Anweisung: ein Satz über der ersten Teilaufgabe fehlt in der Bank – Nr. 24
STRUKTUR 0 Fehler
