# zusammenbau v0.9: zusammenbau.py terme --nummer 3
VORLAGE mathblatt.sty: Version 2026-09-28a
KENNUNG TER-L3 – Kürzel TER aus _kuerzel.csv (mathe-nachhilfe); Rezept L (Lernblatt); Nummer 3 = vorgegeben (--nummer)
EINHEITEN [1, 2, 3, 4]
AUSWAHL terme-zone-f1-v1 – Zone f1 „Addieren und Subtrahieren negativer Zahl“: sehr leicht
AUSWAHL terme-zone-f1-v2 – Zone f1 „Addieren und Subtrahieren negativer Zahl“: sehr leicht
AUSWAHL terme-zone-f1-v3 – Zone f1 „Addieren und Subtrahieren negativer Zahl“: mittel
AUSWAHL terme-zone-f1-v4 – Zone f1 „Addieren und Subtrahieren negativer Zahl“: Fallstrick
AUSWAHL terme-zone-f1-v5 – Zone-Paar Zone f1 „Addieren und Subtrahieren negativer Zahl“
AUSWAHL terme-zone-f1-v6 – Zone-Paar Zone f1 „Addieren und Subtrahieren negativer Zahl“
AUSWAHL terme-zone-f2-v1 – Zone f2 „Multiplizieren mit Vorzeichen“: sehr leicht
AUSWAHL terme-zone-f2-v2 – Zone f2 „Multiplizieren mit Vorzeichen“: sehr leicht
AUSWAHL terme-zone-f2-v3 – Zone f2 „Multiplizieren mit Vorzeichen“: mittel
AUSWAHL terme-zone-f2-v4 – Zone f2 „Multiplizieren mit Vorzeichen“: Fallstrick
AUSWAHL terme-zone-f3-v1 – Zone f3 „Dezimalzahlen und einfache Brüche als Vo“: sehr leicht
AUSWAHL terme-zone-f3-v2 – Zone f3 „Dezimalzahlen und einfache Brüche als Vo“: sehr leicht
AUSWAHL terme-zone-f3-v3 – Zone f3 „Dezimalzahlen und einfache Brüche als Vo“: mittel
AUSWAHL terme-zone-f3-v4 – Zone f3 „Dezimalzahlen und einfache Brüche als Vo“: Fallstrick
AUSWAHL terme-zone-f4-v1 – Zone f4 „Punkt vor Strich mit Zahlen“: sehr leicht
AUSWAHL terme-zone-f4-v2 – Zone f4 „Punkt vor Strich mit Zahlen“: sehr leicht
AUSWAHL terme-zone-f4-v3 – Zone f4 „Punkt vor Strich mit Zahlen“: mittel
AUSWAHL terme-zone-f4-v4 – Zone f4 „Punkt vor Strich mit Zahlen“: Fallstrick
AUSWAHL terme-e1-k1-s1-v1 – e1 k1 „Term aufstellen“ (verfahren): Grundfall (vier von fünf)
AUSWAHL terme-e1-k1-s1-v2 – e1 k1 „Term aufstellen“ (verfahren): Grundfall (vier von fünf)
AUSWAHL terme-e1-k1-s1-v3 – e1 k1 „Term aufstellen“ (verfahren): Grundfall (vier von fünf)
AUSWAHL terme-e1-k1-s1-v4 – e1 k1 „Term aufstellen“ (verfahren): Grundfall (vier von fünf)
RESERVE terme-e1-k1-s1-v5 – e1 k1 „Term aufstellen“ (verfahren): Grundfall über vier (Päckchen wechselt)
AUSWAHL terme-e1-k1-s2-v1 – e1 k1 „Term aufstellen“ (verfahren), Sprosse 2: Variante 1; übergangen v2, v3
AUSWAHL terme-e1-k1-s3-v1 – e1 k1 „Term aufstellen“ (verfahren), Sprosse 3: Variante 1; übergangen v2, v3
AUSWAHL terme-e1-k1-s4-v1 – e1 k1 „Term aufstellen“ (verfahren), Sprosse 4: Variante 1; übergangen v2, v3
AUSWAHL terme-e1-k1-s5-v1 – e1 k1 „Term aufstellen“ (verfahren), Sprosse 5: Variante 1; übergangen v2, v3
AUSWAHL terme-e1-k1-s6-v1 – e1 k1 „Term aufstellen“ (verfahren), Sprosse 6: Variante 1; übergangen v2, v3
TEILUNG „Ich kann einen Term aufstellen.“: Stück 2 ab terme-e1-k1-s3-v1 (4 Teilaufgaben) – „weiter“
AUSWAHL terme-e1-k1-s7-v1 – e1 k1 „Term aufstellen“ (verfahren): Prüfungshöhe (2023-OS-B1h), kleinste Variante
RESERVE terme-e1-k1-s7-v2 – e1 k1 „Term aufstellen“ (verfahren): Prüfungshöhe (2023-OS-B1h), weitere Variante
AUSWAHL terme-e1-k1-s7-v3 – e1 k1 „Term aufstellen“ (verfahren): Prüfungshöhe (2017-OS-B1i), kleinste Variante
RESERVE terme-e1-k1-s7-v4 – e1 k1 „Term aufstellen“ (verfahren): Prüfungshöhe (2017-OS-B1i), weitere Variante
AUSWAHL terme-e1-k2-s1-v1 – e1 k2 „Termwert berechnen“ (ohne): Typ ohne Kette, alle Zeilen
AUSWAHL terme-e1-k2-s1-v2 – e1 k2 „Termwert berechnen“ (ohne): Typ ohne Kette, alle Zeilen
AUSWAHL terme-e1-k2-s1-v3 – e1 k2 „Termwert berechnen“ (ohne): Typ ohne Kette, alle Zeilen
AUSWAHL terme-e1-k3-s1-v1 – e1 k3 „Situation zu Term angeben“ (ohne): Typ ohne Kette, alle Zeilen
AUSWAHL terme-e1-k3-s1-v2 – e1 k3 „Situation zu Term angeben“ (ohne): Typ ohne Kette, alle Zeilen
AUSWAHL terme-e1-k3-s1-v3 – e1 k3 „Situation zu Term angeben“ (ohne): Typ ohne Kette, alle Zeilen
AUSWAHL terme-e1-k4-s1-v1 – e1 k4 „Term aufstellen“ (pflicht), Pflicht fehler: je Zeile eine Teilaufgabe
AUSWAHL terme-e1-k4-s1-v2 – e1 k4 „Term aufstellen“ (pflicht), Pflicht fehler: je Zeile eine Teilaufgabe
AUSWAHL terme-e1-k4-s1-v3 – e1 k4 „Term aufstellen“ (pflicht), Pflicht fehler: je Zeile eine Teilaufgabe
AUSWAHL terme-e1-k4-s2-v1 – e1 k4 „Term aufstellen“ (pflicht), Pflicht begruenden: je Zeile eine Teilaufgabe
AUSWAHL terme-e1-k4-s2-v2 – e1 k4 „Term aufstellen“ (pflicht), Pflicht begruenden: je Zeile eine Teilaufgabe
AUSWAHL terme-e1-k4-s2-v3 – e1 k4 „Term aufstellen“ (pflicht), Pflicht begruenden: je Zeile eine Teilaufgabe
AUSWAHL terme-e1-k4-s3-v1 – e1 k4 „Term aufstellen“ (pflicht), Pflicht darstellung: je Zeile eine Teilaufgabe
AUSWAHL terme-e1-k4-s3-v2 – e1 k4 „Term aufstellen“ (pflicht), Pflicht darstellung: je Zeile eine Teilaufgabe
AUSWAHL terme-e1-k4-s3-v3 – e1 k4 „Term aufstellen“ (pflicht), Pflicht darstellung: je Zeile eine Teilaufgabe
AUSWAHL terme-e1-k4-s4-v1 – e1 k4 „Term aufstellen“ (pflicht), Pflicht anwendung: je Zeile eine Teilaufgabe
AUSWAHL terme-e1-k4-s4-v2 – e1 k4 „Term aufstellen“ (pflicht), Pflicht anwendung: je Zeile eine Teilaufgabe
AUSWAHL terme-e1-k4-s4-v3 – e1 k4 „Term aufstellen“ (pflicht), Pflicht anwendung: je Zeile eine Teilaufgabe
AUSWAHL terme-e2-k1-s0-v1 – e2 k1 „Gleichartige Glieder erkennen“ (erkennung): Erkennungsschritt, alle Zeilen
AUSWAHL terme-e2-k1-s0-v2 – e2 k1 „Gleichartige Glieder erkennen“ (erkennung): Erkennungsschritt, alle Zeilen
AUSWAHL terme-e2-k1-s0-v3 – e2 k1 „Gleichartige Glieder erkennen“ (erkennung): Erkennungsschritt, alle Zeilen
AUSWAHL terme-e2-k1-s0-v4 – e2 k1 „Gleichartige Glieder erkennen“ (erkennung): Erkennungsschritt, alle Zeilen
AUSWAHL terme-e2-k2-s0-v1 – e2 k2 „Vorzahl lesen“ (erkennung): Erkennungsschritt, alle Zeilen
AUSWAHL terme-e2-k2-s0-v2 – e2 k2 „Vorzahl lesen“ (erkennung): Erkennungsschritt, alle Zeilen
AUSWAHL terme-e2-k2-s0-v3 – e2 k2 „Vorzahl lesen“ (erkennung): Erkennungsschritt, alle Zeilen
AUSWAHL terme-e2-k2-s0-v4 – e2 k2 „Vorzahl lesen“ (erkennung): Erkennungsschritt, alle Zeilen
AUSWAHL terme-e2-k3-s0-v1 – e2 k3 „Vorzeichen als Teil des Gliedes“ (erkennung): Erkennungsschritt, alle Zeilen
AUSWAHL terme-e2-k3-s0-v2 – e2 k3 „Vorzeichen als Teil des Gliedes“ (erkennung): Erkennungsschritt, alle Zeilen
AUSWAHL terme-e2-k3-s0-v3 – e2 k3 „Vorzeichen als Teil des Gliedes“ (erkennung): Erkennungsschritt, alle Zeilen
AUSWAHL terme-e2-k3-s0-v4 – e2 k3 „Vorzeichen als Teil des Gliedes“ (erkennung): Erkennungsschritt, alle Zeilen
AUSWAHL terme-e2-k4-s1-v1 – e2 k4 „Zusammenfassen“ (verfahren): Grundfall (vier von fünf)
AUSWAHL terme-e2-k4-s1-v2 – e2 k4 „Zusammenfassen“ (verfahren): Grundfall (vier von fünf)
AUSWAHL terme-e2-k4-s1-v3 – e2 k4 „Zusammenfassen“ (verfahren): Grundfall (vier von fünf)
AUSWAHL terme-e2-k4-s1-v4 – e2 k4 „Zusammenfassen“ (verfahren): Grundfall (vier von fünf)
RESERVE terme-e2-k4-s1-v5 – e2 k4 „Zusammenfassen“ (verfahren): Grundfall über vier (Päckchen wechselt)
AUSWAHL terme-e2-k4-s2-v1 – e2 k4 „Zusammenfassen“ (verfahren), Sprosse 2: Variante 1; übergangen v2, v3
AUSWAHL terme-e2-k4-s3-v1 – e2 k4 „Zusammenfassen“ (verfahren), Sprosse 3: Variante 1; übergangen v2, v3
AUSWAHL terme-e2-k4-s4-v1 – e2 k4 „Zusammenfassen“ (verfahren), Sprosse 4: Variante 1; übergangen v2, v3
AUSWAHL terme-e2-k4-s5-v1 – e2 k4 „Zusammenfassen“ (verfahren), Sprosse 5: Variante 1; übergangen v2, v3
AUSWAHL terme-e2-k4-s6-v1 – e2 k4 „Zusammenfassen“ (verfahren), Sprosse 6: Variante 1; übergangen v2, v3
AUSWAHL terme-e2-k4-s7-v1 – e2 k4 „Zusammenfassen“ (verfahren), Sprosse 7: Variante 1; übergangen v2, v3
AUSWAHL terme-e2-k4-s8-v1 – e2 k4 „Zusammenfassen“ (verfahren), Sprosse 8: Variante 1; übergangen v2, v3
AUSWAHL terme-e2-k4-s9-v1 – e2 k4 „Zusammenfassen“ (verfahren), Sprosse 9: Variante 1; übergangen v2, v3
AUSWAHL terme-e2-k4-s10-v1 – e2 k4 „Zusammenfassen“ (verfahren), Sprosse 10: Variante 1; übergangen v2, v3
TEILUNG „Ich kann Terme zusammenfassen.“: Stück 2 ab terme-e2-k4-s5-v1 (6 Teilaufgaben) – „weiter“
AUSWAHL terme-e2-k4-s11-v1 – e2 k4 „Zusammenfassen“ (verfahren): Prüfungshöhe (2025-GYM-B2a), kleinste Variante
RESERVE terme-e2-k4-s11-v2 – e2 k4 „Zusammenfassen“ (verfahren): Prüfungshöhe (2025-GYM-B2a), weitere Variante
AUSWAHL terme-e2-k5-s1-v1 – e2 k5 „Malnehmen“ (verfahren): Grundfall (vier von fünf)
AUSWAHL terme-e2-k5-s1-v2 – e2 k5 „Malnehmen“ (verfahren): Grundfall (vier von fünf)
AUSWAHL terme-e2-k5-s1-v3 – e2 k5 „Malnehmen“ (verfahren): Grundfall (vier von fünf)
AUSWAHL terme-e2-k5-s1-v4 – e2 k5 „Malnehmen“ (verfahren): Grundfall (vier von fünf)
RESERVE terme-e2-k5-s1-v5 – e2 k5 „Malnehmen“ (verfahren): Grundfall über vier (Päckchen wechselt)
AUSWAHL terme-e2-k5-s2-v1 – e2 k5 „Malnehmen“ (verfahren), Sprosse 2: Variante 1; übergangen v2, v3
AUSWAHL terme-e2-k5-s3-v1 – e2 k5 „Malnehmen“ (verfahren), Sprosse 3: Variante 1; übergangen v2, v3
AUSWAHL terme-e2-k5-s4-v1 – e2 k5 „Malnehmen“ (verfahren), Sprosse 4: Variante 1; übergangen v2, v3
AUSWAHL terme-e2-k5-s5-v1 – e2 k5 „Malnehmen“ (verfahren), Sprosse 5: Variante 1; übergangen v2, v3
AUSWAHL terme-e2-k5-s6-v1 – e2 k5 „Malnehmen“ (verfahren), Sprosse 6: Variante 1; übergangen v2, v3
AUSWAHL terme-e2-k5-s7-v1 – e2 k5 „Malnehmen“ (verfahren): Prüfungshöhe (ohne Original), kleinste Variante
RESERVE terme-e2-k5-s7-v2 – e2 k5 „Malnehmen“ (verfahren): Prüfungshöhe (ohne Original), weitere Variante
RESERVE terme-e2-k5-s7-v3 – e2 k5 „Malnehmen“ (verfahren): Prüfungshöhe (ohne Original), weitere Variante
AUSWAHL terme-e2-k6-s1-v1 – e2 k6 „Zusammenfassen“ (pflicht), Pflicht fehler: je Zeile eine Teilaufgabe
AUSWAHL terme-e2-k6-s1-v2 – e2 k6 „Zusammenfassen“ (pflicht), Pflicht fehler: je Zeile eine Teilaufgabe
AUSWAHL terme-e2-k6-s1-v3 – e2 k6 „Zusammenfassen“ (pflicht), Pflicht fehler: je Zeile eine Teilaufgabe
AUSWAHL terme-e2-k6-s2-v1 – e2 k6 „Zusammenfassen“ (pflicht), Pflicht begruenden: je Zeile eine Teilaufgabe
AUSWAHL terme-e2-k6-s2-v2 – e2 k6 „Zusammenfassen“ (pflicht), Pflicht begruenden: je Zeile eine Teilaufgabe
AUSWAHL terme-e2-k6-s2-v3 – e2 k6 „Zusammenfassen“ (pflicht), Pflicht begruenden: je Zeile eine Teilaufgabe
AUSWAHL terme-e2-k6-s3-v1 – e2 k6 „Zusammenfassen“ (pflicht), Pflicht darstellung: je Zeile eine Teilaufgabe
AUSWAHL terme-e2-k6-s3-v2 – e2 k6 „Zusammenfassen“ (pflicht), Pflicht darstellung: je Zeile eine Teilaufgabe
AUSWAHL terme-e2-k6-s3-v3 – e2 k6 „Zusammenfassen“ (pflicht), Pflicht darstellung: je Zeile eine Teilaufgabe
AUSWAHL terme-e2-k6-s4-v1 – e2 k6 „Zusammenfassen“ (pflicht), Pflicht anwendung: je Zeile eine Teilaufgabe
AUSWAHL terme-e2-k6-s4-v2 – e2 k6 „Zusammenfassen“ (pflicht), Pflicht anwendung: je Zeile eine Teilaufgabe
AUSWAHL terme-e2-k6-s4-v3 – e2 k6 „Zusammenfassen“ (pflicht), Pflicht anwendung: je Zeile eine Teilaufgabe
AUSWAHL terme-e3-k1-s0-v1 – e3 k1 „Zeichen vor der Klammer feststellen“ (erkennung): Erkennungsschritt, alle Zeilen
AUSWAHL terme-e3-k1-s0-v2 – e3 k1 „Zeichen vor der Klammer feststellen“ (erkennung): Erkennungsschritt, alle Zeilen
AUSWAHL terme-e3-k1-s0-v3 – e3 k1 „Zeichen vor der Klammer feststellen“ (erkennung): Erkennungsschritt, alle Zeilen
AUSWAHL terme-e3-k1-s0-v4 – e3 k1 „Zeichen vor der Klammer feststellen“ (erkennung): Erkennungsschritt, alle Zeilen
AUSWAHL terme-e3-k2-s1-v1 – e3 k2 „Klammern“ (verfahren): Grundfall (vier von fünf)
AUSWAHL terme-e3-k2-s1-v2 – e3 k2 „Klammern“ (verfahren): Grundfall (vier von fünf)
AUSWAHL terme-e3-k2-s1-v3 – e3 k2 „Klammern“ (verfahren): Grundfall (vier von fünf)
AUSWAHL terme-e3-k2-s1-v4 – e3 k2 „Klammern“ (verfahren): Grundfall (vier von fünf)
RESERVE terme-e3-k2-s1-v5 – e3 k2 „Klammern“ (verfahren): Grundfall über vier (Päckchen wechselt)
AUSWAHL terme-e3-k2-s2-v1 – e3 k2 „Klammern“ (verfahren), Sprosse 2: Variante 1; übergangen v2, v3
AUSWAHL terme-e3-k2-s3-v1 – e3 k2 „Klammern“ (verfahren), Sprosse 3: Variante 1; übergangen v2, v3
AUSWAHL terme-e3-k2-s4-v1 – e3 k2 „Klammern“ (verfahren), Sprosse 4: Variante 1; übergangen v2, v3
AUSWAHL terme-e3-k2-s5-v1 – e3 k2 „Klammern“ (verfahren), Sprosse 5: Variante 1; übergangen v2, v3
AUSWAHL terme-e3-k2-s6-v1 – e3 k2 „Klammern“ (verfahren), Sprosse 6: Variante 1; übergangen v2, v3
AUSWAHL terme-e3-k2-s7-v1 – e3 k2 „Klammern“ (verfahren), Sprosse 7: Variante 1; übergangen v2, v3
TEILUNG „Ich kann Klammern auflösen.“: Stück 2 ab terme-e3-k2-s4-v1 (4 Teilaufgaben) – „weiter“
AUSWAHL terme-e3-k2-s8-v1 – e3 k2 „Klammern“ (verfahren): Prüfungshöhe (ohne Original), kleinste Variante
RESERVE terme-e3-k2-s8-v2 – e3 k2 „Klammern“ (verfahren): Prüfungshöhe (ohne Original), weitere Variante
RESERVE terme-e3-k2-s8-v3 – e3 k2 „Klammern“ (verfahren): Prüfungshöhe (ohne Original), weitere Variante
AUSWAHL terme-e3-k3-s1-v1 – e3 k3 „Klammern“ (pflicht), Pflicht fehler: je Zeile eine Teilaufgabe
AUSWAHL terme-e3-k3-s1-v2 – e3 k3 „Klammern“ (pflicht), Pflicht fehler: je Zeile eine Teilaufgabe
AUSWAHL terme-e3-k3-s1-v3 – e3 k3 „Klammern“ (pflicht), Pflicht fehler: je Zeile eine Teilaufgabe
AUSWAHL terme-e3-k3-s2-v1 – e3 k3 „Klammern“ (pflicht), Pflicht begruenden: je Zeile eine Teilaufgabe
AUSWAHL terme-e3-k3-s2-v2 – e3 k3 „Klammern“ (pflicht), Pflicht begruenden: je Zeile eine Teilaufgabe
AUSWAHL terme-e3-k3-s2-v3 – e3 k3 „Klammern“ (pflicht), Pflicht begruenden: je Zeile eine Teilaufgabe
AUSWAHL terme-e3-k3-s3-v1 – e3 k3 „Klammern“ (pflicht), Pflicht darstellung: je Zeile eine Teilaufgabe
AUSWAHL terme-e3-k3-s3-v2 – e3 k3 „Klammern“ (pflicht), Pflicht darstellung: je Zeile eine Teilaufgabe
AUSWAHL terme-e3-k3-s3-v3 – e3 k3 „Klammern“ (pflicht), Pflicht darstellung: je Zeile eine Teilaufgabe
AUSWAHL terme-e3-k3-s4-v1 – e3 k3 „Klammern“ (pflicht), Pflicht anwendung: je Zeile eine Teilaufgabe
AUSWAHL terme-e3-k3-s4-v2 – e3 k3 „Klammern“ (pflicht), Pflicht anwendung: je Zeile eine Teilaufgabe
AUSWAHL terme-e3-k3-s4-v3 – e3 k3 „Klammern“ (pflicht), Pflicht anwendung: je Zeile eine Teilaufgabe
AUSWAHL terme-e4-k1-s0-v1 – e4 k1 „Was steckt in jedem Glied?“ (erkennung): Erkennungsschritt, alle Zeilen
AUSWAHL terme-e4-k1-s0-v2 – e4 k1 „Was steckt in jedem Glied?“ (erkennung): Erkennungsschritt, alle Zeilen
AUSWAHL terme-e4-k1-s0-v3 – e4 k1 „Was steckt in jedem Glied?“ (erkennung): Erkennungsschritt, alle Zeilen
AUSWAHL terme-e4-k1-s0-v4 – e4 k1 „Was steckt in jedem Glied?“ (erkennung): Erkennungsschritt, alle Zeilen
AUSWAHL terme-e4-k2-s-1-v1 – e4 k2 „Ausklammern“ (verfahren), Vorstufe -1: alle Zeilen
AUSWAHL terme-e4-k2-s-1-v2 – e4 k2 „Ausklammern“ (verfahren), Vorstufe -1: alle Zeilen
AUSWAHL terme-e4-k2-s-1-v3 – e4 k2 „Ausklammern“ (verfahren), Vorstufe -1: alle Zeilen
AUSWAHL terme-e4-k2-s-1-v4 – e4 k2 „Ausklammern“ (verfahren), Vorstufe -1: alle Zeilen
AUSWAHL terme-e4-k2-s0-v1 – e4 k2 „Ausklammern“ (verfahren), Vorstufe 0: alle Zeilen
AUSWAHL terme-e4-k2-s0-v2 – e4 k2 „Ausklammern“ (verfahren), Vorstufe 0: alle Zeilen
AUSWAHL terme-e4-k2-s0-v3 – e4 k2 „Ausklammern“ (verfahren), Vorstufe 0: alle Zeilen
AUSWAHL terme-e4-k2-s0-v4 – e4 k2 „Ausklammern“ (verfahren), Vorstufe 0: alle Zeilen
AUSWAHL terme-e4-k2-s1-v1 – e4 k2 „Ausklammern“ (verfahren): Grundfall (vier von fünf)
AUSWAHL terme-e4-k2-s1-v2 – e4 k2 „Ausklammern“ (verfahren): Grundfall (vier von fünf)
AUSWAHL terme-e4-k2-s1-v3 – e4 k2 „Ausklammern“ (verfahren): Grundfall (vier von fünf)
AUSWAHL terme-e4-k2-s1-v4 – e4 k2 „Ausklammern“ (verfahren): Grundfall (vier von fünf)
RESERVE terme-e4-k2-s1-v5 – e4 k2 „Ausklammern“ (verfahren): Grundfall über vier (Päckchen wechselt)
AUSWAHL terme-e4-k2-s2-v1 – e4 k2 „Ausklammern“ (verfahren), Sprosse 2: Variante 1; übergangen v2, v3
AUSWAHL terme-e4-k2-s3-v1 – e4 k2 „Ausklammern“ (verfahren), Sprosse 3: Variante 1; übergangen v2, v3
AUSWAHL terme-e4-k2-s4-v1 – e4 k2 „Ausklammern“ (verfahren), Sprosse 4: Variante 1; übergangen v2, v3
AUSWAHL terme-e4-k2-s5-v1 – e4 k2 „Ausklammern“ (verfahren), Sprosse 5: Variante 1; übergangen v2, v3
AUSWAHL terme-e4-k2-s6-v1 – e4 k2 „Ausklammern“ (verfahren), Sprosse 6: Variante 1; übergangen v2, v3
AUSWAHL terme-e4-k2-s7-v1 – e4 k2 „Ausklammern“ (verfahren), Sprosse 7: Variante 1; übergangen v2, v3
AUSWAHL terme-e4-k2-s8-v1 – e4 k2 „Ausklammern“ (verfahren), Sprosse 8: Variante 1; übergangen v2, v3
AUSWAHL terme-e4-k2-s9-v1 – e4 k2 „Ausklammern“ (verfahren), Sprosse 9: Variante 1; übergangen v2, v3
AUSWAHL terme-e4-k2-s10-v1 – e4 k2 „Ausklammern“ (verfahren): Prüfungshöhe (ohne Original), kleinste Variante
RESERVE terme-e4-k2-s10-v2 – e4 k2 „Ausklammern“ (verfahren): Prüfungshöhe (ohne Original), weitere Variante
RESERVE terme-e4-k2-s10-v3 – e4 k2 „Ausklammern“ (verfahren): Prüfungshöhe (ohne Original), weitere Variante
AUSWAHL terme-e4-k3-s1-v1 – e4 k3 „Ausklammern“ (pflicht), Pflicht fehler: je Zeile eine Teilaufgabe
AUSWAHL terme-e4-k3-s1-v2 – e4 k3 „Ausklammern“ (pflicht), Pflicht fehler: je Zeile eine Teilaufgabe
AUSWAHL terme-e4-k3-s1-v3 – e4 k3 „Ausklammern“ (pflicht), Pflicht fehler: je Zeile eine Teilaufgabe
AUSWAHL terme-e4-k3-s2-v1 – e4 k3 „Ausklammern“ (pflicht), Pflicht begruenden: je Zeile eine Teilaufgabe
AUSWAHL terme-e4-k3-s2-v2 – e4 k3 „Ausklammern“ (pflicht), Pflicht begruenden: je Zeile eine Teilaufgabe
AUSWAHL terme-e4-k3-s2-v3 – e4 k3 „Ausklammern“ (pflicht), Pflicht begruenden: je Zeile eine Teilaufgabe
AUSWAHL terme-e4-k3-s3-v1 – e4 k3 „Ausklammern“ (pflicht), Pflicht darstellung: je Zeile eine Teilaufgabe
AUSWAHL terme-e4-k3-s3-v2 – e4 k3 „Ausklammern“ (pflicht), Pflicht darstellung: je Zeile eine Teilaufgabe
AUSWAHL terme-e4-k3-s3-v3 – e4 k3 „Ausklammern“ (pflicht), Pflicht darstellung: je Zeile eine Teilaufgabe
AUSWAHL terme-e4-k3-s4-v1 – e4 k3 „Ausklammern“ (pflicht), Pflicht anwendung: je Zeile eine Teilaufgabe
AUSWAHL terme-e4-k3-s4-v2 – e4 k3 „Ausklammern“ (pflicht), Pflicht anwendung: je Zeile eine Teilaufgabe
AUSWAHL terme-e4-k3-s4-v3 – e4 k3 „Ausklammern“ (pflicht), Pflicht anwendung: je Zeile eine Teilaufgabe
ZONE-VERWEIS Nr. 1 → Nr. 6 (Einheit 1; alle Einheiten)
ZONE-VERWEIS Nr. 2 → Nr. 6 (Einheit 1; alle Einheiten)
ZONE-VERWEIS Nr. 3 → Nr. 21 (Einheit 2; Kette „Malnehmen“ im Text)
ZONE-VERWEIS Nr. 4 → Nr. 16 (Einheit 2; erste Nummer mit Komma oder Bruch)
ZONE-VERWEIS Nr. 5 → Nr. 15 (Einheit 2; Einheit genannt)
NEBENEINANDER Nr. 1: 4 Teilaufgaben (kurz), Auftrag „Rechne.“
RAUM terme-zone-f1-v5: 2 Schreibzeilen (Text ohne Antwortgerüst)
NEBENEINANDER Nr. 3: 4 Teilaufgaben (kurz), Auftrag „Rechne.“
NEBENEINANDER Nr. 4: 4 Teilaufgaben (kurz), Auftrag „Rechne.“
NEBENEINANDER Nr. 5: 4 Teilaufgaben (kurz), Auftrag „Rechne.“
PRÜFWORT „P10 oft“ → „P10 ×5“ (Kataloge, 1 Typen; 2 Originale)
KOPF Einheit 1: „Einheit 1 von 4 · Terme aufstellen und berechnen“; Zweigzeile „Hier lernst du, Terme aufzustellen und zu berechnen · ab Kl. 6, je nach Buch bis Kl. 7 · P10 ×5 · baut auf: Addieren und Subtrahieren negativer Zahlen“ (Satz: aus dem Titel (Beschreibung ist kein Satz); Marken „OS Kl. 6–7 (Mathematik 2023 6, Schnittpunkt 6, Mathematik heute 7) · GYM Kl. 6–7 (LS 6, Fundamente 7, Elemente 6) · P10 oft · nicht für alle: Fundamente 5 Streifzug“)
NEBENEINANDER Nr. 6: 4 Teilaufgaben (kreuz), Auftrag „Kreuze den Term an, der dazu passt.“
NEBENEINANDER Nr. 9: 3 Teilaufgaben (kurz), Auftrag „Berechne den Wert des Terms.“
ANTWORT terme-e1-k3-s1-v1: Bank ohne Antwortgerüst – leeres Feld
RAUM terme-e1-k4-s1-v1: 2 Schreibzeilen (Text ohne Antwortgerüst)
RAUM terme-e1-k4-s1-v2: 2 Schreibzeilen (Text ohne Antwortgerüst)
RAUM terme-e1-k4-s1-v3: 2 Schreibzeilen (Text ohne Antwortgerüst)
RAUM terme-e1-k4-s4-v1: 3 Schreibzeilen (Text ohne Antwortgerüst)
RAUM terme-e1-k4-s4-v2: 3 Schreibzeilen (Text ohne Antwortgerüst)
RAUM terme-e1-k4-s4-v3: 3 Schreibzeilen (Text ohne Antwortgerüst)
PRÜFWORT „P10“ → „P10 ×1“ (Kataloge, 1 Typen; 1 Originale)
KOPF Einheit 2: „Einheit 2 von 4 · Terme zusammenfassen“; Zweigzeile „Hier lernst du, Terme zusammenzufassen · ab Kl. 7, je nach Buch bis Kl. 8 · P10 ×1 · baut auf: Addieren und Subtrahieren negativer Zahlen, Multiplizieren mit Vorzeichen, Dezimalzahlen und einfache Brüche als Vorzahlen, Punkt vor Strich mit Zahlen“ (Satz: aus dem Titel (Beschreibung ist kein Satz); Marken „OS Kl. 7–8 (Sekundo 7, Mathematik 2023 8, Schnittpunkt 7, Mathematik heute 8) · GYM Kl. 7 · P10 · nicht für alle: Sekundo 7 LVL“)
NEBENEINANDER Nr. 15: 4 Teilaufgaben (kurz), Auftrag „Unterstreiche, was zusammengehört.“
NEBENEINANDER Nr. 16: 4 Teilaufgaben (kurz), Auftrag „Welche Vorzahl hat …?“
NEBENEINANDER Nr. 17: 4 Teilaufgaben (kurz), Auftrag „Schreibe die Glieder des Terms … mit ihrem Vorzeichen auf.“
NEBENEINANDER Nr. 18: 7 Teilaufgaben (kurz), Auftrag „Fasse zusammen.“
NEBENEINANDER Nr. 19: 6 Teilaufgaben (kurz), Auftrag „Fasse zusammen.“
NEBENEINANDER Nr. 21: 9 Teilaufgaben (kurz), Auftrag „Multipliziere.“
RAUM terme-e2-k6-s1-v1: 2 Schreibzeilen (Text ohne Antwortgerüst)
RAUM terme-e2-k6-s1-v2: 2 Schreibzeilen (Text ohne Antwortgerüst)
ANWEISUNG terme-e2-k6-s3-v1: „Fasse den Term zusammen.“ entfällt – die Aufgabe fordert selbst auf (Sprachregeln)
RAUM terme-e2-k6-s3-v3: 2 Schreibzeilen (Text ohne Antwortgerüst)
RAUM terme-e2-k6-s4-v1: 3 Schreibzeilen (Text ohne Antwortgerüst)
KOPF Einheit 3: „Einheit 3 von 4 · Klammern auflösen“; Zweigzeile „Hier lernst du, Klammern aufzulösen · ab Kl. 7, je nach Buch bis Kl. 8 · keine P10-Aufgabe · baut auf: Addieren und Subtrahieren negativer Zahlen, Punkt vor Strich mit Zahlen“ (Satz: aus dem Titel (Beschreibung ist kein Satz); Marken „OS Kl. 7–8 (Sekundo 8, Mathematik 2023 8, Schnittpunkt 7, Mathematik heute 8) · GYM Kl. 7–8 (LS 7, Fundamente 8, Elemente 7, mathe.delta 7) · keine P10-Aufgabe“)
NEBENEINANDER Nr. 27: 4 Teilaufgaben (kurz), Auftrag „Was steht im Term … direkt vor der Klammer?“
NEBENEINANDER Nr. 28: 4 Teilaufgaben (kurz), Auftrag „Löse die Klammer auf.“
ANTWORT terme-e3-k2-s3-v1: Bank ohne Antwortgerüst – leeres Feld
NEBENEINANDER Nr. 29: 3 Teilaufgaben (kurz), Auftrag „Löse die Klammer auf.“
RAUM terme-e3-k3-s1-v1: 2 Schreibzeilen (Text ohne Antwortgerüst)
RAUM terme-e3-k3-s1-v2: 2 Schreibzeilen (Text ohne Antwortgerüst)
RAUM terme-e3-k3-s1-v3: 2 Schreibzeilen (Text ohne Antwortgerüst)
KOPF Einheit 4: „Einheit 4 von 4 · Ausklammern“; Zweigzeile „Hier lernst du, auszuklammern · ab Kl. 8 (am Gymnasium ab Kl. 7) · keine P10-Aufgabe · baut auf: Addieren und Subtrahieren negativer Zahlen, Punkt vor Strich mit Zahlen“ (Satz: aus dem Titel (Beschreibung ist kein Satz); Marken „OS Kl. 8 · GYM Kl. 7–8 (LS 7, Fundamente 8, Elemente 7) · keine P10-Aufgabe“)
NEBENEINANDER Nr. 35: 2 Teilaufgaben (kurz), Auftrag „Was steckt in jedem Glied von …? Kreise den Faktor ein, der in beiden Gliedern steckt. Klammere nichts aus.“
ANTWORT terme-e4-k1-s0-v3: Bank ohne Antwortgerüst – leeres Feld
ANTWORT terme-e4-k1-s0-v4: Bank ohne Antwortgerüst – leeres Feld
NEBENEINANDER Nr. 36: 4 Teilaufgaben (vorstufe)
NEBENEINANDER Nr. 37: 4 Teilaufgaben (vorstufe)
NEBENEINANDER Nr. 38: 8 Teilaufgaben (kurz), Auftrag „Klammere den größten gemeinsamen Faktor aus.“
ANTWORT terme-e4-k2-s9-v1: Bank ohne Antwortgerüst – leeres Feld
RAUM terme-e4-k3-s1-v1: 2 Schreibzeilen (Text ohne Antwortgerüst)
RAUM terme-e4-k3-s1-v3: 2 Schreibzeilen (Text ohne Antwortgerüst)
RAUM terme-e4-k3-s3-v1: 2 Schreibzeilen (Text ohne Antwortgerüst)
RAUM terme-e4-k3-s3-v2: 2 Schreibzeilen (Text ohne Antwortgerüst)
RAUM terme-e4-k3-s3-v3: 2 Schreibzeilen (Text ohne Antwortgerüst)
ZEICHEN Ersatz im Vorspann: –
TODO 0 Stellen in den Quelltexten:
STRUKTUR 0 Fehler
