# zusammenbau v0.1: zusammenbau.py potenzen-wurzeln --schwach
VORLAGE mathblatt.sty: Version 2026-09-28a
EINHEITEN [1, 2, 3]
AUSWAHL potenzen-wurzeln-zone-f1-v1 – Zone f1 „Kleines Einmaleins und Malnehmen mehrste“, Sprosse 1: Variante 1; übergangen v2
AUSWAHL potenzen-wurzeln-zone-f1-v3 – Zone f1 „Kleines Einmaleins und Malnehmen mehrste“, Sprosse 2: kleinste Variante (v3; v1 fehlt)
WEG Zone f1 „Kleines Einmaleins und Malnehmen mehrste“ – Sprossen [3] (Fallstricke) nicht bestellt (Zone ja: s1 und s2)
AUSWAHL potenzen-wurzeln-zone-f2-v1 – Zone f2 „Quadratzahlen bis 100 aus dem Kopf, Kubi“, Sprosse 1: Variante 1; übergangen v2
AUSWAHL potenzen-wurzeln-zone-f2-v3 – Zone f2 „Quadratzahlen bis 100 aus dem Kopf, Kubi“, Sprosse 2: kleinste Variante (v3; v1 fehlt)
WEG Zone f2 „Quadratzahlen bis 100 aus dem Kopf, Kubi“ – Sprossen [3, 4] (Fallstricke) nicht bestellt (Zone ja: s1 und s2)
AUSWAHL potenzen-wurzeln-zone-f3-v1 – Zone f3 „Vorzeichenregel beim Malnehmen (minus ma“, Sprosse 1: Variante 1; übergangen v2
AUSWAHL potenzen-wurzeln-zone-f3-v3 – Zone f3 „Vorzeichenregel beim Malnehmen (minus ma“, Sprosse 2: kleinste Variante (v3; v1 fehlt)
WEG Zone f3 „Vorzeichenregel beim Malnehmen (minus ma“ – Sprossen [3, 4, 5, 6] (Fallstricke) nicht bestellt (Zone ja: s1 und s2)
AUSWAHL potenzen-wurzeln-zone-f4-v1 – Zone f4 „Dezimalzahlen multiplizieren (Kommastell“, Sprosse 1: Variante 1; übergangen v2
AUSWAHL potenzen-wurzeln-zone-f4-v3 – Zone f4 „Dezimalzahlen multiplizieren (Kommastell“, Sprosse 2: kleinste Variante (v3; v1 fehlt)
WEG Zone f4 „Dezimalzahlen multiplizieren (Kommastell“ – Sprossen [3, 4] (Fallstricke) nicht bestellt (Zone ja: s1 und s2)
AUSWAHL potenzen-wurzeln-zone-f5-v1 – Zone f5 „Dezimalzahlen und Brüche vergleichen und“, Sprosse 1: Variante 1; übergangen v2
AUSWAHL potenzen-wurzeln-zone-f5-v3 – Zone f5 „Dezimalzahlen und Brüche vergleichen und“, Sprosse 2: kleinste Variante (v3; v1 fehlt)
WEG Zone f5 „Dezimalzahlen und Brüche vergleichen und“ – Sprossen [3, 4] (Fallstricke) nicht bestellt (Zone ja: s1 und s2)
AUSWAHL potenzen-wurzeln-zone-f6-v1 – Zone f6 „Taschenrechner“, Sprosse 1: Variante 1; übergangen v2
AUSWAHL potenzen-wurzeln-zone-f6-v3 – Zone f6 „Taschenrechner“, Sprosse 2: kleinste Variante (v3; v1 fehlt)
WEG Zone f6 „Taschenrechner“ – Sprossen [3, 4] (Fallstricke) nicht bestellt (Zone ja: s1 und s2)
AUSWAHL potenzen-wurzeln-zone-f7-v1 – Zone f7 „Große Zahlen lesen und schreiben (Dreier“, Sprosse 1: Variante 1; übergangen v2
AUSWAHL potenzen-wurzeln-zone-f7-v3 – Zone f7 „Große Zahlen lesen und schreiben (Dreier“, Sprosse 2: kleinste Variante (v3; v1 fehlt)
WEG Zone f7 „Große Zahlen lesen und schreiben (Dreier“ – Sprossen [3, 4] (Fallstricke) nicht bestellt (Zone ja: s1 und s2)
AUSWAHL potenzen-wurzeln-zone-f8-v1 – Zone f8 „Kommaverschiebung“, Sprosse 1: Variante 1; übergangen v2
AUSWAHL potenzen-wurzeln-zone-f8-v3 – Zone f8 „Kommaverschiebung“, Sprosse 2: kleinste Variante (v3; v1 fehlt)
WEG Zone f8 „Kommaverschiebung“ – Sprossen [3, 4] (Fallstricke) nicht bestellt (Zone ja: s1 und s2)
AUSWAHL potenzen-wurzeln-zone-f9-v1 – Zone f9 „Runden von Dezimalzahlen auf eine und zw“, Sprosse 1: Variante 1; übergangen v2
AUSWAHL potenzen-wurzeln-zone-f9-v3 – Zone f9 „Runden von Dezimalzahlen auf eine und zw“, Sprosse 2: kleinste Variante (v3; v1 fehlt)
WEG Zone f9 „Runden von Dezimalzahlen auf eine und zw“ – Sprossen [3, 4] (Fallstricke) nicht bestellt (Zone ja: s1 und s2)
AUSWAHL potenzen-wurzeln-zone-f3-v6 – Zone-Paar, Fehler finden
AUSWAHL potenzen-wurzeln-zone-f3-v7 – Zone-Paar, gleichartige Rechenaufgabe
AUSWAHL potenzen-wurzeln-e1-k1-s0-v1 – e1 k1 „Plus oder minus?“ (erkennung), Sprosse 0: Variante 1; übergangen v2, v3, v4
KETTE e1 k1 „Plus oder minus?“ (erkennung) → eine Hauptnummer (Erkennungsschritt: eigene Kette nach bank.md, zählt als Hauptnummer)
AUSWAHL potenzen-wurzeln-e1-k2-s0-v1 – e1 k2 „Bruch oder minus?“ (erkennung), Sprosse 0: Variante 1; übergangen v2, v3, v4
KETTE e1 k2 „Bruch oder minus?“ (erkennung) → eine Hauptnummer (Erkennungsschritt: eigene Kette nach bank.md, zählt als Hauptnummer)
AUSWAHL potenzen-wurzeln-e1-k3-s0-v1 – e1 k3 „Potenzen“ (verfahren), Sprosse 0: Variante 1; übergangen v2, v3, v4
AUSWAHL potenzen-wurzeln-e1-k3-s1-v1 – e1 k3 „Potenzen“ (verfahren): schwach, Grundfall als Päckchen (alle Varianten, unterrichtsblatt 2.8)
AUSWAHL potenzen-wurzeln-e1-k3-s1-v2 – e1 k3 „Potenzen“ (verfahren): schwach, Grundfall als Päckchen (alle Varianten, unterrichtsblatt 2.8)
AUSWAHL potenzen-wurzeln-e1-k3-s1-v3 – e1 k3 „Potenzen“ (verfahren): schwach, Grundfall als Päckchen (alle Varianten, unterrichtsblatt 2.8)
AUSWAHL potenzen-wurzeln-e1-k3-s1-v4 – e1 k3 „Potenzen“ (verfahren): schwach, Grundfall als Päckchen (alle Varianten, unterrichtsblatt 2.8)
AUSWAHL potenzen-wurzeln-e1-k3-s1-v5 – e1 k3 „Potenzen“ (verfahren): schwach, Grundfall als Päckchen (alle Varianten, unterrichtsblatt 2.8)
AUSWAHL potenzen-wurzeln-e1-k3-s2-v1 – e1 k3 „Potenzen“ (verfahren), Sprosse 2: Variante 1; übergangen v2, v3
AUSWAHL potenzen-wurzeln-e1-k3-s3-v1 – e1 k3 „Potenzen“ (verfahren), Sprosse 3: Variante 1; übergangen v2, v3
AUSWAHL potenzen-wurzeln-e1-k3-s4-v1 – e1 k3 „Potenzen“ (verfahren), Sprosse 4: Variante 1; übergangen v2, v3
AUSWAHL potenzen-wurzeln-e1-k3-s5-v1 – e1 k3 „Potenzen“ (verfahren), Sprosse 5: Variante 1; übergangen v2, v3
AUSWAHL potenzen-wurzeln-e1-k3-s6-v1 – e1 k3 „Potenzen“ (verfahren), Sprosse 6: Variante 1; übergangen v2, v3
AUSWAHL potenzen-wurzeln-e1-k3-s7-v1 – e1 k3 „Potenzen“ (verfahren), Sprosse 7: Variante 1; übergangen v2, v3
AUSWAHL potenzen-wurzeln-e1-k3-s8-v1 – e1 k3 „Potenzen“ (verfahren), Sprosse 8: Variante 1; übergangen v2, v3
AUSWAHL potenzen-wurzeln-e1-k3-s9-v1 – e1 k3 „Potenzen“ (verfahren), Sprosse 9: Variante 1; übergangen v2, v3
AUSWAHL potenzen-wurzeln-e1-k3-s10-v1 – e1 k3 „Potenzen“ (verfahren), Sprosse 10: Variante 1; übergangen v2, v3
AUSWAHL potenzen-wurzeln-e1-k3-s11-v1 – e1 k3 „Potenzen“ (verfahren), Sprosse 11: Variante 1; übergangen v2, v3
AUSWAHL potenzen-wurzeln-e1-k3-s12-v1 – e1 k3 „Potenzen“ (verfahren), Sprosse 12: Variante 1; übergangen v2, v3
AUSWAHL potenzen-wurzeln-e1-k3-s13-v1 – e1 k3 „Potenzen“ (verfahren), Sprosse 13: Variante 1; übergangen v2, v3
AUSWAHL potenzen-wurzeln-e1-k3-s14-v1 – e1 k3 „Potenzen“ (verfahren), Sprosse 14: Variante 1; übergangen v2, v3
AUSWAHL potenzen-wurzeln-e1-k3-s15-v1 – e1 k3 „Potenzen“ (verfahren), Sprosse 15: Variante 1; übergangen v2, v3, v4, v5, v6, v7, v8
KETTE e1 k3 „Potenzen“ (verfahren) → eine Hauptnummer
AUSWAHL potenzen-wurzeln-e1-k4-s1-v1 – e1 k4 „Potenzen von Brüchen“ (ohne), Sprosse 1: Variante 1; übergangen v2, v3
KETTE e1 k4 „Potenzen von Brüchen“ (ohne) → eine Hauptnummer
AUSWAHL potenzen-wurzeln-e1-k5-s1-v1 – e1 k5 „Potenz gegen Dezimalzahl und Prozent vergleichen“ (ohne), Sprosse 1: Variante 1; übergangen v2, v3
KETTE e1 k5 „Potenz gegen Dezimalzahl und Prozent vergleichen“ (ohne) → eine Hauptnummer
AUSWAHL potenzen-wurzeln-e1-k6-s1-v1 – e1 k6 „hoch null“ (ohne), Sprosse 1: Variante 1; übergangen v2, v3
KETTE e1 k6 „hoch null“ (ohne) → eine Hauptnummer
AUSWAHL potenzen-wurzeln-e1-k7-s1-v1 – e1 k7 „Potenzen“ (pflicht), Sprosse 1: Variante 1; übergangen v2, v3
AUSWAHL potenzen-wurzeln-e1-k7-s2-v1 – e1 k7 „Potenzen“ (pflicht), Sprosse 2: Variante 1; übergangen v2, v3
KETTE e1 k7 „Potenzen“ (pflicht) → eine Hauptnummer
AUSWAHL potenzen-wurzeln-e2-k1-s0-v1 – e2 k1 „Zehnerpotenzen“ (verfahren), Sprosse 0: Variante 1; übergangen v2, v3, v4
AUSWAHL potenzen-wurzeln-e2-k1-s1-v1 – e2 k1 „Zehnerpotenzen“ (verfahren): schwach, Grundfall als Päckchen (alle Varianten, unterrichtsblatt 2.8)
AUSWAHL potenzen-wurzeln-e2-k1-s1-v2 – e2 k1 „Zehnerpotenzen“ (verfahren): schwach, Grundfall als Päckchen (alle Varianten, unterrichtsblatt 2.8)
AUSWAHL potenzen-wurzeln-e2-k1-s1-v3 – e2 k1 „Zehnerpotenzen“ (verfahren): schwach, Grundfall als Päckchen (alle Varianten, unterrichtsblatt 2.8)
AUSWAHL potenzen-wurzeln-e2-k1-s1-v4 – e2 k1 „Zehnerpotenzen“ (verfahren): schwach, Grundfall als Päckchen (alle Varianten, unterrichtsblatt 2.8)
AUSWAHL potenzen-wurzeln-e2-k1-s1-v5 – e2 k1 „Zehnerpotenzen“ (verfahren): schwach, Grundfall als Päckchen (alle Varianten, unterrichtsblatt 2.8)
AUSWAHL potenzen-wurzeln-e2-k1-s2-v1 – e2 k1 „Zehnerpotenzen“ (verfahren), Sprosse 2: Variante 1; übergangen v2, v3
AUSWAHL potenzen-wurzeln-e2-k1-s3-v1 – e2 k1 „Zehnerpotenzen“ (verfahren), Sprosse 3: Variante 1; übergangen v2, v3
AUSWAHL potenzen-wurzeln-e2-k1-s4-v1 – e2 k1 „Zehnerpotenzen“ (verfahren), Sprosse 4: Variante 1; übergangen v2, v3
AUSWAHL potenzen-wurzeln-e2-k1-s5-v1 – e2 k1 „Zehnerpotenzen“ (verfahren), Sprosse 5: Variante 1; übergangen v2, v3
AUSWAHL potenzen-wurzeln-e2-k1-s6-v1 – e2 k1 „Zehnerpotenzen“ (verfahren), Sprosse 6: Variante 1; übergangen v2, v3
AUSWAHL potenzen-wurzeln-e2-k1-s7-v1 – e2 k1 „Zehnerpotenzen“ (verfahren), Sprosse 7: Variante 1; übergangen v2, v3
AUSWAHL potenzen-wurzeln-e2-k1-s8-v1 – e2 k1 „Zehnerpotenzen“ (verfahren), Sprosse 8: Variante 1; übergangen v2, v3
AUSWAHL potenzen-wurzeln-e2-k1-s9-v1 – e2 k1 „Zehnerpotenzen“ (verfahren), Sprosse 9: Variante 1; übergangen v2, v3
AUSWAHL potenzen-wurzeln-e2-k1-s10-v1 – e2 k1 „Zehnerpotenzen“ (verfahren), Sprosse 10: Variante 1; übergangen v2, v3
AUSWAHL potenzen-wurzeln-e2-k1-s11-v1 – e2 k1 „Zehnerpotenzen“ (verfahren), Sprosse 11: Variante 1; übergangen v2, v3
AUSWAHL potenzen-wurzeln-e2-k1-s12-v1 – e2 k1 „Zehnerpotenzen“ (verfahren), Sprosse 12: Variante 1; übergangen v2, v3
AUSWAHL potenzen-wurzeln-e2-k1-s13-v1 – e2 k1 „Zehnerpotenzen“ (verfahren), Sprosse 13: Variante 1; übergangen v2, v3
AUSWAHL potenzen-wurzeln-e2-k1-s14-v1 – e2 k1 „Zehnerpotenzen“ (verfahren), Sprosse 14: Variante 1; übergangen v2, v3
AUSWAHL potenzen-wurzeln-e2-k1-s15-v1 – e2 k1 „Zehnerpotenzen“ (verfahren), Sprosse 15: Variante 1; übergangen v2, v3
AUSWAHL potenzen-wurzeln-e2-k1-s16-v1 – e2 k1 „Zehnerpotenzen“ (verfahren), Sprosse 16: Variante 1; übergangen v2, v3
AUSWAHL potenzen-wurzeln-e2-k1-s17-v1 – e2 k1 „Zehnerpotenzen“ (verfahren), Sprosse 17: Variante 1; übergangen v2, v3, v4, v5, v6, v7, v8
KETTE e2 k1 „Zehnerpotenzen“ (verfahren) → eine Hauptnummer
AUSWAHL potenzen-wurzeln-e2-k2-s1-v1 – e2 k2 „Zehnerpotenzen“ (pflicht), Sprosse 1: Variante 1; übergangen v2, v3
AUSWAHL potenzen-wurzeln-e2-k2-s2-v1 – e2 k2 „Zehnerpotenzen“ (pflicht), Sprosse 2: Variante 1; übergangen v2, v3
KETTE e2 k2 „Zehnerpotenzen“ (pflicht) → eine Hauptnummer
AUSWAHL potenzen-wurzeln-e3-k1-s0-v1 – e3 k1 „Was zuerst?“ (erkennung), Sprosse 0: Variante 1; übergangen v2, v3, v4
KETTE e3 k1 „Was zuerst?“ (erkennung) → eine Hauptnummer (Erkennungsschritt: eigene Kette nach bank.md, zählt als Hauptnummer)
AUSWAHL potenzen-wurzeln-e3-k2-s0-v1 – e3 k2 „Quadratwurzeln“ (verfahren), Sprosse 0: Variante 1; übergangen v2, v3, v4
AUSWAHL potenzen-wurzeln-e3-k2-s1-v1 – e3 k2 „Quadratwurzeln“ (verfahren): schwach, Grundfall als Päckchen (alle Varianten, unterrichtsblatt 2.8)
AUSWAHL potenzen-wurzeln-e3-k2-s1-v2 – e3 k2 „Quadratwurzeln“ (verfahren): schwach, Grundfall als Päckchen (alle Varianten, unterrichtsblatt 2.8)
AUSWAHL potenzen-wurzeln-e3-k2-s1-v3 – e3 k2 „Quadratwurzeln“ (verfahren): schwach, Grundfall als Päckchen (alle Varianten, unterrichtsblatt 2.8)
AUSWAHL potenzen-wurzeln-e3-k2-s1-v4 – e3 k2 „Quadratwurzeln“ (verfahren): schwach, Grundfall als Päckchen (alle Varianten, unterrichtsblatt 2.8)
AUSWAHL potenzen-wurzeln-e3-k2-s1-v5 – e3 k2 „Quadratwurzeln“ (verfahren): schwach, Grundfall als Päckchen (alle Varianten, unterrichtsblatt 2.8)
AUSWAHL potenzen-wurzeln-e3-k2-s2-v1 – e3 k2 „Quadratwurzeln“ (verfahren), Sprosse 2: Variante 1; übergangen v2, v3
AUSWAHL potenzen-wurzeln-e3-k2-s3-v1 – e3 k2 „Quadratwurzeln“ (verfahren), Sprosse 3: Variante 1; übergangen v2, v3
AUSWAHL potenzen-wurzeln-e3-k2-s4-v1 – e3 k2 „Quadratwurzeln“ (verfahren), Sprosse 4: Variante 1; übergangen v2, v3
AUSWAHL potenzen-wurzeln-e3-k2-s5-v1 – e3 k2 „Quadratwurzeln“ (verfahren), Sprosse 5: Variante 1; übergangen v2, v3
AUSWAHL potenzen-wurzeln-e3-k2-s6-v1 – e3 k2 „Quadratwurzeln“ (verfahren), Sprosse 6: Variante 1; übergangen v2, v3
AUSWAHL potenzen-wurzeln-e3-k2-s7-v1 – e3 k2 „Quadratwurzeln“ (verfahren), Sprosse 7: Variante 1; übergangen v2, v3
AUSWAHL potenzen-wurzeln-e3-k2-s8-v1 – e3 k2 „Quadratwurzeln“ (verfahren), Sprosse 8: Variante 1; übergangen v2, v3
AUSWAHL potenzen-wurzeln-e3-k2-s9-v1 – e3 k2 „Quadratwurzeln“ (verfahren), Sprosse 9: Variante 1; übergangen v2, v3
AUSWAHL potenzen-wurzeln-e3-k2-s10-v1 – e3 k2 „Quadratwurzeln“ (verfahren), Sprosse 10: Variante 1; übergangen v2, v3
AUSWAHL potenzen-wurzeln-e3-k2-s11-v1 – e3 k2 „Quadratwurzeln“ (verfahren), Sprosse 11: Variante 1; übergangen v2, v3
AUSWAHL potenzen-wurzeln-e3-k2-s12-v1 – e3 k2 „Quadratwurzeln“ (verfahren), Sprosse 12: Variante 1; übergangen v2, v3
AUSWAHL potenzen-wurzeln-e3-k2-s13-v1 – e3 k2 „Quadratwurzeln“ (verfahren), Sprosse 13: Variante 1; übergangen v2, v3, v4, v5, v6, v7, v8, v9, v10, v11, v12
KETTE e3 k2 „Quadratwurzeln“ (verfahren) → eine Hauptnummer
AUSWAHL potenzen-wurzeln-e3-k3-s1-v1 – e3 k3 „Quadratwurzeln“ (pflicht), Sprosse 1: Variante 1; übergangen v2, v3
AUSWAHL potenzen-wurzeln-e3-k3-s2-v1 – e3 k3 „Quadratwurzeln“ (pflicht), Sprosse 2: Variante 1; übergangen v2, v3
KETTE e3 k3 „Quadratwurzeln“ (pflicht) → eine Hauptnummer
KOPF Einheit 1: „Einheit 1 von 3 · Potenzen“; Marken „OS Kl. 5–9 (Sekundo 9, Mathematik 2023 5, Schnittpunkt 5, Mathematik heute 5) · GYM Kl. 5 · P10 oft · nicht für alle: Sekundo 7 Zusatzstoff“ → Zeitmarke „ab Kl. 5, je nach Buch bis Kl. 9“, Prüfungswort „P10 oft“
WARNUNG Nr. 14: 21 Teilaufgaben, 0 mit Grafik – über dem Halbseitenmaß (2.3 g); v0.1 teilt nur im Fokus
KOPF Einheit 2: „Einheit 2 von 3 · Zehnerpotenzen“; Marken „OS Kl. 9–10 (Sekundo 9, Mathematik 2023 10, Schnittpunkt 9) · GYM Kl. 8–9 (LS 9, Fundamente 8, mathe.delta 9) · P10“ → Zeitmarke „ab Kl. 9, je nach Buch bis Kl. 10 (am Gymnasium ab Kl. 8)“, Prüfungswort „P10“
WARNUNG Nr. 19: 23 Teilaufgaben, 0 mit Grafik – über dem Halbseitenmaß (2.3 g); v0.1 teilt nur im Fokus
KOPF Einheit 3: „Einheit 3 von 3 · Quadratwurzeln“; Marken „OS Kl. 7–9 (Sekundo 9, Mathematik 2023 7, Schnittpunkt 9, Mathematik heute 8) · GYM Kl. 8 · P10 · nicht für alle: Sekundo 7 Zusatzstoff“ → Zeitmarke „ab Kl. 7, je nach Buch bis Kl. 9 (am Gymnasium ab Kl. 8)“, Prüfungswort „P10“
WARNUNG Nr. 22: 19 Teilaufgaben, 0 mit Grafik – über dem Halbseitenmaß (2.3 g); v0.1 teilt nur im Fokus
TODO 128 Stellen in den Quelltexten:
  abhaken.tex:2: TODO Ich-kann-Sätze: Platzhalter wie in den Aufgabendateien
  blatt0_a.tex:4: TODO Grundvorstellungs-Aufgabe als erste Hauptnummer der Zone (2.8) fehlt in der Bank
  blatt0_a.tex:6: TODO Titel: Ich-kann-Satz fehlt in der Bank (Platzhalter: Kettenname) – Nr. 1
  blatt0_a.tex:7: TODO Anweisung: ein Satz über der ersten Teilaufgabe fehlt in der Bank – Nr. 1
  blatt0_a.tex:9: TODO Darstellung für schwach fehlt in der Bank (potenzen-wurzeln-zone-f1-v1; Abschnitt „Für schwache Schüler“)
  blatt0_a.tex:11: TODO Darstellung für schwach fehlt in der Bank (potenzen-wurzeln-zone-f1-v3; Abschnitt „Für schwache Schüler“)
  blatt0_a.tex:15: TODO Titel: Ich-kann-Satz fehlt in der Bank (Platzhalter: Kettenname) – Nr. 2
  blatt0_a.tex:16: TODO Anweisung: ein Satz über der ersten Teilaufgabe fehlt in der Bank – Nr. 2
  blatt0_a.tex:18: TODO Darstellung für schwach fehlt in der Bank (potenzen-wurzeln-zone-f2-v1; Abschnitt „Für schwache Schüler“)
  blatt0_a.tex:20: TODO Darstellung für schwach fehlt in der Bank (potenzen-wurzeln-zone-f2-v3; Abschnitt „Für schwache Schüler“)
  blatt0_a.tex:24: TODO Titel: Ich-kann-Satz fehlt in der Bank (Platzhalter: Kettenname) – Nr. 3
  blatt0_a.tex:25: TODO Anweisung: ein Satz über der ersten Teilaufgabe fehlt in der Bank – Nr. 3
  blatt0_a.tex:27: TODO Darstellung für schwach fehlt in der Bank (potenzen-wurzeln-zone-f3-v1; Abschnitt „Für schwache Schüler“)
  blatt0_a.tex:29: TODO Darstellung für schwach fehlt in der Bank (potenzen-wurzeln-zone-f3-v3; Abschnitt „Für schwache Schüler“)
  blatt0_a.tex:33: TODO Titel: Ich-kann-Satz fehlt in der Bank (Platzhalter: Kettenname) – Nr. 4
  blatt0_a.tex:34: TODO Anweisung: ein Satz über der ersten Teilaufgabe fehlt in der Bank – Nr. 4
  blatt0_a.tex:36: TODO Darstellung für schwach fehlt in der Bank (potenzen-wurzeln-zone-f4-v1; Abschnitt „Für schwache Schüler“)
  blatt0_a.tex:38: TODO Darstellung für schwach fehlt in der Bank (potenzen-wurzeln-zone-f4-v3; Abschnitt „Für schwache Schüler“)
  blatt0_a.tex:42: TODO Titel: Ich-kann-Satz fehlt in der Bank (Platzhalter: Kettenname) – Nr. 5
  blatt0_a.tex:43: TODO Anweisung: ein Satz über der ersten Teilaufgabe fehlt in der Bank – Nr. 5
  blatt0_a.tex:45: TODO Darstellung für schwach fehlt in der Bank (potenzen-wurzeln-zone-f5-v1; Abschnitt „Für schwache Schüler“)
  blatt0_a.tex:47: TODO Darstellung für schwach fehlt in der Bank (potenzen-wurzeln-zone-f5-v3; Abschnitt „Für schwache Schüler“)
  blatt0_a.tex:51: TODO Titel: Ich-kann-Satz fehlt in der Bank (Platzhalter: Kettenname) – Nr. 6
  blatt0_a.tex:52: TODO Anweisung: ein Satz über der ersten Teilaufgabe fehlt in der Bank – Nr. 6
  blatt0_a.tex:54: TODO Darstellung für schwach fehlt in der Bank (potenzen-wurzeln-zone-f6-v1; Abschnitt „Für schwache Schüler“)
  blatt0_a.tex:56: TODO Darstellung für schwach fehlt in der Bank (potenzen-wurzeln-zone-f6-v3; Abschnitt „Für schwache Schüler“)
  blatt0_a.tex:60: TODO Titel: Ich-kann-Satz fehlt in der Bank (Platzhalter: Kettenname) – Nr. 7
  blatt0_a.tex:61: TODO Anweisung: ein Satz über der ersten Teilaufgabe fehlt in der Bank – Nr. 7
  blatt0_a.tex:63: TODO Darstellung für schwach fehlt in der Bank (potenzen-wurzeln-zone-f7-v1; Abschnitt „Für schwache Schüler“)
  blatt0_a.tex:65: TODO Darstellung für schwach fehlt in der Bank (potenzen-wurzeln-zone-f7-v3; Abschnitt „Für schwache Schüler“)
  blatt0_a.tex:69: TODO Titel: Ich-kann-Satz fehlt in der Bank (Platzhalter: Kettenname) – Nr. 8
  blatt0_a.tex:70: TODO Anweisung: ein Satz über der ersten Teilaufgabe fehlt in der Bank – Nr. 8
  blatt0_a.tex:72: TODO Darstellung für schwach fehlt in der Bank (potenzen-wurzeln-zone-f8-v1; Abschnitt „Für schwache Schüler“)
  blatt0_a.tex:74: TODO Darstellung für schwach fehlt in der Bank (potenzen-wurzeln-zone-f8-v3; Abschnitt „Für schwache Schüler“)
  blatt0_a.tex:78: TODO Titel: Ich-kann-Satz fehlt in der Bank (Platzhalter: Kettenname) – Nr. 9
  blatt0_a.tex:79: TODO Anweisung: ein Satz über der ersten Teilaufgabe fehlt in der Bank – Nr. 9
  blatt0_a.tex:81: TODO Darstellung für schwach fehlt in der Bank (potenzen-wurzeln-zone-f9-v1; Abschnitt „Für schwache Schüler“)
  blatt0_a.tex:83: TODO Darstellung für schwach fehlt in der Bank (potenzen-wurzeln-zone-f9-v3; Abschnitt „Für schwache Schüler“)
  blatt0_a.tex:87: TODO Titel: Ich-kann-Satz fehlt in der Bank (Platzhalter: Kettenname) – Nr. 10
  blatt0_a.tex:88: TODO Anweisung: ein Satz über der ersten Teilaufgabe fehlt in der Bank – Nr. 10
  blatt0_a.tex:93: TODO Titel: Ich-kann-Satz fehlt in der Bank (Platzhalter: Kettenname) – Nr. 11
  blatt0_a.tex:94: TODO Anweisung: ein Satz über der ersten Teilaufgabe fehlt in der Bank – Nr. 11
  blatt0_a.tex:96: TODO Darstellung für schwach fehlt in der Bank (potenzen-wurzeln-zone-f3-v7; Abschnitt „Für schwache Schüler“)
  e1_a.tex:2: TODO Zweigzeile Teil 1: was hier gelernt wird (Satz in Schülersprache aus dem Einheitstitel) – Einheit 1
  e1_a.tex:7: TODO Titel: Ich-kann-Satz fehlt in der Bank (Platzhalter: Kettenname) – Nr. 12
  e1_a.tex:8: TODO Anweisung: ein Satz über der ersten Teilaufgabe fehlt in der Bank – Nr. 12
  e1_a.tex:15: TODO Titel: Ich-kann-Satz fehlt in der Bank (Platzhalter: Kettenname) – Nr. 13
  e1_a.tex:16: TODO Anweisung: ein Satz über der ersten Teilaufgabe fehlt in der Bank – Nr. 13
  e1_a.tex:23: TODO Titel: Ich-kann-Satz fehlt in der Bank (Platzhalter: Kettenname) – Nr. 14
  e1_a.tex:24: TODO Anweisung: ein Satz über der ersten Teilaufgabe fehlt in der Bank – Nr. 14
  e1_a.tex:29: TODO Darstellung für schwach fehlt in der Bank (potenzen-wurzeln-e1-k3-s1-v1; Abschnitt „Für schwache Schüler“)
  e1_a.tex:31: TODO Darstellung für schwach fehlt in der Bank (potenzen-wurzeln-e1-k3-s1-v2; Abschnitt „Für schwache Schüler“)
  e1_a.tex:33: TODO Darstellung für schwach fehlt in der Bank (potenzen-wurzeln-e1-k3-s1-v3; Abschnitt „Für schwache Schüler“)
  e1_a.tex:35: TODO Darstellung für schwach fehlt in der Bank (potenzen-wurzeln-e1-k3-s1-v4; Abschnitt „Für schwache Schüler“)
  e1_a.tex:37: TODO Darstellung für schwach fehlt in der Bank (potenzen-wurzeln-e1-k3-s1-v5; Abschnitt „Für schwache Schüler“)
  e1_a.tex:40: TODO Darstellung für schwach fehlt in der Bank (potenzen-wurzeln-e1-k3-s2-v1; Abschnitt „Für schwache Schüler“)
  e1_a.tex:42: TODO Darstellung für schwach fehlt in der Bank (potenzen-wurzeln-e1-k3-s3-v1; Abschnitt „Für schwache Schüler“)
  e1_a.tex:44: TODO Darstellung für schwach fehlt in der Bank (potenzen-wurzeln-e1-k3-s4-v1; Abschnitt „Für schwache Schüler“)
  e1_a.tex:46: TODO Darstellung für schwach fehlt in der Bank (potenzen-wurzeln-e1-k3-s5-v1; Abschnitt „Für schwache Schüler“)
  e1_a.tex:48: TODO Darstellung für schwach fehlt in der Bank (potenzen-wurzeln-e1-k3-s6-v1; Abschnitt „Für schwache Schüler“)
  e1_a.tex:50: TODO Darstellung für schwach fehlt in der Bank (potenzen-wurzeln-e1-k3-s7-v1; Abschnitt „Für schwache Schüler“)
  e1_a.tex:52: TODO Darstellung für schwach fehlt in der Bank (potenzen-wurzeln-e1-k3-s8-v1; Abschnitt „Für schwache Schüler“)
  e1_a.tex:54: TODO Darstellung für schwach fehlt in der Bank (potenzen-wurzeln-e1-k3-s9-v1; Abschnitt „Für schwache Schüler“)
  e1_a.tex:56: TODO Darstellung für schwach fehlt in der Bank (potenzen-wurzeln-e1-k3-s10-v1; Abschnitt „Für schwache Schüler“)
  e1_a.tex:58: TODO Darstellung für schwach fehlt in der Bank (potenzen-wurzeln-e1-k3-s11-v1; Abschnitt „Für schwache Schüler“)
  e1_a.tex:60: TODO Darstellung für schwach fehlt in der Bank (potenzen-wurzeln-e1-k3-s12-v1; Abschnitt „Für schwache Schüler“)
  e1_a.tex:62: TODO Darstellung für schwach fehlt in der Bank (potenzen-wurzeln-e1-k3-s13-v1; Abschnitt „Für schwache Schüler“)
  e1_a.tex:64: TODO Darstellung für schwach fehlt in der Bank (potenzen-wurzeln-e1-k3-s14-v1; Abschnitt „Für schwache Schüler“)
  e1_a.tex:69: TODO Titel: Ich-kann-Satz fehlt in der Bank (Platzhalter: Kettenname) – Nr. 15
  e1_a.tex:70: TODO Anweisung: ein Satz über der ersten Teilaufgabe fehlt in der Bank – Nr. 15
  e1_a.tex:72: TODO Darstellung für schwach fehlt in der Bank (potenzen-wurzeln-e1-k4-s1-v1; Abschnitt „Für schwache Schüler“)
  e1_a.tex:76: TODO Titel: Ich-kann-Satz fehlt in der Bank (Platzhalter: Kettenname) – Nr. 16
  e1_a.tex:77: TODO Anweisung: ein Satz über der ersten Teilaufgabe fehlt in der Bank – Nr. 16
  e1_a.tex:79: TODO Darstellung für schwach fehlt in der Bank (potenzen-wurzeln-e1-k5-s1-v1; Abschnitt „Für schwache Schüler“)
  e1_a.tex:83: TODO Titel: Ich-kann-Satz fehlt in der Bank (Platzhalter: Kettenname) – Nr. 17
  e1_a.tex:84: TODO Anweisung: ein Satz über der ersten Teilaufgabe fehlt in der Bank – Nr. 17
  e1_a.tex:86: TODO Darstellung für schwach fehlt in der Bank (potenzen-wurzeln-e1-k6-s1-v1; Abschnitt „Für schwache Schüler“)
  e1_a.tex:90: TODO Titel: Ich-kann-Satz fehlt in der Bank (Platzhalter: Kettenname) – Nr. 18
  e1_a.tex:91: TODO Anweisung: ein Satz über der ersten Teilaufgabe fehlt in der Bank – Nr. 18
  e1_l.tex:6: TODO Lösung der Erklärzeile 14g) fehlt in der Bank
  e2_a.tex:2: TODO Zweigzeile Teil 1: was hier gelernt wird (Satz in Schülersprache aus dem Einheitstitel) – Einheit 2
  e2_a.tex:7: TODO Titel: Ich-kann-Satz fehlt in der Bank (Platzhalter: Kettenname) – Nr. 19
  e2_a.tex:8: TODO Anweisung: ein Satz über der ersten Teilaufgabe fehlt in der Bank – Nr. 19
  e2_a.tex:13: TODO Darstellung für schwach fehlt in der Bank (potenzen-wurzeln-e2-k1-s1-v1; Abschnitt „Für schwache Schüler“)
  e2_a.tex:15: TODO Darstellung für schwach fehlt in der Bank (potenzen-wurzeln-e2-k1-s1-v2; Abschnitt „Für schwache Schüler“)
  e2_a.tex:17: TODO Darstellung für schwach fehlt in der Bank (potenzen-wurzeln-e2-k1-s1-v3; Abschnitt „Für schwache Schüler“)
  e2_a.tex:19: TODO Darstellung für schwach fehlt in der Bank (potenzen-wurzeln-e2-k1-s1-v4; Abschnitt „Für schwache Schüler“)
  e2_a.tex:21: TODO Darstellung für schwach fehlt in der Bank (potenzen-wurzeln-e2-k1-s1-v5; Abschnitt „Für schwache Schüler“)
  e2_a.tex:27: TODO Darstellung für schwach fehlt in der Bank (potenzen-wurzeln-e2-k1-s3-v1; Abschnitt „Für schwache Schüler“)
  e2_a.tex:29: TODO Darstellung für schwach fehlt in der Bank (potenzen-wurzeln-e2-k1-s4-v1; Abschnitt „Für schwache Schüler“)
  e2_a.tex:31: TODO Darstellung für schwach fehlt in der Bank (potenzen-wurzeln-e2-k1-s5-v1; Abschnitt „Für schwache Schüler“)
  e2_a.tex:33: TODO Darstellung für schwach fehlt in der Bank (potenzen-wurzeln-e2-k1-s6-v1; Abschnitt „Für schwache Schüler“)
  e2_a.tex:35: TODO Darstellung für schwach fehlt in der Bank (potenzen-wurzeln-e2-k1-s7-v1; Abschnitt „Für schwache Schüler“)
  e2_a.tex:37: TODO Darstellung für schwach fehlt in der Bank (potenzen-wurzeln-e2-k1-s8-v1; Abschnitt „Für schwache Schüler“)
  e2_a.tex:42: TODO Darstellung für schwach fehlt in der Bank (potenzen-wurzeln-e2-k1-s10-v1; Abschnitt „Für schwache Schüler“)
  e2_a.tex:44: TODO Darstellung für schwach fehlt in der Bank (potenzen-wurzeln-e2-k1-s11-v1; Abschnitt „Für schwache Schüler“)
  e2_a.tex:46: TODO Darstellung für schwach fehlt in der Bank (potenzen-wurzeln-e2-k1-s12-v1; Abschnitt „Für schwache Schüler“)
  e2_a.tex:48: TODO Darstellung für schwach fehlt in der Bank (potenzen-wurzeln-e2-k1-s13-v1; Abschnitt „Für schwache Schüler“)
  e2_a.tex:50: TODO Darstellung für schwach fehlt in der Bank (potenzen-wurzeln-e2-k1-s14-v1; Abschnitt „Für schwache Schüler“)
  e2_a.tex:52: TODO Darstellung für schwach fehlt in der Bank (potenzen-wurzeln-e2-k1-s15-v1; Abschnitt „Für schwache Schüler“)
  e2_a.tex:54: TODO Darstellung für schwach fehlt in der Bank (potenzen-wurzeln-e2-k1-s16-v1; Abschnitt „Für schwache Schüler“)
  e2_a.tex:59: TODO Titel: Ich-kann-Satz fehlt in der Bank (Platzhalter: Kettenname) – Nr. 20
  e2_a.tex:60: TODO Anweisung: ein Satz über der ersten Teilaufgabe fehlt in der Bank – Nr. 20
  e2_l.tex:4: TODO Lösung der Erklärzeile 19g) fehlt in der Bank
  e3_a.tex:2: TODO Zweigzeile Teil 1: was hier gelernt wird (Satz in Schülersprache aus dem Einheitstitel) – Einheit 3
  e3_a.tex:7: TODO Titel: Ich-kann-Satz fehlt in der Bank (Platzhalter: Kettenname) – Nr. 21
  e3_a.tex:8: TODO Anweisung: ein Satz über der ersten Teilaufgabe fehlt in der Bank – Nr. 21
  e3_a.tex:15: TODO Titel: Ich-kann-Satz fehlt in der Bank (Platzhalter: Kettenname) – Nr. 22
  e3_a.tex:16: TODO Anweisung: ein Satz über der ersten Teilaufgabe fehlt in der Bank – Nr. 22
  e3_a.tex:21: TODO Darstellung für schwach fehlt in der Bank (potenzen-wurzeln-e3-k2-s1-v1; Abschnitt „Für schwache Schüler“)
  e3_a.tex:23: TODO Darstellung für schwach fehlt in der Bank (potenzen-wurzeln-e3-k2-s1-v2; Abschnitt „Für schwache Schüler“)
  e3_a.tex:25: TODO Darstellung für schwach fehlt in der Bank (potenzen-wurzeln-e3-k2-s1-v3; Abschnitt „Für schwache Schüler“)
  e3_a.tex:27: TODO Darstellung für schwach fehlt in der Bank (potenzen-wurzeln-e3-k2-s1-v4; Abschnitt „Für schwache Schüler“)
  e3_a.tex:29: TODO Darstellung für schwach fehlt in der Bank (potenzen-wurzeln-e3-k2-s1-v5; Abschnitt „Für schwache Schüler“)
  e3_a.tex:32: TODO Darstellung für schwach fehlt in der Bank (potenzen-wurzeln-e3-k2-s2-v1; Abschnitt „Für schwache Schüler“)
  e3_a.tex:34: TODO Darstellung für schwach fehlt in der Bank (potenzen-wurzeln-e3-k2-s3-v1; Abschnitt „Für schwache Schüler“)
  e3_a.tex:36: TODO Darstellung für schwach fehlt in der Bank (potenzen-wurzeln-e3-k2-s4-v1; Abschnitt „Für schwache Schüler“)
  e3_a.tex:38: TODO Darstellung für schwach fehlt in der Bank (potenzen-wurzeln-e3-k2-s5-v1; Abschnitt „Für schwache Schüler“)
  e3_a.tex:40: TODO Darstellung für schwach fehlt in der Bank (potenzen-wurzeln-e3-k2-s6-v1; Abschnitt „Für schwache Schüler“)
  e3_a.tex:42: TODO Darstellung für schwach fehlt in der Bank (potenzen-wurzeln-e3-k2-s7-v1; Abschnitt „Für schwache Schüler“)
  e3_a.tex:44: TODO Darstellung für schwach fehlt in der Bank (potenzen-wurzeln-e3-k2-s8-v1; Abschnitt „Für schwache Schüler“)
  e3_a.tex:46: TODO Darstellung für schwach fehlt in der Bank (potenzen-wurzeln-e3-k2-s9-v1; Abschnitt „Für schwache Schüler“)
  e3_a.tex:48: TODO Darstellung für schwach fehlt in der Bank (potenzen-wurzeln-e3-k2-s10-v1; Abschnitt „Für schwache Schüler“)
  e3_a.tex:50: TODO Darstellung für schwach fehlt in der Bank (potenzen-wurzeln-e3-k2-s11-v1; Abschnitt „Für schwache Schüler“)
  e3_a.tex:52: TODO Darstellung für schwach fehlt in der Bank (potenzen-wurzeln-e3-k2-s12-v1; Abschnitt „Für schwache Schüler“)
  e3_a.tex:59: TODO Titel: Ich-kann-Satz fehlt in der Bank (Platzhalter: Kettenname) – Nr. 23
  e3_a.tex:60: TODO Anweisung: ein Satz über der ersten Teilaufgabe fehlt in der Bank – Nr. 23
  e3_l.tex:5: TODO Lösung der Erklärzeile 22g) fehlt in der Bank
STRUKTUR 0 Fehler
