# zusammenbau v1.3: zusammenbau.py --zettel basis --nummer 11
VORRAT 64 Typen, 640 Aufgaben, davon 100 auf Zettel 1–10 (v0.5) verbraucht; Vorrat erschöpft ab Zettel 36
VORLAGE mathblatt.sty: Version 2026-09-28a
KENNUNG BAS-Z11 – Kürzel BAS (Basisvorrat, fest), Rezept Z (Zettel, v0.6); Inhalt von Zettel 11
HÖHE geschätzt 23.7 cm (Maß 24.5 cm), 18 Aufgaben (Ziel 16–18)
AUSWAHL Nr. 1: brueche-dezimalzahlen-basis-k2-v4 – Bruchteil einer Größe berechnen (Jahrgänge 2, Variante 4, Stufe 0, halbe Spalte)
AUSWAHL Nr. 2: brueche-dezimalzahlen-basis-k4-v9 – Zahlen in verschiedenen Darstellungen vergleichen (Jahrgänge 7, Variante 9, Stufe 0, halbe Spalte)
AUSWAHL Nr. 3: rationale-zahlen-basis-k1-v7 – Termwert berechnen (Jahrgänge 5, Variante 7, Stufe 0, halbe Spalte)
AUSWAHL Nr. 4: potenzen-wurzeln-basis-k1-v4 – Exponent einer Potenz bestimmen (Jahrgänge 2, Variante 4, Stufe 0, halbe Spalte)
AUSWAHL Nr. 5: prozentrechnung-basis-k4-v7 – Prozentwert berechnen (Jahrgänge 5, Variante 7, Stufe 0, halbe Spalte)
AUSWAHL Nr. 6: einheiten-basis-k2-v1 – Größen vergleichen (Jahrgänge 3, Variante 1, Stufe 0, halbe Spalte)
AUSWAHL Nr. 7: zuordnungen-basis-k1-v3 – Antiproportionale Zuordnung Dreisatz (Jahrgänge 1, Variante 3, Stufe 0, halbe Spalte)
AUSWAHL Nr. 8: lineare-gleichungen-basis-k1-v6 – Lineare Gleichung lösen (Jahrgänge 4, Variante 6, Stufe 0, halbe Spalte)
SATZ Nr. 9: 4 kurze Ankreuzoptionen in einer Zeile
AUSWAHL Nr. 9: quadratische-gleichungen-basis-k1-v5 – Lösung durch Einsetzen prüfen (Jahrgänge 3, Variante 5, Stufe 0, volle Breite)
AUSWAHL Nr. 10: prozentrechnung-basis-k1-v3 – Grundwert berechnen (Jahrgänge 2, Variante 3, Stufe 2, volle Breite)
AUSWAHL Nr. 11: symmetrie-abbildungen-basis-k1-v3 – Figur nach Spiegelung benennen (Jahrgänge 1, Variante 3, Stufe 2, volle Breite)
SATZ Nr. 12: 3 kurze Ankreuzoptionen in einer Zeile
AUSWAHL Nr. 12: winkel-dreiecke-basis-k1-v3 – Dreiecksungleichung anwenden (Jahrgänge 1, Variante 3, Stufe 2, volle Breite)
AUSWAHL Nr. 13: winkel-dreiecke-basis-k5-v1 – Eigenschaft einer Figur zuordnen (Jahrgänge 3, Variante 1, Stufe 2, volle Breite)
AUSWAHL Nr. 14: daten-basis-k1-v1 – Arithmetisches Mittel berechnen (Jahrgänge 3, Variante 1, Stufe 2, volle Breite)
AUSWAHL Nr. 15: daten-basis-k2-v1 – Fehlenden Wert aus Mittelwert bestimmen (Jahrgänge 1, Variante 1, Stufe 2, volle Breite)
AUSWAHL Nr. 16: wahrscheinlichkeit-basis-k1-v1 – Ergebnismenge aufzählen (Jahrgänge 1, Variante 1, Stufe 2, volle Breite)
SATZ Nr. 17: 4 kurze Ankreuzoptionen in einer Zeile
SATZ Nr. 17: Grafik unter dem Text (Reihe von Figuren)
AUSWAHL Nr. 17: brueche-dezimalzahlen-basis-k1-v10 – Bruchteil einer Fläche bestimmen (Jahrgänge 9, Variante 10, Stufe 3, volle Breite)
SATZ Nr. 18: 4 kurze Ankreuzoptionen in einer Zeile
AUSWAHL Nr. 18: flaechen-basis-k4-v1 – Term zu Figur angeben (Jahrgänge 6, Variante 1, Stufe 3, volle Breite)
STRUKTUR 0 Fehler
