# zusammenbau v0.1: zusammenbau.py quadratische-gleichungen
VORLAGE mathblatt.sty: Version 2026-09-28a
EINHEITEN [1, 2, 3, 4]
AUSWAHL quadratische-gleichungen-zone-f1-v1 – Zone f1 „Quadrieren auch negativer Zahlen und Dez“, Sprosse 1: Variante 1; übergangen v2
AUSWAHL quadratische-gleichungen-zone-f1-v3 – Zone f1 „Quadrieren auch negativer Zahlen und Dez“, Sprosse 2: kleinste Variante (v3; v1 fehlt)
WEG Zone f1 „Quadrieren auch negativer Zahlen und Dez“ – Sprossen [3, 4, 5] (Fallstricke) nicht bestellt (Zone ja: s1 und s2)
AUSWAHL quadratische-gleichungen-zone-f2-v1 – Zone f2 „Quadratwurzel ziehen“, Sprosse 1: Variante 1; übergangen v2
AUSWAHL quadratische-gleichungen-zone-f2-v3 – Zone f2 „Quadratwurzel ziehen“, Sprosse 2: kleinste Variante (v3; v1 fehlt)
WEG Zone f2 „Quadratwurzel ziehen“ – Sprossen [3] (Fallstricke) nicht bestellt (Zone ja: s1 und s2)
AUSWAHL quadratische-gleichungen-zone-f3-v1 – Zone f3 „Lineare Gleichung mit Äquivalenzumformun“, Sprosse 1: Variante 1; übergangen v2
AUSWAHL quadratische-gleichungen-zone-f3-v3 – Zone f3 „Lineare Gleichung mit Äquivalenzumformun“, Sprosse 2: kleinste Variante (v3; v1 fehlt)
WEG Zone f3 „Lineare Gleichung mit Äquivalenzumformun“ – Sprossen [3] (Fallstricke) nicht bestellt (Zone ja: s1 und s2)
AUSWAHL quadratische-gleichungen-zone-f4-v1 – Zone f4 „Lösung durch Einsetzen prüfen mit (wA)/(“, Sprosse 1: Variante 1; übergangen v2
AUSWAHL quadratische-gleichungen-zone-f4-v3 – Zone f4 „Lösung durch Einsetzen prüfen mit (wA)/(“, Sprosse 2: kleinste Variante (v3; v1 fehlt)
WEG Zone f4 „Lösung durch Einsetzen prüfen mit (wA)/(“ – Sprossen [3] (Fallstricke) nicht bestellt (Zone ja: s1 und s2)
AUSWAHL quadratische-gleichungen-zone-f5-v1 – Zone f5 „Klammer zuerst und Punkt vor Strich mit “, Sprosse 1: Variante 1; übergangen v2
AUSWAHL quadratische-gleichungen-zone-f5-v3 – Zone f5 „Klammer zuerst und Punkt vor Strich mit “, Sprosse 2: kleinste Variante (v3; v1 fehlt)
WEG Zone f5 „Klammer zuerst und Punkt vor Strich mit “ – Sprossen [3] (Fallstricke) nicht bestellt (Zone ja: s1 und s2)
AUSWAHL quadratische-gleichungen-zone-f6-v1 – Zone f6 „Scheitelpunktform lesen“, Sprosse 1: Variante 1; übergangen v2
AUSWAHL quadratische-gleichungen-zone-f6-v3 – Zone f6 „Scheitelpunktform lesen“, Sprosse 2: kleinste Variante (v3; v1 fehlt)
WEG Zone f6 „Scheitelpunktform lesen“ – Sprossen [3] (Fallstricke) nicht bestellt (Zone ja: s1 und s2)
AUSWAHL quadratische-gleichungen-zone-f7-v1 – Zone f7 „Ausklammern, Ausmultiplizieren und binom“, Sprosse 1: Variante 1; übergangen v2
AUSWAHL quadratische-gleichungen-zone-f7-v3 – Zone f7 „Ausklammern, Ausmultiplizieren und binom“, Sprosse 2: kleinste Variante (v3; v1 fehlt)
WEG Zone f7 „Ausklammern, Ausmultiplizieren und binom“ – Sprossen [3] (Fallstricke) nicht bestellt (Zone ja: s1 und s2)
AUSWAHL quadratische-gleichungen-zone-f8-v1 – Zone f8 „Terme ordnen und zusammenfassen, x² zuer“, Sprosse 1: Variante 1; übergangen v2
AUSWAHL quadratische-gleichungen-zone-f8-v3 – Zone f8 „Terme ordnen und zusammenfassen, x² zuer“, Sprosse 2: kleinste Variante (v3; v1 fehlt)
WEG Zone f8 „Terme ordnen und zusammenfassen, x² zuer“ – Sprossen [3] (Fallstricke) nicht bestellt (Zone ja: s1 und s2)
AUSWAHL quadratische-gleichungen-zone-f1-v5 – Zone-Paar, Fehler finden
AUSWAHL quadratische-gleichungen-zone-f1-v6 – Zone-Paar, gleichartige Rechenaufgabe
AUSWAHL quadratische-gleichungen-e1-k1-s0-v1 – e1 k1 „Quadratisch oder linear?“ (erkennung), Sprosse 0: Variante 1; übergangen v2, v3, v4
KETTE e1 k1 „Quadratisch oder linear?“ (erkennung) → eine Hauptnummer (Erkennungsschritt: eigene Kette nach bank.md, zählt als Hauptnummer)
AUSWAHL quadratische-gleichungen-e1-k2-s0-v1 – e1 k2 „Wurzelziehen und Lösbarkeit“ (verfahren), Sprosse 0: Variante 1; übergangen v2, v3, v4
AUSWAHL quadratische-gleichungen-e1-k2-s1-v1 – e1 k2 „Wurzelziehen und Lösbarkeit“ (verfahren), Sprosse 1: Variante 1; übergangen v2, v3, v4, v5
AUSWAHL quadratische-gleichungen-e1-k2-s2-v1 – e1 k2 „Wurzelziehen und Lösbarkeit“ (verfahren), Sprosse 2: Variante 1; übergangen v2, v3
AUSWAHL quadratische-gleichungen-e1-k2-s3-v1 – e1 k2 „Wurzelziehen und Lösbarkeit“ (verfahren), Sprosse 3: Variante 1; übergangen v2, v3
AUSWAHL quadratische-gleichungen-e1-k2-s4-v1 – e1 k2 „Wurzelziehen und Lösbarkeit“ (verfahren), Sprosse 4: Variante 1; übergangen v2, v3
AUSWAHL quadratische-gleichungen-e1-k2-s5-v1 – e1 k2 „Wurzelziehen und Lösbarkeit“ (verfahren), Sprosse 5: Variante 1; übergangen v2, v3
AUSWAHL quadratische-gleichungen-e1-k2-s6-v1 – e1 k2 „Wurzelziehen und Lösbarkeit“ (verfahren), Sprosse 6: Variante 1; übergangen v2, v3
AUSWAHL quadratische-gleichungen-e1-k2-s7-v1 – e1 k2 „Wurzelziehen und Lösbarkeit“ (verfahren), Sprosse 7: Variante 1; übergangen v2, v3
AUSWAHL quadratische-gleichungen-e1-k2-s8-v1 – e1 k2 „Wurzelziehen und Lösbarkeit“ (verfahren), Sprosse 8: Variante 1; übergangen v2, v3
AUSWAHL quadratische-gleichungen-e1-k2-s9-v1 – e1 k2 „Wurzelziehen und Lösbarkeit“ (verfahren), Sprosse 9: Variante 1; übergangen v2, v3
AUSWAHL quadratische-gleichungen-e1-k2-s10-v1 – e1 k2 „Wurzelziehen und Lösbarkeit“ (verfahren), Sprosse 10: Variante 1; übergangen v2, v3
AUSWAHL quadratische-gleichungen-e1-k2-s11-v1 – e1 k2 „Wurzelziehen und Lösbarkeit“ (verfahren), Sprosse 11: Variante 1; übergangen v2, v3
AUSWAHL quadratische-gleichungen-e1-k2-s12-v1 – e1 k2 „Wurzelziehen und Lösbarkeit“ (verfahren), Sprosse 12: Variante 1; übergangen v2, v3
AUSWAHL quadratische-gleichungen-e1-k2-s13-v1 – e1 k2 „Wurzelziehen und Lösbarkeit“ (verfahren), Sprosse 13: Variante 1; übergangen v2, v3
AUSWAHL quadratische-gleichungen-e1-k2-s14-v1 – e1 k2 „Wurzelziehen und Lösbarkeit“ (verfahren), Sprosse 14: Variante 1; übergangen v2
KETTE e1 k2 „Wurzelziehen und Lösbarkeit“ (verfahren) → eine Hauptnummer
AUSWAHL quadratische-gleichungen-e1-k3-s1-v1 – e1 k3 „Wurzelziehen und Lösbarkeit“ (pflicht), Sprosse 1: Variante 1; übergangen v2, v3
AUSWAHL quadratische-gleichungen-e1-k3-s2-v1 – e1 k3 „Wurzelziehen und Lösbarkeit“ (pflicht), Sprosse 2: Variante 1; übergangen v2, v3
AUSWAHL quadratische-gleichungen-e1-k3-s3-v1 – e1 k3 „Wurzelziehen und Lösbarkeit“ (pflicht), Sprosse 3: Variante 1; übergangen v2, v3
AUSWAHL quadratische-gleichungen-e1-k3-s4-v1 – e1 k3 „Wurzelziehen und Lösbarkeit“ (pflicht), Sprosse 4: Variante 1; übergangen v2, v3
KETTE e1 k3 „Wurzelziehen und Lösbarkeit“ (pflicht) → eine Hauptnummer
AUSWAHL quadratische-gleichungen-e2-k1-s0-v1 – e2 k1 „Nullprodukt“ (verfahren), Sprosse 0: Variante 1; übergangen v2, v3, v4
AUSWAHL quadratische-gleichungen-e2-k1-s1-v1 – e2 k1 „Nullprodukt“ (verfahren), Sprosse 1: Variante 1; übergangen v2, v3, v4, v5
AUSWAHL quadratische-gleichungen-e2-k1-s2-v1 – e2 k1 „Nullprodukt“ (verfahren), Sprosse 2: Variante 1; übergangen v2, v3
AUSWAHL quadratische-gleichungen-e2-k1-s3-v1 – e2 k1 „Nullprodukt“ (verfahren), Sprosse 3: Variante 1; übergangen v2, v3
AUSWAHL quadratische-gleichungen-e2-k1-s4-v1 – e2 k1 „Nullprodukt“ (verfahren), Sprosse 4: Variante 1; übergangen v2, v3
AUSWAHL quadratische-gleichungen-e2-k1-s5-v1 – e2 k1 „Nullprodukt“ (verfahren), Sprosse 5: Variante 1; übergangen v2, v3
AUSWAHL quadratische-gleichungen-e2-k1-s6-v1 – e2 k1 „Nullprodukt“ (verfahren), Sprosse 6: Variante 1; übergangen v2, v3
AUSWAHL quadratische-gleichungen-e2-k1-s7-v1 – e2 k1 „Nullprodukt“ (verfahren), Sprosse 7: Variante 1; übergangen v2, v3
AUSWAHL quadratische-gleichungen-e2-k1-s8-v1 – e2 k1 „Nullprodukt“ (verfahren), Sprosse 8: Variante 1; übergangen v2, v3
AUSWAHL quadratische-gleichungen-e2-k1-s9-v1 – e2 k1 „Nullprodukt“ (verfahren), Sprosse 9: Variante 1; übergangen v2, v3
AUSWAHL quadratische-gleichungen-e2-k1-s10-v1 – e2 k1 „Nullprodukt“ (verfahren), Sprosse 10: Variante 1; übergangen v2, v3, v4
KETTE e2 k1 „Nullprodukt“ (verfahren) → eine Hauptnummer
AUSWAHL quadratische-gleichungen-e2-k2-s1-v1 – e2 k2 „Nullprodukt“ (pflicht), Sprosse 1: Variante 1; übergangen v2, v3
AUSWAHL quadratische-gleichungen-e2-k2-s2-v1 – e2 k2 „Nullprodukt“ (pflicht), Sprosse 2: Variante 1; übergangen v2, v3
KETTE e2 k2 „Nullprodukt“ (pflicht) → eine Hauptnummer
AUSWAHL quadratische-gleichungen-e3-k1-s0-v1 – e3 k1 „Welche Form?“ (erkennung), Sprosse 0: Variante 1; übergangen v2, v3, v4
KETTE e3 k1 „Welche Form?“ (erkennung) → eine Hauptnummer (Erkennungsschritt: eigene Kette nach bank.md, zählt als Hauptnummer)
AUSWAHL quadratische-gleichungen-e3-k2-s0-v1 – e3 k2 „Ist die Vorzahl von x² eins?“ (erkennung), Sprosse 0: Variante 1; übergangen v2, v3, v4
KETTE e3 k2 „Ist die Vorzahl von x² eins?“ (erkennung) → eine Hauptnummer (Erkennungsschritt: eigene Kette nach bank.md, zählt als Hauptnummer)
AUSWAHL quadratische-gleichungen-e3-k3-s0-v1 – e3 k3 „p-q-Formel“ (verfahren), Sprosse 0: Variante 1; übergangen v2, v3, v4
AUSWAHL quadratische-gleichungen-e3-k3-s1-v1 – e3 k3 „p-q-Formel“ (verfahren), Sprosse 1: Variante 1; übergangen v2, v3, v4, v5
AUSWAHL quadratische-gleichungen-e3-k3-s2-v1 – e3 k3 „p-q-Formel“ (verfahren), Sprosse 2: Variante 1; übergangen v2, v3
AUSWAHL quadratische-gleichungen-e3-k3-s3-v1 – e3 k3 „p-q-Formel“ (verfahren), Sprosse 3: Variante 1; übergangen v2, v3
AUSWAHL quadratische-gleichungen-e3-k3-s4-v1 – e3 k3 „p-q-Formel“ (verfahren), Sprosse 4: Variante 1; übergangen v2, v3
AUSWAHL quadratische-gleichungen-e3-k3-s5-v1 – e3 k3 „p-q-Formel“ (verfahren), Sprosse 5: Variante 1; übergangen v2, v3
AUSWAHL quadratische-gleichungen-e3-k3-s6-v1 – e3 k3 „p-q-Formel“ (verfahren), Sprosse 6: Variante 1; übergangen v2, v3
AUSWAHL quadratische-gleichungen-e3-k3-s7-v1 – e3 k3 „p-q-Formel“ (verfahren), Sprosse 7: Variante 1; übergangen v2, v3
AUSWAHL quadratische-gleichungen-e3-k3-s8-v1 – e3 k3 „p-q-Formel“ (verfahren), Sprosse 8: Variante 1; übergangen v2, v3
AUSWAHL quadratische-gleichungen-e3-k3-s9-v1 – e3 k3 „p-q-Formel“ (verfahren), Sprosse 9: Variante 1; übergangen v2, v3
AUSWAHL quadratische-gleichungen-e3-k3-s10-v1 – e3 k3 „p-q-Formel“ (verfahren), Sprosse 10: Variante 1; übergangen v2, v3
AUSWAHL quadratische-gleichungen-e3-k3-s11-v1 – e3 k3 „p-q-Formel“ (verfahren), Sprosse 11: Variante 1; übergangen v2, v3
AUSWAHL quadratische-gleichungen-e3-k3-s12-v1 – e3 k3 „p-q-Formel“ (verfahren), Sprosse 12: Variante 1; übergangen v2, v3
AUSWAHL quadratische-gleichungen-e3-k3-s13-v1 – e3 k3 „p-q-Formel“ (verfahren), Sprosse 13: Variante 1; übergangen v2, v3, v4, v5, v6, v7, v8, v9, v10, v11, v12, v13, v14
KETTE e3 k3 „p-q-Formel“ (verfahren) → eine Hauptnummer
AUSWAHL quadratische-gleichungen-e3-k4-s1-v1 – e3 k4 „Gerade und Parabel gleichsetzen als Anwendung“ (ohne), Sprosse 1: Variante 1; übergangen v2, v3
KETTE e3 k4 „Gerade und Parabel gleichsetzen als Anwendung“ (ohne) → eine Hauptnummer
AUSWAHL quadratische-gleichungen-e3-k5-s1-v1 – e3 k5 „p-q-Formel“ (pflicht), Sprosse 1: Variante 1; übergangen v2, v3
AUSWAHL quadratische-gleichungen-e3-k5-s2-v1 – e3 k5 „p-q-Formel“ (pflicht), Sprosse 2: Variante 1; übergangen v2, v3
AUSWAHL quadratische-gleichungen-e3-k5-s3-v1 – e3 k5 „p-q-Formel“ (pflicht), Sprosse 3: Variante 1; übergangen v2, v3
AUSWAHL quadratische-gleichungen-e3-k5-s4-v1 – e3 k5 „p-q-Formel“ (pflicht), Sprosse 4: Variante 1; übergangen v2, v3
KETTE e3 k5 „p-q-Formel“ (pflicht) → eine Hauptnummer
AUSWAHL quadratische-gleichungen-e4-k1-s0-v1 – e4 k1 „Sachaufgaben“ (verfahren), Sprosse 0: Variante 1; übergangen v2, v3, v4
AUSWAHL quadratische-gleichungen-e4-k1-s1-v1 – e4 k1 „Sachaufgaben“ (verfahren), Sprosse 1: Variante 1; übergangen v2, v3, v4, v5
AUSWAHL quadratische-gleichungen-e4-k1-s2-v1 – e4 k1 „Sachaufgaben“ (verfahren), Sprosse 2: Variante 1; übergangen v2, v3
AUSWAHL quadratische-gleichungen-e4-k1-s3-v1 – e4 k1 „Sachaufgaben“ (verfahren), Sprosse 3: Variante 1; übergangen v2, v3
AUSWAHL quadratische-gleichungen-e4-k1-s4-v1 – e4 k1 „Sachaufgaben“ (verfahren), Sprosse 4: Variante 1; übergangen v2, v3
AUSWAHL quadratische-gleichungen-e4-k1-s5-v1 – e4 k1 „Sachaufgaben“ (verfahren), Sprosse 5: Variante 1; übergangen v2, v3
AUSWAHL quadratische-gleichungen-e4-k1-s6-v1 – e4 k1 „Sachaufgaben“ (verfahren), Sprosse 6: Variante 1; übergangen v2, v3
AUSWAHL quadratische-gleichungen-e4-k1-s7-v1 – e4 k1 „Sachaufgaben“ (verfahren), Sprosse 7: Variante 1; übergangen v2, v3
AUSWAHL quadratische-gleichungen-e4-k1-s8-v1 – e4 k1 „Sachaufgaben“ (verfahren), Sprosse 8: Variante 1; übergangen v2, v3
KETTE e4 k1 „Sachaufgaben“ (verfahren) → eine Hauptnummer
AUSWAHL quadratische-gleichungen-e4-k2-s1-v1 – e4 k2 „Quadrat mit Rand“ (ohne), Sprosse 1: Variante 1; übergangen v2, v3
KETTE e4 k2 „Quadrat mit Rand“ (ohne) → eine Hauptnummer
AUSWAHL quadratische-gleichungen-e4-k3-s1-v1 – e4 k3 „Sachaufgaben“ (pflicht), Sprosse 1: Variante 1; übergangen v2, v3
AUSWAHL quadratische-gleichungen-e4-k3-s2-v1 – e4 k3 „Sachaufgaben“ (pflicht), Sprosse 2: Variante 1; übergangen v2, v3
KETTE e4 k3 „Sachaufgaben“ (pflicht) → eine Hauptnummer
KOPF Einheit 1: „Einheit 1 von 4 · Wurzelziehen und Lösbarkeit“; Marken „OS Kl. 9–10 (Sekundo 10, Schnittpunkt 10, Mathematik heute 9) · GYM Kl. 8–9 (LS 9, Fundamente 8, Elemente 9, mathe.delta 9) · P10 · nicht für alle: Mathematik heute 9 Im Blickpunkt, Mathematik heute 10 Im Blickpunkt“ → Zeitmarke „ab Kl. 9, je nach Buch bis Kl. 10 (am Gymnasium ab Kl. 8)“, Prüfungswort „P10“
WARNUNG Nr. 12: 15 Teilaufgaben, 1 mit Grafik – über dem Halbseitenmaß (2.3 g); v0.1 teilt nur im Fokus
KOPF Einheit 2: „Einheit 2 von 4 · Satz vom Nullprodukt“; Marken „OS Kl. 10 · GYM Kl. 8–9 (LS 9, Fundamente 9, Elemente 8) · P10“ → Zeitmarke „ab Kl. 10 (am Gymnasium ab Kl. 8)“, Prüfungswort „P10“
KOPF Einheit 3: „Einheit 3 von 4 · Normalform und p-q-Formel“; Marken „OS Kl. 9–10 (Sekundo 10, Mathematik 2023 9, Schnittpunkt 10, Mathematik heute 9) · GYM Kl. 9 · P10 oft · nicht für alle: Mathematik 2023 9 Vertiefen“ → Zeitmarke „ab Kl. 9, je nach Buch bis Kl. 10“, Prüfungswort „P10 oft“
WARNUNG Nr. 18: 14 Teilaufgaben, 0 mit Grafik – über dem Halbseitenmaß (2.3 g); v0.1 teilt nur im Fokus
KOPF Einheit 4: „Einheit 4 von 4 · Sachaufgaben“; Marken „OS Kl. 9–10 (Sekundo 10, Mathematik heute 9) · GYM Kl. 9 · keine P10-Aufgabe · nicht für alle: Elemente 9 Zum Selbstlernen“ → Zeitmarke „ab Kl. 9, je nach Buch bis Kl. 10“, Prüfungswort „keine P10-Aufgabe“
TODO 55 Stellen in den Quelltexten:
  abhaken.tex:2: TODO Ich-kann-Sätze: Platzhalter wie in den Aufgabendateien
  blatt0_a.tex:5: TODO Titel: Ich-kann-Satz fehlt in der Bank (Platzhalter: Kettenname) – Nr. 1
  blatt0_a.tex:6: TODO Anweisung: ein Satz über der ersten Teilaufgabe fehlt in der Bank – Nr. 1
  blatt0_a.tex:14: TODO Titel: Ich-kann-Satz fehlt in der Bank (Platzhalter: Kettenname) – Nr. 2
  blatt0_a.tex:15: TODO Anweisung: ein Satz über der ersten Teilaufgabe fehlt in der Bank – Nr. 2
  blatt0_a.tex:23: TODO Titel: Ich-kann-Satz fehlt in der Bank (Platzhalter: Kettenname) – Nr. 3
  blatt0_a.tex:24: TODO Anweisung: ein Satz über der ersten Teilaufgabe fehlt in der Bank – Nr. 3
  blatt0_a.tex:32: TODO Titel: Ich-kann-Satz fehlt in der Bank (Platzhalter: Kettenname) – Nr. 4
  blatt0_a.tex:33: TODO Anweisung: ein Satz über der ersten Teilaufgabe fehlt in der Bank – Nr. 4
  blatt0_a.tex:41: TODO Titel: Ich-kann-Satz fehlt in der Bank (Platzhalter: Kettenname) – Nr. 5
  blatt0_a.tex:42: TODO Anweisung: ein Satz über der ersten Teilaufgabe fehlt in der Bank – Nr. 5
  blatt0_a.tex:50: TODO Titel: Ich-kann-Satz fehlt in der Bank (Platzhalter: Kettenname) – Nr. 6
  blatt0_a.tex:51: TODO Anweisung: ein Satz über der ersten Teilaufgabe fehlt in der Bank – Nr. 6
  blatt0_a.tex:59: TODO Titel: Ich-kann-Satz fehlt in der Bank (Platzhalter: Kettenname) – Nr. 7
  blatt0_a.tex:60: TODO Anweisung: ein Satz über der ersten Teilaufgabe fehlt in der Bank – Nr. 7
  blatt0_a.tex:68: TODO Titel: Ich-kann-Satz fehlt in der Bank (Platzhalter: Kettenname) – Nr. 8
  blatt0_a.tex:69: TODO Anweisung: ein Satz über der ersten Teilaufgabe fehlt in der Bank – Nr. 8
  blatt0_a.tex:77: TODO Titel: Ich-kann-Satz fehlt in der Bank (Platzhalter: Kettenname) – Nr. 9
  blatt0_a.tex:78: TODO Anweisung: ein Satz über der ersten Teilaufgabe fehlt in der Bank – Nr. 9
  blatt0_a.tex:85: TODO Titel: Ich-kann-Satz fehlt in der Bank (Platzhalter: Kettenname) – Nr. 10
  blatt0_a.tex:86: TODO Anweisung: ein Satz über der ersten Teilaufgabe fehlt in der Bank – Nr. 10
  e1_a.tex:2: TODO Zweigzeile Teil 1: was hier gelernt wird (Satz in Schülersprache aus dem Einheitstitel) – Einheit 1
  e1_a.tex:7: TODO Titel: Ich-kann-Satz fehlt in der Bank (Platzhalter: Kettenname) – Nr. 11
  e1_a.tex:8: TODO Anweisung: ein Satz über der ersten Teilaufgabe fehlt in der Bank – Nr. 11
  e1_a.tex:15: TODO Titel: Ich-kann-Satz fehlt in der Bank (Platzhalter: Kettenname) – Nr. 12
  e1_a.tex:16: TODO Anweisung: ein Satz über der ersten Teilaufgabe fehlt in der Bank – Nr. 12
  e1_a.tex:18: TODO \rechenplatz{n}: Schrittzahl des Grundfalls fehlt in der Bank (nur bei fester Schreibform, 2.3 b)
  e1_a.tex:57: TODO Titel: Ich-kann-Satz fehlt in der Bank (Platzhalter: Kettenname) – Nr. 13
  e1_a.tex:58: TODO Anweisung: ein Satz über der ersten Teilaufgabe fehlt in der Bank – Nr. 13
  e2_a.tex:2: TODO Zweigzeile Teil 1: was hier gelernt wird (Satz in Schülersprache aus dem Einheitstitel) – Einheit 2
  e2_a.tex:7: TODO Titel: Ich-kann-Satz fehlt in der Bank (Platzhalter: Kettenname) – Nr. 14
  e2_a.tex:8: TODO Anweisung: ein Satz über der ersten Teilaufgabe fehlt in der Bank – Nr. 14
  e2_a.tex:10: TODO \rechenplatz{n}: Schrittzahl des Grundfalls fehlt in der Bank (nur bei fester Schreibform, 2.3 b)
  e2_a.tex:34: TODO Titel: Ich-kann-Satz fehlt in der Bank (Platzhalter: Kettenname) – Nr. 15
  e2_a.tex:35: TODO Anweisung: ein Satz über der ersten Teilaufgabe fehlt in der Bank – Nr. 15
  e3_a.tex:2: TODO Zweigzeile Teil 1: was hier gelernt wird (Satz in Schülersprache aus dem Einheitstitel) – Einheit 3
  e3_a.tex:7: TODO Titel: Ich-kann-Satz fehlt in der Bank (Platzhalter: Kettenname) – Nr. 16
  e3_a.tex:8: TODO Anweisung: ein Satz über der ersten Teilaufgabe fehlt in der Bank – Nr. 16
  e3_a.tex:15: TODO Titel: Ich-kann-Satz fehlt in der Bank (Platzhalter: Kettenname) – Nr. 17
  e3_a.tex:16: TODO Anweisung: ein Satz über der ersten Teilaufgabe fehlt in der Bank – Nr. 17
  e3_a.tex:23: TODO Titel: Ich-kann-Satz fehlt in der Bank (Platzhalter: Kettenname) – Nr. 18
  e3_a.tex:24: TODO Anweisung: ein Satz über der ersten Teilaufgabe fehlt in der Bank – Nr. 18
  e3_a.tex:26: TODO \rechenplatz{n}: Schrittzahl des Grundfalls fehlt in der Bank (nur bei fester Schreibform, 2.3 b)
  e3_a.tex:57: TODO Titel: Ich-kann-Satz fehlt in der Bank (Platzhalter: Kettenname) – Nr. 19
  e3_a.tex:58: TODO Anweisung: ein Satz über der ersten Teilaufgabe fehlt in der Bank – Nr. 19
  e3_a.tex:65: TODO Titel: Ich-kann-Satz fehlt in der Bank (Platzhalter: Kettenname) – Nr. 20
  e3_a.tex:66: TODO Anweisung: ein Satz über der ersten Teilaufgabe fehlt in der Bank – Nr. 20
  e4_a.tex:2: TODO Zweigzeile Teil 1: was hier gelernt wird (Satz in Schülersprache aus dem Einheitstitel) – Einheit 4
  e4_a.tex:7: TODO Titel: Ich-kann-Satz fehlt in der Bank (Platzhalter: Kettenname) – Nr. 21
  e4_a.tex:8: TODO Anweisung: ein Satz über der ersten Teilaufgabe fehlt in der Bank – Nr. 21
  e4_a.tex:10: TODO \rechenplatz{n}: Schrittzahl des Grundfalls fehlt in der Bank (nur bei fester Schreibform, 2.3 b)
  e4_a.tex:24: TODO Titel: Ich-kann-Satz fehlt in der Bank (Platzhalter: Kettenname) – Nr. 22
  e4_a.tex:25: TODO Anweisung: ein Satz über der ersten Teilaufgabe fehlt in der Bank – Nr. 22
  e4_a.tex:32: TODO Titel: Ich-kann-Satz fehlt in der Bank (Platzhalter: Kettenname) – Nr. 23
  e4_a.tex:33: TODO Anweisung: ein Satz über der ersten Teilaufgabe fehlt in der Bank – Nr. 23
STRUKTUR 19 Fehler
  FEHLER e1_a.tex:23: ^ außerhalb Mathe
  FEHLER e1_a.tex:29: ^ außerhalb Mathe
  FEHLER e1_a.tex:35: ^ außerhalb Mathe
  FEHLER e1_a.tex:41: ^ außerhalb Mathe
  FEHLER e1_a.tex:42: ^ außerhalb Mathe
  FEHLER e1_a.tex:43: ^ außerhalb Mathe
  FEHLER e1_a.tex:44: ^ außerhalb Mathe
  FEHLER e2_a.tex:24: ^ außerhalb Mathe
  FEHLER e2_a.tex:25: ^ außerhalb Mathe
  FEHLER e2_a.tex:26: ^ außerhalb Mathe
  FEHLER e3_a.tex:31: ^ außerhalb Mathe
  FEHLER e3_a.tex:32: ^ außerhalb Mathe
  FEHLER e3_a.tex:33: ^ außerhalb Mathe
  FEHLER e3_a.tex:34: ^ außerhalb Mathe
  FEHLER e3_a.tex:35: ^ außerhalb Mathe
  FEHLER e3_a.tex:36: ^ außerhalb Mathe
  FEHLER e3_a.tex:37: ^ außerhalb Mathe
  FEHLER e3_a.tex:43: ^ außerhalb Mathe
  FEHLER e3_a.tex:49: ^ außerhalb Mathe
