# zusammenbau v0.1: zusammenbau.py kombinatorik
VORLAGE mathblatt.sty: Version 2026-09-28a
EINHEITEN [1, 2, 3]
AUSWAHL kombinatorik-zone-f1-v1 – Zone f1 „Möglichkeiten vollständig aufzählen (Lis“, Sprosse 1: Variante 1; übergangen v2
AUSWAHL kombinatorik-zone-f1-v3 – Zone f1 „Möglichkeiten vollständig aufzählen (Lis“, Sprosse 2: kleinste Variante (v3; v1 fehlt)
WEG Zone f1 „Möglichkeiten vollständig aufzählen (Lis“ – Sprossen [3, 4, 5] (Fallstricke) nicht bestellt (Zone ja: s1 und s2)
AUSWAHL kombinatorik-zone-f2-v1 – Zone f2 „Potenzen mit natürlichen Exponenten, Pro“, Sprosse 1: Variante 1; übergangen v2
AUSWAHL kombinatorik-zone-f2-v3 – Zone f2 „Potenzen mit natürlichen Exponenten, Pro“, Sprosse 2: kleinste Variante (v3; v1 fehlt)
WEG Zone f2 „Potenzen mit natürlichen Exponenten, Pro“ – Sprossen [3] (Fallstricke) nicht bestellt (Zone ja: s1 und s2)
AUSWAHL kombinatorik-zone-f3-v1 – Zone f3 „Brüche und Quotienten kürzen (Fakultäten“, Sprosse 1: Variante 1; übergangen v2
AUSWAHL kombinatorik-zone-f3-v3 – Zone f3 „Brüche und Quotienten kürzen (Fakultäten“, Sprosse 2: kleinste Variante (v3; v1 fehlt)
WEG Zone f3 „Brüche und Quotienten kürzen (Fakultäten“ – Sprossen [3] (Fallstricke) nicht bestellt (Zone ja: s1 und s2)
AUSWAHL kombinatorik-zone-f4-v1 – Zone f4 „Pfadregeln“, Sprosse 1: Variante 1; übergangen v2
AUSWAHL kombinatorik-zone-f4-v3 – Zone f4 „Pfadregeln“, Sprosse 2: kleinste Variante (v3; v1 fehlt)
WEG Zone f4 „Pfadregeln“ – Sprossen [3] (Fallstricke) nicht bestellt (Zone ja: s1 und s2)
AUSWAHL kombinatorik-zone-f5-v1 – Zone f5 „Werte einer Folge mit dem Rechner berech“, Sprosse 1: Variante 1; übergangen v2
AUSWAHL kombinatorik-zone-f5-v3 – Zone f5 „Werte einer Folge mit dem Rechner berech“, Sprosse 2: kleinste Variante (v3; v1 fehlt)
WEG Zone f5 „Werte einer Folge mit dem Rechner berech“ – Sprossen [3] (Fallstricke) nicht bestellt (Zone ja: s1 und s2)
AUSWAHL kombinatorik-zone-f1-v5 – Zone-Paar, Fehler finden
AUSWAHL kombinatorik-zone-f1-v6 – Zone-Paar, gleichartige Rechenaufgabe
AUSWAHL kombinatorik-e1-k1-s0-v1 – e1 k1 „Zählprinzip und Anordnungen“ (verfahren), Sprosse 0: Variante 1; übergangen v2, v3, v4
AUSWAHL kombinatorik-e1-k1-s1-v1 – e1 k1 „Zählprinzip und Anordnungen“ (verfahren), Sprosse 1: Variante 1; übergangen v2, v3, v4, v5
AUSWAHL kombinatorik-e1-k1-s2-v1 – e1 k1 „Zählprinzip und Anordnungen“ (verfahren), Sprosse 2: Variante 1; übergangen v2, v3
AUSWAHL kombinatorik-e1-k1-s3-v1 – e1 k1 „Zählprinzip und Anordnungen“ (verfahren), Sprosse 3: Variante 1; übergangen v2, v3
AUSWAHL kombinatorik-e1-k1-s4-v1 – e1 k1 „Zählprinzip und Anordnungen“ (verfahren), Sprosse 4: Variante 1; übergangen v2, v3
AUSWAHL kombinatorik-e1-k1-s5-v1 – e1 k1 „Zählprinzip und Anordnungen“ (verfahren), Sprosse 5: Variante 1; übergangen v2, v3
AUSWAHL kombinatorik-e1-k1-s6-v1 – e1 k1 „Zählprinzip und Anordnungen“ (verfahren), Sprosse 6: Variante 1; übergangen v2, v3
AUSWAHL kombinatorik-e1-k1-s7-v1 – e1 k1 „Zählprinzip und Anordnungen“ (verfahren), Sprosse 7: Variante 1; übergangen v2
KETTE e1 k1 „Zählprinzip und Anordnungen“ (verfahren) → eine Hauptnummer
AUSWAHL kombinatorik-e1-k2-s1-v1 – e1 k2 „Zählprinzip und Anordnungen“ (pflicht), Sprosse 1: Variante 1; übergangen v2, v3
AUSWAHL kombinatorik-e1-k2-s2-v1 – e1 k2 „Zählprinzip und Anordnungen“ (pflicht), Sprosse 2: Variante 1; übergangen v2, v3
AUSWAHL kombinatorik-e1-k2-s3-v1 – e1 k2 „Zählprinzip und Anordnungen“ (pflicht), Sprosse 3: Variante 1; übergangen v2, v3
KETTE e1 k2 „Zählprinzip und Anordnungen“ (pflicht) → eine Hauptnummer
AUSWAHL kombinatorik-e2-k1-s0-v1 – e2 k1 „Auswahlen und Binomialkoeffizient“ (verfahren), Sprosse 0: Variante 1; übergangen v2, v3, v4
AUSWAHL kombinatorik-e2-k1-s1-v1 – e2 k1 „Auswahlen und Binomialkoeffizient“ (verfahren), Sprosse 1: Variante 1; übergangen v2, v3, v4, v5
AUSWAHL kombinatorik-e2-k1-s2-v1 – e2 k1 „Auswahlen und Binomialkoeffizient“ (verfahren), Sprosse 2: Variante 1; übergangen v2, v3
AUSWAHL kombinatorik-e2-k1-s3-v1 – e2 k1 „Auswahlen und Binomialkoeffizient“ (verfahren), Sprosse 3: Variante 1; übergangen v2, v3
AUSWAHL kombinatorik-e2-k1-s4-v1 – e2 k1 „Auswahlen und Binomialkoeffizient“ (verfahren), Sprosse 4: Variante 1; übergangen v2, v3
AUSWAHL kombinatorik-e2-k1-s5-v1 – e2 k1 „Auswahlen und Binomialkoeffizient“ (verfahren), Sprosse 5: Variante 1; übergangen v2, v3
AUSWAHL kombinatorik-e2-k1-s6-v1 – e2 k1 „Auswahlen und Binomialkoeffizient“ (verfahren), Sprosse 6: Variante 1; übergangen v2, v3
AUSWAHL kombinatorik-e2-k1-s7-v1 – e2 k1 „Auswahlen und Binomialkoeffizient“ (verfahren), Sprosse 7: Variante 1; übergangen v2, v3
AUSWAHL kombinatorik-e2-k1-s8-v1 – e2 k1 „Auswahlen und Binomialkoeffizient“ (verfahren), Sprosse 8: Variante 1; übergangen v2, v3, v4
KETTE e2 k1 „Auswahlen und Binomialkoeffizient“ (verfahren) → eine Hauptnummer
AUSWAHL kombinatorik-e2-k2-s1-v1 – e2 k2 „Auswahlen und Binomialkoeffizient“ (pflicht), Sprosse 1: Variante 1; übergangen v2, v3
AUSWAHL kombinatorik-e2-k2-s2-v1 – e2 k2 „Auswahlen und Binomialkoeffizient“ (pflicht), Sprosse 2: Variante 1; übergangen v2, v3
AUSWAHL kombinatorik-e2-k2-s3-v1 – e2 k2 „Auswahlen und Binomialkoeffizient“ (pflicht), Sprosse 3: Variante 1; übergangen v2, v3
KETTE e2 k2 „Auswahlen und Binomialkoeffizient“ (pflicht) → eine Hauptnummer
AUSWAHL kombinatorik-e3-k1-s0-v1 – e3 k1 „Zählen mit Bedingungen und Wahrscheinlichkeitsterme“ (verfahren), Sprosse 0: Variante 1; übergangen v2, v3, v4
AUSWAHL kombinatorik-e3-k1-s1-v1 – e3 k1 „Zählen mit Bedingungen und Wahrscheinlichkeitsterme“ (verfahren), Sprosse 1: Variante 1; übergangen v2, v3, v4, v5
AUSWAHL kombinatorik-e3-k1-s2-v1 – e3 k1 „Zählen mit Bedingungen und Wahrscheinlichkeitsterme“ (verfahren), Sprosse 2: Variante 1; übergangen v2, v3
AUSWAHL kombinatorik-e3-k1-s3-v1 – e3 k1 „Zählen mit Bedingungen und Wahrscheinlichkeitsterme“ (verfahren), Sprosse 3: Variante 1; übergangen v2, v3
AUSWAHL kombinatorik-e3-k1-s4-v1 – e3 k1 „Zählen mit Bedingungen und Wahrscheinlichkeitsterme“ (verfahren), Sprosse 4: Variante 1; übergangen v2, v3
AUSWAHL kombinatorik-e3-k1-s5-v1 – e3 k1 „Zählen mit Bedingungen und Wahrscheinlichkeitsterme“ (verfahren), Sprosse 5: Variante 1; übergangen v2, v3
AUSWAHL kombinatorik-e3-k1-s6-v1 – e3 k1 „Zählen mit Bedingungen und Wahrscheinlichkeitsterme“ (verfahren), Sprosse 6: Variante 1; übergangen v2, v3
AUSWAHL kombinatorik-e3-k1-s7-v1 – e3 k1 „Zählen mit Bedingungen und Wahrscheinlichkeitsterme“ (verfahren), Sprosse 7: Variante 1; übergangen v2
KETTE e3 k1 „Zählen mit Bedingungen und Wahrscheinlichkeitsterme“ (verfahren) → eine Hauptnummer
AUSWAHL kombinatorik-e3-k2-s1-v1 – e3 k2 „Zählen mit Bedingungen und Wahrscheinlichkeitsterme“ (pflicht), Sprosse 1: Variante 1; übergangen v2, v3
AUSWAHL kombinatorik-e3-k2-s2-v1 – e3 k2 „Zählen mit Bedingungen und Wahrscheinlichkeitsterme“ (pflicht), Sprosse 2: Variante 1; übergangen v2, v3
AUSWAHL kombinatorik-e3-k2-s3-v1 – e3 k2 „Zählen mit Bedingungen und Wahrscheinlichkeitsterme“ (pflicht), Sprosse 3: Variante 1; übergangen v2, v3
KETTE e3 k2 „Zählen mit Bedingungen und Wahrscheinlichkeitsterme“ (pflicht) → eine Hauptnummer
KOPF Einheit 1: „Einheit 1 von 3 · Zählprinzip und Anordnungen“; Marken „BE Q2 · BB Q2 · GK · Abitur LK · FHR“ → Zeitmarke „None“, Prüfungswort „Abitur LK“
KOPF Einheit 2: „Einheit 2 von 3 · Auswahlen und Binomialkoeffizient“; Marken „BE Q2 · BB Q2 · GK · Abitur GK · Abitur LK · FHR“ → Zeitmarke „None“, Prüfungswort „Abitur GK“
KOPF Einheit 3: „Einheit 3 von 3 · Zählen mit Bedingungen und Wahrscheinlichkeitsterme“; Marken „BE Q2 · BB Q2 · GK · Abitur GK“ → Zeitmarke „None“, Prüfungswort „Abitur GK“
TODO 36 Stellen in den Quelltexten:
  abhaken.tex:2: TODO Ich-kann-Sätze: Platzhalter wie in den Aufgabendateien
  blatt0_a.tex:5: TODO Titel: Ich-kann-Satz fehlt in der Bank (Platzhalter: Kettenname) – Nr. 1
  blatt0_a.tex:6: TODO Anweisung: ein Satz über der ersten Teilaufgabe fehlt in der Bank – Nr. 1
  blatt0_a.tex:14: TODO Titel: Ich-kann-Satz fehlt in der Bank (Platzhalter: Kettenname) – Nr. 2
  blatt0_a.tex:15: TODO Anweisung: ein Satz über der ersten Teilaufgabe fehlt in der Bank – Nr. 2
  blatt0_a.tex:23: TODO Titel: Ich-kann-Satz fehlt in der Bank (Platzhalter: Kettenname) – Nr. 3
  blatt0_a.tex:24: TODO Anweisung: ein Satz über der ersten Teilaufgabe fehlt in der Bank – Nr. 3
  blatt0_a.tex:32: TODO Titel: Ich-kann-Satz fehlt in der Bank (Platzhalter: Kettenname) – Nr. 4
  blatt0_a.tex:33: TODO Anweisung: ein Satz über der ersten Teilaufgabe fehlt in der Bank – Nr. 4
  blatt0_a.tex:41: TODO Titel: Ich-kann-Satz fehlt in der Bank (Platzhalter: Kettenname) – Nr. 5
  blatt0_a.tex:42: TODO Anweisung: ein Satz über der ersten Teilaufgabe fehlt in der Bank – Nr. 5
  blatt0_a.tex:50: TODO Titel: Ich-kann-Satz fehlt in der Bank (Platzhalter: Kettenname) – Nr. 6
  blatt0_a.tex:51: TODO Anweisung: ein Satz über der ersten Teilaufgabe fehlt in der Bank – Nr. 6
  blatt0_a.tex:58: TODO Titel: Ich-kann-Satz fehlt in der Bank (Platzhalter: Kettenname) – Nr. 7
  blatt0_a.tex:59: TODO Anweisung: ein Satz über der ersten Teilaufgabe fehlt in der Bank – Nr. 7
  e1_a.tex:2: TODO Zeitmarke Einheit 1: Marken-Zeile nicht lesbar
  e1_a.tex:3: TODO Zweigzeile Teil 1: was hier gelernt wird (Satz in Schülersprache aus dem Einheitstitel) – Einheit 1
  e1_a.tex:8: TODO Titel: Ich-kann-Satz fehlt in der Bank (Platzhalter: Kettenname) – Nr. 8
  e1_a.tex:9: TODO Anweisung: ein Satz über der ersten Teilaufgabe fehlt in der Bank – Nr. 8
  e1_a.tex:11: TODO \rechenplatz{n}: Schrittzahl des Grundfalls fehlt in der Bank (nur bei fester Schreibform, 2.3 b)
  e1_a.tex:24: TODO Titel: Ich-kann-Satz fehlt in der Bank (Platzhalter: Kettenname) – Nr. 9
  e1_a.tex:25: TODO Anweisung: ein Satz über der ersten Teilaufgabe fehlt in der Bank – Nr. 9
  e2_a.tex:2: TODO Zeitmarke Einheit 2: Marken-Zeile nicht lesbar
  e2_a.tex:3: TODO Zweigzeile Teil 1: was hier gelernt wird (Satz in Schülersprache aus dem Einheitstitel) – Einheit 2
  e2_a.tex:8: TODO Titel: Ich-kann-Satz fehlt in der Bank (Platzhalter: Kettenname) – Nr. 10
  e2_a.tex:9: TODO Anweisung: ein Satz über der ersten Teilaufgabe fehlt in der Bank – Nr. 10
  e2_a.tex:11: TODO \rechenplatz{n}: Schrittzahl des Grundfalls fehlt in der Bank (nur bei fester Schreibform, 2.3 b)
  e2_a.tex:25: TODO Titel: Ich-kann-Satz fehlt in der Bank (Platzhalter: Kettenname) – Nr. 11
  e2_a.tex:26: TODO Anweisung: ein Satz über der ersten Teilaufgabe fehlt in der Bank – Nr. 11
  e3_a.tex:2: TODO Zeitmarke Einheit 3: Marken-Zeile nicht lesbar
  e3_a.tex:3: TODO Zweigzeile Teil 1: was hier gelernt wird (Satz in Schülersprache aus dem Einheitstitel) – Einheit 3
  e3_a.tex:8: TODO Titel: Ich-kann-Satz fehlt in der Bank (Platzhalter: Kettenname) – Nr. 12
  e3_a.tex:9: TODO Anweisung: ein Satz über der ersten Teilaufgabe fehlt in der Bank – Nr. 12
  e3_a.tex:11: TODO \rechenplatz{n}: Schrittzahl des Grundfalls fehlt in der Bank (nur bei fester Schreibform, 2.3 b)
  e3_a.tex:24: TODO Titel: Ich-kann-Satz fehlt in der Bank (Platzhalter: Kettenname) – Nr. 13
  e3_a.tex:25: TODO Anweisung: ein Satz über der ersten Teilaufgabe fehlt in der Bank – Nr. 13
STRUKTUR 0 Fehler
