# zusammenbau v0.1: zusammenbau.py flaecheninhalt-durch-integration
VORLAGE mathblatt.sty: Version 2026-09-28a
EINHEITEN [1, 2, 3, 4, 5]
AUSWAHL flaecheninhalt-durch-integration-zone-f1-v1 – Zone f1 „Stammfunktion bilden und Hauptsatz führe“, Sprosse 1: Variante 1; übergangen v2
AUSWAHL flaecheninhalt-durch-integration-zone-f1-v3 – Zone f1 „Stammfunktion bilden und Hauptsatz führe“, Sprosse 2: kleinste Variante (v3; v1 fehlt)
WEG Zone f1 „Stammfunktion bilden und Hauptsatz führe“ – Sprossen [3, 4, 5] (Fallstricke) nicht bestellt (Zone ja: s1 und s2)
AUSWAHL flaecheninhalt-durch-integration-zone-f2-v1 – Zone f2 „Nullstellen bestimmen“, Sprosse 1: Variante 1; übergangen v2
AUSWAHL flaecheninhalt-durch-integration-zone-f2-v3 – Zone f2 „Nullstellen bestimmen“, Sprosse 2: kleinste Variante (v3; v1 fehlt)
WEG Zone f2 „Nullstellen bestimmen“ – Sprossen [3] (Fallstricke) nicht bestellt (Zone ja: s1 und s2)
AUSWAHL flaecheninhalt-durch-integration-zone-f3-v1 – Zone f3 „Schnittstellen zweier Graphen berechnen “, Sprosse 1: Variante 1; übergangen v2
AUSWAHL flaecheninhalt-durch-integration-zone-f3-v3 – Zone f3 „Schnittstellen zweier Graphen berechnen “, Sprosse 2: kleinste Variante (v3; v1 fehlt)
WEG Zone f3 „Schnittstellen zweier Graphen berechnen “ – Sprossen [3] (Fallstricke) nicht bestellt (Zone ja: s1 und s2)
AUSWAHL flaecheninhalt-durch-integration-zone-f4-v1 – Zone f4 „Dreiecks-, Trapez- und Kreisformeln“, Sprosse 1: Variante 1; übergangen v2
AUSWAHL flaecheninhalt-durch-integration-zone-f4-v3 – Zone f4 „Dreiecks-, Trapez- und Kreisformeln“, Sprosse 2: kleinste Variante (v3; v1 fehlt)
WEG Zone f4 „Dreiecks-, Trapez- und Kreisformeln“ – Sprossen [3] (Fallstricke) nicht bestellt (Zone ja: s1 und s2)
AUSWAHL flaecheninhalt-durch-integration-zone-f5-v1 – Zone f5 „Maßstab und Einheiten“, Sprosse 1: Variante 1; übergangen v2
AUSWAHL flaecheninhalt-durch-integration-zone-f5-v3 – Zone f5 „Maßstab und Einheiten“, Sprosse 2: kleinste Variante (v3; v1 fehlt)
WEG Zone f5 „Maßstab und Einheiten“ – Sprossen [3] (Fallstricke) nicht bestellt (Zone ja: s1 und s2)
AUSWAHL flaecheninhalt-durch-integration-zone-f6-v1 – Zone f6 „Symmetrie am Term erkennen (gerade und u“, Sprosse 1: Variante 1; übergangen v2
AUSWAHL flaecheninhalt-durch-integration-zone-f6-v3 – Zone f6 „Symmetrie am Term erkennen (gerade und u“, Sprosse 2: kleinste Variante (v3; v1 fehlt)
WEG Zone f6 „Symmetrie am Term erkennen (gerade und u“ – Sprossen [3] (Fallstricke) nicht bestellt (Zone ja: s1 und s2)
AUSWAHL flaecheninhalt-durch-integration-zone-f1-v5 – Zone-Paar, Fehler finden
AUSWAHL flaecheninhalt-durch-integration-zone-f1-v6 – Zone-Paar, gleichartige Rechenaufgabe
AUSWAHL flaecheninhalt-durch-integration-e1-k1-s0-v1 – e1 k1 „Fläche zwischen Graph und x-Achse“ (verfahren), Sprosse 0: Variante 1; übergangen v2, v3, v4
AUSWAHL flaecheninhalt-durch-integration-e1-k1-s1-v1 – e1 k1 „Fläche zwischen Graph und x-Achse“ (verfahren), Sprosse 1: Variante 1; übergangen v2, v3, v4, v5
AUSWAHL flaecheninhalt-durch-integration-e1-k1-s2-v1 – e1 k1 „Fläche zwischen Graph und x-Achse“ (verfahren), Sprosse 2: Variante 1; übergangen v2, v3
AUSWAHL flaecheninhalt-durch-integration-e1-k1-s3-v1 – e1 k1 „Fläche zwischen Graph und x-Achse“ (verfahren), Sprosse 3: Variante 1; übergangen v2, v3
AUSWAHL flaecheninhalt-durch-integration-e1-k1-s4-v1 – e1 k1 „Fläche zwischen Graph und x-Achse“ (verfahren), Sprosse 4: Variante 1; übergangen v2, v3
AUSWAHL flaecheninhalt-durch-integration-e1-k1-s5-v1 – e1 k1 „Fläche zwischen Graph und x-Achse“ (verfahren), Sprosse 5: Variante 1; übergangen v2, v3
AUSWAHL flaecheninhalt-durch-integration-e1-k1-s6-v1 – e1 k1 „Fläche zwischen Graph und x-Achse“ (verfahren), Sprosse 6: Variante 1; übergangen v2, v3, v4, v5, v6
KETTE e1 k1 „Fläche zwischen Graph und x-Achse“ (verfahren) → eine Hauptnummer
AUSWAHL flaecheninhalt-durch-integration-e1-k2-s1-v1 – e1 k2 „Fläche zwischen Graph und x-Achse“ (pflicht), Sprosse 1: Variante 1; übergangen v2, v3
AUSWAHL flaecheninhalt-durch-integration-e1-k2-s2-v1 – e1 k2 „Fläche zwischen Graph und x-Achse“ (pflicht), Sprosse 2: Variante 1; übergangen v2, v3
AUSWAHL flaecheninhalt-durch-integration-e1-k2-s3-v1 – e1 k2 „Fläche zwischen Graph und x-Achse“ (pflicht), Sprosse 3: Variante 1; übergangen v2, v3
KETTE e1 k2 „Fläche zwischen Graph und x-Achse“ (pflicht) → eine Hauptnummer
AUSWAHL flaecheninhalt-durch-integration-e2-k1-s0-v1 – e2 k1 „Fläche zwischen zwei Graphen“ (verfahren), Sprosse 0: Variante 1; übergangen v2, v3, v4
AUSWAHL flaecheninhalt-durch-integration-e2-k1-s1-v1 – e2 k1 „Fläche zwischen zwei Graphen“ (verfahren), Sprosse 1: Variante 1; übergangen v2, v3, v4, v5
AUSWAHL flaecheninhalt-durch-integration-e2-k1-s2-v1 – e2 k1 „Fläche zwischen zwei Graphen“ (verfahren), Sprosse 2: Variante 1; übergangen v2, v3
AUSWAHL flaecheninhalt-durch-integration-e2-k1-s3-v1 – e2 k1 „Fläche zwischen zwei Graphen“ (verfahren), Sprosse 3: Variante 1; übergangen v2, v3
AUSWAHL flaecheninhalt-durch-integration-e2-k1-s4-v1 – e2 k1 „Fläche zwischen zwei Graphen“ (verfahren), Sprosse 4: Variante 1; übergangen v2, v3
AUSWAHL flaecheninhalt-durch-integration-e2-k1-s5-v1 – e2 k1 „Fläche zwischen zwei Graphen“ (verfahren), Sprosse 5: Variante 1; übergangen v2, v3
AUSWAHL flaecheninhalt-durch-integration-e2-k1-s6-v1 – e2 k1 „Fläche zwischen zwei Graphen“ (verfahren), Sprosse 6: Variante 1; übergangen v2, v3
AUSWAHL flaecheninhalt-durch-integration-e2-k1-s7-v1 – e2 k1 „Fläche zwischen zwei Graphen“ (verfahren), Sprosse 7: Variante 1; übergangen v2, v3, v4
KETTE e2 k1 „Fläche zwischen zwei Graphen“ (verfahren) → eine Hauptnummer
AUSWAHL flaecheninhalt-durch-integration-e2-k2-s1-v1 – e2 k2 „Fläche zwischen zwei Graphen“ (pflicht), Sprosse 1: Variante 1; übergangen v2, v3
AUSWAHL flaecheninhalt-durch-integration-e2-k2-s2-v1 – e2 k2 „Fläche zwischen zwei Graphen“ (pflicht), Sprosse 2: Variante 1; übergangen v2, v3
AUSWAHL flaecheninhalt-durch-integration-e2-k2-s3-v1 – e2 k2 „Fläche zwischen zwei Graphen“ (pflicht), Sprosse 3: Variante 1; übergangen v2, v3
KETTE e2 k2 „Fläche zwischen zwei Graphen“ (pflicht) → eine Hauptnummer
AUSWAHL flaecheninhalt-durch-integration-e3-k1-s0-v1 – e3 k1 „Zusammensetzen, Maßstab, Volumen“ (verfahren), Sprosse 0: Variante 1; übergangen v2, v3, v4
AUSWAHL flaecheninhalt-durch-integration-e3-k1-s1-v1 – e3 k1 „Zusammensetzen, Maßstab, Volumen“ (verfahren), Sprosse 1: Variante 1; übergangen v2, v3, v4, v5
AUSWAHL flaecheninhalt-durch-integration-e3-k1-s2-v1 – e3 k1 „Zusammensetzen, Maßstab, Volumen“ (verfahren), Sprosse 2: Variante 1; übergangen v2, v3
AUSWAHL flaecheninhalt-durch-integration-e3-k1-s3-v1 – e3 k1 „Zusammensetzen, Maßstab, Volumen“ (verfahren), Sprosse 3: Variante 1; übergangen v2, v3
AUSWAHL flaecheninhalt-durch-integration-e3-k1-s4-v1 – e3 k1 „Zusammensetzen, Maßstab, Volumen“ (verfahren), Sprosse 4: Variante 1; übergangen v2, v3
AUSWAHL flaecheninhalt-durch-integration-e3-k1-s5-v1 – e3 k1 „Zusammensetzen, Maßstab, Volumen“ (verfahren), Sprosse 5: Variante 1; übergangen v2, v3
AUSWAHL flaecheninhalt-durch-integration-e3-k1-s6-v1 – e3 k1 „Zusammensetzen, Maßstab, Volumen“ (verfahren), Sprosse 6: Variante 1; übergangen v2, v3, v4, v5, v6
KETTE e3 k1 „Zusammensetzen, Maßstab, Volumen“ (verfahren) → eine Hauptnummer
AUSWAHL flaecheninhalt-durch-integration-e3-k2-s1-v1 – e3 k2 „Zusammensetzen, Maßstab, Volumen“ (pflicht), Sprosse 1: Variante 1; übergangen v2, v3
AUSWAHL flaecheninhalt-durch-integration-e3-k2-s2-v1 – e3 k2 „Zusammensetzen, Maßstab, Volumen“ (pflicht), Sprosse 2: Variante 1; übergangen v2, v3
AUSWAHL flaecheninhalt-durch-integration-e3-k2-s3-v1 – e3 k2 „Zusammensetzen, Maßstab, Volumen“ (pflicht), Sprosse 3: Variante 1; übergangen v2, v3
AUSWAHL flaecheninhalt-durch-integration-e3-k2-s4-v1 – e3 k2 „Zusammensetzen, Maßstab, Volumen“ (pflicht), Sprosse 4: Variante 1; übergangen v2, v3
KETTE e3 k2 „Zusammensetzen, Maßstab, Volumen“ (pflicht) → eine Hauptnummer
AUSWAHL flaecheninhalt-durch-integration-e4-k1-s0-v1 – e4 k1 „Flächenbedingungen“ (verfahren), Sprosse 0: Variante 1; übergangen v2, v3, v4
AUSWAHL flaecheninhalt-durch-integration-e4-k1-s1-v1 – e4 k1 „Flächenbedingungen“ (verfahren), Sprosse 1: Variante 1; übergangen v2, v3, v4, v5
AUSWAHL flaecheninhalt-durch-integration-e4-k1-s2-v1 – e4 k1 „Flächenbedingungen“ (verfahren), Sprosse 2: Variante 1; übergangen v2, v3
AUSWAHL flaecheninhalt-durch-integration-e4-k1-s3-v1 – e4 k1 „Flächenbedingungen“ (verfahren), Sprosse 3: Variante 1; übergangen v2, v3
AUSWAHL flaecheninhalt-durch-integration-e4-k1-s4-v1 – e4 k1 „Flächenbedingungen“ (verfahren), Sprosse 4: Variante 1; übergangen v2, v3
AUSWAHL flaecheninhalt-durch-integration-e4-k1-s5-v1 – e4 k1 „Flächenbedingungen“ (verfahren), Sprosse 5: Variante 1; übergangen v2, v3
AUSWAHL flaecheninhalt-durch-integration-e4-k1-s6-v1 – e4 k1 „Flächenbedingungen“ (verfahren), Sprosse 6: Variante 1; übergangen v2, v3, v4
KETTE e4 k1 „Flächenbedingungen“ (verfahren) → eine Hauptnummer
AUSWAHL flaecheninhalt-durch-integration-e4-k2-s1-v1 – e4 k2 „Flächenbedingungen“ (pflicht), Sprosse 1: Variante 1; übergangen v2, v3
AUSWAHL flaecheninhalt-durch-integration-e4-k2-s2-v1 – e4 k2 „Flächenbedingungen“ (pflicht), Sprosse 2: Variante 1; übergangen v2, v3
AUSWAHL flaecheninhalt-durch-integration-e4-k2-s3-v1 – e4 k2 „Flächenbedingungen“ (pflicht), Sprosse 3: Variante 1; übergangen v2, v3
KETTE e4 k2 „Flächenbedingungen“ (pflicht) → eine Hauptnummer
AUSWAHL flaecheninhalt-durch-integration-e5-k1-s0-v1 – e5 k1 „Flächenbilanz“ (verfahren), Sprosse 0: Variante 1; übergangen v2, v3, v4
AUSWAHL flaecheninhalt-durch-integration-e5-k1-s1-v1 – e5 k1 „Flächenbilanz“ (verfahren), Sprosse 1: Variante 1; übergangen v2, v3, v4, v5
AUSWAHL flaecheninhalt-durch-integration-e5-k1-s2-v1 – e5 k1 „Flächenbilanz“ (verfahren), Sprosse 2: Variante 1; übergangen v2, v3
AUSWAHL flaecheninhalt-durch-integration-e5-k1-s3-v1 – e5 k1 „Flächenbilanz“ (verfahren), Sprosse 3: Variante 1; übergangen v2, v3
AUSWAHL flaecheninhalt-durch-integration-e5-k1-s4-v1 – e5 k1 „Flächenbilanz“ (verfahren), Sprosse 4: Variante 1; übergangen v2, v3
AUSWAHL flaecheninhalt-durch-integration-e5-k1-s5-v1 – e5 k1 „Flächenbilanz“ (verfahren), Sprosse 5: Variante 1; übergangen v2, v3
AUSWAHL flaecheninhalt-durch-integration-e5-k1-s6-v1 – e5 k1 „Flächenbilanz“ (verfahren), Sprosse 6: Variante 1; übergangen v2, v3
AUSWAHL flaecheninhalt-durch-integration-e5-k1-s7-v1 – e5 k1 „Flächenbilanz“ (verfahren), Sprosse 7: Variante 1; übergangen v2, v3, v4, v5, v6, v7, v8
KETTE e5 k1 „Flächenbilanz“ (verfahren) → eine Hauptnummer
AUSWAHL flaecheninhalt-durch-integration-e5-k2-s1-v1 – e5 k2 „Flächenbilanz“ (pflicht), Sprosse 1: Variante 1; übergangen v2, v3
AUSWAHL flaecheninhalt-durch-integration-e5-k2-s2-v1 – e5 k2 „Flächenbilanz“ (pflicht), Sprosse 2: Variante 1; übergangen v2, v3
AUSWAHL flaecheninhalt-durch-integration-e5-k2-s3-v1 – e5 k2 „Flächenbilanz“ (pflicht), Sprosse 3: Variante 1; übergangen v2, v3
AUSWAHL flaecheninhalt-durch-integration-e5-k2-s4-v1 – e5 k2 „Flächenbilanz“ (pflicht), Sprosse 4: Variante 1; übergangen v2, v3
KETTE e5 k2 „Flächenbilanz“ (pflicht) → eine Hauptnummer
KOPF Einheit 1: „Einheit 1 von 5 · Fläche zwischen Graph und x-Achse“; Marken „BE Q2 · BB Q2 · GK · Abitur GK · Abitur LK · FHR“ → Zeitmarke „None“, Prüfungswort „Abitur GK“
WARNUNG Nr. 9: 7 Teilaufgaben, 2 mit Grafik – über dem Halbseitenmaß (2.3 g); v0.1 teilt nur im Fokus
KOPF Einheit 2: „Einheit 2 von 5 · Fläche zwischen zwei Graphen“; Marken „BE Q2 · BB Q2 · GK · Abitur GK · Abitur LK · FHR“ → Zeitmarke „None“, Prüfungswort „Abitur GK“
WARNUNG Nr. 11: 8 Teilaufgaben, 1 mit Grafik – über dem Halbseitenmaß (2.3 g); v0.1 teilt nur im Fokus
KOPF Einheit 3: „Einheit 3 von 5 · Zusammengesetzte Flächen, Maßstab und Volumen“; Marken „BE Q2 · BB Q2 · GK · Abitur GK · Abitur LK · FHR“ → Zeitmarke „None“, Prüfungswort „Abitur GK“
KOPF Einheit 4: „Einheit 4 von 5 · Flächenbedingungen“; Marken „BE Q2 · BB Q4 · GK (BB nur LK) · Abitur GK“ → Zeitmarke „None“, Prüfungswort „Abitur GK“
WARNUNG Nr. 15: 7 Teilaufgaben, 1 mit Grafik – über dem Halbseitenmaß (2.3 g); v0.1 teilt nur im Fokus
KOPF Einheit 5: „Einheit 5 von 5 · Das Integral als Flächenbilanz“; Marken „BE Q2 · BB Q2 · GK · Abitur GK · Abitur LK“ → Zeitmarke „None“, Prüfungswort „Abitur GK“
WARNUNG Nr. 17: 8 Teilaufgaben, 3 mit Grafik – über dem Halbseitenmaß (2.3 g); v0.1 teilt nur im Fokus
TODO 52 Stellen in den Quelltexten:
  abhaken.tex:2: TODO Ich-kann-Sätze: Platzhalter wie in den Aufgabendateien
  blatt0_a.tex:5: TODO Titel: Ich-kann-Satz fehlt in der Bank (Platzhalter: Kettenname) – Nr. 1
  blatt0_a.tex:6: TODO Anweisung: ein Satz über der ersten Teilaufgabe fehlt in der Bank – Nr. 1
  blatt0_a.tex:14: TODO Titel: Ich-kann-Satz fehlt in der Bank (Platzhalter: Kettenname) – Nr. 2
  blatt0_a.tex:15: TODO Anweisung: ein Satz über der ersten Teilaufgabe fehlt in der Bank – Nr. 2
  blatt0_a.tex:23: TODO Titel: Ich-kann-Satz fehlt in der Bank (Platzhalter: Kettenname) – Nr. 3
  blatt0_a.tex:24: TODO Anweisung: ein Satz über der ersten Teilaufgabe fehlt in der Bank – Nr. 3
  blatt0_a.tex:32: TODO Titel: Ich-kann-Satz fehlt in der Bank (Platzhalter: Kettenname) – Nr. 4
  blatt0_a.tex:33: TODO Anweisung: ein Satz über der ersten Teilaufgabe fehlt in der Bank – Nr. 4
  blatt0_a.tex:41: TODO Titel: Ich-kann-Satz fehlt in der Bank (Platzhalter: Kettenname) – Nr. 5
  blatt0_a.tex:42: TODO Anweisung: ein Satz über der ersten Teilaufgabe fehlt in der Bank – Nr. 5
  blatt0_a.tex:50: TODO Titel: Ich-kann-Satz fehlt in der Bank (Platzhalter: Kettenname) – Nr. 6
  blatt0_a.tex:51: TODO Anweisung: ein Satz über der ersten Teilaufgabe fehlt in der Bank – Nr. 6
  blatt0_a.tex:59: TODO Titel: Ich-kann-Satz fehlt in der Bank (Platzhalter: Kettenname) – Nr. 7
  blatt0_a.tex:60: TODO Anweisung: ein Satz über der ersten Teilaufgabe fehlt in der Bank – Nr. 7
  blatt0_a.tex:67: TODO Titel: Ich-kann-Satz fehlt in der Bank (Platzhalter: Kettenname) – Nr. 8
  blatt0_a.tex:68: TODO Anweisung: ein Satz über der ersten Teilaufgabe fehlt in der Bank – Nr. 8
  e1_a.tex:2: TODO Zeitmarke Einheit 1: Marken-Zeile nicht lesbar
  e1_a.tex:3: TODO Zweigzeile Teil 1: was hier gelernt wird (Satz in Schülersprache aus dem Einheitstitel) – Einheit 1
  e1_a.tex:8: TODO Titel: Ich-kann-Satz fehlt in der Bank (Platzhalter: Kettenname) – Nr. 9
  e1_a.tex:9: TODO Anweisung: ein Satz über der ersten Teilaufgabe fehlt in der Bank – Nr. 9
  e1_a.tex:11: TODO \rechenplatz{n}: Schrittzahl des Grundfalls fehlt in der Bank (nur bei fester Schreibform, 2.3 b)
  e1_a.tex:27: TODO Titel: Ich-kann-Satz fehlt in der Bank (Platzhalter: Kettenname) – Nr. 10
  e1_a.tex:28: TODO Anweisung: ein Satz über der ersten Teilaufgabe fehlt in der Bank – Nr. 10
  e2_a.tex:2: TODO Zeitmarke Einheit 2: Marken-Zeile nicht lesbar
  e2_a.tex:3: TODO Zweigzeile Teil 1: was hier gelernt wird (Satz in Schülersprache aus dem Einheitstitel) – Einheit 2
  e2_a.tex:8: TODO Titel: Ich-kann-Satz fehlt in der Bank (Platzhalter: Kettenname) – Nr. 11
  e2_a.tex:9: TODO Anweisung: ein Satz über der ersten Teilaufgabe fehlt in der Bank – Nr. 11
  e2_a.tex:11: TODO \rechenplatz{n}: Schrittzahl des Grundfalls fehlt in der Bank (nur bei fester Schreibform, 2.3 b)
  e2_a.tex:26: TODO Titel: Ich-kann-Satz fehlt in der Bank (Platzhalter: Kettenname) – Nr. 12
  e2_a.tex:27: TODO Anweisung: ein Satz über der ersten Teilaufgabe fehlt in der Bank – Nr. 12
  e3_a.tex:2: TODO Zeitmarke Einheit 3: Marken-Zeile nicht lesbar
  e3_a.tex:3: TODO Zweigzeile Teil 1: was hier gelernt wird (Satz in Schülersprache aus dem Einheitstitel) – Einheit 3
  e3_a.tex:8: TODO Titel: Ich-kann-Satz fehlt in der Bank (Platzhalter: Kettenname) – Nr. 13
  e3_a.tex:9: TODO Anweisung: ein Satz über der ersten Teilaufgabe fehlt in der Bank – Nr. 13
  e3_a.tex:11: TODO \rechenplatz{n}: Schrittzahl des Grundfalls fehlt in der Bank (nur bei fester Schreibform, 2.3 b)
  e3_a.tex:23: TODO Titel: Ich-kann-Satz fehlt in der Bank (Platzhalter: Kettenname) – Nr. 14
  e3_a.tex:24: TODO Anweisung: ein Satz über der ersten Teilaufgabe fehlt in der Bank – Nr. 14
  e4_a.tex:2: TODO Zeitmarke Einheit 4: Marken-Zeile nicht lesbar
  e4_a.tex:3: TODO Zweigzeile Teil 1: was hier gelernt wird (Satz in Schülersprache aus dem Einheitstitel) – Einheit 4
  e4_a.tex:8: TODO Titel: Ich-kann-Satz fehlt in der Bank (Platzhalter: Kettenname) – Nr. 15
  e4_a.tex:9: TODO Anweisung: ein Satz über der ersten Teilaufgabe fehlt in der Bank – Nr. 15
  e4_a.tex:11: TODO \rechenplatz{n}: Schrittzahl des Grundfalls fehlt in der Bank (nur bei fester Schreibform, 2.3 b)
  e4_a.tex:25: TODO Titel: Ich-kann-Satz fehlt in der Bank (Platzhalter: Kettenname) – Nr. 16
  e4_a.tex:26: TODO Anweisung: ein Satz über der ersten Teilaufgabe fehlt in der Bank – Nr. 16
  e5_a.tex:2: TODO Zeitmarke Einheit 5: Marken-Zeile nicht lesbar
  e5_a.tex:3: TODO Zweigzeile Teil 1: was hier gelernt wird (Satz in Schülersprache aus dem Einheitstitel) – Einheit 5
  e5_a.tex:8: TODO Titel: Ich-kann-Satz fehlt in der Bank (Platzhalter: Kettenname) – Nr. 17
  e5_a.tex:9: TODO Anweisung: ein Satz über der ersten Teilaufgabe fehlt in der Bank – Nr. 17
  e5_a.tex:11: TODO \rechenplatz{n}: Schrittzahl des Grundfalls fehlt in der Bank (nur bei fester Schreibform, 2.3 b)
  e5_a.tex:30: TODO Titel: Ich-kann-Satz fehlt in der Bank (Platzhalter: Kettenname) – Nr. 18
  e5_a.tex:31: TODO Anweisung: ein Satz über der ersten Teilaufgabe fehlt in der Bank – Nr. 18
STRUKTUR 0 Fehler
