# zusammenbau v0.1: zusammenbau.py schnittmengen
VORLAGE mathblatt.sty: Version 2026-09-28a
EINHEITEN [1, 2, 3]
AUSWAHL schnittmengen-zone-f1-v1 – Zone f1 „Geradengleichungen aufstellen und den al“, Sprosse 1: Variante 1; übergangen v2
AUSWAHL schnittmengen-zone-f1-v3 – Zone f1 „Geradengleichungen aufstellen und den al“, Sprosse 2: kleinste Variante (v3; v1 fehlt)
WEG Zone f1 „Geradengleichungen aufstellen und den al“ – Sprossen [3, 4, 5] (Fallstricke) nicht bestellt (Zone ja: s1 und s2)
AUSWAHL schnittmengen-zone-f2-v1 – Zone f2 „Ebenengleichungen lesen (Koordinatenform“, Sprosse 1: Variante 1; übergangen v2
AUSWAHL schnittmengen-zone-f2-v3 – Zone f2 „Ebenengleichungen lesen (Koordinatenform“, Sprosse 2: kleinste Variante (v3; v1 fehlt)
WEG Zone f2 „Ebenengleichungen lesen (Koordinatenform“ – Sprossen [3] (Fallstricke) nicht bestellt (Zone ja: s1 und s2)
AUSWAHL schnittmengen-zone-f3-v1 – Zone f3 „Den Lagebefund vorweg führen (liegt der “, Sprosse 1: Variante 1; übergangen v2
AUSWAHL schnittmengen-zone-f3-v3 – Zone f3 „Den Lagebefund vorweg führen (liegt der “, Sprosse 2: kleinste Variante (v3; v1 fehlt)
WEG Zone f3 „Den Lagebefund vorweg führen (liegt der “ – Sprossen [3] (Fallstricke) nicht bestellt (Zone ja: s1 und s2)
AUSWAHL schnittmengen-zone-f4-v1 – Zone f4 „Lineare Gleichungssysteme mit zwei und d“, Sprosse 1: Variante 1; übergangen v2
AUSWAHL schnittmengen-zone-f4-v3 – Zone f4 „Lineare Gleichungssysteme mit zwei und d“, Sprosse 2: kleinste Variante (v3; v1 fehlt)
WEG Zone f4 „Lineare Gleichungssysteme mit zwei und d“ – Sprossen [3] (Fallstricke) nicht bestellt (Zone ja: s1 und s2)
AUSWAHL schnittmengen-zone-f5-v1 – Zone f5 „Teilverhältnisse und Parameterbereiche v“, Sprosse 1: Variante 1; übergangen v2
AUSWAHL schnittmengen-zone-f5-v3 – Zone f5 „Teilverhältnisse und Parameterbereiche v“, Sprosse 2: kleinste Variante (v3; v1 fehlt)
WEG Zone f5 „Teilverhältnisse und Parameterbereiche v“ – Sprossen [3] (Fallstricke) nicht bestellt (Zone ja: s1 und s2)
AUSWAHL schnittmengen-zone-f6-v1 – Zone f6 „Schrägbilder lesen und zeichnen“, Sprosse 1: Variante 1; übergangen v2
AUSWAHL schnittmengen-zone-f6-v3 – Zone f6 „Schrägbilder lesen und zeichnen“, Sprosse 2: kleinste Variante (v3; v1 fehlt)
WEG Zone f6 „Schrägbilder lesen und zeichnen“ – Sprossen [3] (Fallstricke) nicht bestellt (Zone ja: s1 und s2)
AUSWAHL schnittmengen-zone-f1-v5 – Zone-Paar, Fehler finden
AUSWAHL schnittmengen-zone-f1-v6 – Zone-Paar, gleichartige Rechenaufgabe
AUSWAHL schnittmengen-e1-k1-s0-v1 – e1 k1 „Was wird geschnitten – und was kann herauskommen?“ (erkennung), Sprosse 0: Variante 1; übergangen v2, v3, v4
KETTE e1 k1 „Was wird geschnitten – und was kann herauskommen?“ (erkennung) → eine Hauptnummer (Erkennungsschritt: eigene Kette nach bank.md, zählt als Hauptnummer)
AUSWAHL schnittmengen-e1-k2-s0-v1 – e1 k2 „Schnittpunkt von Gerade und Ebene“ (verfahren), Sprosse 0: Variante 1; übergangen v2, v3, v4
AUSWAHL schnittmengen-e1-k2-s1-v1 – e1 k2 „Schnittpunkt von Gerade und Ebene“ (verfahren), Sprosse 1: Variante 1; übergangen v2, v3, v4, v5
AUSWAHL schnittmengen-e1-k2-s2-v1 – e1 k2 „Schnittpunkt von Gerade und Ebene“ (verfahren), Sprosse 2: Variante 1; übergangen v2, v3
AUSWAHL schnittmengen-e1-k2-s3-v1 – e1 k2 „Schnittpunkt von Gerade und Ebene“ (verfahren), Sprosse 3: Variante 1; übergangen v2, v3
AUSWAHL schnittmengen-e1-k2-s4-v1 – e1 k2 „Schnittpunkt von Gerade und Ebene“ (verfahren), Sprosse 4: Variante 1; übergangen v2, v3
AUSWAHL schnittmengen-e1-k2-s5-v1 – e1 k2 „Schnittpunkt von Gerade und Ebene“ (verfahren), Sprosse 5: Variante 1; übergangen v2, v3
AUSWAHL schnittmengen-e1-k2-s6-v1 – e1 k2 „Schnittpunkt von Gerade und Ebene“ (verfahren), Sprosse 6: Variante 1; übergangen v2
KETTE e1 k2 „Schnittpunkt von Gerade und Ebene“ (verfahren) → eine Hauptnummer
AUSWAHL schnittmengen-e1-k3-s1-v1 – e1 k3 „Höhe einer Spitze aus dem Abstand ihres Schattenpunkts zu einem Punkt bestimmen“ (ohne), Sprosse 1: Variante 1; übergangen v2, v3
KETTE e1 k3 „Höhe einer Spitze aus dem Abstand ihres Schattenpunkts zu einem Punkt bestimmen“ (ohne) → eine Hauptnummer
AUSWAHL schnittmengen-e1-k4-s1-v1 – e1 k4 „Schnittpunkt von Gerade und Ebene“ (pflicht), Sprosse 1: Variante 1; übergangen v2, v3
AUSWAHL schnittmengen-e1-k4-s2-v1 – e1 k4 „Schnittpunkt von Gerade und Ebene“ (pflicht), Sprosse 2: Variante 1; übergangen v2, v3
KETTE e1 k4 „Schnittpunkt von Gerade und Ebene“ (pflicht) → eine Hauptnummer
AUSWAHL schnittmengen-e2-k1-s0-v1 – e2 k1 „Schnittpunkt zweier Geraden“ (verfahren), Sprosse 0: Variante 1; übergangen v2, v3, v4
AUSWAHL schnittmengen-e2-k1-s1-v1 – e2 k1 „Schnittpunkt zweier Geraden“ (verfahren), Sprosse 1: Variante 1; übergangen v2, v3, v4, v5
AUSWAHL schnittmengen-e2-k1-s2-v1 – e2 k1 „Schnittpunkt zweier Geraden“ (verfahren), Sprosse 2: Variante 1; übergangen v2, v3
AUSWAHL schnittmengen-e2-k1-s3-v1 – e2 k1 „Schnittpunkt zweier Geraden“ (verfahren), Sprosse 3: Variante 1; übergangen v2, v3
AUSWAHL schnittmengen-e2-k1-s4-v1 – e2 k1 „Schnittpunkt zweier Geraden“ (verfahren), Sprosse 4: Variante 1; übergangen v2, v3
AUSWAHL schnittmengen-e2-k1-s5-v1 – e2 k1 „Schnittpunkt zweier Geraden“ (verfahren), Sprosse 5: Variante 1; übergangen v2, v3, v4
KETTE e2 k1 „Schnittpunkt zweier Geraden“ (verfahren) → eine Hauptnummer
AUSWAHL schnittmengen-e2-k2-s1-v1 – e2 k2 „Schattenpunkt auf einer Kante als Schnittpunkt von Lichtgerade und Kantengerade berechnen“ (ohne), Sprosse 1: Variante 1; übergangen v2, v3
KETTE e2 k2 „Schattenpunkt auf einer Kante als Schnittpunkt von Lichtgerade und Kantengerade berechnen“ (ohne) → eine Hauptnummer
AUSWAHL schnittmengen-e2-k3-s1-v1 – e2 k3 „Schnittpunkt zweier Geraden“ (pflicht), Sprosse 1: Variante 1; übergangen v2, v3
AUSWAHL schnittmengen-e2-k3-s2-v1 – e2 k3 „Schnittpunkt zweier Geraden“ (pflicht), Sprosse 2: Variante 1; übergangen v2, v3
KETTE e2 k3 „Schnittpunkt zweier Geraden“ (pflicht) → eine Hauptnummer
AUSWAHL schnittmengen-e3-k1-s0-v1 – e3 k1 „Spuren, Schnittgeraden und Schnittfiguren“ (verfahren), Sprosse 0: Variante 1; übergangen v2, v3, v4
AUSWAHL schnittmengen-e3-k1-s1-v1 – e3 k1 „Spuren, Schnittgeraden und Schnittfiguren“ (verfahren), Sprosse 1: Variante 1; übergangen v2, v3, v4, v5
AUSWAHL schnittmengen-e3-k1-s2-v1 – e3 k1 „Spuren, Schnittgeraden und Schnittfiguren“ (verfahren), Sprosse 2: Variante 1; übergangen v2, v3
AUSWAHL schnittmengen-e3-k1-s3-v1 – e3 k1 „Spuren, Schnittgeraden und Schnittfiguren“ (verfahren), Sprosse 3: Variante 1; übergangen v2, v3
AUSWAHL schnittmengen-e3-k1-s4-v1 – e3 k1 „Spuren, Schnittgeraden und Schnittfiguren“ (verfahren), Sprosse 4: Variante 1; übergangen v2, v3
AUSWAHL schnittmengen-e3-k1-s5-v1 – e3 k1 „Spuren, Schnittgeraden und Schnittfiguren“ (verfahren), Sprosse 5: Variante 1; übergangen v2, v3
AUSWAHL schnittmengen-e3-k1-s6-v1 – e3 k1 „Spuren, Schnittgeraden und Schnittfiguren“ (verfahren), Sprosse 6: Variante 1; übergangen v2, v3
AUSWAHL schnittmengen-e3-k1-s7-v1 – e3 k1 „Spuren, Schnittgeraden und Schnittfiguren“ (verfahren), Sprosse 7: Variante 1; übergangen v2
KETTE e3 k1 „Spuren, Schnittgeraden und Schnittfiguren“ (verfahren) → eine Hauptnummer
AUSWAHL schnittmengen-e3-k2-s1-v1 – e3 k2 „Spuren, Schnittgeraden und Schnittfiguren“ (pflicht), Sprosse 1: Variante 1; übergangen v2, v3
AUSWAHL schnittmengen-e3-k2-s2-v1 – e3 k2 „Spuren, Schnittgeraden und Schnittfiguren“ (pflicht), Sprosse 2: Variante 1; übergangen v2, v3
KETTE e3 k2 „Spuren, Schnittgeraden und Schnittfiguren“ (pflicht) → eine Hauptnummer
KOPF Einheit 1: „Einheit 1 von 3 · Schnittpunkt von Gerade und Ebene“; Marken „BE Q3 · BB Q3 · GK · Abitur GK · Abitur LK“ → Zeitmarke „None“, Prüfungswort „Abitur GK“
KOPF Einheit 2: „Einheit 2 von 3 · Schnittpunkt zweier Geraden“; Marken „BE Q3 · BB Q3 · GK · Abitur GK · Abitur LK“ → Zeitmarke „None“, Prüfungswort „Abitur GK“
KOPF Einheit 3: „Einheit 3 von 3 · Spuren, Schnittgeraden und Schnittfiguren“; Marken „BE Q3 · BB Q3 · GK (BB nur LK) · Abitur GK · Abitur LK“ → Zeitmarke „None“, Prüfungswort „Abitur GK“
WARNUNG Nr. 16: 8 Teilaufgaben, 3 mit Grafik – über dem Halbseitenmaß (2.3 g); v0.1 teilt nur im Fokus
TODO 45 Stellen in den Quelltexten:
  abhaken.tex:2: TODO Ich-kann-Sätze: Platzhalter wie in den Aufgabendateien
  blatt0_a.tex:5: TODO Titel: Ich-kann-Satz fehlt in der Bank (Platzhalter: Kettenname) – Nr. 1
  blatt0_a.tex:6: TODO Anweisung: ein Satz über der ersten Teilaufgabe fehlt in der Bank – Nr. 1
  blatt0_a.tex:14: TODO Titel: Ich-kann-Satz fehlt in der Bank (Platzhalter: Kettenname) – Nr. 2
  blatt0_a.tex:15: TODO Anweisung: ein Satz über der ersten Teilaufgabe fehlt in der Bank – Nr. 2
  blatt0_a.tex:23: TODO Titel: Ich-kann-Satz fehlt in der Bank (Platzhalter: Kettenname) – Nr. 3
  blatt0_a.tex:24: TODO Anweisung: ein Satz über der ersten Teilaufgabe fehlt in der Bank – Nr. 3
  blatt0_a.tex:32: TODO Titel: Ich-kann-Satz fehlt in der Bank (Platzhalter: Kettenname) – Nr. 4
  blatt0_a.tex:33: TODO Anweisung: ein Satz über der ersten Teilaufgabe fehlt in der Bank – Nr. 4
  blatt0_a.tex:41: TODO Titel: Ich-kann-Satz fehlt in der Bank (Platzhalter: Kettenname) – Nr. 5
  blatt0_a.tex:42: TODO Anweisung: ein Satz über der ersten Teilaufgabe fehlt in der Bank – Nr. 5
  blatt0_a.tex:50: TODO Titel: Ich-kann-Satz fehlt in der Bank (Platzhalter: Kettenname) – Nr. 6
  blatt0_a.tex:51: TODO Anweisung: ein Satz über der ersten Teilaufgabe fehlt in der Bank – Nr. 6
  blatt0_a.tex:63: TODO Titel: Ich-kann-Satz fehlt in der Bank (Platzhalter: Kettenname) – Nr. 7
  blatt0_a.tex:64: TODO Anweisung: ein Satz über der ersten Teilaufgabe fehlt in der Bank – Nr. 7
  blatt0_a.tex:71: TODO Titel: Ich-kann-Satz fehlt in der Bank (Platzhalter: Kettenname) – Nr. 8
  blatt0_a.tex:72: TODO Anweisung: ein Satz über der ersten Teilaufgabe fehlt in der Bank – Nr. 8
  blatt0_l.tex:3: TODO Zuordnung Nr. 3: Fertigkeit nicht in den Voraussetzungen der Mappe gefunden
  e1_a.tex:2: TODO Zeitmarke Einheit 1: Marken-Zeile nicht lesbar
  e1_a.tex:3: TODO Zweigzeile Teil 1: was hier gelernt wird (Satz in Schülersprache aus dem Einheitstitel) – Einheit 1
  e1_a.tex:8: TODO Titel: Ich-kann-Satz fehlt in der Bank (Platzhalter: Kettenname) – Nr. 9
  e1_a.tex:9: TODO Anweisung: ein Satz über der ersten Teilaufgabe fehlt in der Bank – Nr. 9
  e1_a.tex:16: TODO Titel: Ich-kann-Satz fehlt in der Bank (Platzhalter: Kettenname) – Nr. 10
  e1_a.tex:17: TODO Anweisung: ein Satz über der ersten Teilaufgabe fehlt in der Bank – Nr. 10
  e1_a.tex:19: TODO \rechenplatz{n}: Schrittzahl des Grundfalls fehlt in der Bank (nur bei fester Schreibform, 2.3 b)
  e1_a.tex:31: TODO Titel: Ich-kann-Satz fehlt in der Bank (Platzhalter: Kettenname) – Nr. 11
  e1_a.tex:32: TODO Anweisung: ein Satz über der ersten Teilaufgabe fehlt in der Bank – Nr. 11
  e1_a.tex:39: TODO Titel: Ich-kann-Satz fehlt in der Bank (Platzhalter: Kettenname) – Nr. 12
  e1_a.tex:40: TODO Anweisung: ein Satz über der ersten Teilaufgabe fehlt in der Bank – Nr. 12
  e2_a.tex:2: TODO Zeitmarke Einheit 2: Marken-Zeile nicht lesbar
  e2_a.tex:3: TODO Zweigzeile Teil 1: was hier gelernt wird (Satz in Schülersprache aus dem Einheitstitel) – Einheit 2
  e2_a.tex:8: TODO Titel: Ich-kann-Satz fehlt in der Bank (Platzhalter: Kettenname) – Nr. 13
  e2_a.tex:9: TODO Anweisung: ein Satz über der ersten Teilaufgabe fehlt in der Bank – Nr. 13
  e2_a.tex:11: TODO \rechenplatz{n}: Schrittzahl des Grundfalls fehlt in der Bank (nur bei fester Schreibform, 2.3 b)
  e2_a.tex:22: TODO Titel: Ich-kann-Satz fehlt in der Bank (Platzhalter: Kettenname) – Nr. 14
  e2_a.tex:23: TODO Anweisung: ein Satz über der ersten Teilaufgabe fehlt in der Bank – Nr. 14
  e2_a.tex:30: TODO Titel: Ich-kann-Satz fehlt in der Bank (Platzhalter: Kettenname) – Nr. 15
  e2_a.tex:31: TODO Anweisung: ein Satz über der ersten Teilaufgabe fehlt in der Bank – Nr. 15
  e3_a.tex:2: TODO Zeitmarke Einheit 3: Marken-Zeile nicht lesbar
  e3_a.tex:3: TODO Zweigzeile Teil 1: was hier gelernt wird (Satz in Schülersprache aus dem Einheitstitel) – Einheit 3
  e3_a.tex:8: TODO Titel: Ich-kann-Satz fehlt in der Bank (Platzhalter: Kettenname) – Nr. 16
  e3_a.tex:9: TODO Anweisung: ein Satz über der ersten Teilaufgabe fehlt in der Bank – Nr. 16
  e3_a.tex:11: TODO \rechenplatz{n}: Schrittzahl des Grundfalls fehlt in der Bank (nur bei fester Schreibform, 2.3 b)
  e3_a.tex:30: TODO Titel: Ich-kann-Satz fehlt in der Bank (Platzhalter: Kettenname) – Nr. 17
  e3_a.tex:31: TODO Anweisung: ein Satz über der ersten Teilaufgabe fehlt in der Bank – Nr. 17
STRUKTUR 0 Fehler
