# zusammenbau v0.5: zusammenbau.py --zettel basis
VORRAT 41 Typen, 410 Aufgaben; Vorrat erschöpft ab Zettel 42
VORLAGE mathblatt.sty: Version 2026-09-28a
KENNUNG BAS-Z2 – Kürzel BAS (Basisvorrat, fest), Rezept Z (Zettel); Inhalt von Zettel 2 = nächste freie Nummer in bau/register.csv
HÖHE geschätzt 22.9 cm (Maß 25.0 cm)
SATZ Nr. 1: 4 kurze Ankreuzoptionen in einer Zeile
SATZ Nr. 1: Grafik unter dem Text (Reihe von Figuren)
AUSWAHL Nr. 1: brueche-dezimalzahlen-basis-k1-v2 – Bruchteil einer Fläche bestimmen (Jahrgänge 9, Variante 2)
AUSWAHL Nr. 2: brueche-dezimalzahlen-basis-k4-v2 – Zahlen in verschiedenen Darstellungen vergleichen (Jahrgänge 7, Variante 2)
AUSWAHL Nr. 3: potenzen-wurzeln-basis-k3-v1 – Zehnerpotenzschreibweise umwandeln (Jahrgänge 4, Variante 1)
AUSWAHL Nr. 4: prozentrechnung-basis-k1-v1 – Grundwert berechnen (Jahrgänge 2, Variante 1)
SATZ Nr. 5: 4 kurze Ankreuzoptionen in einer Zeile
AUSWAHL Nr. 5: prozentrechnung-basis-k2-v1 – Prozent und Anteil umwandeln (Jahrgänge 2, Variante 1)
SATZ Nr. 6: 4 kurze Ankreuzoptionen in einer Zeile
AUSWAHL Nr. 6: terme-basis-k2-v1 – Term zu Sachtext angeben (Jahrgänge 4, Variante 1)
AUSWAHL Nr. 7: symmetrie-abbildungen-basis-k1-v1 – Figur nach Spiegelung benennen (Jahrgänge 1, Variante 1)
AUSWAHL Nr. 8: winkel-dreiecke-basis-k2-v1 – Gleichschenkliges Dreieck erkennen (Jahrgänge 1, Variante 1)
AUSWAHL Nr. 9: koerper-basis-k1-v1 – Gegenfläche im Würfelnetz bestimmen (Jahrgänge 1, Variante 1)
AUSWAHL Nr. 10: trigonometrie-basis-k2-v1 – Winkelfunktion Seitenverhältnis angeben (Jahrgänge 5, Variante 1)
STRUKTUR 0 Fehler
