# zusammenbau v0.1: zusammenbau.py abstaende
VORLAGE mathblatt.sty: Version 2026-09-28a
EINHEITEN [1, 2, 3, 4]
AUSWAHL abstaende-zone-f1-v1 – Zone f1 „Verbindungsvektor bilden (Spitze minus F“, Sprosse 1: Variante 1; übergangen v2
AUSWAHL abstaende-zone-f1-v3 – Zone f1 „Verbindungsvektor bilden (Spitze minus F“, Sprosse 2: kleinste Variante (v3; v1 fehlt)
WEG Zone f1 „Verbindungsvektor bilden (Spitze minus F“ – Sprossen [3, 4, 5, 6] (Fallstricke) nicht bestellt (Zone ja: s1 und s2)
AUSWAHL abstaende-zone-f2-v1 – Zone f2 „Wurzel- und Betragsgleichungen lösen (qu“, Sprosse 1: Variante 1; übergangen v2
AUSWAHL abstaende-zone-f2-v3 – Zone f2 „Wurzel- und Betragsgleichungen lösen (qu“, Sprosse 2: kleinste Variante (v3; v1 fehlt)
WEG Zone f2 „Wurzel- und Betragsgleichungen lösen (qu“ – Sprossen [3, 4] (Fallstricke) nicht bestellt (Zone ja: s1 und s2)
AUSWAHL abstaende-zone-f3-v1 – Zone f3 „Koordinatengleichung einer Ebene lesen u“, Sprosse 1: Variante 1; übergangen v2
AUSWAHL abstaende-zone-f3-v3 – Zone f3 „Koordinatengleichung einer Ebene lesen u“, Sprosse 2: kleinste Variante (v3; v1 fehlt)
WEG Zone f3 „Koordinatengleichung einer Ebene lesen u“ – Sprossen [3, 4] (Fallstricke) nicht bestellt (Zone ja: s1 und s2)
AUSWAHL abstaende-zone-f4-v1 – Zone f4 „Geradengleichung in Parameterform lesen “, Sprosse 1: Variante 1; übergangen v2
AUSWAHL abstaende-zone-f4-v3 – Zone f4 „Geradengleichung in Parameterform lesen “, Sprosse 2: kleinste Variante (v3; v1 fehlt)
WEG Zone f4 „Geradengleichung in Parameterform lesen “ – Sprossen [3] (Fallstricke) nicht bestellt (Zone ja: s1 und s2)
AUSWAHL abstaende-zone-f5-v1 – Zone f5 „Skalarprodukt berechnen und „null heißt “, Sprosse 1: Variante 1; übergangen v2
AUSWAHL abstaende-zone-f5-v3 – Zone f5 „Skalarprodukt berechnen und „null heißt “, Sprosse 2: kleinste Variante (v3; v1 fehlt)
WEG Zone f5 „Skalarprodukt berechnen und „null heißt “ – Sprossen [3, 4] (Fallstricke) nicht bestellt (Zone ja: s1 und s2)
AUSWAHL abstaende-zone-f6-v1 – Zone f6 „Satz des Pythagoras, Satz des Thales und“, Sprosse 1: Variante 1; übergangen v2
AUSWAHL abstaende-zone-f6-v3 – Zone f6 „Satz des Pythagoras, Satz des Thales und“, Sprosse 2: kleinste Variante (v3; v1 fehlt)
WEG Zone f6 „Satz des Pythagoras, Satz des Thales und“ – Sprossen [3, 4] (Fallstricke) nicht bestellt (Zone ja: s1 und s2)
AUSWAHL abstaende-zone-f1-v6 – Zone-Paar, Fehler finden
AUSWAHL abstaende-zone-f1-v7 – Zone-Paar, gleichartige Rechenaufgabe
AUSWAHL abstaende-e1-k1-s0-v1 – e1 k1 „Hin oder zurück?“ (erkennung), Sprosse 0: Variante 1; übergangen v2, v3, v4
KETTE e1 k1 „Hin oder zurück?“ (erkennung) → eine Hauptnummer (Erkennungsschritt: eigene Kette nach bank.md, zählt als Hauptnummer)
AUSWAHL abstaende-e1-k2-s0-v1 – e1 k2 „Abstand zweier Punkte“ (verfahren), Sprosse 0: Variante 1; übergangen v2, v3, v4
AUSWAHL abstaende-e1-k2-s1-v1 – e1 k2 „Abstand zweier Punkte“ (verfahren), Sprosse 1: Variante 1; übergangen v2, v3, v4, v5
AUSWAHL abstaende-e1-k2-s2-v1 – e1 k2 „Abstand zweier Punkte“ (verfahren), Sprosse 2: Variante 1; übergangen v2, v3
AUSWAHL abstaende-e1-k2-s3-v1 – e1 k2 „Abstand zweier Punkte“ (verfahren), Sprosse 3: Variante 1; übergangen v2, v3
AUSWAHL abstaende-e1-k2-s4-v1 – e1 k2 „Abstand zweier Punkte“ (verfahren), Sprosse 4: Variante 1; übergangen v2, v3
AUSWAHL abstaende-e1-k2-s5-v1 – e1 k2 „Abstand zweier Punkte“ (verfahren), Sprosse 5: Variante 1; übergangen v2, v3
AUSWAHL abstaende-e1-k2-s6-v1 – e1 k2 „Abstand zweier Punkte“ (verfahren), Sprosse 6: Variante 1; übergangen v2, v3
AUSWAHL abstaende-e1-k2-s7-v1 – e1 k2 „Abstand zweier Punkte“ (verfahren), Sprosse 7: Variante 1; übergangen v2, v3, v4
KETTE e1 k2 „Abstand zweier Punkte“ (verfahren) → eine Hauptnummer
AUSWAHL abstaende-e1-k3-s1-v1 – e1 k3 „Abstand zweier Punkte“ (pflicht), Sprosse 1: Variante 1; übergangen v2, v3
AUSWAHL abstaende-e1-k3-s2-v1 – e1 k3 „Abstand zweier Punkte“ (pflicht), Sprosse 2: Variante 1; übergangen v2, v3
AUSWAHL abstaende-e1-k3-s3-v1 – e1 k3 „Abstand zweier Punkte“ (pflicht), Sprosse 3: Variante 1; übergangen v2, v3
KETTE e1 k3 „Abstand zweier Punkte“ (pflicht) → eine Hauptnummer
AUSWAHL abstaende-e2-k1-s0-v1 – e2 k1 „Abstand Punkt–Ebene“ (verfahren), Sprosse 0: Variante 1; übergangen v2, v3, v4
AUSWAHL abstaende-e2-k1-s1-v1 – e2 k1 „Abstand Punkt–Ebene“ (verfahren), Sprosse 1: Variante 1; übergangen v2, v3, v4, v5
AUSWAHL abstaende-e2-k1-s2-v1 – e2 k1 „Abstand Punkt–Ebene“ (verfahren), Sprosse 2: Variante 1; übergangen v2, v3
AUSWAHL abstaende-e2-k1-s3-v1 – e2 k1 „Abstand Punkt–Ebene“ (verfahren), Sprosse 3: Variante 1; übergangen v2, v3
AUSWAHL abstaende-e2-k1-s4-v1 – e2 k1 „Abstand Punkt–Ebene“ (verfahren), Sprosse 4: Variante 1; übergangen v2, v3
AUSWAHL abstaende-e2-k1-s5-v1 – e2 k1 „Abstand Punkt–Ebene“ (verfahren), Sprosse 5: Variante 1; übergangen v2
KETTE e2 k1 „Abstand Punkt–Ebene“ (verfahren) → eine Hauptnummer
AUSWAHL abstaende-e2-k2-s1-v1 – e2 k2 „Abstand Punkt–Ebene“ (pflicht), Sprosse 1: Variante 1; übergangen v2, v3
AUSWAHL abstaende-e2-k2-s2-v1 – e2 k2 „Abstand Punkt–Ebene“ (pflicht), Sprosse 2: Variante 1; übergangen v2, v3
AUSWAHL abstaende-e2-k2-s3-v1 – e2 k2 „Abstand Punkt–Ebene“ (pflicht), Sprosse 3: Variante 1; übergangen v2, v3
KETTE e2 k2 „Abstand Punkt–Ebene“ (pflicht) → eine Hauptnummer
AUSWAHL abstaende-e3-k1-s0-v1 – e3 k1 „Lotfußpunkt“ (verfahren), Sprosse 0: Variante 1; übergangen v2, v3, v4
AUSWAHL abstaende-e3-k1-s1-v1 – e3 k1 „Lotfußpunkt“ (verfahren), Sprosse 1: Variante 1; übergangen v2, v3, v4, v5
AUSWAHL abstaende-e3-k1-s2-v1 – e3 k1 „Lotfußpunkt“ (verfahren), Sprosse 2: Variante 1; übergangen v2, v3
AUSWAHL abstaende-e3-k1-s3-v1 – e3 k1 „Lotfußpunkt“ (verfahren), Sprosse 3: Variante 1; übergangen v2, v3
AUSWAHL abstaende-e3-k1-s4-v1 – e3 k1 „Lotfußpunkt“ (verfahren), Sprosse 4: Variante 1; übergangen v2, v3
AUSWAHL abstaende-e3-k1-s5-v1 – e3 k1 „Lotfußpunkt“ (verfahren), Sprosse 5: Variante 1; übergangen v2, v3
AUSWAHL abstaende-e3-k1-s6-v1 – e3 k1 „Lotfußpunkt“ (verfahren), Sprosse 6: Variante 1; übergangen v2, v3
AUSWAHL abstaende-e3-k1-s7-v1 – e3 k1 „Lotfußpunkt“ (verfahren), Sprosse 7: Variante 1; übergangen v2, v3, v4, v5, v6
KETTE e3 k1 „Lotfußpunkt“ (verfahren) → eine Hauptnummer
AUSWAHL abstaende-e3-k2-s1-v1 – e3 k2 „Lotfußpunkt“ (pflicht), Sprosse 1: Variante 1; übergangen v2, v3
AUSWAHL abstaende-e3-k2-s2-v1 – e3 k2 „Lotfußpunkt“ (pflicht), Sprosse 2: Variante 1; übergangen v2, v3
AUSWAHL abstaende-e3-k2-s3-v1 – e3 k2 „Lotfußpunkt“ (pflicht), Sprosse 3: Variante 1; übergangen v2, v3
KETTE e3 k2 „Lotfußpunkt“ (pflicht) → eine Hauptnummer
AUSWAHL abstaende-e4-k1-s0-v1 – e4 k1 „Abstand als Argument“ (verfahren), Sprosse 0: Variante 1; übergangen v2, v3, v4
AUSWAHL abstaende-e4-k1-s1-v1 – e4 k1 „Abstand als Argument“ (verfahren), Sprosse 1: Variante 1; übergangen v2, v3, v4, v5
AUSWAHL abstaende-e4-k1-s2-v1 – e4 k1 „Abstand als Argument“ (verfahren), Sprosse 2: Variante 1; übergangen v2, v3
AUSWAHL abstaende-e4-k1-s3-v1 – e4 k1 „Abstand als Argument“ (verfahren), Sprosse 3: Variante 1; übergangen v2, v3
AUSWAHL abstaende-e4-k1-s4-v1 – e4 k1 „Abstand als Argument“ (verfahren), Sprosse 4: Variante 1; übergangen v2, v3
AUSWAHL abstaende-e4-k1-s5-v1 – e4 k1 „Abstand als Argument“ (verfahren), Sprosse 5: Variante 1; übergangen v2, v3
AUSWAHL abstaende-e4-k1-s6-v1 – e4 k1 „Abstand als Argument“ (verfahren), Sprosse 6: Variante 1; übergangen v2, v3, v4
KETTE e4 k1 „Abstand als Argument“ (verfahren) → eine Hauptnummer
AUSWAHL abstaende-e4-k2-s1-v1 – e4 k2 „Abstand als Argument“ (pflicht), Sprosse 1: Variante 1; übergangen v2, v3
AUSWAHL abstaende-e4-k2-s2-v1 – e4 k2 „Abstand als Argument“ (pflicht), Sprosse 2: Variante 1; übergangen v2, v3
AUSWAHL abstaende-e4-k2-s3-v1 – e4 k2 „Abstand als Argument“ (pflicht), Sprosse 3: Variante 1; übergangen v2, v3
KETTE e4 k2 „Abstand als Argument“ (pflicht) → eine Hauptnummer
KOPF Einheit 1: „Einheit 1 von 4 · Abstand zweier Punkte“; Marken „BE Q3 · BB Q3 · GK · Abitur GK · Abitur LK“ → Zeitmarke „None“, Prüfungswort „Abitur GK“
WARNUNG Nr. 10: 8 Teilaufgaben, 1 mit Grafik – über dem Halbseitenmaß (2.3 g); v0.1 teilt nur im Fokus
KOPF Einheit 2: „Einheit 2 von 4 · Abstand Punkt–Ebene“; Marken „BE Q3 · BB Q3 · GK · Abitur GK · Abitur LK“ → Zeitmarke „None“, Prüfungswort „Abitur GK“
KOPF Einheit 3: „Einheit 3 von 4 · Lotfußpunkt“; Marken „BE Q3 · BB Q3 · nur LK · Abitur GK · Abitur LK“ → Zeitmarke „None“, Prüfungswort „Abitur GK“
KOPF Einheit 4: „Einheit 4 von 4 · Abstand als Argument“; Marken „BE Q3 · BB Q3 · GK · Abitur GK · Abitur LK“ → Zeitmarke „None“, Prüfungswort „Abitur GK“
WARNUNG Nr. 16: 7 Teilaufgaben, 1 mit Grafik – über dem Halbseitenmaß (2.3 g); v0.1 teilt nur im Fokus
TODO 47 Stellen in den Quelltexten:
  abhaken.tex:2: TODO Ich-kann-Sätze: Platzhalter wie in den Aufgabendateien
  blatt0_a.tex:5: TODO Titel: Ich-kann-Satz fehlt in der Bank (Platzhalter: Kettenname) – Nr. 1
  blatt0_a.tex:6: TODO Anweisung: ein Satz über der ersten Teilaufgabe fehlt in der Bank – Nr. 1
  blatt0_a.tex:14: TODO Titel: Ich-kann-Satz fehlt in der Bank (Platzhalter: Kettenname) – Nr. 2
  blatt0_a.tex:15: TODO Anweisung: ein Satz über der ersten Teilaufgabe fehlt in der Bank – Nr. 2
  blatt0_a.tex:23: TODO Titel: Ich-kann-Satz fehlt in der Bank (Platzhalter: Kettenname) – Nr. 3
  blatt0_a.tex:24: TODO Anweisung: ein Satz über der ersten Teilaufgabe fehlt in der Bank – Nr. 3
  blatt0_a.tex:32: TODO Titel: Ich-kann-Satz fehlt in der Bank (Platzhalter: Kettenname) – Nr. 4
  blatt0_a.tex:33: TODO Anweisung: ein Satz über der ersten Teilaufgabe fehlt in der Bank – Nr. 4
  blatt0_a.tex:41: TODO Titel: Ich-kann-Satz fehlt in der Bank (Platzhalter: Kettenname) – Nr. 5
  blatt0_a.tex:42: TODO Anweisung: ein Satz über der ersten Teilaufgabe fehlt in der Bank – Nr. 5
  blatt0_a.tex:50: TODO Titel: Ich-kann-Satz fehlt in der Bank (Platzhalter: Kettenname) – Nr. 6
  blatt0_a.tex:51: TODO Anweisung: ein Satz über der ersten Teilaufgabe fehlt in der Bank – Nr. 6
  blatt0_a.tex:59: TODO Titel: Ich-kann-Satz fehlt in der Bank (Platzhalter: Kettenname) – Nr. 7
  blatt0_a.tex:60: TODO Anweisung: ein Satz über der ersten Teilaufgabe fehlt in der Bank – Nr. 7
  blatt0_a.tex:67: TODO Titel: Ich-kann-Satz fehlt in der Bank (Platzhalter: Kettenname) – Nr. 8
  blatt0_a.tex:68: TODO Anweisung: ein Satz über der ersten Teilaufgabe fehlt in der Bank – Nr. 8
  e1_a.tex:2: TODO Zeitmarke Einheit 1: Marken-Zeile nicht lesbar
  e1_a.tex:3: TODO Zweigzeile Teil 1: was hier gelernt wird (Satz in Schülersprache aus dem Einheitstitel) – Einheit 1
  e1_a.tex:8: TODO Titel: Ich-kann-Satz fehlt in der Bank (Platzhalter: Kettenname) – Nr. 9
  e1_a.tex:9: TODO Anweisung: ein Satz über der ersten Teilaufgabe fehlt in der Bank – Nr. 9
  e1_a.tex:16: TODO Titel: Ich-kann-Satz fehlt in der Bank (Platzhalter: Kettenname) – Nr. 10
  e1_a.tex:17: TODO Anweisung: ein Satz über der ersten Teilaufgabe fehlt in der Bank – Nr. 10
  e1_a.tex:19: TODO \rechenplatz{n}: Schrittzahl des Grundfalls fehlt in der Bank (nur bei fester Schreibform, 2.3 b)
  e1_a.tex:40: TODO Titel: Ich-kann-Satz fehlt in der Bank (Platzhalter: Kettenname) – Nr. 11
  e1_a.tex:41: TODO Anweisung: ein Satz über der ersten Teilaufgabe fehlt in der Bank – Nr. 11
  e2_a.tex:2: TODO Zeitmarke Einheit 2: Marken-Zeile nicht lesbar
  e2_a.tex:3: TODO Zweigzeile Teil 1: was hier gelernt wird (Satz in Schülersprache aus dem Einheitstitel) – Einheit 2
  e2_a.tex:8: TODO Titel: Ich-kann-Satz fehlt in der Bank (Platzhalter: Kettenname) – Nr. 12
  e2_a.tex:9: TODO Anweisung: ein Satz über der ersten Teilaufgabe fehlt in der Bank – Nr. 12
  e2_a.tex:11: TODO \rechenplatz{n}: Schrittzahl des Grundfalls fehlt in der Bank (nur bei fester Schreibform, 2.3 b)
  e2_a.tex:22: TODO Titel: Ich-kann-Satz fehlt in der Bank (Platzhalter: Kettenname) – Nr. 13
  e2_a.tex:23: TODO Anweisung: ein Satz über der ersten Teilaufgabe fehlt in der Bank – Nr. 13
  e3_a.tex:2: TODO Zeitmarke Einheit 3: Marken-Zeile nicht lesbar
  e3_a.tex:3: TODO Zweigzeile Teil 1: was hier gelernt wird (Satz in Schülersprache aus dem Einheitstitel) – Einheit 3
  e3_a.tex:8: TODO Titel: Ich-kann-Satz fehlt in der Bank (Platzhalter: Kettenname) – Nr. 14
  e3_a.tex:9: TODO Anweisung: ein Satz über der ersten Teilaufgabe fehlt in der Bank – Nr. 14
  e3_a.tex:11: TODO \rechenplatz{n}: Schrittzahl des Grundfalls fehlt in der Bank (nur bei fester Schreibform, 2.3 b)
  e3_a.tex:24: TODO Titel: Ich-kann-Satz fehlt in der Bank (Platzhalter: Kettenname) – Nr. 15
  e3_a.tex:25: TODO Anweisung: ein Satz über der ersten Teilaufgabe fehlt in der Bank – Nr. 15
  e4_a.tex:2: TODO Zeitmarke Einheit 4: Marken-Zeile nicht lesbar
  e4_a.tex:3: TODO Zweigzeile Teil 1: was hier gelernt wird (Satz in Schülersprache aus dem Einheitstitel) – Einheit 4
  e4_a.tex:8: TODO Titel: Ich-kann-Satz fehlt in der Bank (Platzhalter: Kettenname) – Nr. 16
  e4_a.tex:9: TODO Anweisung: ein Satz über der ersten Teilaufgabe fehlt in der Bank – Nr. 16
  e4_a.tex:11: TODO \rechenplatz{n}: Schrittzahl des Grundfalls fehlt in der Bank (nur bei fester Schreibform, 2.3 b)
  e4_a.tex:30: TODO Titel: Ich-kann-Satz fehlt in der Bank (Platzhalter: Kettenname) – Nr. 17
  e4_a.tex:31: TODO Anweisung: ein Satz über der ersten Teilaufgabe fehlt in der Bank – Nr. 17
STRUKTUR 0 Fehler
